Archive member included to satisfy reference by file (symbol)

/usr/local/Cellar/arm-none-eabi-gcc/10.3-2021.10/gcc/bin/../lib/gcc/arm-none-eabi/10.3.1/thumb/v7e-m/nofp/libgcc.a(_arm_muldf3.o)
                              CMakeFiles/NUCLEO-F429ZI.elf.dir/Middlewares/Third_Party/MQTT-C/src/mqtt-c.c.obj (__aeabi_dmul)
/usr/local/Cellar/arm-none-eabi-gcc/10.3-2021.10/gcc/bin/../lib/gcc/arm-none-eabi/10.3.1/thumb/v7e-m/nofp/libgcc.a(_arm_addsubdf3.o)
                              CMakeFiles/NUCLEO-F429ZI.elf.dir/Middlewares/Third_Party/jWrite/jWrite/jWrite.c.obj (__aeabi_dsub)
/usr/local/Cellar/arm-none-eabi-gcc/10.3-2021.10/gcc/bin/../lib/gcc/arm-none-eabi/10.3.1/thumb/v7e-m/nofp/libgcc.a(_arm_cmpdf2.o)
                              CMakeFiles/NUCLEO-F429ZI.elf.dir/Middlewares/Third_Party/jWrite/jWrite/jWrite.c.obj (__aeabi_dcmpeq)
/usr/local/Cellar/arm-none-eabi-gcc/10.3-2021.10/gcc/bin/../lib/gcc/arm-none-eabi/10.3.1/thumb/v7e-m/nofp/libgcc.a(_arm_fixdfsi.o)
                              CMakeFiles/NUCLEO-F429ZI.elf.dir/Middlewares/Third_Party/jWrite/jWrite/jWrite.c.obj (__aeabi_d2iz)
/usr/local/Cellar/arm-none-eabi-gcc/10.3-2021.10/gcc/bin/../lib/gcc/arm-none-eabi/10.3.1/thumb/v7e-m/nofp/libgcc.a(_arm_fixunsdfsi.o)
                              CMakeFiles/NUCLEO-F429ZI.elf.dir/Middlewares/Third_Party/jWrite/jWrite/jWrite.c.obj (__aeabi_d2uiz)
/usr/local/Cellar/arm-none-eabi-gcc/10.3-2021.10/gcc/bin/../lib/gcc/arm-none-eabi/10.3.1/thumb/v7e-m/nofp/libgcc.a(_arm_addsubsf3.o)
                              CMakeFiles/NUCLEO-F429ZI.elf.dir/Middlewares/Third_Party/MQTT-C/src/mqtt-c.c.obj (__aeabi_ui2f)
/usr/local/Cellar/arm-none-eabi-gcc/10.3-2021.10/gcc/bin/../lib/gcc/arm-none-eabi/10.3.1/thumb/v7e-m/nofp/libgcc.a(_aeabi_uldivmod.o)
                              CMakeFiles/NUCLEO-F429ZI.elf.dir/Drivers/STM32F4xx_HAL_Driver/Src/stm32f4xx_hal_rcc.c.obj (__aeabi_uldivmod)
/usr/local/Cellar/arm-none-eabi-gcc/10.3-2021.10/gcc/bin/../lib/gcc/arm-none-eabi/10.3.1/thumb/v7e-m/nofp/libgcc.a(_fixdfdi.o)
                              CMakeFiles/NUCLEO-F429ZI.elf.dir/Middlewares/Third_Party/MQTT-C/src/mqtt-c.c.obj (__aeabi_d2lz)
/usr/local/Cellar/arm-none-eabi-gcc/10.3-2021.10/gcc/bin/../lib/gcc/arm-none-eabi/10.3.1/thumb/v7e-m/nofp/libgcc.a(_fixunsdfdi.o)
                              /usr/local/Cellar/arm-none-eabi-gcc/10.3-2021.10/gcc/bin/../lib/gcc/arm-none-eabi/10.3.1/thumb/v7e-m/nofp/libgcc.a(_fixdfdi.o) (__aeabi_d2ulz)
/usr/local/Cellar/arm-none-eabi-gcc/10.3-2021.10/gcc/bin/../lib/gcc/arm-none-eabi/10.3.1/thumb/v7e-m/nofp/libgcc.a(_udivmoddi4.o)
                              /usr/local/Cellar/arm-none-eabi-gcc/10.3-2021.10/gcc/bin/../lib/gcc/arm-none-eabi/10.3.1/thumb/v7e-m/nofp/libgcc.a(_aeabi_uldivmod.o) (__udivmoddi4)
/usr/local/Cellar/arm-none-eabi-gcc/10.3-2021.10/gcc/bin/../lib/gcc/arm-none-eabi/10.3.1/thumb/v7e-m/nofp/libgcc.a(_dvmd_tls.o)
                              /usr/local/Cellar/arm-none-eabi-gcc/10.3-2021.10/gcc/bin/../lib/gcc/arm-none-eabi/10.3.1/thumb/v7e-m/nofp/libgcc.a(_aeabi_uldivmod.o) (__aeabi_ldiv0)
/usr/local/Cellar/arm-none-eabi-gcc/10.3-2021.10/gcc/bin/../lib/gcc/arm-none-eabi/10.3.1/../../../../arm-none-eabi/lib/thumb/v7e-m/nofp/libg.a(lib_a-atoi.o)
                              CMakeFiles/NUCLEO-F429ZI.elf.dir/Middlewares/Third_Party/LwIP/src/core/netif.c.obj (atoi)
/usr/local/Cellar/arm-none-eabi-gcc/10.3-2021.10/gcc/bin/../lib/gcc/arm-none-eabi/10.3.1/../../../../arm-none-eabi/lib/thumb/v7e-m/nofp/libg.a(lib_a-ctype_.o)
                              CMakeFiles/NUCLEO-F429ZI.elf.dir/Middlewares/Third_Party/LwIP/src/core/ipv4/ip4_addr.c.obj (_ctype_)
/usr/local/Cellar/arm-none-eabi-gcc/10.3-2021.10/gcc/bin/../lib/gcc/arm-none-eabi/10.3.1/../../../../arm-none-eabi/lib/thumb/v7e-m/nofp/libg.a(lib_a-exit.o)
                              /usr/local/Cellar/arm-none-eabi-gcc/10.3-2021.10/gcc/bin/../lib/gcc/arm-none-eabi/10.3.1/../../../../arm-none-eabi/lib/thumb/v7e-m/nofp/crt0.o (exit)
/usr/local/Cellar/arm-none-eabi-gcc/10.3-2021.10/gcc/bin/../lib/gcc/arm-none-eabi/10.3.1/../../../../arm-none-eabi/lib/thumb/v7e-m/nofp/libg.a(lib_a-fprintf.o)
                              CMakeFiles/NUCLEO-F429ZI.elf.dir/reactive-framework/blinky/bsp/assert.c.obj (fprintf)
/usr/local/Cellar/arm-none-eabi-gcc/10.3-2021.10/gcc/bin/../lib/gcc/arm-none-eabi/10.3.1/../../../../arm-none-eabi/lib/thumb/v7e-m/nofp/libg.a(lib_a-impure.o)
                              /usr/local/Cellar/arm-none-eabi-gcc/10.3-2021.10/gcc/bin/../lib/gcc/arm-none-eabi/10.3.1/../../../../arm-none-eabi/lib/thumb/v7e-m/nofp/libg.a(lib_a-exit.o) (_global_impure_ptr)
/usr/local/Cellar/arm-none-eabi-gcc/10.3-2021.10/gcc/bin/../lib/gcc/arm-none-eabi/10.3.1/../../../../arm-none-eabi/lib/thumb/v7e-m/nofp/libg.a(lib_a-init.o)
                              /usr/local/Cellar/arm-none-eabi-gcc/10.3-2021.10/gcc/bin/../lib/gcc/arm-none-eabi/10.3.1/../../../../arm-none-eabi/lib/thumb/v7e-m/nofp/crt0.o (__libc_init_array)
[...]
Memory Configuration

Name             Origin             Length             Attributes
CCMRAM           0x0000000010000000 0x0000000000010000 xrw
RAM              0x0000000020000000 0x0000000000030000 xrw
FLASH            0x0000000008000000 0x0000000000200000 xr
*default*        0x0000000000000000 0xffffffffffffffff

Linker script and memory map

LOAD /usr/local/Cellar/arm-none-eabi-gcc/10.3-2021.10/gcc/bin/../lib/gcc/arm-none-eabi/10.3.1/thumb/v7e-m/nofp/crti.o
LOAD /usr/local/Cellar/arm-none-eabi-gcc/10.3-2021.10/gcc/bin/../lib/gcc/arm-none-eabi/10.3.1/thumb/v7e-m/nofp/crtbegin.o
LOAD /usr/local/Cellar/arm-none-eabi-gcc/10.3-2021.10/gcc/bin/../lib/gcc/arm-none-eabi/10.3.1/../../../../arm-none-eabi/lib/thumb/v7e-m/nofp/crt0.o
LOAD CMakeFiles/NUCLEO-F429ZI.elf.dir/Core/Src/gpio.c.obj
LOAD CMakeFiles/NUCLEO-F429ZI.elf.dir/Core/Src/main.c.obj
LOAD CMakeFiles/NUCLEO-F429ZI.elf.dir/Core/Src/stm32f4xx_hal_msp.c.obj
LOAD CMakeFiles/NUCLEO-F429ZI.elf.dir/Core/Src/stm32f4xx_it.c.obj
LOAD CMakeFiles/NUCLEO-F429ZI.elf.dir/Core/Src/syscalls.c.obj
LOAD CMakeFiles/NUCLEO-F429ZI.elf.dir/Core/Src/sysmem.c.obj
LOAD CMakeFiles/NUCLEO-F429ZI.elf.dir/Core/Src/system_stm32f4xx.c.obj
LOAD CMakeFiles/NUCLEO-F429ZI.elf.dir/Core/Src/usart.c.obj
LOAD CMakeFiles/NUCLEO-F429ZI.elf.dir/Core/Src/usb_otg.c.obj
LOAD CMakeFiles/NUCLEO-F429ZI.elf.dir/Core/Startup/startup_stm32f429zitx.s.obj
LOAD CMakeFiles/NUCLEO-F429ZI.elf.dir/Drivers/BSP-Nucleo-144/stm32f4xx_nucleo_144.c.obj
LOAD CMakeFiles/NUCLEO-F429ZI.elf.dir/Drivers/BSP/Components/lan8742/lan8742.c.obj
LOAD CMakeFiles/NUCLEO-F429ZI.elf.dir/Drivers/STM32F4xx_HAL_Driver/Src/stm32f4xx_hal.c.obj
LOAD CMakeFiles/NUCLEO-F429ZI.elf.dir/Drivers/STM32F4xx_HAL_Driver/Src/stm32f4xx_hal_cortex.c.obj
LOAD CMakeFiles/NUCLEO-F429ZI.elf.dir/Drivers/STM32F4xx_HAL_Driver/Src/stm32f4xx_hal_dma.c.obj
LOAD CMakeFiles/NUCLEO-F429ZI.elf.dir/Drivers/STM32F4xx_HAL_Driver/Src/stm32f4xx_hal_dma_ex.c.obj
LOAD CMakeFiles/NUCLEO-F429ZI.elf.dir/Drivers/STM32F4xx_HAL_Driver/Src/stm32f4xx_hal_eth.c.obj
LOAD CMakeFiles/NUCLEO-F429ZI.elf.dir/Drivers/STM32F4xx_HAL_Driver/Src/stm32f4xx_hal_exti.c.obj
LOAD CMakeFiles/NUCLEO-F429ZI.elf.dir/Drivers/STM32F4xx_HAL_Driver/Src/stm32f4xx_hal_flash.c.obj
LOAD CMakeFiles/NUCLEO-F429ZI.elf.dir/Drivers/STM32F4xx_HAL_Driver/Src/stm32f4xx_hal_flash_ex.c.obj
LOAD CMakeFiles/NUCLEO-F429ZI.elf.dir/Drivers/STM32F4xx_HAL_Driver/Src/stm32f4xx_hal_flash_ramfunc.c.obj
LOAD CMakeFiles/NUCLEO-F429ZI.elf.dir/Drivers/STM32F4xx_HAL_Driver/Src/stm32f4xx_hal_gpio.c.obj
LOAD CMakeFiles/NUCLEO-F429ZI.elf.dir/Drivers/STM32F4xx_HAL_Driver/Src/stm32f4xx_hal_pcd.c.obj
LOAD CMakeFiles/NUCLEO-F429ZI.elf.dir/Drivers/STM32F4xx_HAL_Driver/Src/stm32f4xx_hal_pcd_ex.c.obj
LOAD CMakeFiles/NUCLEO-F429ZI.elf.dir/Drivers/STM32F4xx_HAL_Driver/Src/stm32f4xx_hal_pwr.c.obj
LOAD CMakeFiles/NUCLEO-F429ZI.elf.dir/Drivers/STM32F4xx_HAL_Driver/Src/stm32f4xx_hal_pwr_ex.c.obj
LOAD CMakeFiles/NUCLEO-F429ZI.elf.dir/Drivers/STM32F4xx_HAL_Driver/Src/stm32f4xx_hal_rcc.c.obj
LOAD CMakeFiles/NUCLEO-F429ZI.elf.dir/Drivers/STM32F4xx_HAL_Driver/Src/stm32f4xx_hal_rcc_ex.c.obj
LOAD CMakeFiles/NUCLEO-F429ZI.elf.dir/Drivers/STM32F4xx_HAL_Driver/Src/stm32f4xx_hal_tim.c.obj
LOAD CMakeFiles/NUCLEO-F429ZI.elf.dir/Drivers/STM32F4xx_HAL_Driver/Src/stm32f4xx_hal_tim_ex.c.obj
LOAD CMakeFiles/NUCLEO-F429ZI.elf.dir/Drivers/STM32F4xx_HAL_Driver/Src/stm32f4xx_hal_uart.c.obj
LOAD CMakeFiles/NUCLEO-F429ZI.elf.dir/Drivers/STM32F4xx_HAL_Driver/Src/stm32f4xx_ll_usb.c.obj
LOAD CMakeFiles/NUCLEO-F429ZI.elf.dir/LWIP/App/lwip.c.obj
LOAD CMakeFiles/NUCLEO-F429ZI.elf.dir/LWIP/Target/ethernetif.c.obj
LOAD CMakeFiles/NUCLEO-F429ZI.elf.dir/Middlewares/Third_Party/LwIP/src/api/api_lib.c.obj
LOAD CMakeFiles/NUCLEO-F429ZI.elf.dir/Middlewares/Third_Party/LwIP/src/api/api_msg.c.obj
LOAD CMakeFiles/NUCLEO-F429ZI.elf.dir/Middlewares/Third_Party/LwIP/src/api/err.c.obj
LOAD CMakeFiles/NUCLEO-F429ZI.elf.dir/Middlewares/Third_Party/LwIP/src/api/if_api.c.obj
LOAD CMakeFiles/NUCLEO-F429ZI.elf.dir/Middlewares/Third_Party/LwIP/src/api/netbuf.c.obj
LOAD CMakeFiles/NUCLEO-F429ZI.elf.dir/Middlewares/Third_Party/LwIP/src/api/netdb.c.obj
LOAD CMakeFiles/NUCLEO-F429ZI.elf.dir/Middlewares/Third_Party/LwIP/src/api/netifapi.c.obj
LOAD CMakeFiles/NUCLEO-F429ZI.elf.dir/Middlewares/Third_Party/LwIP/src/api/sockets.c.obj
LOAD CMakeFiles/NUCLEO-F429ZI.elf.dir/Middlewares/Third_Party/LwIP/src/api/tcpip.c.obj
LOAD CMakeFiles/NUCLEO-F429ZI.elf.dir/Middlewares/Third_Party/LwIP/src/apps/mqtt/mqtt.c.obj
LOAD CMakeFiles/NUCLEO-F429ZI.elf.dir/Middlewares/Third_Party/LwIP/src/core/altcp.c.obj
LOAD CMakeFiles/NUCLEO-F429ZI.elf.dir/Middlewares/Third_Party/LwIP/src/core/altcp_alloc.c.obj
LOAD CMakeFiles/NUCLEO-F429ZI.elf.dir/Middlewares/Third_Party/LwIP/src/core/altcp_tcp.c.obj
LOAD CMakeFiles/NUCLEO-F429ZI.elf.dir/Middlewares/Third_Party/LwIP/src/core/def.c.obj
LOAD CMakeFiles/NUCLEO-F429ZI.elf.dir/Middlewares/Third_Party/LwIP/src/core/dns.c.obj
LOAD CMakeFiles/NUCLEO-F429ZI.elf.dir/Middlewares/Third_Party/LwIP/src/core/inet_chksum.c.obj
LOAD CMakeFiles/NUCLEO-F429ZI.elf.dir/Middlewares/Third_Party/LwIP/src/core/init.c.obj
LOAD CMakeFiles/NUCLEO-F429ZI.elf.dir/Middlewares/Third_Party/LwIP/src/core/ip.c.obj
LOAD CMakeFiles/NUCLEO-F429ZI.elf.dir/Middlewares/Third_Party/LwIP/src/core/ipv4/autoip.c.obj
LOAD CMakeFiles/NUCLEO-F429ZI.elf.dir/Middlewares/Third_Party/LwIP/src/core/ipv4/dhcp.c.obj
LOAD CMakeFiles/NUCLEO-F429ZI.elf.dir/Middlewares/Third_Party/LwIP/src/core/ipv4/etharp.c.obj
LOAD CMakeFiles/NUCLEO-F429ZI.elf.dir/Middlewares/Third_Party/LwIP/src/core/ipv4/icmp.c.obj
LOAD CMakeFiles/NUCLEO-F429ZI.elf.dir/Middlewares/Third_Party/LwIP/src/core/ipv4/igmp.c.obj
LOAD CMakeFiles/NUCLEO-F429ZI.elf.dir/Middlewares/Third_Party/LwIP/src/core/ipv4/ip4.c.obj
LOAD CMakeFiles/NUCLEO-F429ZI.elf.dir/Middlewares/Third_Party/LwIP/src/core/ipv4/ip4_addr.c.obj
LOAD CMakeFiles/NUCLEO-F429ZI.elf.dir/Middlewares/Third_Party/LwIP/src/core/ipv4/ip4_frag.c.obj
LOAD CMakeFiles/NUCLEO-F429ZI.elf.dir/Middlewares/Third_Party/LwIP/src/core/ipv6/dhcp6.c.obj
LOAD CMakeFiles/NUCLEO-F429ZI.elf.dir/Middlewares/Third_Party/LwIP/src/core/ipv6/ethip6.c.obj
LOAD CMakeFiles/NUCLEO-F429ZI.elf.dir/Middlewares/Third_Party/LwIP/src/core/ipv6/icmp6.c.obj
LOAD CMakeFiles/NUCLEO-F429ZI.elf.dir/Middlewares/Third_Party/LwIP/src/core/ipv6/inet6.c.obj
LOAD CMakeFiles/NUCLEO-F429ZI.elf.dir/Middlewares/Third_Party/LwIP/src/core/ipv6/ip6.c.obj
LOAD CMakeFiles/NUCLEO-F429ZI.elf.dir/Middlewares/Third_Party/LwIP/src/core/ipv6/ip6_addr.c.obj
LOAD CMakeFiles/NUCLEO-F429ZI.elf.dir/Middlewares/Third_Party/LwIP/src/core/ipv6/ip6_frag.c.obj
LOAD CMakeFiles/NUCLEO-F429ZI.elf.dir/Middlewares/Third_Party/LwIP/src/core/ipv6/mld6.c.obj
LOAD CMakeFiles/NUCLEO-F429ZI.elf.dir/Middlewares/Third_Party/LwIP/src/core/ipv6/nd6.c.obj
LOAD CMakeFiles/NUCLEO-F429ZI.elf.dir/Middlewares/Third_Party/LwIP/src/core/mem.c.obj
LOAD CMakeFiles/NUCLEO-F429ZI.elf.dir/Middlewares/Third_Party/LwIP/src/core/memp.c.obj
LOAD CMakeFiles/NUCLEO-F429ZI.elf.dir/Middlewares/Third_Party/LwIP/src/core/netif.c.obj
LOAD CMakeFiles/NUCLEO-F429ZI.elf.dir/Middlewares/Third_Party/LwIP/src/core/pbuf.c.obj
LOAD CMakeFiles/NUCLEO-F429ZI.elf.dir/Middlewares/Third_Party/LwIP/src/core/raw.c.obj
LOAD CMakeFiles/NUCLEO-F429ZI.elf.dir/Middlewares/Third_Party/LwIP/src/core/stats.c.obj
LOAD CMakeFiles/NUCLEO-F429ZI.elf.dir/Middlewares/Third_Party/LwIP/src/core/sys.c.obj
LOAD CMakeFiles/NUCLEO-F429ZI.elf.dir/Middlewares/Third_Party/LwIP/src/core/tcp.c.obj
LOAD CMakeFiles/NUCLEO-F429ZI.elf.dir/Middlewares/Third_Party/LwIP/src/core/tcp_in.c.obj
LOAD CMakeFiles/NUCLEO-F429ZI.elf.dir/Middlewares/Third_Party/LwIP/src/core/tcp_out.c.obj
LOAD CMakeFiles/NUCLEO-F429ZI.elf.dir/Middlewares/Third_Party/LwIP/src/core/timeouts.c.obj
LOAD CMakeFiles/NUCLEO-F429ZI.elf.dir/Middlewares/Third_Party/LwIP/src/core/udp.c.obj
LOAD CMakeFiles/NUCLEO-F429ZI.elf.dir/Middlewares/Third_Party/LwIP/src/netif/bridgeif.c.obj
LOAD CMakeFiles/NUCLEO-F429ZI.elf.dir/Middlewares/Third_Party/LwIP/src/netif/bridgeif_fdb.c.obj
LOAD CMakeFiles/NUCLEO-F429ZI.elf.dir/Middlewares/Third_Party/LwIP/src/netif/ethernet.c.obj
LOAD CMakeFiles/NUCLEO-F429ZI.elf.dir/Middlewares/Third_Party/LwIP/src/netif/lowpan6.c.obj
LOAD CMakeFiles/NUCLEO-F429ZI.elf.dir/Middlewares/Third_Party/LwIP/src/netif/lowpan6_ble.c.obj
LOAD CMakeFiles/NUCLEO-F429ZI.elf.dir/Middlewares/Third_Party/LwIP/src/netif/lowpan6_common.c.obj
LOAD CMakeFiles/NUCLEO-F429ZI.elf.dir/Middlewares/Third_Party/LwIP/src/netif/ppp/auth.c.obj
LOAD CMakeFiles/NUCLEO-F429ZI.elf.dir/Middlewares/Third_Party/LwIP/src/netif/ppp/ccp.c.obj
LOAD CMakeFiles/NUCLEO-F429ZI.elf.dir/Middlewares/Third_Party/LwIP/src/netif/ppp/chap-md5.c.obj
LOAD CMakeFiles/NUCLEO-F429ZI.elf.dir/Middlewares/Third_Party/LwIP/src/netif/ppp/chap-new.c.obj
LOAD CMakeFiles/NUCLEO-F429ZI.elf.dir/Middlewares/Third_Party/LwIP/src/netif/ppp/chap_ms.c.obj
LOAD CMakeFiles/NUCLEO-F429ZI.elf.dir/Middlewares/Third_Party/LwIP/src/netif/ppp/demand.c.obj
LOAD CMakeFiles/NUCLEO-F429ZI.elf.dir/Middlewares/Third_Party/LwIP/src/netif/ppp/eap.c.obj
LOAD CMakeFiles/NUCLEO-F429ZI.elf.dir/Middlewares/Third_Party/LwIP/src/netif/ppp/ecp.c.obj
LOAD CMakeFiles/NUCLEO-F429ZI.elf.dir/Middlewares/Third_Party/LwIP/src/netif/ppp/eui64.c.obj
LOAD CMakeFiles/NUCLEO-F429ZI.elf.dir/Middlewares/Third_Party/LwIP/src/netif/ppp/fsm.c.obj
LOAD CMakeFiles/NUCLEO-F429ZI.elf.dir/Middlewares/Third_Party/LwIP/src/netif/ppp/ipcp.c.obj
LOAD CMakeFiles/NUCLEO-F429ZI.elf.dir/Middlewares/Third_Party/LwIP/src/netif/ppp/ipv6cp.c.obj
LOAD CMakeFiles/NUCLEO-F429ZI.elf.dir/Middlewares/Third_Party/LwIP/src/netif/ppp/lcp.c.obj
LOAD CMakeFiles/NUCLEO-F429ZI.elf.dir/Middlewares/Third_Party/LwIP/src/netif/ppp/magic.c.obj
LOAD CMakeFiles/NUCLEO-F429ZI.elf.dir/Middlewares/Third_Party/LwIP/src/netif/ppp/mppe.c.obj
LOAD CMakeFiles/NUCLEO-F429ZI.elf.dir/Middlewares/Third_Party/LwIP/src/netif/ppp/multilink.c.obj
LOAD CMakeFiles/NUCLEO-F429ZI.elf.dir/Middlewares/Third_Party/LwIP/src/netif/ppp/ppp.c.obj
LOAD CMakeFiles/NUCLEO-F429ZI.elf.dir/Middlewares/Third_Party/LwIP/src/netif/ppp/pppapi.c.obj
LOAD CMakeFiles/NUCLEO-F429ZI.elf.dir/Middlewares/Third_Party/LwIP/src/netif/ppp/pppcrypt.c.obj
LOAD CMakeFiles/NUCLEO-F429ZI.elf.dir/Middlewares/Third_Party/LwIP/src/netif/ppp/pppoe.c.obj
LOAD CMakeFiles/NUCLEO-F429ZI.elf.dir/Middlewares/Third_Party/LwIP/src/netif/ppp/pppol2tp.c.obj
LOAD CMakeFiles/NUCLEO-F429ZI.elf.dir/Middlewares/Third_Party/LwIP/src/netif/ppp/pppos.c.obj
LOAD CMakeFiles/NUCLEO-F429ZI.elf.dir/Middlewares/Third_Party/LwIP/src/netif/ppp/upap.c.obj
LOAD CMakeFiles/NUCLEO-F429ZI.elf.dir/Middlewares/Third_Party/LwIP/src/netif/ppp/utils.c.obj
LOAD CMakeFiles/NUCLEO-F429ZI.elf.dir/Middlewares/Third_Party/LwIP/src/netif/ppp/vj.c.obj
LOAD CMakeFiles/NUCLEO-F429ZI.elf.dir/Middlewares/Third_Party/LwIP/src/netif/slipif.c.obj
LOAD CMakeFiles/NUCLEO-F429ZI.elf.dir/Middlewares/Third_Party/LwIP/src/netif/zepif.c.obj
LOAD CMakeFiles/NUCLEO-F429ZI.elf.dir/Middlewares/Third_Party/MQTT-C/src/mqtt-c.c.obj
LOAD CMakeFiles/NUCLEO-F429ZI.elf.dir/Middlewares/Third_Party/MQTT-C/src/mqtt_pal.c.obj
LOAD CMakeFiles/NUCLEO-F429ZI.elf.dir/Middlewares/Third_Party/jWrite/jWrite/jWrite.c.obj
LOAD CMakeFiles/NUCLEO-F429ZI.elf.dir/Middlewares/Third_Party/rkh/source/fwk/src/rkhfwk_bittbl.c.obj
LOAD CMakeFiles/NUCLEO-F429ZI.elf.dir/Middlewares/Third_Party/rkh/source/fwk/src/rkhfwk_dynevt.c.obj
LOAD CMakeFiles/NUCLEO-F429ZI.elf.dir/Middlewares/Third_Party/rkh/source/fwk/src/rkhfwk_evtpool.c.obj
LOAD CMakeFiles/NUCLEO-F429ZI.elf.dir/Middlewares/Third_Party/rkh/source/fwk/src/rkhfwk_pubsub.c.obj
LOAD CMakeFiles/NUCLEO-F429ZI.elf.dir/Middlewares/Third_Party/rkh/source/fwk/src/rkhfwk_rdygrp.c.obj
LOAD CMakeFiles/NUCLEO-F429ZI.elf.dir/Middlewares/Third_Party/rkh/source/fwk/src/rkhfwk_sched.c.obj
LOAD CMakeFiles/NUCLEO-F429ZI.elf.dir/Middlewares/Third_Party/rkh/source/fwk/src/rkhfwk_version.c.obj
LOAD CMakeFiles/NUCLEO-F429ZI.elf.dir/Middlewares/Third_Party/rkh/source/mempool/src/rkhmempool.c.obj
LOAD CMakeFiles/NUCLEO-F429ZI.elf.dir/Middlewares/Third_Party/rkh/source/portable/arm-cortex/rkhs/arm_cm4f/stm32/rkhport.c.obj
LOAD CMakeFiles/NUCLEO-F429ZI.elf.dir/Middlewares/Third_Party/rkh/source/queue/src/rkhqueue.c.obj
LOAD CMakeFiles/NUCLEO-F429ZI.elf.dir/Middlewares/Third_Party/rkh/source/sm/src/rkhsm.c.obj
LOAD CMakeFiles/NUCLEO-F429ZI.elf.dir/Middlewares/Third_Party/rkh/source/sma/src/rkhsma.c.obj
LOAD CMakeFiles/NUCLEO-F429ZI.elf.dir/Middlewares/Third_Party/rkh/source/sma/src/rkhsma_prio.c.obj
LOAD CMakeFiles/NUCLEO-F429ZI.elf.dir/Middlewares/Third_Party/rkh/source/sma/src/rkhsma_sync.c.obj
LOAD CMakeFiles/NUCLEO-F429ZI.elf.dir/Middlewares/Third_Party/rkh/source/tmr/src/rkhtmr.c.obj
LOAD CMakeFiles/NUCLEO-F429ZI.elf.dir/Middlewares/Third_Party/rkh/source/trc/src/rkhtrc_filter.c.obj
LOAD CMakeFiles/NUCLEO-F429ZI.elf.dir/Middlewares/Third_Party/rkh/source/trc/src/rkhtrc_record.c.obj
LOAD CMakeFiles/NUCLEO-F429ZI.elf.dir/Middlewares/Third_Party/rkh/source/trc/src/rkhtrc_stream.c.obj
LOAD CMakeFiles/NUCLEO-F429ZI.elf.dir/reactive-framework/blinky/blinky.c.obj
LOAD CMakeFiles/NUCLEO-F429ZI.elf.dir/reactive-framework/blinky/bsp/assert.c.obj
LOAD CMakeFiles/NUCLEO-F429ZI.elf.dir/reactive-framework/blinky/bsp/bsp_blinky.c.obj
LOAD CMakeFiles/NUCLEO-F429ZI.elf.dir/reactive-framework/blinky/bsp/hook.c.obj
LOAD CMakeFiles/NUCLEO-F429ZI.elf.dir/reactive-framework/blinky/bsp/trace_io.c.obj
LOAD CMakeFiles/NUCLEO-F429ZI.elf.dir/reactive-framework/salt/utilities/mTime/mTime.c.obj
LOAD CMakeFiles/NUCLEO-F429ZI.elf.dir/reactive-framework/salt/utilities/mTime/mTimeTbl.c.obj
START GROUP
LOAD /usr/local/Cellar/arm-none-eabi-gcc/10.3-2021.10/gcc/bin/../lib/gcc/arm-none-eabi/10.3.1/thumb/v7e-m/nofp/libgcc.a
LOAD /usr/local/Cellar/arm-none-eabi-gcc/10.3-2021.10/gcc/bin/../lib/gcc/arm-none-eabi/10.3.1/../../../../arm-none-eabi/lib/thumb/v7e-m/nofp/libg.a
LOAD /usr/local/Cellar/arm-none-eabi-gcc/10.3-2021.10/gcc/bin/../lib/gcc/arm-none-eabi/10.3.1/../../../../arm-none-eabi/lib/thumb/v7e-m/nofp/libc.a
END GROUP
LOAD /usr/local/Cellar/arm-none-eabi-gcc/10.3-2021.10/gcc/bin/../lib/gcc/arm-none-eabi/10.3.1/thumb/v7e-m/nofp/crtend.o
LOAD /usr/local/Cellar/arm-none-eabi-gcc/10.3-2021.10/gcc/bin/../lib/gcc/arm-none-eabi/10.3.1/thumb/v7e-m/nofp/crtn.o
                0x0000000020030000                _estack = (ORIGIN (RAM) + LENGTH (RAM))
                0x0000000000000200                _Min_Heap_Size = 0x200
                0x0000000000000400                _Min_Stack_Size = 0x400

.isr_vector     0x0000000008000000      0x1ac
                0x0000000008000000                . = ALIGN (0x4)
 *(.isr_vector)
 .isr_vector    0x0000000008000000      0x1ac CMakeFiles/NUCLEO-F429ZI.elf.dir/Core/Startup/startup_stm32f429zitx.s.obj
                0x0000000008000000                g_pfnVectors
                0x00000000080001ac                . = ALIGN (0x4)

.text           0x00000000080001c0    0x131e4
                0x00000000080001c0                . = ALIGN (0x4)
 *(.text)
 .text          0x00000000080001c0       0x40 /usr/local/Cellar/arm-none-eabi-gcc/10.3-2021.10/gcc/bin/../lib/gcc/arm-none-eabi/10.3.1/thumb/v7e-m/nofp/crtbegin.o
 .text          0x0000000008000200      0x378 /usr/local/Cellar/arm-none-eabi-gcc/10.3-2021.10/gcc/bin/../lib/gcc/arm-none-eabi/10.3.1/thumb/v7e-m/nofp/libgcc.a(_arm_addsubdf3.o)
                0x0000000008000200                __aeabi_drsub
                0x0000000008000208                __subdf3
                0x0000000008000208                __aeabi_dsub
                0x000000000800020c                __aeabi_dadd
                0x000000000800020c                __adddf3
                0x0000000008000484                __aeabi_ui2d
                0x0000000008000484                __floatunsidf
                0x00000000080004a4                __floatsidf
                0x00000000080004a4                __aeabi_i2d
                0x00000000080004c8                __extendsfdf2
                0x00000000080004c8                __aeabi_f2d
                0x000000000800050c                __aeabi_ul2d
                0x000000000800050c                __floatundidf
                0x000000000800051c                __aeabi_l2d
                0x000000000800051c                __floatdidf
 .text          0x0000000008000578      0x110 /usr/local/Cellar/arm-none-eabi-gcc/10.3-2021.10/gcc/bin/../lib/gcc/arm-none-eabi/10.3.1/thumb/v7e-m/nofp/libgcc.a(_arm_cmpdf2.o)
                0x0000000008000578                __gedf2
                0x0000000008000578                __gtdf2
                0x0000000008000580                __ledf2
                0x0000000008000580                __ltdf2
                0x0000000008000588                __cmpdf2
                0x0000000008000588                __eqdf2
                0x0000000008000588                __nedf2
                0x0000000008000604                __aeabi_cdrcmple
                0x0000000008000614                __aeabi_cdcmple
                0x0000000008000614                __aeabi_cdcmpeq
                0x0000000008000624                __aeabi_dcmpeq
                0x0000000008000638                __aeabi_dcmplt
                0x000000000800064c                __aeabi_dcmple
                0x0000000008000660                __aeabi_dcmpge
                0x0000000008000674                __aeabi_dcmpgt
 .text          0x0000000008000688       0x50 /usr/local/Cellar/arm-none-eabi-gcc/10.3-2021.10/gcc/bin/../lib/gcc/arm-none-eabi/10.3.1/thumb/v7e-m/nofp/libgcc.a(_arm_fixdfsi.o)
                0x0000000008000688                __fixdfsi
                0x0000000008000688                __aeabi_d2iz
 .text          0x00000000080006d8       0x30 /usr/local/Cellar/arm-none-eabi-gcc/10.3-2021.10/gcc/bin/../lib/gcc/arm-none-eabi/10.3.1/thumb/v7e-m/nofp/libgcc.a(_aeabi_uldivmod.o)
                0x00000000080006d8                __aeabi_uldivmod
 .text          0x0000000008000708      0x2d0 /usr/local/Cellar/arm-none-eabi-gcc/10.3-2021.10/gcc/bin/../lib/gcc/arm-none-eabi/10.3.1/thumb/v7e-m/nofp/libgcc.a(_udivmoddi4.o)
                0x0000000008000708                __udivmoddi4
 .text          0x00000000080009d8        0x4 /usr/local/Cellar/arm-none-eabi-gcc/10.3-2021.10/gcc/bin/../lib/gcc/arm-none-eabi/10.3.1/thumb/v7e-m/nofp/libgcc.a(_dvmd_tls.o)
                0x00000000080009d8                __aeabi_ldiv0
                0x00000000080009d8                __aeabi_idiv0
 .text          0x00000000080009dc      0x134 /usr/local/Cellar/arm-none-eabi-gcc/10.3-2021.10/gcc/bin/../lib/gcc/arm-none-eabi/10.3.1/../../../../arm-none-eabi/lib/thumb/v7e-m/nofp/libg.a(lib_a-memcpy.o)
                0x00000000080009dc                memcpy
 *fill*         0x0000000008000b10       0x30 
 .text          0x0000000008000b40       0xdc /usr/local/Cellar/arm-none-eabi-gcc/10.3-2021.10/gcc/bin/../lib/gcc/arm-none-eabi/10.3.1/../../../../arm-none-eabi/lib/thumb/v7e-m/nofp/libg.a(lib_a-strlen.o)
                0x0000000008000b40                strlen
 *fill*         0x0000000008000c1c        0x4 
 .text          0x0000000008000c20       0xa0 /usr/local/Cellar/arm-none-eabi-gcc/10.3-2021.10/gcc/bin/../lib/gcc/arm-none-eabi/10.3.1/../../../../arm-none-eabi/lib/thumb/v7e-m/nofp/libg.a(lib_a-memchr.o)
                0x0000000008000c20                memchr
 .text          0x0000000008000cc0      0x424 /usr/local/Cellar/arm-none-eabi-gcc/10.3-2021.10/gcc/bin/../lib/gcc/arm-none-eabi/10.3.1/thumb/v7e-m/nofp/libgcc.a(_arm_muldivdf3.o)
                0x0000000008000cc0                __aeabi_dmul
                0x0000000008000cc0                __muldf3
                0x0000000008000f14                __aeabi_ddiv
                0x0000000008000f14                __divdf3
 .text          0x00000000080010e4       0x2c /usr/local/Cellar/arm-none-eabi-gcc/10.3-2021.10/gcc/bin/../lib/gcc/arm-none-eabi/10.3.1/thumb/v7e-m/nofp/libgcc.a(_arm_unorddf2.o)
                0x00000000080010e4                __aeabi_dcmpun
                0x00000000080010e4                __unorddf2
 *(.text*)
 .text.MX_GPIO_Init
                0x0000000008001110      0x108 CMakeFiles/NUCLEO-F429ZI.elf.dir/Core/Src/gpio.c.obj
                0x0000000008001110                MX_GPIO_Init
 .text.__io_putchar
                0x0000000008001218       0x20 CMakeFiles/NUCLEO-F429ZI.elf.dir/Core/Src/main.c.obj
                0x0000000008001218                __io_putchar
 .text.Error_Handler
                0x0000000008001238        0x4 CMakeFiles/NUCLEO-F429ZI.elf.dir/Core/Src/main.c.obj
                0x0000000008001238                Error_Handler
 .text.SystemClock_Config
                0x000000000800123c       0xa8 CMakeFiles/NUCLEO-F429ZI.elf.dir/Core/Src/main.c.obj
                0x000000000800123c                SystemClock_Config
 .text.main     0x00000000080012e4       0x4c CMakeFiles/NUCLEO-F429ZI.elf.dir/Core/Src/main.c.obj
                0x00000000080012e4                main
 .text.HAL_MspInit
                0x0000000008001330       0x38 CMakeFiles/NUCLEO-F429ZI.elf.dir/Core/Src/stm32f4xx_hal_msp.c.obj
                0x0000000008001330                HAL_MspInit
 .text.NMI_Handler
                0x0000000008001368        0x2 CMakeFiles/NUCLEO-F429ZI.elf.dir/Core/Src/stm32f4xx_it.c.obj
                0x0000000008001368                NMI_Handler
 .text.HardFault_Handler
                0x000000000800136a        0x2 CMakeFiles/NUCLEO-F429ZI.elf.dir/Core/Src/stm32f4xx_it.c.obj
                0x000000000800136a                HardFault_Handler
 .text.MemManage_Handler
                0x000000000800136c        0x2 CMakeFiles/NUCLEO-F429ZI.elf.dir/Core/Src/stm32f4xx_it.c.obj
                0x000000000800136c                MemManage_Handler
 .text.BusFault_Handler
                0x000000000800136e        0x2 CMakeFiles/NUCLEO-F429ZI.elf.dir/Core/Src/stm32f4xx_it.c.obj
                0x000000000800136e                BusFault_Handler
 .text.UsageFault_Handler
                0x0000000008001370        0x2 CMakeFiles/NUCLEO-F429ZI.elf.dir/Core/Src/stm32f4xx_it.c.obj
                0x0000000008001370                UsageFault_Handler
 .text.SVC_Handler
                0x0000000008001372        0x2 CMakeFiles/NUCLEO-F429ZI.elf.dir/Core/Src/stm32f4xx_it.c.obj
                0x0000000008001372                SVC_Handler
 .text.DebugMon_Handler
                0x0000000008001374        0x2 CMakeFiles/NUCLEO-F429ZI.elf.dir/Core/Src/stm32f4xx_it.c.obj
                0x0000000008001374                DebugMon_Handler
 .text.PendSV_Handler
                0x0000000008001376        0x2 CMakeFiles/NUCLEO-F429ZI.elf.dir/Core/Src/stm32f4xx_it.c.obj
                0x0000000008001376                PendSV_Handler
 .text.SysTick_Handler
                0x0000000008001378       0x14 CMakeFiles/NUCLEO-F429ZI.elf.dir/Core/Src/stm32f4xx_it.c.obj
                0x0000000008001378                SysTick_Handler
 .text.Systick_setCallback
                0x000000000800138c        0xc CMakeFiles/NUCLEO-F429ZI.elf.dir/Core/Src/stm32f4xx_it.c.obj
                0x000000000800138c                Systick_setCallback
 .text._getpid  0x0000000008001398        0x4 CMakeFiles/NUCLEO-F429ZI.elf.dir/Core/Src/syscalls.c.obj
                0x0000000008001398                _getpid
 .text._kill    0x000000000800139c       0x10 CMakeFiles/NUCLEO-F429ZI.elf.dir/Core/Src/syscalls.c.obj
                0x000000000800139c                _kill
 .text._exit    0x00000000080013ac        0xc CMakeFiles/NUCLEO-F429ZI.elf.dir/Core/Src/syscalls.c.obj
                0x00000000080013ac                _exit
 .text._read    0x00000000080013b8       0x20 CMakeFiles/NUCLEO-F429ZI.elf.dir/Core/Src/syscalls.c.obj
                0x00000000080013b8                _read
 .text._write   0x00000000080013d8       0x1c CMakeFiles/NUCLEO-F429ZI.elf.dir/Core/Src/syscalls.c.obj
                0x00000000080013d8                _write
 .text._close   0x00000000080013f4        0x6 CMakeFiles/NUCLEO-F429ZI.elf.dir/Core/Src/syscalls.c.obj
                0x00000000080013f4                _close
 .text._fstat   0x00000000080013fa        0xa CMakeFiles/NUCLEO-F429ZI.elf.dir/Core/Src/syscalls.c.obj
                0x00000000080013fa                _fstat
 .text._isatty  0x0000000008001404        0x4 CMakeFiles/NUCLEO-F429ZI.elf.dir/Core/Src/syscalls.c.obj
                0x0000000008001404                _isatty
 .text._lseek   0x0000000008001408        0x4 CMakeFiles/NUCLEO-F429ZI.elf.dir/Core/Src/syscalls.c.obj
                0x0000000008001408                _lseek
 .text._sbrk    0x000000000800140c       0x4c CMakeFiles/NUCLEO-F429ZI.elf.dir/Core/Src/sysmem.c.obj
                0x000000000800140c                _sbrk
 .text.SystemInit
                0x0000000008001458        0x2 CMakeFiles/NUCLEO-F429ZI.elf.dir/Core/Src/system_stm32f4xx.c.obj
                0x0000000008001458                SystemInit
 *fill*         0x000000000800145a        0x2 
 .text.MX_USART3_UART_Init
                0x000000000800145c       0x34 CMakeFiles/NUCLEO-F429ZI.elf.dir/Core/Src/usart.c.obj
                0x000000000800145c                MX_USART3_UART_Init
 .text.HAL_UART_MspInit
                0x0000000008001490       0x70 CMakeFiles/NUCLEO-F429ZI.elf.dir/Core/Src/usart.c.obj
                0x0000000008001490                HAL_UART_MspInit
 .text.MX_USB_OTG_FS_PCD_Init
                0x0000000008001500       0x38 CMakeFiles/NUCLEO-F429ZI.elf.dir/Core/Src/usb_otg.c.obj
                0x0000000008001500                MX_USB_OTG_FS_PCD_Init
 .text.HAL_PCD_MspInit
                0x0000000008001538       0x88 CMakeFiles/NUCLEO-F429ZI.elf.dir/Core/Src/usb_otg.c.obj
                0x0000000008001538                HAL_PCD_MspInit
 .text.Reset_Handler
                0x00000000080015c0       0x50 CMakeFiles/NUCLEO-F429ZI.elf.dir/Core/Startup/startup_stm32f429zitx.s.obj
                0x00000000080015c0                Reset_Handler
 .text.Default_Handler
                0x0000000008001610        0x2 CMakeFiles/NUCLEO-F429ZI.elf.dir/Core/Startup/startup_stm32f429zitx.s.obj
                0x0000000008001610                DMA1_Stream3_IRQHandler
                0x0000000008001610                HASH_RNG_IRQHandler
                0x0000000008001610                EXTI2_IRQHandler
                0x0000000008001610                TIM8_CC_IRQHandler
                0x0000000008001610                UART8_IRQHandler
                0x0000000008001610                SPI4_IRQHandler
                0x0000000008001610                TIM1_CC_IRQHandler
                0x0000000008001610                DMA2_Stream5_IRQHandler
                0x0000000008001610                DMA1_Stream5_IRQHandler
                0x0000000008001610                PVD_IRQHandler
                0x0000000008001610                SDIO_IRQHandler
                0x0000000008001610                TAMP_STAMP_IRQHandler
                0x0000000008001610                CAN2_RX1_IRQHandler
                0x0000000008001610                EXTI3_IRQHandler
                0x0000000008001610                TIM8_TRG_COM_TIM14_IRQHandler
                0x0000000008001610                TIM1_UP_TIM10_IRQHandler
                0x0000000008001610                TIM8_UP_TIM13_IRQHandler
                0x0000000008001610                I2C3_ER_IRQHandler
                0x0000000008001610                EXTI0_IRQHandler
                0x0000000008001610                I2C2_EV_IRQHandler
                0x0000000008001610                DMA1_Stream2_IRQHandler
                0x0000000008001610                CAN1_RX0_IRQHandler
                0x0000000008001610                FPU_IRQHandler
                0x0000000008001610                OTG_HS_WKUP_IRQHandler
                0x0000000008001610                LTDC_ER_IRQHandler
                0x0000000008001610                CAN2_SCE_IRQHandler
                0x0000000008001610                DMA2_Stream2_IRQHandler
                0x0000000008001610                SPI1_IRQHandler
                0x0000000008001610                TIM6_DAC_IRQHandler
                0x0000000008001610                TIM1_BRK_TIM9_IRQHandler
                0x0000000008001610                DCMI_IRQHandler
                0x0000000008001610                CAN2_RX0_IRQHandler
                0x0000000008001610                DMA2_Stream3_IRQHandler
                0x0000000008001610                USART6_IRQHandler
                0x0000000008001610                USART3_IRQHandler
                0x0000000008001610                CAN1_RX1_IRQHandler
                0x0000000008001610                UART5_IRQHandler
                0x0000000008001610                DMA2_Stream0_IRQHandler
                0x0000000008001610                TIM4_IRQHandler
                0x0000000008001610                I2C1_EV_IRQHandler
                0x0000000008001610                DMA1_Stream6_IRQHandler
                0x0000000008001610                DMA1_Stream1_IRQHandler
                0x0000000008001610                UART4_IRQHandler
                0x0000000008001610                TIM3_IRQHandler
                0x0000000008001610                RCC_IRQHandler
                0x0000000008001610                TIM8_BRK_TIM12_IRQHandler
                0x0000000008001610                Default_Handler
                0x0000000008001610                EXTI15_10_IRQHandler
                0x0000000008001610                ADC_IRQHandler
                0x0000000008001610                DMA1_Stream7_IRQHandler
                0x0000000008001610                SPI5_IRQHandler
                0x0000000008001610                TIM7_IRQHandler
                0x0000000008001610                CAN2_TX_IRQHandler
                0x0000000008001610                TIM5_IRQHandler
                0x0000000008001610                DMA2_Stream7_IRQHandler
                0x0000000008001610                I2C3_EV_IRQHandler
                0x0000000008001610                EXTI9_5_IRQHandler
                0x0000000008001610                RTC_WKUP_IRQHandler
                0x0000000008001610                LTDC_IRQHandler
                0x0000000008001610                ETH_WKUP_IRQHandler
                0x0000000008001610                SPI2_IRQHandler
                0x0000000008001610                OTG_HS_EP1_IN_IRQHandler
                0x0000000008001610                DMA1_Stream0_IRQHandler
                0x0000000008001610                CAN1_TX_IRQHandler
                0x0000000008001610                EXTI4_IRQHandler
                0x0000000008001610                ETH_IRQHandler
                0x0000000008001610                OTG_HS_EP1_OUT_IRQHandler
                0x0000000008001610                WWDG_IRQHandler
                0x0000000008001610                SPI6_IRQHandler
                0x0000000008001610                TIM2_IRQHandler
                0x0000000008001610                OTG_FS_WKUP_IRQHandler
                0x0000000008001610                TIM1_TRG_COM_TIM11_IRQHandler
                0x0000000008001610                OTG_HS_IRQHandler
                0x0000000008001610                DMA2D_IRQHandler
                0x0000000008001610                EXTI1_IRQHandler
                0x0000000008001610                UART7_IRQHandler
                0x0000000008001610                USART2_IRQHandler
                0x0000000008001610                I2C2_ER_IRQHandler
                0x0000000008001610                DMA2_Stream1_IRQHandler
                0x0000000008001610                CAN1_SCE_IRQHandler
                0x0000000008001610                FLASH_IRQHandler
                0x0000000008001610                DMA2_Stream4_IRQHandler
                0x0000000008001610                USART1_IRQHandler
                0x0000000008001610                OTG_FS_IRQHandler
                0x0000000008001610                SPI3_IRQHandler
                0x0000000008001610                DMA1_Stream4_IRQHandler
                0x0000000008001610                I2C1_ER_IRQHandler
                0x0000000008001610                FMC_IRQHandler
                0x0000000008001610                DMA2_Stream6_IRQHandler
                0x0000000008001610                SAI1_IRQHandler
                0x0000000008001610                RTC_Alarm_IRQHandler
 *fill*         0x0000000008001612        0x2 
 .text.BSP_LED_On
                0x0000000008001614       0x20 CMakeFiles/NUCLEO-F429ZI.elf.dir/Drivers/BSP-Nucleo-144/stm32f4xx_nucleo_144.c.obj
                0x0000000008001614                BSP_LED_On
 .text.BSP_LED_Off
                0x0000000008001634       0x20 CMakeFiles/NUCLEO-F429ZI.elf.dir/Drivers/BSP-Nucleo-144/stm32f4xx_nucleo_144.c.obj
                0x0000000008001634                BSP_LED_Off
 .text.LAN8742_RegisterBusIO
                0x0000000008001654       0x3e CMakeFiles/NUCLEO-F429ZI.elf.dir/Drivers/BSP/Components/lan8742/lan8742.c.obj
                0x0000000008001654                LAN8742_RegisterBusIO
 .text.LAN8742_Init
                0x0000000008001692       0xce CMakeFiles/NUCLEO-F429ZI.elf.dir/Drivers/BSP/Components/lan8742/lan8742.c.obj
                0x0000000008001692                LAN8742_Init
 .text.LAN8742_GetLinkState
                0x0000000008001760       0xc2 CMakeFiles/NUCLEO-F429ZI.elf.dir/Drivers/BSP/Components/lan8742/lan8742.c.obj
                0x0000000008001760                LAN8742_GetLinkState
 *fill*         0x0000000008001822        0x2 
 .text.HAL_InitTick
                0x0000000008001824       0x4c CMakeFiles/NUCLEO-F429ZI.elf.dir/Drivers/STM32F4xx_HAL_Driver/Src/stm32f4xx_hal.c.obj
                0x0000000008001824                HAL_InitTick
 .text.HAL_Init
                0x0000000008001870       0x34 CMakeFiles/NUCLEO-F429ZI.elf.dir/Drivers/STM32F4xx_HAL_Driver/Src/stm32f4xx_hal.c.obj
                0x0000000008001870                HAL_Init
 .text.HAL_IncTick
                0x00000000080018a4       0x18 CMakeFiles/NUCLEO-F429ZI.elf.dir/Drivers/STM32F4xx_HAL_Driver/Src/stm32f4xx_hal.c.obj
                0x00000000080018a4                HAL_IncTick
 .text.HAL_GetTick
                0x00000000080018bc        0xc CMakeFiles/NUCLEO-F429ZI.elf.dir/Drivers/STM32F4xx_HAL_Driver/Src/stm32f4xx_hal.c.obj
                0x00000000080018bc                HAL_GetTick
 .text.HAL_Delay
                0x00000000080018c8       0x28 CMakeFiles/NUCLEO-F429ZI.elf.dir/Drivers/STM32F4xx_HAL_Driver/Src/stm32f4xx_hal.c.obj
                0x00000000080018c8                HAL_Delay
 .text.HAL_NVIC_SetPriorityGrouping
                0x00000000080018f0       0x24 CMakeFiles/NUCLEO-F429ZI.elf.dir/Drivers/STM32F4xx_HAL_Driver/Src/stm32f4xx_hal_cortex.c.obj
                0x00000000080018f0                HAL_NVIC_SetPriorityGrouping
 .text.HAL_NVIC_SetPriority
                0x0000000008001914       0x70 CMakeFiles/NUCLEO-F429ZI.elf.dir/Drivers/STM32F4xx_HAL_Driver/Src/stm32f4xx_hal_cortex.c.obj
                0x0000000008001914                HAL_NVIC_SetPriority
 .text.HAL_SYSTICK_Config
                0x0000000008001984       0x28 CMakeFiles/NUCLEO-F429ZI.elf.dir/Drivers/STM32F4xx_HAL_Driver/Src/stm32f4xx_hal_cortex.c.obj
                0x0000000008001984                HAL_SYSTICK_Config
 .text.DMA_SetConfig
                0x00000000080019ac       0x2c CMakeFiles/NUCLEO-F429ZI.elf.dir/Drivers/STM32F4xx_HAL_Driver/Src/stm32f4xx_hal_dma.c.obj
 .text.HAL_DMA_Start_IT
                0x00000000080019d8       0x6a CMakeFiles/NUCLEO-F429ZI.elf.dir/Drivers/STM32F4xx_HAL_Driver/Src/stm32f4xx_hal_dma.c.obj
                0x00000000080019d8                HAL_DMA_Start_IT
 *fill*         0x0000000008001a42        0x2 
 .text.ETH_UpdateDescriptor
                0x0000000008001a44       0x98 CMakeFiles/NUCLEO-F429ZI.elf.dir/Drivers/STM32F4xx_HAL_Driver/Src/stm32f4xx_hal_eth.c.obj
 .text.ETH_MACAddressConfig
                0x0000000008001adc       0x30 CMakeFiles/NUCLEO-F429ZI.elf.dir/Drivers/STM32F4xx_HAL_Driver/Src/stm32f4xx_hal_eth.c.obj
 .text.ETH_DMATxDescListInit
                0x0000000008001b0c       0x6e CMakeFiles/NUCLEO-F429ZI.elf.dir/Drivers/STM32F4xx_HAL_Driver/Src/stm32f4xx_hal_eth.c.obj
 .text.ETH_DMARxDescListInit
                0x0000000008001b7a       0x84 CMakeFiles/NUCLEO-F429ZI.elf.dir/Drivers/STM32F4xx_HAL_Driver/Src/stm32f4xx_hal_eth.c.obj
 .text.ETH_Prepare_Tx_Descriptors
                0x0000000008001bfe      0x17a CMakeFiles/NUCLEO-F429ZI.elf.dir/Drivers/STM32F4xx_HAL_Driver/Src/stm32f4xx_hal_eth.c.obj
 .text.ETH_SetMACConfig
                0x0000000008001d78       0xfc CMakeFiles/NUCLEO-F429ZI.elf.dir/Drivers/STM32F4xx_HAL_Driver/Src/stm32f4xx_hal_eth.c.obj
 .text.ETH_SetDMAConfig
                0x0000000008001e74       0xc0 CMakeFiles/NUCLEO-F429ZI.elf.dir/Drivers/STM32F4xx_HAL_Driver/Src/stm32f4xx_hal_eth.c.obj
 .text.ETH_MACDMAConfig
                0x0000000008001f34       0xa2 CMakeFiles/NUCLEO-F429ZI.elf.dir/Drivers/STM32F4xx_HAL_Driver/Src/stm32f4xx_hal_eth.c.obj
 .text.ETH_FlushTransmitFIFO
                0x0000000008001fd6       0x36 CMakeFiles/NUCLEO-F429ZI.elf.dir/Drivers/STM32F4xx_HAL_Driver/Src/stm32f4xx_hal_eth.c.obj
 .text.HAL_ETH_Init
                0x000000000800200c       0xc0 CMakeFiles/NUCLEO-F429ZI.elf.dir/Drivers/STM32F4xx_HAL_Driver/Src/stm32f4xx_hal_eth.c.obj
                0x000000000800200c                HAL_ETH_Init
 .text.HAL_ETH_Start
                0x00000000080020cc       0x78 CMakeFiles/NUCLEO-F429ZI.elf.dir/Drivers/STM32F4xx_HAL_Driver/Src/stm32f4xx_hal_eth.c.obj
                0x00000000080020cc                HAL_ETH_Start
 .text.HAL_ETH_Stop
                0x0000000008002144       0x70 CMakeFiles/NUCLEO-F429ZI.elf.dir/Drivers/STM32F4xx_HAL_Driver/Src/stm32f4xx_hal_eth.c.obj
                0x0000000008002144                HAL_ETH_Stop
 .text.HAL_ETH_Transmit
                0x00000000080021b4       0xca CMakeFiles/NUCLEO-F429ZI.elf.dir/Drivers/STM32F4xx_HAL_Driver/Src/stm32f4xx_hal_eth.c.obj
                0x00000000080021b4                HAL_ETH_Transmit
 .text.HAL_ETH_ReadPHYRegister
                0x000000000800227e       0x52 CMakeFiles/NUCLEO-F429ZI.elf.dir/Drivers/STM32F4xx_HAL_Driver/Src/stm32f4xx_hal_eth.c.obj
                0x000000000800227e                HAL_ETH_ReadPHYRegister
 .text.HAL_ETH_WritePHYRegister
                0x00000000080022d0       0x4e CMakeFiles/NUCLEO-F429ZI.elf.dir/Drivers/STM32F4xx_HAL_Driver/Src/stm32f4xx_hal_eth.c.obj
                0x00000000080022d0                HAL_ETH_WritePHYRegister
 .text.HAL_ETH_GetMACConfig
                0x000000000800231e       0xf2 CMakeFiles/NUCLEO-F429ZI.elf.dir/Drivers/STM32F4xx_HAL_Driver/Src/stm32f4xx_hal_eth.c.obj
                0x000000000800231e                HAL_ETH_GetMACConfig
 .text.HAL_ETH_SetMACConfig
                0x0000000008002410       0x1c CMakeFiles/NUCLEO-F429ZI.elf.dir/Drivers/STM32F4xx_HAL_Driver/Src/stm32f4xx_hal_eth.c.obj
                0x0000000008002410                HAL_ETH_SetMACConfig
 .text.HAL_ETH_SetMDIOClockRange
                0x000000000800242c       0x74 CMakeFiles/NUCLEO-F429ZI.elf.dir/Drivers/STM32F4xx_HAL_Driver/Src/stm32f4xx_hal_eth.c.obj
                0x000000000800242c                HAL_ETH_SetMDIOClockRange
 .text.HAL_GPIO_Init
                0x00000000080024a0      0x1fc CMakeFiles/NUCLEO-F429ZI.elf.dir/Drivers/STM32F4xx_HAL_Driver/Src/stm32f4xx_hal_gpio.c.obj
                0x00000000080024a0                HAL_GPIO_Init
 .text.HAL_GPIO_WritePin
                0x000000000800269c        0xc CMakeFiles/NUCLEO-F429ZI.elf.dir/Drivers/STM32F4xx_HAL_Driver/Src/stm32f4xx_hal_gpio.c.obj
                0x000000000800269c                HAL_GPIO_WritePin
 .text.HAL_PCD_Init
                0x00000000080026a8      0x12e CMakeFiles/NUCLEO-F429ZI.elf.dir/Drivers/STM32F4xx_HAL_Driver/Src/stm32f4xx_hal_pcd.c.obj
                0x00000000080026a8                HAL_PCD_Init
 *fill*         0x00000000080027d6        0x2 
 .text.HAL_RCC_OscConfig
                0x00000000080027d8      0x3f8 CMakeFiles/NUCLEO-F429ZI.elf.dir/Drivers/STM32F4xx_HAL_Driver/Src/stm32f4xx_hal_rcc.c.obj
                0x00000000080027d8                HAL_RCC_OscConfig
 .text.HAL_RCC_GetSysClockFreq
                0x0000000008002bd0       0xd4 CMakeFiles/NUCLEO-F429ZI.elf.dir/Drivers/STM32F4xx_HAL_Driver/Src/stm32f4xx_hal_rcc.c.obj
                0x0000000008002bd0                HAL_RCC_GetSysClockFreq
 .text.HAL_RCC_ClockConfig
                0x0000000008002ca4      0x160 CMakeFiles/NUCLEO-F429ZI.elf.dir/Drivers/STM32F4xx_HAL_Driver/Src/stm32f4xx_hal_rcc.c.obj
                0x0000000008002ca4                HAL_RCC_ClockConfig
 .text.HAL_RCC_GetHCLKFreq
                0x0000000008002e04        0xc CMakeFiles/NUCLEO-F429ZI.elf.dir/Drivers/STM32F4xx_HAL_Driver/Src/stm32f4xx_hal_rcc.c.obj
                0x0000000008002e04                HAL_RCC_GetHCLKFreq
 .text.HAL_RCC_GetPCLK1Freq
                0x0000000008002e10       0x20 CMakeFiles/NUCLEO-F429ZI.elf.dir/Drivers/STM32F4xx_HAL_Driver/Src/stm32f4xx_hal_rcc.c.obj
                0x0000000008002e10                HAL_RCC_GetPCLK1Freq
 .text.HAL_RCC_GetPCLK2Freq
                0x0000000008002e30       0x20 CMakeFiles/NUCLEO-F429ZI.elf.dir/Drivers/STM32F4xx_HAL_Driver/Src/stm32f4xx_hal_rcc.c.obj
                0x0000000008002e30                HAL_RCC_GetPCLK2Freq
 .text.UART_EndTxTransfer
                0x0000000008002e50       0x20 CMakeFiles/NUCLEO-F429ZI.elf.dir/Drivers/STM32F4xx_HAL_Driver/Src/stm32f4xx_hal_uart.c.obj
 .text.UART_EndRxTransfer
                0x0000000008002e70       0x5c CMakeFiles/NUCLEO-F429ZI.elf.dir/Drivers/STM32F4xx_HAL_Driver/Src/stm32f4xx_hal_uart.c.obj
 .text.UART_SetConfig
                0x0000000008002ecc      0x110 CMakeFiles/NUCLEO-F429ZI.elf.dir/Drivers/STM32F4xx_HAL_Driver/Src/stm32f4xx_hal_uart.c.obj
 .text.UART_WaitOnFlagUntilTimeout
                0x0000000008002fdc       0x88 CMakeFiles/NUCLEO-F429ZI.elf.dir/Drivers/STM32F4xx_HAL_Driver/Src/stm32f4xx_hal_uart.c.obj
 .text.HAL_UART_Init
                0x0000000008003064       0x5e CMakeFiles/NUCLEO-F429ZI.elf.dir/Drivers/STM32F4xx_HAL_Driver/Src/stm32f4xx_hal_uart.c.obj
                0x0000000008003064                HAL_UART_Init
 .text.HAL_UART_Transmit
                0x00000000080030c2       0xd8 CMakeFiles/NUCLEO-F429ZI.elf.dir/Drivers/STM32F4xx_HAL_Driver/Src/stm32f4xx_hal_uart.c.obj
                0x00000000080030c2                HAL_UART_Transmit
 *fill*         0x000000000800319a        0x2 
 .text.HAL_UART_Transmit_DMA
                0x000000000800319c       0x9c CMakeFiles/NUCLEO-F429ZI.elf.dir/Drivers/STM32F4xx_HAL_Driver/Src/stm32f4xx_hal_uart.c.obj
                0x000000000800319c                HAL_UART_Transmit_DMA
 .text.HAL_UART_TxCpltCallback
                0x0000000008003238        0x2 CMakeFiles/NUCLEO-F429ZI.elf.dir/Drivers/STM32F4xx_HAL_Driver/Src/stm32f4xx_hal_uart.c.obj
                0x0000000008003238                HAL_UART_TxCpltCallback
 .text.UART_DMATransmitCplt
                0x000000000800323a       0x4c CMakeFiles/NUCLEO-F429ZI.elf.dir/Drivers/STM32F4xx_HAL_Driver/Src/stm32f4xx_hal_uart.c.obj
 .text.HAL_UART_TxHalfCpltCallback
                0x0000000008003286        0x2 CMakeFiles/NUCLEO-F429ZI.elf.dir/Drivers/STM32F4xx_HAL_Driver/Src/stm32f4xx_hal_uart.c.obj
                0x0000000008003286                HAL_UART_TxHalfCpltCallback
 .text.UART_DMATxHalfCplt
                0x0000000008003288        0xa CMakeFiles/NUCLEO-F429ZI.elf.dir/Drivers/STM32F4xx_HAL_Driver/Src/stm32f4xx_hal_uart.c.obj
 .text.HAL_UART_ErrorCallback
                0x0000000008003292        0x2 CMakeFiles/NUCLEO-F429ZI.elf.dir/Drivers/STM32F4xx_HAL_Driver/Src/stm32f4xx_hal_uart.c.obj
                0x0000000008003292                HAL_UART_ErrorCallback
 .text.UART_DMAError
                0x0000000008003294       0x58 CMakeFiles/NUCLEO-F429ZI.elf.dir/Drivers/STM32F4xx_HAL_Driver/Src/stm32f4xx_hal_uart.c.obj
 .text.HAL_UART_GetState
                0x00000000080032ec        0xc CMakeFiles/NUCLEO-F429ZI.elf.dir/Drivers/STM32F4xx_HAL_Driver/Src/stm32f4xx_hal_uart.c.obj
                0x00000000080032ec                HAL_UART_GetState
 .text.USB_CoreReset
                0x00000000080032f8       0x50 CMakeFiles/NUCLEO-F429ZI.elf.dir/Drivers/STM32F4xx_HAL_Driver/Src/stm32f4xx_ll_usb.c.obj
 .text.USB_CoreInit
                0x0000000008003348       0x8a CMakeFiles/NUCLEO-F429ZI.elf.dir/Drivers/STM32F4xx_HAL_Driver/Src/stm32f4xx_ll_usb.c.obj
                0x0000000008003348                USB_CoreInit
 .text.USB_DisableGlobalInt
                0x00000000080033d2        0xc CMakeFiles/NUCLEO-F429ZI.elf.dir/Drivers/STM32F4xx_HAL_Driver/Src/stm32f4xx_ll_usb.c.obj
                0x00000000080033d2                USB_DisableGlobalInt
 *fill*         0x00000000080033de        0x2 
 .text.USB_FlushTxFifo
                0x00000000080033e0       0x50 CMakeFiles/NUCLEO-F429ZI.elf.dir/Drivers/STM32F4xx_HAL_Driver/Src/stm32f4xx_ll_usb.c.obj
                0x00000000080033e0                USB_FlushTxFifo
 .text.USB_FlushRxFifo
                0x0000000008003430       0x4c CMakeFiles/NUCLEO-F429ZI.elf.dir/Drivers/STM32F4xx_HAL_Driver/Src/stm32f4xx_ll_usb.c.obj
                0x0000000008003430                USB_FlushRxFifo
 .text.USB_SetDevSpeed
                0x000000000800347c        0xe CMakeFiles/NUCLEO-F429ZI.elf.dir/Drivers/STM32F4xx_HAL_Driver/Src/stm32f4xx_ll_usb.c.obj
                0x000000000800347c                USB_SetDevSpeed
 *fill*         0x000000000800348a        0x2 
 .text.USB_DevInit
                0x000000000800348c      0x190 CMakeFiles/NUCLEO-F429ZI.elf.dir/Drivers/STM32F4xx_HAL_Driver/Src/stm32f4xx_ll_usb.c.obj
                0x000000000800348c                USB_DevInit
 .text.USB_DevDisconnect
                0x000000000800361c       0x1c CMakeFiles/NUCLEO-F429ZI.elf.dir/Drivers/STM32F4xx_HAL_Driver/Src/stm32f4xx_ll_usb.c.obj
                0x000000000800361c                USB_DevDisconnect
 .text.USB_GetMode
                0x0000000008003638        0x8 CMakeFiles/NUCLEO-F429ZI.elf.dir/Drivers/STM32F4xx_HAL_Driver/Src/stm32f4xx_ll_usb.c.obj
                0x0000000008003638                USB_GetMode
 .text.USB_SetCurrentMode
                0x0000000008003640       0x62 CMakeFiles/NUCLEO-F429ZI.elf.dir/Drivers/STM32F4xx_HAL_Driver/Src/stm32f4xx_ll_usb.c.obj
                0x0000000008003640                USB_SetCurrentMode
 .text.ethernet_link_status_updated
                0x00000000080036a2        0x2 CMakeFiles/NUCLEO-F429ZI.elf.dir/LWIP/App/lwip.c.obj
 .text.MX_LWIP_Init
                0x00000000080036a4       0x78 CMakeFiles/NUCLEO-F429ZI.elf.dir/LWIP/App/lwip.c.obj
                0x00000000080036a4                MX_LWIP_Init
 .text.ETH_PHY_IO_DeInit
                0x000000000800371c        0x4 CMakeFiles/NUCLEO-F429ZI.elf.dir/LWIP/Target/ethernetif.c.obj
                0x000000000800371c                ETH_PHY_IO_DeInit
 .text.low_level_output
                0x0000000008003720       0x9c CMakeFiles/NUCLEO-F429ZI.elf.dir/LWIP/Target/ethernetif.c.obj
 .text.pbuf_free_custom
                0x00000000080037bc       0x24 CMakeFiles/NUCLEO-F429ZI.elf.dir/LWIP/Target/ethernetif.c.obj
                0x00000000080037bc                pbuf_free_custom
 .text.ETH_PHY_IO_GetTick
                0x00000000080037e0        0x8 CMakeFiles/NUCLEO-F429ZI.elf.dir/LWIP/Target/ethernetif.c.obj
                0x00000000080037e0                ETH_PHY_IO_GetTick
 .text.ETH_PHY_IO_Init
                0x00000000080037e8       0x10 CMakeFiles/NUCLEO-F429ZI.elf.dir/LWIP/Target/ethernetif.c.obj
                0x00000000080037e8                ETH_PHY_IO_Init
 .text.ETH_PHY_IO_ReadReg
                0x00000000080037f8       0x1c CMakeFiles/NUCLEO-F429ZI.elf.dir/LWIP/Target/ethernetif.c.obj
                0x00000000080037f8                ETH_PHY_IO_ReadReg
 .text.ETH_PHY_IO_WriteReg
                0x0000000008003814       0x1c CMakeFiles/NUCLEO-F429ZI.elf.dir/LWIP/Target/ethernetif.c.obj
                0x0000000008003814                ETH_PHY_IO_WriteReg
 .text.sys_now  0x0000000008003830        0x8 CMakeFiles/NUCLEO-F429ZI.elf.dir/LWIP/Target/ethernetif.c.obj
                0x0000000008003830                sys_now
 .text.HAL_ETH_MspInit
                0x0000000008003838      0x11c CMakeFiles/NUCLEO-F429ZI.elf.dir/LWIP/Target/ethernetif.c.obj
                0x0000000008003838                HAL_ETH_MspInit
 .text.ethernet_link_check_state
                0x0000000008003954       0xb8 CMakeFiles/NUCLEO-F429ZI.elf.dir/LWIP/Target/ethernetif.c.obj
                0x0000000008003954                ethernet_link_check_state
 .text.low_level_init
                0x0000000008003a0c       0xf0 CMakeFiles/NUCLEO-F429ZI.elf.dir/LWIP/Target/ethernetif.c.obj
 .text.ethernetif_init
                0x0000000008003afc       0x48 CMakeFiles/NUCLEO-F429ZI.elf.dir/LWIP/Target/ethernetif.c.obj
                0x0000000008003afc                ethernetif_init
 .text.HAL_ETH_RxAllocateCallback
                0x0000000008003b44       0x4c CMakeFiles/NUCLEO-F429ZI.elf.dir/LWIP/Target/ethernetif.c.obj
                0x0000000008003b44                HAL_ETH_RxAllocateCallback
 .text.lwip_htons
                0x0000000008003b90        0xa CMakeFiles/NUCLEO-F429ZI.elf.dir/Middlewares/Third_Party/LwIP/src/core/def.c.obj
                0x0000000008003b90                lwip_htons
 .text.lwip_htonl
                0x0000000008003b9a       0x18 CMakeFiles/NUCLEO-F429ZI.elf.dir/Middlewares/Third_Party/LwIP/src/core/def.c.obj
                0x0000000008003b9a                lwip_htonl
 .text.lwip_init
                0x0000000008003bb2       0x1c CMakeFiles/NUCLEO-F429ZI.elf.dir/Middlewares/Third_Party/LwIP/src/core/init.c.obj
                0x0000000008003bb2                lwip_init
 .text.dhcp_set_state
                0x0000000008003bce       0x10 CMakeFiles/NUCLEO-F429ZI.elf.dir/Middlewares/Third_Party/LwIP/src/core/ipv4/dhcp.c.obj
 *fill*         0x0000000008003bde        0x2 
 .text.dhcp_option_short
                0x0000000008003be0       0x3c CMakeFiles/NUCLEO-F429ZI.elf.dir/Middlewares/Third_Party/LwIP/src/core/ipv4/dhcp.c.obj
 .text.dhcp_option
                0x0000000008003c1c       0x3c CMakeFiles/NUCLEO-F429ZI.elf.dir/Middlewares/Third_Party/LwIP/src/core/ipv4/dhcp.c.obj
 .text.dhcp_option_byte
                0x0000000008003c58       0x30 CMakeFiles/NUCLEO-F429ZI.elf.dir/Middlewares/Third_Party/LwIP/src/core/ipv4/dhcp.c.obj
 .text.dhcp_option_long
                0x0000000008003c88       0x50 CMakeFiles/NUCLEO-F429ZI.elf.dir/Middlewares/Third_Party/LwIP/src/core/ipv4/dhcp.c.obj
 .text.dhcp_create_msg
                0x0000000008003cd8      0x13c CMakeFiles/NUCLEO-F429ZI.elf.dir/Middlewares/Third_Party/LwIP/src/core/ipv4/dhcp.c.obj
 .text.dhcp_handle_ack
                0x0000000008003e14       0x7c CMakeFiles/NUCLEO-F429ZI.elf.dir/Middlewares/Third_Party/LwIP/src/core/ipv4/dhcp.c.obj
 .text.dhcp_option_trailer
                0x0000000008003e90       0x3e CMakeFiles/NUCLEO-F429ZI.elf.dir/Middlewares/Third_Party/LwIP/src/core/ipv4/dhcp.c.obj
 *fill*         0x0000000008003ece        0x2 
 .text.dhcp_rebind
                0x0000000008003ed0       0xec CMakeFiles/NUCLEO-F429ZI.elf.dir/Middlewares/Third_Party/LwIP/src/core/ipv4/dhcp.c.obj
 .text.dhcp_t2_timeout
                0x0000000008003fbc       0x30 CMakeFiles/NUCLEO-F429ZI.elf.dir/Middlewares/Third_Party/LwIP/src/core/ipv4/dhcp.c.obj
 .text.dhcp_reboot
                0x0000000008003fec      0x110 CMakeFiles/NUCLEO-F429ZI.elf.dir/Middlewares/Third_Party/LwIP/src/core/ipv4/dhcp.c.obj
 .text.dhcp_select
                0x00000000080040fc      0x180 CMakeFiles/NUCLEO-F429ZI.elf.dir/Middlewares/Third_Party/LwIP/src/core/ipv4/dhcp.c.obj
 .text.dhcp_handle_offer
                0x000000000800427c       0x34 CMakeFiles/NUCLEO-F429ZI.elf.dir/Middlewares/Third_Party/LwIP/src/core/ipv4/dhcp.c.obj
 .text.dhcp_discover
                0x00000000080042b0       0xf4 CMakeFiles/NUCLEO-F429ZI.elf.dir/Middlewares/Third_Party/LwIP/src/core/ipv4/dhcp.c.obj
 .text.dhcp_decline
                0x00000000080043a4       0x9c CMakeFiles/NUCLEO-F429ZI.elf.dir/Middlewares/Third_Party/LwIP/src/core/ipv4/dhcp.c.obj
 .text.dhcp_check
                0x0000000008004440       0x2a CMakeFiles/NUCLEO-F429ZI.elf.dir/Middlewares/Third_Party/LwIP/src/core/ipv4/dhcp.c.obj
 *fill*         0x000000000800446a        0x2 
 .text.dhcp_bind
                0x000000000800446c      0x12c CMakeFiles/NUCLEO-F429ZI.elf.dir/Middlewares/Third_Party/LwIP/src/core/ipv4/dhcp.c.obj
 .text.dhcp_handle_nak
                0x0000000008004598       0x24 CMakeFiles/NUCLEO-F429ZI.elf.dir/Middlewares/Third_Party/LwIP/src/core/ipv4/dhcp.c.obj
 .text.dhcp_dec_pcb_refcount
                0x00000000080045bc       0x48 CMakeFiles/NUCLEO-F429ZI.elf.dir/Middlewares/Third_Party/LwIP/src/core/ipv4/dhcp.c.obj
 .text.dhcp_inc_pcb_refcount
                0x0000000008004604       0x7c CMakeFiles/NUCLEO-F429ZI.elf.dir/Middlewares/Third_Party/LwIP/src/core/ipv4/dhcp.c.obj
 .text.dhcp_parse_reply
                0x0000000008004680      0x484 CMakeFiles/NUCLEO-F429ZI.elf.dir/Middlewares/Third_Party/LwIP/src/core/ipv4/dhcp.c.obj
 .text.dhcp_recv
                0x0000000008004b04       0xec CMakeFiles/NUCLEO-F429ZI.elf.dir/Middlewares/Third_Party/LwIP/src/core/ipv4/dhcp.c.obj
 .text.dhcp_network_changed
                0x0000000008004bf0       0x54 CMakeFiles/NUCLEO-F429ZI.elf.dir/Middlewares/Third_Party/LwIP/src/core/ipv4/dhcp.c.obj
                0x0000000008004bf0                dhcp_network_changed
 .text.dhcp_arp_reply
                0x0000000008004c44       0x40 CMakeFiles/NUCLEO-F429ZI.elf.dir/Middlewares/Third_Party/LwIP/src/core/ipv4/dhcp.c.obj
                0x0000000008004c44                dhcp_arp_reply
 .text.dhcp_renew
                0x0000000008004c84       0xe8 CMakeFiles/NUCLEO-F429ZI.elf.dir/Middlewares/Third_Party/LwIP/src/core/ipv4/dhcp.c.obj
                0x0000000008004c84                dhcp_renew
 .text.dhcp_t1_timeout
                0x0000000008004d6c       0x2c CMakeFiles/NUCLEO-F429ZI.elf.dir/Middlewares/Third_Party/LwIP/src/core/ipv4/dhcp.c.obj
 .text.dhcp_supplied_address
                0x0000000008004d98       0x2e CMakeFiles/NUCLEO-F429ZI.elf.dir/Middlewares/Third_Party/LwIP/src/core/ipv4/dhcp.c.obj
                0x0000000008004d98                dhcp_supplied_address
 *fill*         0x0000000008004dc6        0x2 
 .text.dhcp_release_and_stop
                0x0000000008004dc8       0xc4 CMakeFiles/NUCLEO-F429ZI.elf.dir/Middlewares/Third_Party/LwIP/src/core/ipv4/dhcp.c.obj
                0x0000000008004dc8                dhcp_release_and_stop
 .text.dhcp_start
                0x0000000008004e8c       0xc4 CMakeFiles/NUCLEO-F429ZI.elf.dir/Middlewares/Third_Party/LwIP/src/core/ipv4/dhcp.c.obj
                0x0000000008004e8c                dhcp_start
 .text.dhcp_coarse_tmr
                0x0000000008004f50       0x64 CMakeFiles/NUCLEO-F429ZI.elf.dir/Middlewares/Third_Party/LwIP/src/core/ipv4/dhcp.c.obj
                0x0000000008004f50                dhcp_coarse_tmr
 .text.dhcp_timeout
                0x0000000008004fb4       0x60 CMakeFiles/NUCLEO-F429ZI.elf.dir/Middlewares/Third_Party/LwIP/src/core/ipv4/dhcp.c.obj
 .text.dhcp_fine_tmr
                0x0000000008005014       0x34 CMakeFiles/NUCLEO-F429ZI.elf.dir/Middlewares/Third_Party/LwIP/src/core/ipv4/dhcp.c.obj
                0x0000000008005014                dhcp_fine_tmr
 .text.etharp_free_entry
                0x0000000008005048       0x34 CMakeFiles/NUCLEO-F429ZI.elf.dir/Middlewares/Third_Party/LwIP/src/core/ipv4/etharp.c.obj
 .text.etharp_find_entry
                0x000000000800507c      0x1c0 CMakeFiles/NUCLEO-F429ZI.elf.dir/Middlewares/Third_Party/LwIP/src/core/ipv4/etharp.c.obj
 .text.etharp_update_arp_entry
                0x000000000800523c       0xc4 CMakeFiles/NUCLEO-F429ZI.elf.dir/Middlewares/Third_Party/LwIP/src/core/ipv4/etharp.c.obj
 .text.etharp_raw
                0x0000000008005300       0xe8 CMakeFiles/NUCLEO-F429ZI.elf.dir/Middlewares/Third_Party/LwIP/src/core/ipv4/etharp.c.obj
 .text.etharp_request_dst
                0x00000000080053e8       0x24 CMakeFiles/NUCLEO-F429ZI.elf.dir/Middlewares/Third_Party/LwIP/src/core/ipv4/etharp.c.obj
 .text.etharp_cleanup_netif
                0x000000000800540c       0x3c CMakeFiles/NUCLEO-F429ZI.elf.dir/Middlewares/Third_Party/LwIP/src/core/ipv4/etharp.c.obj
                0x000000000800540c                etharp_cleanup_netif
 .text.etharp_input
                0x0000000008005448       0xc8 CMakeFiles/NUCLEO-F429ZI.elf.dir/Middlewares/Third_Party/LwIP/src/core/ipv4/etharp.c.obj
                0x0000000008005448                etharp_input
 .text.etharp_request
                0x0000000008005510       0x10 CMakeFiles/NUCLEO-F429ZI.elf.dir/Middlewares/Third_Party/LwIP/src/core/ipv4/etharp.c.obj
                0x0000000008005510                etharp_request
 .text.etharp_tmr
                0x0000000008005520       0x88 CMakeFiles/NUCLEO-F429ZI.elf.dir/Middlewares/Third_Party/LwIP/src/core/ipv4/etharp.c.obj
                0x0000000008005520                etharp_tmr
 .text.etharp_output_to_arp_index
                0x00000000080055a8       0xdc CMakeFiles/NUCLEO-F429ZI.elf.dir/Middlewares/Third_Party/LwIP/src/core/ipv4/etharp.c.obj
 .text.etharp_query
                0x0000000008005684      0x1b4 CMakeFiles/NUCLEO-F429ZI.elf.dir/Middlewares/Third_Party/LwIP/src/core/ipv4/etharp.c.obj
                0x0000000008005684                etharp_query
 .text.etharp_output
                0x0000000008005838      0x168 CMakeFiles/NUCLEO-F429ZI.elf.dir/Middlewares/Third_Party/LwIP/src/core/ipv4/etharp.c.obj
                0x0000000008005838                etharp_output
 .text.icmp_send_response
                0x00000000080059a0       0xa8 CMakeFiles/NUCLEO-F429ZI.elf.dir/Middlewares/Third_Party/LwIP/src/core/ipv4/icmp.c.obj
 .text.icmp_input
                0x0000000008005a48      0x148 CMakeFiles/NUCLEO-F429ZI.elf.dir/Middlewares/Third_Party/LwIP/src/core/ipv4/icmp.c.obj
                0x0000000008005a48                icmp_input
 .text.icmp_dest_unreach
                0x0000000008005b90        0xc CMakeFiles/NUCLEO-F429ZI.elf.dir/Middlewares/Third_Party/LwIP/src/core/ipv4/icmp.c.obj
                0x0000000008005b90                icmp_dest_unreach
 .text.icmp_time_exceeded
                0x0000000008005b9c        0xc CMakeFiles/NUCLEO-F429ZI.elf.dir/Middlewares/Third_Party/LwIP/src/core/ipv4/icmp.c.obj
                0x0000000008005b9c                icmp_time_exceeded
 .text.ip4_input_accept
                0x0000000008005ba8       0x34 CMakeFiles/NUCLEO-F429ZI.elf.dir/Middlewares/Third_Party/LwIP/src/core/ipv4/ip4.c.obj
 .text.ip4_route
                0x0000000008005bdc       0xb0 CMakeFiles/NUCLEO-F429ZI.elf.dir/Middlewares/Third_Party/LwIP/src/core/ipv4/ip4.c.obj
                0x0000000008005bdc                ip4_route
 .text.ip4_input
                0x0000000008005c8c      0x1b8 CMakeFiles/NUCLEO-F429ZI.elf.dir/Middlewares/Third_Party/LwIP/src/core/ipv4/ip4.c.obj
                0x0000000008005c8c                ip4_input
 .text.ip4_output_if_src
                0x0000000008005e44      0x100 CMakeFiles/NUCLEO-F429ZI.elf.dir/Middlewares/Third_Party/LwIP/src/core/ipv4/ip4.c.obj
                0x0000000008005e44                ip4_output_if_src
 .text.ip4_output_if
                0x0000000008005f44       0x2a CMakeFiles/NUCLEO-F429ZI.elf.dir/Middlewares/Third_Party/LwIP/src/core/ipv4/ip4.c.obj
                0x0000000008005f44                ip4_output_if
 .text.ip4_addr_isbroadcast_u32
                0x0000000008005f6e       0x40 CMakeFiles/NUCLEO-F429ZI.elf.dir/Middlewares/Third_Party/LwIP/src/core/ipv4/ip4_addr.c.obj
                0x0000000008005f6e                ip4_addr_isbroadcast_u32
 *fill*         0x0000000008005fae        0x2 
 .text.ip_reass_dequeue_datagram
                0x0000000008005fb0       0x48 CMakeFiles/NUCLEO-F429ZI.elf.dir/Middlewares/Third_Party/LwIP/src/core/ipv4/ip4_frag.c.obj
 .text.ip_reass_free_complete_datagram
                0x0000000008005ff8       0xfc CMakeFiles/NUCLEO-F429ZI.elf.dir/Middlewares/Third_Party/LwIP/src/core/ipv4/ip4_frag.c.obj
 .text.ip_reass_remove_oldest_datagram
                0x00000000080060f4       0x78 CMakeFiles/NUCLEO-F429ZI.elf.dir/Middlewares/Third_Party/LwIP/src/core/ipv4/ip4_frag.c.obj
 .text.ip_frag_free_pbuf_custom_ref
                0x000000000800616c       0x2c CMakeFiles/NUCLEO-F429ZI.elf.dir/Middlewares/Third_Party/LwIP/src/core/ipv4/ip4_frag.c.obj
 .text.ipfrag_free_pbuf_custom
                0x0000000008006198       0x34 CMakeFiles/NUCLEO-F429ZI.elf.dir/Middlewares/Third_Party/LwIP/src/core/ipv4/ip4_frag.c.obj
 .text.ip_reass_chain_frag_into_datagram_and_validate
                0x00000000080061cc      0x1a0 CMakeFiles/NUCLEO-F429ZI.elf.dir/Middlewares/Third_Party/LwIP/src/core/ipv4/ip4_frag.c.obj
 .text.ip_frag_alloc_pbuf_custom_ref
                0x000000000800636c        0xa CMakeFiles/NUCLEO-F429ZI.elf.dir/Middlewares/Third_Party/LwIP/src/core/ipv4/ip4_frag.c.obj
 *fill*         0x0000000008006376        0x2 
 .text.ip_reass_enqueue_new_datagram
                0x0000000008006378       0x60 CMakeFiles/NUCLEO-F429ZI.elf.dir/Middlewares/Third_Party/LwIP/src/core/ipv4/ip4_frag.c.obj
 .text.ip_reass_tmr
                0x00000000080063d8       0x2c CMakeFiles/NUCLEO-F429ZI.elf.dir/Middlewares/Third_Party/LwIP/src/core/ipv4/ip4_frag.c.obj
                0x00000000080063d8                ip_reass_tmr
 .text.ip4_reass
                0x0000000008006404      0x210 CMakeFiles/NUCLEO-F429ZI.elf.dir/Middlewares/Third_Party/LwIP/src/core/ipv4/ip4_frag.c.obj
                0x0000000008006404                ip4_reass
 .text.ip4_frag
                0x0000000008006614      0x1f0 CMakeFiles/NUCLEO-F429ZI.elf.dir/Middlewares/Third_Party/LwIP/src/core/ipv4/ip4_frag.c.obj
                0x0000000008006614                ip4_frag
 .text.ptr_to_mem
                0x0000000008006804        0xc CMakeFiles/NUCLEO-F429ZI.elf.dir/Middlewares/Third_Party/LwIP/src/core/mem.c.obj
 .text.mem_to_ptr
                0x0000000008006810       0x10 CMakeFiles/NUCLEO-F429ZI.elf.dir/Middlewares/Third_Party/LwIP/src/core/mem.c.obj
 .text.mem_link_valid
                0x0000000008006820       0x5c CMakeFiles/NUCLEO-F429ZI.elf.dir/Middlewares/Third_Party/LwIP/src/core/mem.c.obj
 .text.plug_holes
                0x000000000800687c      0x100 CMakeFiles/NUCLEO-F429ZI.elf.dir/Middlewares/Third_Party/LwIP/src/core/mem.c.obj
 .text.mem_init
                0x000000000800697c       0x40 CMakeFiles/NUCLEO-F429ZI.elf.dir/Middlewares/Third_Party/LwIP/src/core/mem.c.obj
                0x000000000800697c                mem_init
 .text.mem_free
                0x00000000080069bc       0xb4 CMakeFiles/NUCLEO-F429ZI.elf.dir/Middlewares/Third_Party/LwIP/src/core/mem.c.obj
                0x00000000080069bc                mem_free
 .text.mem_trim
                0x0000000008006a70      0x17c CMakeFiles/NUCLEO-F429ZI.elf.dir/Middlewares/Third_Party/LwIP/src/core/mem.c.obj
                0x0000000008006a70                mem_trim
 .text.mem_malloc
                0x0000000008006bec      0x168 CMakeFiles/NUCLEO-F429ZI.elf.dir/Middlewares/Third_Party/LwIP/src/core/mem.c.obj
                0x0000000008006bec                mem_malloc
 .text.do_memp_malloc_pool
                0x0000000008006d54       0x34 CMakeFiles/NUCLEO-F429ZI.elf.dir/Middlewares/Third_Party/LwIP/src/core/memp.c.obj
 .text.do_memp_free_pool
                0x0000000008006d88       0x34 CMakeFiles/NUCLEO-F429ZI.elf.dir/Middlewares/Third_Party/LwIP/src/core/memp.c.obj
 .text.memp_init_pool
                0x0000000008006dbc       0x28 CMakeFiles/NUCLEO-F429ZI.elf.dir/Middlewares/Third_Party/LwIP/src/core/memp.c.obj
                0x0000000008006dbc                memp_init_pool
 .text.memp_init
                0x0000000008006de4       0x20 CMakeFiles/NUCLEO-F429ZI.elf.dir/Middlewares/Third_Party/LwIP/src/core/memp.c.obj
                0x0000000008006de4                memp_init
 .text.memp_malloc_pool
                0x0000000008006e04       0x30 CMakeFiles/NUCLEO-F429ZI.elf.dir/Middlewares/Third_Party/LwIP/src/core/memp.c.obj
                0x0000000008006e04                memp_malloc_pool
 .text.memp_malloc
                0x0000000008006e34       0x34 CMakeFiles/NUCLEO-F429ZI.elf.dir/Middlewares/Third_Party/LwIP/src/core/memp.c.obj
                0x0000000008006e34                memp_malloc
 .text.memp_free_pool
                0x0000000008006e68       0x34 CMakeFiles/NUCLEO-F429ZI.elf.dir/Middlewares/Third_Party/LwIP/src/core/memp.c.obj
                0x0000000008006e68                memp_free_pool
 .text.memp_free
                0x0000000008006e9c       0x34 CMakeFiles/NUCLEO-F429ZI.elf.dir/Middlewares/Third_Party/LwIP/src/core/memp.c.obj
                0x0000000008006e9c                memp_free
 .text.netif_do_set_netmask
                0x0000000008006ed0       0x18 CMakeFiles/NUCLEO-F429ZI.elf.dir/Middlewares/Third_Party/LwIP/src/core/netif.c.obj
 .text.netif_do_set_gw
                0x0000000008006ee8       0x18 CMakeFiles/NUCLEO-F429ZI.elf.dir/Middlewares/Third_Party/LwIP/src/core/netif.c.obj
 .text.netif_null_output_ip4
                0x0000000008006f00        0x6 CMakeFiles/NUCLEO-F429ZI.elf.dir/Middlewares/Third_Party/LwIP/src/core/netif.c.obj
 .text.netif_do_ip_addr_changed
                0x0000000008006f06       0x14 CMakeFiles/NUCLEO-F429ZI.elf.dir/Middlewares/Third_Party/LwIP/src/core/netif.c.obj
 *fill*         0x0000000008006f1a        0x2 
 .text.netif_issue_reports
                0x0000000008006f1c       0x4c CMakeFiles/NUCLEO-F429ZI.elf.dir/Middlewares/Third_Party/LwIP/src/core/netif.c.obj
 .text.netif_do_set_ipaddr
                0x0000000008006f68       0x6c CMakeFiles/NUCLEO-F429ZI.elf.dir/Middlewares/Third_Party/LwIP/src/core/netif.c.obj
 .text.netif_init
                0x0000000008006fd4        0x2 CMakeFiles/NUCLEO-F429ZI.elf.dir/Middlewares/Third_Party/LwIP/src/core/netif.c.obj
                0x0000000008006fd4                netif_init
 *fill*         0x0000000008006fd6        0x2 
 .text.netif_set_addr
                0x0000000008006fd8       0x6c CMakeFiles/NUCLEO-F429ZI.elf.dir/Middlewares/Third_Party/LwIP/src/core/netif.c.obj
                0x0000000008006fd8                netif_set_addr
 .text.netif_add
                0x0000000008007044      0x124 CMakeFiles/NUCLEO-F429ZI.elf.dir/Middlewares/Third_Party/LwIP/src/core/netif.c.obj
                0x0000000008007044                netif_add
 .text.netif_set_default
                0x0000000008007168        0xc CMakeFiles/NUCLEO-F429ZI.elf.dir/Middlewares/Third_Party/LwIP/src/core/netif.c.obj
                0x0000000008007168                netif_set_default
 .text.netif_set_up
                0x0000000008007174       0x3c CMakeFiles/NUCLEO-F429ZI.elf.dir/Middlewares/Third_Party/LwIP/src/core/netif.c.obj
                0x0000000008007174                netif_set_up
 .text.netif_set_down
                0x00000000080071b0       0x40 CMakeFiles/NUCLEO-F429ZI.elf.dir/Middlewares/Third_Party/LwIP/src/core/netif.c.obj
                0x00000000080071b0                netif_set_down
 .text.netif_set_link_up
                0x00000000080071f0       0x50 CMakeFiles/NUCLEO-F429ZI.elf.dir/Middlewares/Third_Party/LwIP/src/core/netif.c.obj
                0x00000000080071f0                netif_set_link_up
 .text.netif_set_link_down
                0x0000000008007240       0x3c CMakeFiles/NUCLEO-F429ZI.elf.dir/Middlewares/Third_Party/LwIP/src/core/netif.c.obj
                0x0000000008007240                netif_set_link_down
 .text.netif_set_link_callback
                0x000000000800727c        0x6 CMakeFiles/NUCLEO-F429ZI.elf.dir/Middlewares/Third_Party/LwIP/src/core/netif.c.obj
                0x000000000800727c                netif_set_link_callback
 *fill*         0x0000000008007282        0x2 
 .text.netif_get_by_index
                0x0000000008007284       0x24 CMakeFiles/NUCLEO-F429ZI.elf.dir/Middlewares/Third_Party/LwIP/src/core/netif.c.obj
                0x0000000008007284                netif_get_by_index
 .text.pbuf_pool_is_empty
                0x00000000080072a8        0xc CMakeFiles/NUCLEO-F429ZI.elf.dir/Middlewares/Third_Party/LwIP/src/core/pbuf.c.obj
 .text.pbuf_init_alloced_pbuf
                0x00000000080072b4       0x22 CMakeFiles/NUCLEO-F429ZI.elf.dir/Middlewares/Third_Party/LwIP/src/core/pbuf.c.obj
 *fill*         0x00000000080072d6        0x2 
 .text.pbuf_add_header_impl
                0x00000000080072d8       0x7c CMakeFiles/NUCLEO-F429ZI.elf.dir/Middlewares/Third_Party/LwIP/src/core/pbuf.c.obj
 .text.pbuf_alloc_reference
                0x0000000008007354       0x50 CMakeFiles/NUCLEO-F429ZI.elf.dir/Middlewares/Third_Party/LwIP/src/core/pbuf.c.obj
                0x0000000008007354                pbuf_alloc_reference
 .text.pbuf_alloced_custom
                0x00000000080073a4       0x3e CMakeFiles/NUCLEO-F429ZI.elf.dir/Middlewares/Third_Party/LwIP/src/core/pbuf.c.obj
                0x00000000080073a4                pbuf_alloced_custom
 .text.pbuf_add_header
                0x00000000080073e2        0xa CMakeFiles/NUCLEO-F429ZI.elf.dir/Middlewares/Third_Party/LwIP/src/core/pbuf.c.obj
                0x00000000080073e2                pbuf_add_header
 .text.pbuf_remove_header
                0x00000000080073ec       0x6c CMakeFiles/NUCLEO-F429ZI.elf.dir/Middlewares/Third_Party/LwIP/src/core/pbuf.c.obj
                0x00000000080073ec                pbuf_remove_header
 .text.pbuf_header_impl
                0x0000000008007458       0x14 CMakeFiles/NUCLEO-F429ZI.elf.dir/Middlewares/Third_Party/LwIP/src/core/pbuf.c.obj
 .text.pbuf_header_force
                0x000000000800746c        0xa CMakeFiles/NUCLEO-F429ZI.elf.dir/Middlewares/Third_Party/LwIP/src/core/pbuf.c.obj
                0x000000000800746c                pbuf_header_force
 *fill*         0x0000000008007476        0x2 
 .text.pbuf_free
                0x0000000008007478       0xc4 CMakeFiles/NUCLEO-F429ZI.elf.dir/Middlewares/Third_Party/LwIP/src/core/pbuf.c.obj
                0x0000000008007478                pbuf_free
 .text.pbuf_alloc
                0x000000000800753c      0x15c CMakeFiles/NUCLEO-F429ZI.elf.dir/Middlewares/Third_Party/LwIP/src/core/pbuf.c.obj
                0x000000000800753c                pbuf_alloc
 .text.pbuf_realloc
                0x0000000008007698       0xa8 CMakeFiles/NUCLEO-F429ZI.elf.dir/Middlewares/Third_Party/LwIP/src/core/pbuf.c.obj
                0x0000000008007698                pbuf_realloc
 .text.pbuf_clen
                0x0000000008007740       0x12 CMakeFiles/NUCLEO-F429ZI.elf.dir/Middlewares/Third_Party/LwIP/src/core/pbuf.c.obj
                0x0000000008007740                pbuf_clen
 *fill*         0x0000000008007752        0x2 
 .text.pbuf_ref
                0x0000000008007754       0x30 CMakeFiles/NUCLEO-F429ZI.elf.dir/Middlewares/Third_Party/LwIP/src/core/pbuf.c.obj
                0x0000000008007754                pbuf_ref
 .text.pbuf_cat
                0x0000000008007784       0x74 CMakeFiles/NUCLEO-F429ZI.elf.dir/Middlewares/Third_Party/LwIP/src/core/pbuf.c.obj
                0x0000000008007784                pbuf_cat
 .text.pbuf_chain
                0x00000000080077f8       0x10 CMakeFiles/NUCLEO-F429ZI.elf.dir/Middlewares/Third_Party/LwIP/src/core/pbuf.c.obj
                0x00000000080077f8                pbuf_chain
 .text.pbuf_copy
                0x0000000008007808      0x120 CMakeFiles/NUCLEO-F429ZI.elf.dir/Middlewares/Third_Party/LwIP/src/core/pbuf.c.obj
                0x0000000008007808                pbuf_copy
 .text.pbuf_copy_partial
                0x0000000008007928       0x94 CMakeFiles/NUCLEO-F429ZI.elf.dir/Middlewares/Third_Party/LwIP/src/core/pbuf.c.obj
                0x0000000008007928                pbuf_copy_partial
 .text.pbuf_clone
                0x00000000080079bc       0x38 CMakeFiles/NUCLEO-F429ZI.elf.dir/Middlewares/Third_Party/LwIP/src/core/pbuf.c.obj
                0x00000000080079bc                pbuf_clone
 .text.tcp_remove_listener
                0x00000000080079f4       0x34 CMakeFiles/NUCLEO-F429ZI.elf.dir/Middlewares/Third_Party/LwIP/src/core/tcp.c.obj
 .text.tcp_listen_closed
                0x0000000008007a28       0x5c CMakeFiles/NUCLEO-F429ZI.elf.dir/Middlewares/Third_Party/LwIP/src/core/tcp.c.obj
 .text.tcp_free_listen
                0x0000000008007a84       0x30 CMakeFiles/NUCLEO-F429ZI.elf.dir/Middlewares/Third_Party/LwIP/src/core/tcp.c.obj
 .text.tcp_close_shutdown_fin
                0x0000000008007ab4       0x84 CMakeFiles/NUCLEO-F429ZI.elf.dir/Middlewares/Third_Party/LwIP/src/core/tcp.c.obj
 .text.tcp_handle_closepend
                0x0000000008007b38       0x2c CMakeFiles/NUCLEO-F429ZI.elf.dir/Middlewares/Third_Party/LwIP/src/core/tcp.c.obj
 .text.tcp_init
                0x0000000008007b64       0x18 CMakeFiles/NUCLEO-F429ZI.elf.dir/Middlewares/Third_Party/LwIP/src/core/tcp.c.obj
                0x0000000008007b64                tcp_init
 .text.tcp_free
                0x0000000008007b7c       0x30 CMakeFiles/NUCLEO-F429ZI.elf.dir/Middlewares/Third_Party/LwIP/src/core/tcp.c.obj
                0x0000000008007b7c                tcp_free
 .text.tcp_update_rcv_ann_wnd
                0x0000000008007bac       0x78 CMakeFiles/NUCLEO-F429ZI.elf.dir/Middlewares/Third_Party/LwIP/src/core/tcp.c.obj
                0x0000000008007bac                tcp_update_rcv_ann_wnd
 .text.tcp_recved
                0x0000000008007c24       0x78 CMakeFiles/NUCLEO-F429ZI.elf.dir/Middlewares/Third_Party/LwIP/src/core/tcp.c.obj
                0x0000000008007c24                tcp_recved
 .text.tcp_seg_free
                0x0000000008007c9c       0x1a CMakeFiles/NUCLEO-F429ZI.elf.dir/Middlewares/Third_Party/LwIP/src/core/tcp.c.obj
                0x0000000008007c9c                tcp_seg_free
 .text.tcp_segs_free
                0x0000000008007cb6       0x14 CMakeFiles/NUCLEO-F429ZI.elf.dir/Middlewares/Third_Party/LwIP/src/core/tcp.c.obj
                0x0000000008007cb6                tcp_segs_free
 *fill*         0x0000000008007cca        0x2 
 .text.tcp_seg_copy
                0x0000000008007ccc       0x48 CMakeFiles/NUCLEO-F429ZI.elf.dir/Middlewares/Third_Party/LwIP/src/core/tcp.c.obj
                0x0000000008007ccc                tcp_seg_copy
 .text.tcp_next_iss
                0x0000000008007d14       0x38 CMakeFiles/NUCLEO-F429ZI.elf.dir/Middlewares/Third_Party/LwIP/src/core/tcp.c.obj
                0x0000000008007d14                tcp_next_iss
 .text.tcp_eff_send_mss_netif
                0x0000000008007d4c       0x40 CMakeFiles/NUCLEO-F429ZI.elf.dir/Middlewares/Third_Party/LwIP/src/core/tcp.c.obj
                0x0000000008007d4c                tcp_eff_send_mss_netif
 .text.tcp_free_ooseq
                0x0000000008007d8c       0x12 CMakeFiles/NUCLEO-F429ZI.elf.dir/Middlewares/Third_Party/LwIP/src/core/tcp.c.obj
                0x0000000008007d8c                tcp_free_ooseq
 *fill*         0x0000000008007d9e        0x2 
 .text.tcp_pcb_purge
                0x0000000008007da0       0x64 CMakeFiles/NUCLEO-F429ZI.elf.dir/Middlewares/Third_Party/LwIP/src/core/tcp.c.obj
                0x0000000008007da0                tcp_pcb_purge
 .text.tcp_pcb_remove
                0x0000000008007e04       0xd0 CMakeFiles/NUCLEO-F429ZI.elf.dir/Middlewares/Third_Party/LwIP/src/core/tcp.c.obj
                0x0000000008007e04                tcp_pcb_remove
 .text.tcp_abandon
                0x0000000008007ed4      0x10c CMakeFiles/NUCLEO-F429ZI.elf.dir/Middlewares/Third_Party/LwIP/src/core/tcp.c.obj
                0x0000000008007ed4                tcp_abandon
 .text.tcp_abort
                0x0000000008007fe0        0xa CMakeFiles/NUCLEO-F429ZI.elf.dir/Middlewares/Third_Party/LwIP/src/core/tcp.c.obj
                0x0000000008007fe0                tcp_abort
 *fill*         0x0000000008007fea        0x2 
 .text.tcp_kill_timewait
                0x0000000008007fec       0x34 CMakeFiles/NUCLEO-F429ZI.elf.dir/Middlewares/Third_Party/LwIP/src/core/tcp.c.obj
 .text.tcp_kill_prio
                0x0000000008008020       0x5c CMakeFiles/NUCLEO-F429ZI.elf.dir/Middlewares/Third_Party/LwIP/src/core/tcp.c.obj
 .text.tcp_netif_ip_addr_changed_pcblist
                0x000000000800807c       0x40 CMakeFiles/NUCLEO-F429ZI.elf.dir/Middlewares/Third_Party/LwIP/src/core/tcp.c.obj
 .text.tcp_netif_ip_addr_changed
                0x00000000080080bc       0x54 CMakeFiles/NUCLEO-F429ZI.elf.dir/Middlewares/Third_Party/LwIP/src/core/tcp.c.obj
                0x00000000080080bc                tcp_netif_ip_addr_changed
 .text.tcp_kill_state
                0x0000000008008110       0x64 CMakeFiles/NUCLEO-F429ZI.elf.dir/Middlewares/Third_Party/LwIP/src/core/tcp.c.obj
 .text.tcp_alloc
                0x0000000008008174       0xc4 CMakeFiles/NUCLEO-F429ZI.elf.dir/Middlewares/Third_Party/LwIP/src/core/tcp.c.obj
                0x0000000008008174                tcp_alloc
 .text.tcp_close_shutdown
                0x0000000008008238      0x14c CMakeFiles/NUCLEO-F429ZI.elf.dir/Middlewares/Third_Party/LwIP/src/core/tcp.c.obj
 .text.tcp_close
                0x0000000008008384       0x40 CMakeFiles/NUCLEO-F429ZI.elf.dir/Middlewares/Third_Party/LwIP/src/core/tcp.c.obj
                0x0000000008008384                tcp_close
 .text.tcp_recv_null
                0x00000000080083c4       0x48 CMakeFiles/NUCLEO-F429ZI.elf.dir/Middlewares/Third_Party/LwIP/src/core/tcp.c.obj
                0x00000000080083c4                tcp_recv_null
 .text.tcp_process_refused_data
                0x000000000800840c       0x8c CMakeFiles/NUCLEO-F429ZI.elf.dir/Middlewares/Third_Party/LwIP/src/core/tcp.c.obj
                0x000000000800840c                tcp_process_refused_data
 .text.tcp_fasttmr
                0x0000000008008498       0x80 CMakeFiles/NUCLEO-F429ZI.elf.dir/Middlewares/Third_Party/LwIP/src/core/tcp.c.obj
                0x0000000008008498                tcp_fasttmr
 .text.tcp_slowtmr
                0x0000000008008518      0x4ac CMakeFiles/NUCLEO-F429ZI.elf.dir/Middlewares/Third_Party/LwIP/src/core/tcp.c.obj
                0x0000000008008518                tcp_slowtmr
 .text.tcp_tmr  0x00000000080089c4       0x24 CMakeFiles/NUCLEO-F429ZI.elf.dir/Middlewares/Third_Party/LwIP/src/core/tcp.c.obj
                0x00000000080089c4                tcp_tmr
 .text.tcp_get_next_optbyte
                0x00000000080089e8       0x3c CMakeFiles/NUCLEO-F429ZI.elf.dir/Middlewares/Third_Party/LwIP/src/core/tcp_in.c.obj
 .text.tcp_parseopt
                0x0000000008008a24       0xa4 CMakeFiles/NUCLEO-F429ZI.elf.dir/Middlewares/Third_Party/LwIP/src/core/tcp_in.c.obj
 .text.tcp_input_delayed_close
                0x0000000008008ac8       0x60 CMakeFiles/NUCLEO-F429ZI.elf.dir/Middlewares/Third_Party/LwIP/src/core/tcp_in.c.obj
 .text.tcp_timewait_input
                0x0000000008008b28       0xb8 CMakeFiles/NUCLEO-F429ZI.elf.dir/Middlewares/Third_Party/LwIP/src/core/tcp_in.c.obj
 .text.tcp_listen_input
                0x0000000008008be0      0x150 CMakeFiles/NUCLEO-F429ZI.elf.dir/Middlewares/Third_Party/LwIP/src/core/tcp_in.c.obj
 .text.tcp_free_acked_segments
                0x0000000008008d30       0xc0 CMakeFiles/NUCLEO-F429ZI.elf.dir/Middlewares/Third_Party/LwIP/src/core/tcp_in.c.obj
 .text.tcp_oos_insert_segment
                0x0000000008008df0       0xa8 CMakeFiles/NUCLEO-F429ZI.elf.dir/Middlewares/Third_Party/LwIP/src/core/tcp_in.c.obj
 .text.tcp_receive
                0x0000000008008e98      0x948 CMakeFiles/NUCLEO-F429ZI.elf.dir/Middlewares/Third_Party/LwIP/src/core/tcp_in.c.obj
 .text.tcp_process
                0x00000000080097e0      0x584 CMakeFiles/NUCLEO-F429ZI.elf.dir/Middlewares/Third_Party/LwIP/src/core/tcp_in.c.obj
 .text.tcp_input
                0x0000000008009d64      0x5a0 CMakeFiles/NUCLEO-F429ZI.elf.dir/Middlewares/Third_Party/LwIP/src/core/tcp_in.c.obj
                0x0000000008009d64                tcp_input
 .text.tcp_trigger_input_pcb_close
                0x000000000800a304       0x10 CMakeFiles/NUCLEO-F429ZI.elf.dir/Middlewares/Third_Party/LwIP/src/core/tcp_in.c.obj
                0x000000000800a304                tcp_trigger_input_pcb_close
 .text.tcp_output_segment_busy
                0x000000000800a314       0x34 CMakeFiles/NUCLEO-F429ZI.elf.dir/Middlewares/Third_Party/LwIP/src/core/tcp_out.c.obj
 .text.tcp_output_fill_options
                0x000000000800a348       0x4c CMakeFiles/NUCLEO-F429ZI.elf.dir/Middlewares/Third_Party/LwIP/src/core/tcp_out.c.obj
 .text.tcp_create_segment
                0x000000000800a394       0xe8 CMakeFiles/NUCLEO-F429ZI.elf.dir/Middlewares/Third_Party/LwIP/src/core/tcp_out.c.obj
 .text.tcp_output_alloc_header_common
                0x000000000800a47c       0x98 CMakeFiles/NUCLEO-F429ZI.elf.dir/Middlewares/Third_Party/LwIP/src/core/tcp_out.c.obj
 .text.tcp_output_alloc_header
                0x000000000800a514       0x54 CMakeFiles/NUCLEO-F429ZI.elf.dir/Middlewares/Third_Party/LwIP/src/core/tcp_out.c.obj
 .text.tcp_route
                0x000000000800a568       0x16 CMakeFiles/NUCLEO-F429ZI.elf.dir/Middlewares/Third_Party/LwIP/src/core/tcp_out.c.obj
 *fill*         0x000000000800a57e        0x2 
 .text.tcp_output_segment
                0x000000000800a580      0x13c CMakeFiles/NUCLEO-F429ZI.elf.dir/Middlewares/Third_Party/LwIP/src/core/tcp_out.c.obj
 .text.tcp_output_control_segment
                0x000000000800a6bc       0x6c CMakeFiles/NUCLEO-F429ZI.elf.dir/Middlewares/Third_Party/LwIP/src/core/tcp_out.c.obj
 .text.tcp_split_unsent_seg
                0x000000000800a728      0x1b8 CMakeFiles/NUCLEO-F429ZI.elf.dir/Middlewares/Third_Party/LwIP/src/core/tcp_out.c.obj
                0x000000000800a728                tcp_split_unsent_seg
 .text.tcp_enqueue_flags
                0x000000000800a8e0      0x160 CMakeFiles/NUCLEO-F429ZI.elf.dir/Middlewares/Third_Party/LwIP/src/core/tcp_out.c.obj
                0x000000000800a8e0                tcp_enqueue_flags
 .text.tcp_send_fin
                0x000000000800aa40       0x64 CMakeFiles/NUCLEO-F429ZI.elf.dir/Middlewares/Third_Party/LwIP/src/core/tcp_out.c.obj
                0x000000000800aa40                tcp_send_fin
 .text.tcp_rexmit_rto_prepare
                0x000000000800aaa4       0x94 CMakeFiles/NUCLEO-F429ZI.elf.dir/Middlewares/Third_Party/LwIP/src/core/tcp_out.c.obj
                0x000000000800aaa4                tcp_rexmit_rto_prepare
 .text.tcp_rexmit
                0x000000000800ab38       0x88 CMakeFiles/NUCLEO-F429ZI.elf.dir/Middlewares/Third_Party/LwIP/src/core/tcp_out.c.obj
                0x000000000800ab38                tcp_rexmit
 .text.tcp_rexmit_fast
                0x000000000800abc0       0x78 CMakeFiles/NUCLEO-F429ZI.elf.dir/Middlewares/Third_Party/LwIP/src/core/tcp_out.c.obj
                0x000000000800abc0                tcp_rexmit_fast
 .text.tcp_rst  0x000000000800ac38       0x90 CMakeFiles/NUCLEO-F429ZI.elf.dir/Middlewares/Third_Party/LwIP/src/core/tcp_out.c.obj
                0x000000000800ac38                tcp_rst
 .text.tcp_send_empty_ack
                0x000000000800acc8       0x74 CMakeFiles/NUCLEO-F429ZI.elf.dir/Middlewares/Third_Party/LwIP/src/core/tcp_out.c.obj
                0x000000000800acc8                tcp_send_empty_ack
 .text.tcp_output
                0x000000000800ad3c      0x2ac CMakeFiles/NUCLEO-F429ZI.elf.dir/Middlewares/Third_Party/LwIP/src/core/tcp_out.c.obj
                0x000000000800ad3c                tcp_output
 .text.tcp_rexmit_rto_commit
                0x000000000800afe8       0x38 CMakeFiles/NUCLEO-F429ZI.elf.dir/Middlewares/Third_Party/LwIP/src/core/tcp_out.c.obj
                0x000000000800afe8                tcp_rexmit_rto_commit
 .text.tcp_rexmit_rto
                0x000000000800b020       0x34 CMakeFiles/NUCLEO-F429ZI.elf.dir/Middlewares/Third_Party/LwIP/src/core/tcp_out.c.obj
                0x000000000800b020                tcp_rexmit_rto
 .text.tcp_keepalive
                0x000000000800b054       0x5c CMakeFiles/NUCLEO-F429ZI.elf.dir/Middlewares/Third_Party/LwIP/src/core/tcp_out.c.obj
                0x000000000800b054                tcp_keepalive
 .text.tcp_zero_window_probe
                0x000000000800b0b0       0xdc CMakeFiles/NUCLEO-F429ZI.elf.dir/Middlewares/Third_Party/LwIP/src/core/tcp_out.c.obj
                0x000000000800b0b0                tcp_zero_window_probe
 .text.sys_timeout_abs
                0x000000000800b18c       0x70 CMakeFiles/NUCLEO-F429ZI.elf.dir/Middlewares/Third_Party/LwIP/src/core/timeouts.c.obj
 .text.lwip_cyclic_timer
                0x000000000800b1fc       0x40 CMakeFiles/NUCLEO-F429ZI.elf.dir/Middlewares/Third_Party/LwIP/src/core/timeouts.c.obj
 .text.sys_timeout
                0x000000000800b23c       0x3c CMakeFiles/NUCLEO-F429ZI.elf.dir/Middlewares/Third_Party/LwIP/src/core/timeouts.c.obj
                0x000000000800b23c                sys_timeout
 .text.tcp_timer_needed
                0x000000000800b278       0x3c CMakeFiles/NUCLEO-F429ZI.elf.dir/Middlewares/Third_Party/LwIP/src/core/timeouts.c.obj
                0x000000000800b278                tcp_timer_needed
 .text.tcpip_tcp_timer
                0x000000000800b2b4       0x38 CMakeFiles/NUCLEO-F429ZI.elf.dir/Middlewares/Third_Party/LwIP/src/core/timeouts.c.obj
 .text.sys_timeouts_init
                0x000000000800b2ec       0x28 CMakeFiles/NUCLEO-F429ZI.elf.dir/Middlewares/Third_Party/LwIP/src/core/timeouts.c.obj
                0x000000000800b2ec                sys_timeouts_init
 .text.udp_new_port
                0x000000000800b314       0x4c CMakeFiles/NUCLEO-F429ZI.elf.dir/Middlewares/Third_Party/LwIP/src/core/udp.c.obj
 .text.udp_input_local_match
                0x000000000800b360       0xa0 CMakeFiles/NUCLEO-F429ZI.elf.dir/Middlewares/Third_Party/LwIP/src/core/udp.c.obj
 .text.udp_init
                0x000000000800b400       0x18 CMakeFiles/NUCLEO-F429ZI.elf.dir/Middlewares/Third_Party/LwIP/src/core/udp.c.obj
                0x000000000800b400                udp_init
 .text.udp_input
                0x000000000800b418      0x184 CMakeFiles/NUCLEO-F429ZI.elf.dir/Middlewares/Third_Party/LwIP/src/core/udp.c.obj
                0x000000000800b418                udp_input
 .text.udp_bind
                0x000000000800b59c       0xbc CMakeFiles/NUCLEO-F429ZI.elf.dir/Middlewares/Third_Party/LwIP/src/core/udp.c.obj
                0x000000000800b59c                udp_bind
 .text.udp_sendto_if_src
                0x000000000800b658      0x16c CMakeFiles/NUCLEO-F429ZI.elf.dir/Middlewares/Third_Party/LwIP/src/core/udp.c.obj
                0x000000000800b658                udp_sendto_if_src
 .text.udp_sendto_if
                0x000000000800b7c4       0xa8 CMakeFiles/NUCLEO-F429ZI.elf.dir/Middlewares/Third_Party/LwIP/src/core/udp.c.obj
                0x000000000800b7c4                udp_sendto_if
 .text.udp_connect
                0x000000000800b86c       0x84 CMakeFiles/NUCLEO-F429ZI.elf.dir/Middlewares/Third_Party/LwIP/src/core/udp.c.obj
                0x000000000800b86c                udp_connect
 .text.udp_recv
                0x000000000800b8f0       0x28 CMakeFiles/NUCLEO-F429ZI.elf.dir/Middlewares/Third_Party/LwIP/src/core/udp.c.obj
                0x000000000800b8f0                udp_recv
 .text.udp_remove
                0x000000000800b918       0x54 CMakeFiles/NUCLEO-F429ZI.elf.dir/Middlewares/Third_Party/LwIP/src/core/udp.c.obj
                0x000000000800b918                udp_remove
 .text.udp_new  0x000000000800b96c       0x1c CMakeFiles/NUCLEO-F429ZI.elf.dir/Middlewares/Third_Party/LwIP/src/core/udp.c.obj
                0x000000000800b96c                udp_new
 .text.udp_netif_ip_addr_changed
                0x000000000800b988       0x30 CMakeFiles/NUCLEO-F429ZI.elf.dir/Middlewares/Third_Party/LwIP/src/core/udp.c.obj
                0x000000000800b988                udp_netif_ip_addr_changed
 .text.ethernet_input
                0x000000000800b9b8       0xa8 CMakeFiles/NUCLEO-F429ZI.elf.dir/Middlewares/Third_Party/LwIP/src/netif/ethernet.c.obj
                0x000000000800b9b8                ethernet_input
 .text.ethernet_output
                0x000000000800ba60       0x70 CMakeFiles/NUCLEO-F429ZI.elf.dir/Middlewares/Third_Party/LwIP/src/netif/ethernet.c.obj
                0x000000000800ba60                ethernet_output
 .text.rkh_bittbl_getBitMask
                0x000000000800bad0       0x14 CMakeFiles/NUCLEO-F429ZI.elf.dir/Middlewares/Third_Party/rkh/source/fwk/src/rkhfwk_bittbl.c.obj
                0x000000000800bad0                rkh_bittbl_getBitMask
 .text.rkh_bittbl_getLeastBitSetPos
                0x000000000800bae4        0xc CMakeFiles/NUCLEO-F429ZI.elf.dir/Middlewares/Third_Party/rkh/source/fwk/src/rkhfwk_bittbl.c.obj
                0x000000000800bae4                rkh_bittbl_getLeastBitSetPos
 .text.rkh_fwk_gc
                0x000000000800baf0       0xec CMakeFiles/NUCLEO-F429ZI.elf.dir/Middlewares/Third_Party/rkh/source/fwk/src/rkhfwk_dynevt.c.obj
                0x000000000800baf0                rkh_fwk_gc
 .text.rkh_evtPool_put
                0x000000000800bbdc        0x8 CMakeFiles/NUCLEO-F429ZI.elf.dir/Middlewares/Third_Party/rkh/source/fwk/src/rkhfwk_evtpool.c.obj
                0x000000000800bbdc                rkh_evtPool_put
 .text.rkh_evtPool_getNumUsed
                0x000000000800bbe4        0xa CMakeFiles/NUCLEO-F429ZI.elf.dir/Middlewares/Third_Party/rkh/source/fwk/src/rkhfwk_evtpool.c.obj
                0x000000000800bbe4                rkh_evtPool_getNumUsed
 .text.rkh_evtPool_getNumMin
                0x000000000800bbee        0x4 CMakeFiles/NUCLEO-F429ZI.elf.dir/Middlewares/Third_Party/rkh/source/fwk/src/rkhfwk_evtpool.c.obj
                0x000000000800bbee                rkh_evtPool_getNumMin
 .text.rkh_rdygrp_isReady
                0x000000000800bbf2        0xa CMakeFiles/NUCLEO-F429ZI.elf.dir/Middlewares/Third_Party/rkh/source/fwk/src/rkhfwk_rdygrp.c.obj
                0x000000000800bbf2                rkh_rdygrp_isReady
 .text.rkh_rdygrp_setReady
                0x000000000800bbfc       0x26 CMakeFiles/NUCLEO-F429ZI.elf.dir/Middlewares/Third_Party/rkh/source/fwk/src/rkhfwk_rdygrp.c.obj
                0x000000000800bbfc                rkh_rdygrp_setReady
 .text.rkh_rdygrp_setUnready
                0x000000000800bc22       0x30 CMakeFiles/NUCLEO-F429ZI.elf.dir/Middlewares/Third_Party/rkh/source/fwk/src/rkhfwk_rdygrp.c.obj
                0x000000000800bc22                rkh_rdygrp_setUnready
 .text.rkh_rdygrp_findHighest
                0x000000000800bc52       0x1c CMakeFiles/NUCLEO-F429ZI.elf.dir/Middlewares/Third_Party/rkh/source/fwk/src/rkhfwk_rdygrp.c.obj
                0x000000000800bc52                rkh_rdygrp_findHighest
 .text.rkh_fwk_init
                0x000000000800bc6e        0x2 CMakeFiles/NUCLEO-F429ZI.elf.dir/Middlewares/Third_Party/rkh/source/fwk/src/rkhfwk_sched.c.obj
                0x000000000800bc6e                rkh_fwk_init
 .text.rkh_fwk_enter
                0x000000000800bc70       0x80 CMakeFiles/NUCLEO-F429ZI.elf.dir/Middlewares/Third_Party/rkh/source/fwk/src/rkhfwk_sched.c.obj
                0x000000000800bc70                rkh_fwk_enter
 .text.rkh_memPool_put
                0x000000000800bcf0       0x60 CMakeFiles/NUCLEO-F429ZI.elf.dir/Middlewares/Third_Party/rkh/source/mempool/src/rkhmempool.c.obj
                0x000000000800bcf0                rkh_memPool_put
 .text.rkhport_get_version
                0x000000000800bd50        0x8 CMakeFiles/NUCLEO-F429ZI.elf.dir/Middlewares/Third_Party/rkh/source/portable/arm-cortex/rkhs/arm_cm4f/stm32/rkhport.c.obj
                0x000000000800bd50                rkhport_get_version
 .text.rkhport_get_desc
                0x000000000800bd58        0x8 CMakeFiles/NUCLEO-F429ZI.elf.dir/Middlewares/Third_Party/rkh/source/portable/arm-cortex/rkhs/arm_cm4f/stm32/rkhport.c.obj
                0x000000000800bd58                rkhport_get_desc
 .text.rkh_queue_init
                0x000000000800bd60       0x78 CMakeFiles/NUCLEO-F429ZI.elf.dir/Middlewares/Third_Party/rkh/source/queue/src/rkhqueue.c.obj
                0x000000000800bd60                rkh_queue_init
 .text.rkh_queue_get
                0x000000000800bdd8       0xc4 CMakeFiles/NUCLEO-F429ZI.elf.dir/Middlewares/Third_Party/rkh/source/queue/src/rkhqueue.c.obj
                0x000000000800bdd8                rkh_queue_get
 .text.rkh_queue_put_fifo
                0x000000000800be9c       0x9c CMakeFiles/NUCLEO-F429ZI.elf.dir/Middlewares/Third_Party/rkh/source/queue/src/rkhqueue.c.obj
                0x000000000800be9c                rkh_queue_put_fifo
 .text.findCompletionTrn
                0x000000000800bf38       0x16 CMakeFiles/NUCLEO-F429ZI.elf.dir/Middlewares/Third_Party/rkh/source/sm/src/rkhsm.c.obj
 .text.isCompletionTrn
                0x000000000800bf4e       0x2c CMakeFiles/NUCLEO-F429ZI.elf.dir/Middlewares/Third_Party/rkh/source/sm/src/rkhsm.c.obj
 .text.rkh_add_tr_action
                0x000000000800bf7a       0x24 CMakeFiles/NUCLEO-F429ZI.elf.dir/Middlewares/Third_Party/rkh/source/sm/src/rkhsm.c.obj
 .text.addTargetSt
                0x000000000800bf9e       0x2e CMakeFiles/NUCLEO-F429ZI.elf.dir/Middlewares/Third_Party/rkh/source/sm/src/rkhsm.c.obj
 .text.rkh_sm_dispatch
                0x000000000800bfcc      0x650 CMakeFiles/NUCLEO-F429ZI.elf.dir/Middlewares/Third_Party/rkh/source/sm/src/rkhsm.c.obj
                0x000000000800bfcc                rkh_sm_dispatch
 .text.rkh_sm_init
                0x000000000800c61c       0x10 CMakeFiles/NUCLEO-F429ZI.elf.dir/Middlewares/Third_Party/rkh/source/sm/src/rkhsm.c.obj
                0x000000000800c61c                rkh_sm_init
 .text.rkh_sma_register
                0x000000000800c62c       0x70 CMakeFiles/NUCLEO-F429ZI.elf.dir/Middlewares/Third_Party/rkh/source/sma/src/rkhsma.c.obj
                0x000000000800c62c                rkh_sma_register
 .text.rkh_sma_activate
                0x000000000800c69c       0x80 CMakeFiles/NUCLEO-F429ZI.elf.dir/Middlewares/Third_Party/rkh/source/sma/src/rkhsma.c.obj
                0x000000000800c69c                rkh_sma_activate
 .text.rkh_sma_post_fifo
                0x000000000800c71c       0xa4 CMakeFiles/NUCLEO-F429ZI.elf.dir/Middlewares/Third_Party/rkh/source/sma/src/rkhsma.c.obj
                0x000000000800c71c                rkh_sma_post_fifo
 .text.rkh_sma_get
                0x000000000800c7c0       0x90 CMakeFiles/NUCLEO-F429ZI.elf.dir/Middlewares/Third_Party/rkh/source/sma/src/rkhsma.c.obj
                0x000000000800c7c0                rkh_sma_get