Archive member included to satisfy reference by file (symbol)

/Applications/ArmGNUToolchain/13.3.rel1/arm-none-eabi/bin/../lib/gcc/arm-none-eabi/13.3.1/thumb/v7e-m/nofp/libgcc.a(_arm_muldf3.o)
                              CMakeFiles/NUCLEO-F429ZI.elf.dir/salt/peripherals/analog-inputs/anIn.c.obj (__aeabi_dmul)
/Applications/ArmGNUToolchain/13.3.rel1/arm-none-eabi/bin/../lib/gcc/arm-none-eabi/13.3.1/thumb/v7e-m/nofp/libgcc.a(_arm_mulsf3.o)
                              CMakeFiles/NUCLEO-F429ZI.elf.dir/salt/peripherals/pulse-counter/pulseCounter.c.obj (__aeabi_fmul)
/Applications/ArmGNUToolchain/13.3.rel1/arm-none-eabi/bin/../lib/gcc/arm-none-eabi/13.3.1/thumb/v7e-m/nofp/libgcc.a(_arm_addsubdf3.o)
                              CMakeFiles/NUCLEO-F429ZI.elf.dir/third-party/jWrite/jWrite/jWrite.c.obj (__aeabi_dsub)
/Applications/ArmGNUToolchain/13.3.rel1/arm-none-eabi/bin/../lib/gcc/arm-none-eabi/13.3.1/thumb/v7e-m/nofp/libgcc.a(_arm_muldivdf3.o)
                              CMakeFiles/NUCLEO-F429ZI.elf.dir/salt/state-machines/logic/logic.c.obj (__aeabi_ddiv)
/Applications/ArmGNUToolchain/13.3.rel1/arm-none-eabi/bin/../lib/gcc/arm-none-eabi/13.3.1/thumb/v7e-m/nofp/libgcc.a(_arm_cmpdf2.o)
                              CMakeFiles/NUCLEO-F429ZI.elf.dir/third-party/jWrite/jWrite/jWrite.c.obj (__aeabi_dcmpeq)
/Applications/ArmGNUToolchain/13.3.rel1/arm-none-eabi/bin/../lib/gcc/arm-none-eabi/13.3.1/thumb/v7e-m/nofp/libgcc.a(_arm_fixdfsi.o)
                              CMakeFiles/NUCLEO-F429ZI.elf.dir/third-party/jWrite/jWrite/jWrite.c.obj (__aeabi_d2iz)
/Applications/ArmGNUToolchain/13.3.rel1/arm-none-eabi/bin/../lib/gcc/arm-none-eabi/13.3.1/thumb/v7e-m/nofp/libgcc.a(_arm_fixunsdfsi.o)
                              CMakeFiles/NUCLEO-F429ZI.elf.dir/salt/state-machines/logic/logic.c.obj (__aeabi_d2uiz)
/Applications/ArmGNUToolchain/13.3.rel1/arm-none-eabi/bin/../lib/gcc/arm-none-eabi/13.3.1/thumb/v7e-m/nofp/libgcc.a(_arm_truncdfsf2.o)
                              CMakeFiles/NUCLEO-F429ZI.elf.dir/salt/utilities/parser/sim900/sim900parser.c.obj (__aeabi_d2f)
/Applications/ArmGNUToolchain/13.3.rel1/arm-none-eabi/bin/../lib/gcc/arm-none-eabi/13.3.1/thumb/v7e-m/nofp/libgcc.a(_arm_addsubsf3.o)
                              CMakeFiles/NUCLEO-F429ZI.elf.dir/salt/peripherals/pulse-counter/pulseCounter.c.obj (__aeabi_ui2f)
/Applications/ArmGNUToolchain/13.3.rel1/arm-none-eabi/bin/../lib/gcc/arm-none-eabi/13.3.1/thumb/v7e-m/nofp/libgcc.a(_arm_cmpsf2.o)
                              CMakeFiles/NUCLEO-F429ZI.elf.dir/salt/state-machines/logic/logic.c.obj (__aeabi_fcmplt)
/Applications/ArmGNUToolchain/13.3.rel1/arm-none-eabi/bin/../lib/gcc/arm-none-eabi/13.3.1/thumb/v7e-m/nofp/libgcc.a(_aeabi_uldivmod.o)
                              CMakeFiles/NUCLEO-F429ZI.elf.dir/Drivers/STM32F4xx_HAL_Driver/Src/stm32f4xx_hal_rcc.c.obj (__aeabi_uldivmod)
/Applications/ArmGNUToolchain/13.3.rel1/arm-none-eabi/bin/../lib/gcc/arm-none-eabi/13.3.1/thumb/v7e-m/nofp/libgcc.a(_fixdfdi.o)
                              CMakeFiles/NUCLEO-F429ZI.elf.dir/third-party/MQTT-C/source/mqttc.c.obj (__aeabi_d2lz)
/Applications/ArmGNUToolchain/13.3.rel1/arm-none-eabi/bin/../lib/gcc/arm-none-eabi/13.3.1/thumb/v7e-m/nofp/libgcc.a(_fixunsdfdi.o)
                              /Applications/ArmGNUToolchain/13.3.rel1/arm-none-eabi/bin/../lib/gcc/arm-none-eabi/13.3.1/thumb/v7e-m/nofp/libgcc.a(_fixdfdi.o) (__aeabi_d2ulz)
/Applications/ArmGNUToolchain/13.3.rel1/arm-none-eabi/bin/../lib/gcc/arm-none-eabi/13.3.1/thumb/v7e-m/nofp/libgcc.a(_udivmoddi4.o)
                              /Applications/ArmGNUToolchain/13.3.rel1/arm-none-eabi/bin/../lib/gcc/arm-none-eabi/13.3.1/thumb/v7e-m/nofp/libgcc.a(_aeabi_uldivmod.o) (__udivmoddi4)
/Applications/ArmGNUToolchain/13.3.rel1/arm-none-eabi/bin/../lib/gcc/arm-none-eabi/13.3.1/thumb/v7e-m/nofp/libgcc.a(_dvmd_tls.o)
                              /Applications/ArmGNUToolchain/13.3.rel1/arm-none-eabi/bin/../lib/gcc/arm-none-eabi/13.3.1/thumb/v7e-m/nofp/libgcc.a(_aeabi_uldivmod.o) (__aeabi_ldiv0)
/Applications/ArmGNUToolchain/13.3.rel1/arm-none-eabi/bin/../lib/gcc/arm-none-eabi/13.3.1/../../../../arm-none-eabi/lib/thumb/v7e-m/nofp/libg.a(libc_a-atof.o)
                              CMakeFiles/NUCLEO-F429ZI.elf.dir/salt/utilities/parser/sim900/sim900parser.c.obj (atof)
/Applications/ArmGNUToolchain/13.3.rel1/arm-none-eabi/bin/../lib/gcc/arm-none-eabi/13.3.1/../../../../arm-none-eabi/lib/thumb/v7e-m/nofp/libg.a(libc_a-atoi.o)
                              CMakeFiles/NUCLEO-F429ZI.elf.dir/salt/utilities/parser/sim900/sim900parser.c.obj (atoi)
/Applications/ArmGNUToolchain/13.3.rel1/arm-none-eabi/bin/../lib/gcc/arm-none-eabi/13.3.1/../../../../arm-none-eabi/lib/thumb/v7e-m/nofp/libg.a(libc_a-exit.o)
                              /Applications/ArmGNUToolchain/13.3.rel1/arm-none-eabi/bin/../lib/gcc/arm-none-eabi/13.3.1/../../../../arm-none-eabi/lib/thumb/v7e-m/nofp/crt0.o (exit)
[...]
Memory Configuration

Name             Origin             Length             Attributes
CCMRAM           0x10000000         0x00010000         xrw
RAM              0x20000000         0x00030000         xrw
FLASH            0x08000000         0x00200000         xr
*default*        0x00000000         0xffffffff

Linker script and memory map

LOAD /Applications/ArmGNUToolchain/13.3.rel1/arm-none-eabi/bin/../lib/gcc/arm-none-eabi/13.3.1/thumb/v7e-m/nofp/crti.o
LOAD /Applications/ArmGNUToolchain/13.3.rel1/arm-none-eabi/bin/../lib/gcc/arm-none-eabi/13.3.1/thumb/v7e-m/nofp/crtbegin.o
LOAD /Applications/ArmGNUToolchain/13.3.rel1/arm-none-eabi/bin/../lib/gcc/arm-none-eabi/13.3.1/../../../../arm-none-eabi/lib/thumb/v7e-m/nofp/crt0.o
LOAD CMakeFiles/NUCLEO-F429ZI.elf.dir/Core/Src/eth.c.obj
LOAD CMakeFiles/NUCLEO-F429ZI.elf.dir/Core/Src/gpio.c.obj
LOAD CMakeFiles/NUCLEO-F429ZI.elf.dir/Core/Src/main.c.obj
LOAD CMakeFiles/NUCLEO-F429ZI.elf.dir/Core/Src/spi.c.obj
LOAD CMakeFiles/NUCLEO-F429ZI.elf.dir/Core/Src/stm32f4xx_hal_msp.c.obj
LOAD CMakeFiles/NUCLEO-F429ZI.elf.dir/Core/Src/stm32f4xx_it.c.obj
LOAD CMakeFiles/NUCLEO-F429ZI.elf.dir/Core/Src/syscalls.c.obj
LOAD CMakeFiles/NUCLEO-F429ZI.elf.dir/Core/Src/sysmem.c.obj
LOAD CMakeFiles/NUCLEO-F429ZI.elf.dir/Core/Src/system_stm32f4xx.c.obj
LOAD CMakeFiles/NUCLEO-F429ZI.elf.dir/Core/Src/usart.c.obj
LOAD CMakeFiles/NUCLEO-F429ZI.elf.dir/Core/Src/usb_otg.c.obj
LOAD CMakeFiles/NUCLEO-F429ZI.elf.dir/Core/Startup/startup_stm32f429zitx.s.obj
LOAD CMakeFiles/NUCLEO-F429ZI.elf.dir/Drivers/STM32F4xx_HAL_Driver/Src/stm32f4xx_hal.c.obj
LOAD CMakeFiles/NUCLEO-F429ZI.elf.dir/Drivers/STM32F4xx_HAL_Driver/Src/stm32f4xx_hal_cortex.c.obj
LOAD CMakeFiles/NUCLEO-F429ZI.elf.dir/Drivers/STM32F4xx_HAL_Driver/Src/stm32f4xx_hal_dma.c.obj
LOAD CMakeFiles/NUCLEO-F429ZI.elf.dir/Drivers/STM32F4xx_HAL_Driver/Src/stm32f4xx_hal_dma_ex.c.obj
LOAD CMakeFiles/NUCLEO-F429ZI.elf.dir/Drivers/STM32F4xx_HAL_Driver/Src/stm32f4xx_hal_eth.c.obj
LOAD CMakeFiles/NUCLEO-F429ZI.elf.dir/Drivers/STM32F4xx_HAL_Driver/Src/stm32f4xx_hal_exti.c.obj
LOAD CMakeFiles/NUCLEO-F429ZI.elf.dir/Drivers/STM32F4xx_HAL_Driver/Src/stm32f4xx_hal_flash.c.obj
LOAD CMakeFiles/NUCLEO-F429ZI.elf.dir/Drivers/STM32F4xx_HAL_Driver/Src/stm32f4xx_hal_flash_ex.c.obj
LOAD CMakeFiles/NUCLEO-F429ZI.elf.dir/Drivers/STM32F4xx_HAL_Driver/Src/stm32f4xx_hal_flash_ramfunc.c.obj
LOAD CMakeFiles/NUCLEO-F429ZI.elf.dir/Drivers/STM32F4xx_HAL_Driver/Src/stm32f4xx_hal_gpio.c.obj
LOAD CMakeFiles/NUCLEO-F429ZI.elf.dir/Drivers/STM32F4xx_HAL_Driver/Src/stm32f4xx_hal_pcd.c.obj
LOAD CMakeFiles/NUCLEO-F429ZI.elf.dir/Drivers/STM32F4xx_HAL_Driver/Src/stm32f4xx_hal_pcd_ex.c.obj
LOAD CMakeFiles/NUCLEO-F429ZI.elf.dir/Drivers/STM32F4xx_HAL_Driver/Src/stm32f4xx_hal_pwr.c.obj
LOAD CMakeFiles/NUCLEO-F429ZI.elf.dir/Drivers/STM32F4xx_HAL_Driver/Src/stm32f4xx_hal_pwr_ex.c.obj
LOAD CMakeFiles/NUCLEO-F429ZI.elf.dir/Drivers/STM32F4xx_HAL_Driver/Src/stm32f4xx_hal_rcc.c.obj
LOAD CMakeFiles/NUCLEO-F429ZI.elf.dir/Drivers/STM32F4xx_HAL_Driver/Src/stm32f4xx_hal_rcc_ex.c.obj
LOAD CMakeFiles/NUCLEO-F429ZI.elf.dir/Drivers/STM32F4xx_HAL_Driver/Src/stm32f4xx_hal_spi.c.obj
LOAD CMakeFiles/NUCLEO-F429ZI.elf.dir/Drivers/STM32F4xx_HAL_Driver/Src/stm32f4xx_hal_tim.c.obj
LOAD CMakeFiles/NUCLEO-F429ZI.elf.dir/Drivers/STM32F4xx_HAL_Driver/Src/stm32f4xx_hal_tim_ex.c.obj
LOAD CMakeFiles/NUCLEO-F429ZI.elf.dir/Drivers/STM32F4xx_HAL_Driver/Src/stm32f4xx_hal_uart.c.obj
LOAD CMakeFiles/NUCLEO-F429ZI.elf.dir/Drivers/STM32F4xx_HAL_Driver/Src/stm32f4xx_ll_usb.c.obj
LOAD CMakeFiles/NUCLEO-F429ZI.elf.dir/blinky/bsp/assert.c.obj
LOAD CMakeFiles/NUCLEO-F429ZI.elf.dir/blinkySysTick/blinkySysTick.c.obj
LOAD CMakeFiles/NUCLEO-F429ZI.elf.dir/blinkySysTick/hook.c.obj
LOAD CMakeFiles/NUCLEO-F429ZI.elf.dir/bsp/stm32f4xx_nucleo_144.c.obj
LOAD CMakeFiles/NUCLEO-F429ZI.elf.dir/mTime/mTime.c.obj
LOAD CMakeFiles/NUCLEO-F429ZI.elf.dir/mTime/mTimeTbl.c.obj
LOAD CMakeFiles/NUCLEO-F429ZI.elf.dir/salt/bsp/bsp-salt.c.obj
LOAD CMakeFiles/NUCLEO-F429ZI.elf.dir/salt/configuration/saltCfg.c.obj
LOAD CMakeFiles/NUCLEO-F429ZI.elf.dir/salt/files-to-review/main-salt-firmware-nxp.c.obj
LOAD CMakeFiles/NUCLEO-F429ZI.elf.dir/salt/files-to-review/trace_io.c.obj
LOAD CMakeFiles/NUCLEO-F429ZI.elf.dir/salt/peripherals/analog-inputs/anIn.c.obj
LOAD CMakeFiles/NUCLEO-F429ZI.elf.dir/salt/peripherals/ihm/buzzer.c.obj
LOAD CMakeFiles/NUCLEO-F429ZI.elf.dir/salt/peripherals/ihm/onSwitch.c.obj
LOAD CMakeFiles/NUCLEO-F429ZI.elf.dir/salt/peripherals/ledPanel/as1116.c.obj
LOAD CMakeFiles/NUCLEO-F429ZI.elf.dir/salt/peripherals/ledPanel/ledPanel.c.obj
LOAD CMakeFiles/NUCLEO-F429ZI.elf.dir/salt/peripherals/module-command/modcmdSim900.c.obj
LOAD CMakeFiles/NUCLEO-F429ZI.elf.dir/salt/peripherals/module-power/modpwr.c.obj
LOAD CMakeFiles/NUCLEO-F429ZI.elf.dir/salt/peripherals/pulse-counter/pulseCounter.c.obj
LOAD CMakeFiles/NUCLEO-F429ZI.elf.dir/salt/peripherals/pulse-counter/pulseCounterFromEduCiaaBsp.c.obj
LOAD CMakeFiles/NUCLEO-F429ZI.elf.dir/salt/peripherals/relay-control/relay.c.obj
LOAD CMakeFiles/NUCLEO-F429ZI.elf.dir/salt/peripherals/relay-control/relayFromEduCiaaBsp.c.obj
LOAD CMakeFiles/NUCLEO-F429ZI.elf.dir/salt/peripherals/serial/serial.c.obj
LOAD CMakeFiles/NUCLEO-F429ZI.elf.dir/salt/peripherals/sim808/sim808.c.obj
LOAD CMakeFiles/NUCLEO-F429ZI.elf.dir/salt/peripherals/teloc/teloc.c.obj
LOAD CMakeFiles/NUCLEO-F429ZI.elf.dir/salt/state-machines/connector-manager/conmgr.c.obj
LOAD CMakeFiles/NUCLEO-F429ZI.elf.dir/salt/state-machines/logic/logic.c.obj
LOAD CMakeFiles/NUCLEO-F429ZI.elf.dir/salt/state-machines/module-manager/modmgr.c.obj
LOAD CMakeFiles/NUCLEO-F429ZI.elf.dir/salt/state-machines/mqtt-protocol/mqttProt.c.obj
LOAD CMakeFiles/NUCLEO-F429ZI.elf.dir/salt/utilities/aes/aes.c.obj
LOAD CMakeFiles/NUCLEO-F429ZI.elf.dir/salt/utilities/date/date.c.obj
LOAD CMakeFiles/NUCLEO-F429ZI.elf.dir/salt/utilities/emaFilter/emaFilter.c.obj
LOAD CMakeFiles/NUCLEO-F429ZI.elf.dir/salt/utilities/epoch/epoch.c.obj
LOAD CMakeFiles/NUCLEO-F429ZI.elf.dir/salt/utilities/parser/salt-command/saltCmd.c.obj
LOAD CMakeFiles/NUCLEO-F429ZI.elf.dir/salt/utilities/parser/sim900/sim900parser.c.obj
LOAD CMakeFiles/NUCLEO-F429ZI.elf.dir/salt/utilities/publisher/publisher.c.obj
LOAD CMakeFiles/NUCLEO-F429ZI.elf.dir/salt/utilities/rtime/rtime.c.obj
LOAD CMakeFiles/NUCLEO-F429ZI.elf.dir/salt/utilities/ssp/ssp.c.obj
LOAD CMakeFiles/NUCLEO-F429ZI.elf.dir/third-party/MQTT-C/source/mqttc.c.obj
LOAD CMakeFiles/NUCLEO-F429ZI.elf.dir/third-party/MQTT-C/source/mqttc_pal.c.obj
LOAD CMakeFiles/NUCLEO-F429ZI.elf.dir/third-party/jWrite/jWrite/jWrite.c.obj
LOAD CMakeFiles/NUCLEO-F429ZI.elf.dir/third-party/jWrite/jWrite/main.c.obj
LOAD CMakeFiles/NUCLEO-F429ZI.elf.dir/third-party/rkh/source/fwk/src/rkhfwk_bittbl.c.obj
LOAD CMakeFiles/NUCLEO-F429ZI.elf.dir/third-party/rkh/source/fwk/src/rkhfwk_dynevt.c.obj
LOAD CMakeFiles/NUCLEO-F429ZI.elf.dir/third-party/rkh/source/fwk/src/rkhfwk_evtpool.c.obj
LOAD CMakeFiles/NUCLEO-F429ZI.elf.dir/third-party/rkh/source/fwk/src/rkhfwk_pubsub.c.obj
LOAD CMakeFiles/NUCLEO-F429ZI.elf.dir/third-party/rkh/source/fwk/src/rkhfwk_rdygrp.c.obj
LOAD CMakeFiles/NUCLEO-F429ZI.elf.dir/third-party/rkh/source/fwk/src/rkhfwk_sched.c.obj
LOAD CMakeFiles/NUCLEO-F429ZI.elf.dir/third-party/rkh/source/fwk/src/rkhfwk_version.c.obj
LOAD CMakeFiles/NUCLEO-F429ZI.elf.dir/third-party/rkh/source/mempool/src/rkhmempool.c.obj
LOAD CMakeFiles/NUCLEO-F429ZI.elf.dir/third-party/rkh/source/portable/arm-cortex/rkhs/arm_cm4f/stm32/rkhport.c.obj
LOAD CMakeFiles/NUCLEO-F429ZI.elf.dir/third-party/rkh/source/queue/src/rkhqueue.c.obj
LOAD CMakeFiles/NUCLEO-F429ZI.elf.dir/third-party/rkh/source/sm/src/rkhsm.c.obj
LOAD CMakeFiles/NUCLEO-F429ZI.elf.dir/third-party/rkh/source/sma/src/rkhsma.c.obj
LOAD CMakeFiles/NUCLEO-F429ZI.elf.dir/third-party/rkh/source/sma/src/rkhsma_prio.c.obj
LOAD CMakeFiles/NUCLEO-F429ZI.elf.dir/third-party/rkh/source/sma/src/rkhsma_sync.c.obj
LOAD CMakeFiles/NUCLEO-F429ZI.elf.dir/third-party/rkh/source/tmr/src/rkhtmr.c.obj
LOAD CMakeFiles/NUCLEO-F429ZI.elf.dir/third-party/rkh/source/trc/src/rkhtrc_filter.c.obj
LOAD CMakeFiles/NUCLEO-F429ZI.elf.dir/third-party/rkh/source/trc/src/rkhtrc_record.c.obj
LOAD CMakeFiles/NUCLEO-F429ZI.elf.dir/third-party/rkh/source/trc/src/rkhtrc_stream.c.obj
LOAD CMakeFiles/NUCLEO-F429ZI.elf.dir/third-party/stm32-sapi/src/sapi_datatypes.c.obj
LOAD CMakeFiles/NUCLEO-F429ZI.elf.dir/third-party/stm32-sapi/src/sapi_gpio.c.obj
LOAD CMakeFiles/NUCLEO-F429ZI.elf.dir/third-party/stm32-sapi/src/sapi_tick.c.obj
LOAD CMakeFiles/NUCLEO-F429ZI.elf.dir/utilities/htons.c.obj
START GROUP
LOAD /Applications/ArmGNUToolchain/13.3.rel1/arm-none-eabi/bin/../lib/gcc/arm-none-eabi/13.3.1/thumb/v7e-m/nofp/libgcc.a
LOAD /Applications/ArmGNUToolchain/13.3.rel1/arm-none-eabi/bin/../lib/gcc/arm-none-eabi/13.3.1/../../../../arm-none-eabi/lib/thumb/v7e-m/nofp/libg.a
LOAD /Applications/ArmGNUToolchain/13.3.rel1/arm-none-eabi/bin/../lib/gcc/arm-none-eabi/13.3.1/../../../../arm-none-eabi/lib/thumb/v7e-m/nofp/libc.a
END GROUP
LOAD /Applications/ArmGNUToolchain/13.3.rel1/arm-none-eabi/bin/../lib/gcc/arm-none-eabi/13.3.1/thumb/v7e-m/nofp/crtend.o
LOAD /Applications/ArmGNUToolchain/13.3.rel1/arm-none-eabi/bin/../lib/gcc/arm-none-eabi/13.3.1/thumb/v7e-m/nofp/crtn.o
                0x20030000                        _estack = (ORIGIN (RAM) + LENGTH (RAM))
                0x00000200                        _Min_Heap_Size = 0x200
                0x00000400                        _Min_Stack_Size = 0x400

.isr_vector     0x08000000      0x1ac
                0x08000000                        . = ALIGN (0x4)
 *(.isr_vector)
 .isr_vector    0x08000000      0x1ac CMakeFiles/NUCLEO-F429ZI.elf.dir/Core/Startup/startup_stm32f429zitx.s.obj
                0x08000000                g_pfnVectors
                0x080001ac                        . = ALIGN (0x4)

.text           0x080001c0     0x5240
                0x080001c0                        . = ALIGN (0x4)
 *(.text)
 .text          0x080001c0       0x30 /Applications/ArmGNUToolchain/13.3.rel1/arm-none-eabi/bin/../lib/gcc/arm-none-eabi/13.3.1/thumb/v7e-m/nofp/libgcc.a(_aeabi_uldivmod.o)
                0x080001c0                __aeabi_uldivmod
 .text          0x080001f0        0x4 /Applications/ArmGNUToolchain/13.3.rel1/arm-none-eabi/bin/../lib/gcc/arm-none-eabi/13.3.1/thumb/v7e-m/nofp/libgcc.a(_dvmd_tls.o)
                0x080001f0                __aeabi_ldiv0
                0x080001f0                __aeabi_idiv0
 .text          0x080001f4      0x134 /Applications/ArmGNUToolchain/13.3.rel1/arm-none-eabi/bin/../lib/gcc/arm-none-eabi/13.3.1/../../../../arm-none-eabi/lib/thumb/v7e-m/nofp/libg.a(libc_a-memcpy.o)
                0x080001f4                memcpy
 *fill*         0x08000328       0x18 
 .text          0x08000340       0xd8 /Applications/ArmGNUToolchain/13.3.rel1/arm-none-eabi/bin/../lib/gcc/arm-none-eabi/13.3.1/../../../../arm-none-eabi/lib/thumb/v7e-m/nofp/libg.a(libc_a-strlen.o)
                0x08000340                strlen
 *fill*         0x08000418        0x8 
 .text          0x08000420       0xa0 /Applications/ArmGNUToolchain/13.3.rel1/arm-none-eabi/bin/../lib/gcc/arm-none-eabi/13.3.1/../../../../arm-none-eabi/lib/thumb/v7e-m/nofp/libg.a(libc_a-memchr.o)
                0x08000420                memchr
 *(.text*)
 .text.deregister_tm_clones
                0x080004c0       0x1c /Applications/ArmGNUToolchain/13.3.rel1/arm-none-eabi/bin/../lib/gcc/arm-none-eabi/13.3.1/thumb/v7e-m/nofp/crtbegin.o
 .text.register_tm_clones
                0x080004dc       0x24 /Applications/ArmGNUToolchain/13.3.rel1/arm-none-eabi/bin/../lib/gcc/arm-none-eabi/13.3.1/thumb/v7e-m/nofp/crtbegin.o
 .text.__do_global_dtors_aux
                0x08000500       0x28 /Applications/ArmGNUToolchain/13.3.rel1/arm-none-eabi/bin/../lib/gcc/arm-none-eabi/13.3.1/thumb/v7e-m/nofp/crtbegin.o
 .text.frame_dummy
                0x08000528       0x24 /Applications/ArmGNUToolchain/13.3.rel1/arm-none-eabi/bin/../lib/gcc/arm-none-eabi/13.3.1/thumb/v7e-m/nofp/crtbegin.o
 .text.MX_ETH_Init
                0x0800054c       0x70 CMakeFiles/NUCLEO-F429ZI.elf.dir/Core/Src/eth.c.obj
                0x0800054c                MX_ETH_Init
 .text.HAL_ETH_MspInit
                0x080005bc      0x11c CMakeFiles/NUCLEO-F429ZI.elf.dir/Core/Src/eth.c.obj
                0x080005bc                HAL_ETH_MspInit
 .text.MX_GPIO_Init
                0x080006d8      0x108 CMakeFiles/NUCLEO-F429ZI.elf.dir/Core/Src/gpio.c.obj
                0x080006d8                MX_GPIO_Init
 .text.__io_putchar
                0x080007e0       0x20 CMakeFiles/NUCLEO-F429ZI.elf.dir/Core/Src/main.c.obj
                0x080007e0                __io_putchar
 .text.Error_Handler
                0x08000800        0x4 CMakeFiles/NUCLEO-F429ZI.elf.dir/Core/Src/main.c.obj
                0x08000800                Error_Handler
 .text.SystemClock_Config
                0x08000804       0xa8 CMakeFiles/NUCLEO-F429ZI.elf.dir/Core/Src/main.c.obj
                0x08000804                SystemClock_Config
 .text.main     0x080008ac       0x54 CMakeFiles/NUCLEO-F429ZI.elf.dir/Core/Src/main.c.obj
                0x080008ac                main
 .text.MX_SPI1_Init
                0x08000900       0x40 CMakeFiles/NUCLEO-F429ZI.elf.dir/Core/Src/spi.c.obj
                0x08000900                MX_SPI1_Init
 .text.HAL_SPI_MspInit
                0x08000940       0x98 CMakeFiles/NUCLEO-F429ZI.elf.dir/Core/Src/spi.c.obj
                0x08000940                HAL_SPI_MspInit
 .text.HAL_MspInit
                0x080009d8       0x38 CMakeFiles/NUCLEO-F429ZI.elf.dir/Core/Src/stm32f4xx_hal_msp.c.obj
                0x080009d8                HAL_MspInit
 .text.NMI_Handler
                0x08000a10        0x2 CMakeFiles/NUCLEO-F429ZI.elf.dir/Core/Src/stm32f4xx_it.c.obj
                0x08000a10                NMI_Handler
 .text.HardFault_Handler
                0x08000a12        0x2 CMakeFiles/NUCLEO-F429ZI.elf.dir/Core/Src/stm32f4xx_it.c.obj
                0x08000a12                HardFault_Handler
 .text.MemManage_Handler
                0x08000a14        0x2 CMakeFiles/NUCLEO-F429ZI.elf.dir/Core/Src/stm32f4xx_it.c.obj
                0x08000a14                MemManage_Handler
 .text.BusFault_Handler
                0x08000a16        0x2 CMakeFiles/NUCLEO-F429ZI.elf.dir/Core/Src/stm32f4xx_it.c.obj
                0x08000a16                BusFault_Handler
 .text.UsageFault_Handler
                0x08000a18        0x2 CMakeFiles/NUCLEO-F429ZI.elf.dir/Core/Src/stm32f4xx_it.c.obj
                0x08000a18                UsageFault_Handler
 .text.SVC_Handler
                0x08000a1a        0x2 CMakeFiles/NUCLEO-F429ZI.elf.dir/Core/Src/stm32f4xx_it.c.obj
                0x08000a1a                SVC_Handler
 .text.DebugMon_Handler
                0x08000a1c        0x2 CMakeFiles/NUCLEO-F429ZI.elf.dir/Core/Src/stm32f4xx_it.c.obj
                0x08000a1c                DebugMon_Handler
 .text.PendSV_Handler
                0x08000a1e        0x2 CMakeFiles/NUCLEO-F429ZI.elf.dir/Core/Src/stm32f4xx_it.c.obj
                0x08000a1e                PendSV_Handler
 .text.SysTick_Handler
                0x08000a20       0x24 CMakeFiles/NUCLEO-F429ZI.elf.dir/Core/Src/stm32f4xx_it.c.obj
                0x08000a20                SysTick_Handler
 .text._read    0x08000a44       0x20 CMakeFiles/NUCLEO-F429ZI.elf.dir/Core/Src/syscalls.c.obj
                0x08000a44                _read
 .text._write   0x08000a64       0x1c CMakeFiles/NUCLEO-F429ZI.elf.dir/Core/Src/syscalls.c.obj
                0x08000a64                _write
 .text._close   0x08000a80        0x6 CMakeFiles/NUCLEO-F429ZI.elf.dir/Core/Src/syscalls.c.obj
                0x08000a80                _close
 .text._fstat   0x08000a86        0xa CMakeFiles/NUCLEO-F429ZI.elf.dir/Core/Src/syscalls.c.obj
                0x08000a86                _fstat
 .text._isatty  0x08000a90        0x4 CMakeFiles/NUCLEO-F429ZI.elf.dir/Core/Src/syscalls.c.obj
                0x08000a90                _isatty
 .text._lseek   0x08000a94        0x4 CMakeFiles/NUCLEO-F429ZI.elf.dir/Core/Src/syscalls.c.obj
                0x08000a94                _lseek
 .text._sbrk    0x08000a98       0x48 CMakeFiles/NUCLEO-F429ZI.elf.dir/Core/Src/sysmem.c.obj
                0x08000a98                _sbrk
 .text.SystemInit
                0x08000ae0        0x2 CMakeFiles/NUCLEO-F429ZI.elf.dir/Core/Src/system_stm32f4xx.c.obj
                0x08000ae0                SystemInit
 *fill*         0x08000ae2        0x2 
 .text.SystemCoreClockUpdate
                0x08000ae4       0xa0 CMakeFiles/NUCLEO-F429ZI.elf.dir/Core/Src/system_stm32f4xx.c.obj
                0x08000ae4                SystemCoreClockUpdate
 .text.MX_USART3_UART_Init
                0x08000b84       0x34 CMakeFiles/NUCLEO-F429ZI.elf.dir/Core/Src/usart.c.obj
                0x08000b84                MX_USART3_UART_Init
 .text.HAL_UART_MspInit
                0x08000bb8       0x70 CMakeFiles/NUCLEO-F429ZI.elf.dir/Core/Src/usart.c.obj
                0x08000bb8                HAL_UART_MspInit
 .text.MX_USB_OTG_FS_PCD_Init
                0x08000c28       0x38 CMakeFiles/NUCLEO-F429ZI.elf.dir/Core/Src/usb_otg.c.obj
                0x08000c28                MX_USB_OTG_FS_PCD_Init
 .text.HAL_PCD_MspInit
                0x08000c60       0x88 CMakeFiles/NUCLEO-F429ZI.elf.dir/Core/Src/usb_otg.c.obj
                0x08000c60                HAL_PCD_MspInit
 .text.Reset_Handler
                0x08000ce8       0x50 CMakeFiles/NUCLEO-F429ZI.elf.dir/Core/Startup/startup_stm32f429zitx.s.obj
                0x08000ce8                Reset_Handler
 .text.Default_Handler
                0x08000d38        0x2 CMakeFiles/NUCLEO-F429ZI.elf.dir/Core/Startup/startup_stm32f429zitx.s.obj
                0x08000d38                DMA1_Stream3_IRQHandler
                0x08000d38                HASH_RNG_IRQHandler
                0x08000d38                EXTI2_IRQHandler
                0x08000d38                TIM8_CC_IRQHandler
                0x08000d38                UART8_IRQHandler
                0x08000d38                SPI4_IRQHandler
                0x08000d38                TIM1_CC_IRQHandler
                0x08000d38                DMA2_Stream5_IRQHandler
                0x08000d38                DMA1_Stream5_IRQHandler
                0x08000d38                PVD_IRQHandler
                0x08000d38                SDIO_IRQHandler
                0x08000d38                TAMP_STAMP_IRQHandler
                0x08000d38                CAN2_RX1_IRQHandler
                0x08000d38                EXTI3_IRQHandler
                0x08000d38                TIM8_TRG_COM_TIM14_IRQHandler
                0x08000d38                TIM1_UP_TIM10_IRQHandler
                0x08000d38                TIM8_UP_TIM13_IRQHandler
                0x08000d38                I2C3_ER_IRQHandler
                0x08000d38                I2C2_EV_IRQHandler
                0x08000d38                DMA1_Stream2_IRQHandler
                0x08000d38                CAN1_RX0_IRQHandler
                0x08000d38                FPU_IRQHandler
                0x08000d38                OTG_HS_WKUP_IRQHandler
                0x08000d38                LTDC_ER_IRQHandler
                0x08000d38                CAN2_SCE_IRQHandler
                0x08000d38                DMA2_Stream2_IRQHandler
                0x08000d38                SPI1_IRQHandler
                0x08000d38                TIM6_DAC_IRQHandler
                0x08000d38                TIM1_BRK_TIM9_IRQHandler
                0x08000d38                DCMI_IRQHandler
                0x08000d38                CAN2_RX0_IRQHandler
                0x08000d38                DMA2_Stream3_IRQHandler
                0x08000d38                USART6_IRQHandler
                0x08000d38                CAN1_RX1_IRQHandler
                0x08000d38                UART5_IRQHandler
                0x08000d38                DMA2_Stream0_IRQHandler
                0x08000d38                TIM4_IRQHandler
                0x08000d38                I2C1_EV_IRQHandler
                0x08000d38                DMA1_Stream6_IRQHandler
                0x08000d38                DMA1_Stream1_IRQHandler
                0x08000d38                TIM3_IRQHandler
                0x08000d38                RCC_IRQHandler
                0x08000d38                TIM8_BRK_TIM12_IRQHandler
                0x08000d38                Default_Handler
                0x08000d38                ADC_IRQHandler
                0x08000d38                DMA1_Stream7_IRQHandler
                0x08000d38                SPI5_IRQHandler
                0x08000d38                TIM7_IRQHandler
                0x08000d38                CAN2_TX_IRQHandler
                0x08000d38                TIM5_IRQHandler
                0x08000d38                DMA2_Stream7_IRQHandler
                0x08000d38                I2C3_EV_IRQHandler
                0x08000d38                EXTI9_5_IRQHandler
                0x08000d38                RTC_WKUP_IRQHandler
                0x08000d38                LTDC_IRQHandler
                0x08000d38                ETH_WKUP_IRQHandler
                0x08000d38                SPI2_IRQHandler
                0x08000d38                OTG_HS_EP1_IN_IRQHandler
                0x08000d38                DMA1_Stream0_IRQHandler
                0x08000d38                CAN1_TX_IRQHandler
                0x08000d38                EXTI4_IRQHandler
                0x08000d38                ETH_IRQHandler
                0x08000d38                OTG_HS_EP1_OUT_IRQHandler
                0x08000d38                WWDG_IRQHandler
                0x08000d38                SPI6_IRQHandler
                0x08000d38                TIM2_IRQHandler
                0x08000d38                OTG_FS_WKUP_IRQHandler
                0x08000d38                TIM1_TRG_COM_TIM11_IRQHandler
                0x08000d38                OTG_HS_IRQHandler
                0x08000d38                DMA2D_IRQHandler
                0x08000d38                UART7_IRQHandler
                0x08000d38                I2C2_ER_IRQHandler
                0x08000d38                DMA2_Stream1_IRQHandler
                0x08000d38                CAN1_SCE_IRQHandler
                0x08000d38                FLASH_IRQHandler
                0x08000d38                DMA2_Stream4_IRQHandler
                0x08000d38                OTG_FS_IRQHandler
                0x08000d38                SPI3_IRQHandler
                0x08000d38                DMA1_Stream4_IRQHandler
                0x08000d38                I2C1_ER_IRQHandler
                0x08000d38                FMC_IRQHandler
                0x08000d38                DMA2_Stream6_IRQHandler
                0x08000d38                SAI1_IRQHandler
                0x08000d38                RTC_Alarm_IRQHandler
 *fill*         0x08000d3a        0x2 
 .text.HAL_InitTick
                0x08000d3c       0x4c CMakeFiles/NUCLEO-F429ZI.elf.dir/Drivers/STM32F4xx_HAL_Driver/Src/stm32f4xx_hal.c.obj
                0x08000d3c                HAL_InitTick
 .text.HAL_Init
                0x08000d88       0x34 CMakeFiles/NUCLEO-F429ZI.elf.dir/Drivers/STM32F4xx_HAL_Driver/Src/stm32f4xx_hal.c.obj
                0x08000d88                HAL_Init
 .text.HAL_IncTick
                0x08000dbc       0x18 CMakeFiles/NUCLEO-F429ZI.elf.dir/Drivers/STM32F4xx_HAL_Driver/Src/stm32f4xx_hal.c.obj
                0x08000dbc                HAL_IncTick
 .text.HAL_GetTick
                0x08000dd4        0xc CMakeFiles/NUCLEO-F429ZI.elf.dir/Drivers/STM32F4xx_HAL_Driver/Src/stm32f4xx_hal.c.obj
                0x08000dd4                HAL_GetTick
 .text.HAL_Delay
                0x08000de0       0x28 CMakeFiles/NUCLEO-F429ZI.elf.dir/Drivers/STM32F4xx_HAL_Driver/Src/stm32f4xx_hal.c.obj
                0x08000de0                HAL_Delay
 .text.__NVIC_SetPriority
                0x08000e08       0x28 CMakeFiles/NUCLEO-F429ZI.elf.dir/Drivers/STM32F4xx_HAL_Driver/Src/stm32f4xx_hal_cortex.c.obj
 .text.NVIC_EncodePriority
                0x08000e30       0x3e CMakeFiles/NUCLEO-F429ZI.elf.dir/Drivers/STM32F4xx_HAL_Driver/Src/stm32f4xx_hal_cortex.c.obj
 *fill*         0x08000e6e        0x2 
 .text.HAL_NVIC_SetPriorityGrouping
                0x08000e70       0x24 CMakeFiles/NUCLEO-F429ZI.elf.dir/Drivers/STM32F4xx_HAL_Driver/Src/stm32f4xx_hal_cortex.c.obj
                0x08000e70                HAL_NVIC_SetPriorityGrouping
 .text.HAL_NVIC_SetPriority
                0x08000e94       0x20 CMakeFiles/NUCLEO-F429ZI.elf.dir/Drivers/STM32F4xx_HAL_Driver/Src/stm32f4xx_hal_cortex.c.obj
                0x08000e94                HAL_NVIC_SetPriority
 .text.HAL_SYSTICK_Config
                0x08000eb4       0x28 CMakeFiles/NUCLEO-F429ZI.elf.dir/Drivers/STM32F4xx_HAL_Driver/Src/stm32f4xx_hal_cortex.c.obj
                0x08000eb4                HAL_SYSTICK_Config
 .text.HAL_SYSTICK_CLKSourceConfig
                0x08000edc       0x20 CMakeFiles/NUCLEO-F429ZI.elf.dir/Drivers/STM32F4xx_HAL_Driver/Src/stm32f4xx_hal_cortex.c.obj
                0x08000edc                HAL_SYSTICK_CLKSourceConfig
 .text.HAL_DMA_Abort
                0x08000efc       0x94 CMakeFiles/NUCLEO-F429ZI.elf.dir/Drivers/STM32F4xx_HAL_Driver/Src/stm32f4xx_hal_dma.c.obj
                0x08000efc                HAL_DMA_Abort
 .text.HAL_DMA_Abort_IT
                0x08000f90       0x26 CMakeFiles/NUCLEO-F429ZI.elf.dir/Drivers/STM32F4xx_HAL_Driver/Src/stm32f4xx_hal_dma.c.obj
                0x08000f90                HAL_DMA_Abort_IT
 *fill*         0x08000fb6        0x2 
 .text.ETH_MACAddressConfig
                0x08000fb8       0x30 CMakeFiles/NUCLEO-F429ZI.elf.dir/Drivers/STM32F4xx_HAL_Driver/Src/stm32f4xx_hal_eth.c.obj
 .text.ETH_DMATxDescListInit
                0x08000fe8       0x6e CMakeFiles/NUCLEO-F429ZI.elf.dir/Drivers/STM32F4xx_HAL_Driver/Src/stm32f4xx_hal_eth.c.obj
 .text.ETH_DMARxDescListInit
                0x08001056       0x84 CMakeFiles/NUCLEO-F429ZI.elf.dir/Drivers/STM32F4xx_HAL_Driver/Src/stm32f4xx_hal_eth.c.obj
 *fill*         0x080010da        0x2 
 .text.ETH_SetMACConfig
                0x080010dc       0xfc CMakeFiles/NUCLEO-F429ZI.elf.dir/Drivers/STM32F4xx_HAL_Driver/Src/stm32f4xx_hal_eth.c.obj
 .text.ETH_SetDMAConfig
                0x080011d8       0xc0 CMakeFiles/NUCLEO-F429ZI.elf.dir/Drivers/STM32F4xx_HAL_Driver/Src/stm32f4xx_hal_eth.c.obj
 .text.ETH_MACDMAConfig
                0x08001298       0xa2 CMakeFiles/NUCLEO-F429ZI.elf.dir/Drivers/STM32F4xx_HAL_Driver/Src/stm32f4xx_hal_eth.c.obj
 *fill*         0x0800133a        0x2 
 .text.HAL_ETH_Init
                0x0800133c       0xc0 CMakeFiles/NUCLEO-F429ZI.elf.dir/Drivers/STM32F4xx_HAL_Driver/Src/stm32f4xx_hal_eth.c.obj
                0x0800133c                HAL_ETH_Init
 .text.HAL_GPIO_Init
                0x080013fc      0x20c CMakeFiles/NUCLEO-F429ZI.elf.dir/Drivers/STM32F4xx_HAL_Driver/Src/stm32f4xx_hal_gpio.c.obj
                0x080013fc                HAL_GPIO_Init
 .text.HAL_GPIO_ReadPin
                0x08001608        0xe CMakeFiles/NUCLEO-F429ZI.elf.dir/Drivers/STM32F4xx_HAL_Driver/Src/stm32f4xx_hal_gpio.c.obj
                0x08001608                HAL_GPIO_ReadPin
 .text.HAL_GPIO_WritePin
                0x08001616        0xc CMakeFiles/NUCLEO-F429ZI.elf.dir/Drivers/STM32F4xx_HAL_Driver/Src/stm32f4xx_hal_gpio.c.obj
                0x08001616                HAL_GPIO_WritePin
 *fill*         0x08001622        0x2 
 .text.HAL_GPIO_EXTI_IRQHandler
                0x08001624       0x1c CMakeFiles/NUCLEO-F429ZI.elf.dir/Drivers/STM32F4xx_HAL_Driver/Src/stm32f4xx_hal_gpio.c.obj
                0x08001624                HAL_GPIO_EXTI_IRQHandler
 .text.HAL_PCD_Init
                0x08001640      0x12e CMakeFiles/NUCLEO-F429ZI.elf.dir/Drivers/STM32F4xx_HAL_Driver/Src/stm32f4xx_hal_pcd.c.obj
                0x08001640                HAL_PCD_Init
 *fill*         0x0800176e        0x2 
 .text.HAL_RCC_OscConfig
                0x08001770      0x3f8 CMakeFiles/NUCLEO-F429ZI.elf.dir/Drivers/STM32F4xx_HAL_Driver/Src/stm32f4xx_hal_rcc.c.obj
                0x08001770                HAL_RCC_OscConfig
 .text.HAL_RCC_GetSysClockFreq
                0x08001b68       0xdc CMakeFiles/NUCLEO-F429ZI.elf.dir/Drivers/STM32F4xx_HAL_Driver/Src/stm32f4xx_hal_rcc.c.obj
                0x08001b68                HAL_RCC_GetSysClockFreq
 .text.HAL_RCC_ClockConfig
                0x08001c44      0x160 CMakeFiles/NUCLEO-F429ZI.elf.dir/Drivers/STM32F4xx_HAL_Driver/Src/stm32f4xx_hal_rcc.c.obj
                0x08001c44                HAL_RCC_ClockConfig
 .text.HAL_RCC_GetHCLKFreq
                0x08001da4        0xc CMakeFiles/NUCLEO-F429ZI.elf.dir/Drivers/STM32F4xx_HAL_Driver/Src/stm32f4xx_hal_rcc.c.obj
                0x08001da4                HAL_RCC_GetHCLKFreq
 .text.HAL_RCC_GetPCLK1Freq
                0x08001db0       0x20 CMakeFiles/NUCLEO-F429ZI.elf.dir/Drivers/STM32F4xx_HAL_Driver/Src/stm32f4xx_hal_rcc.c.obj
                0x08001db0                HAL_RCC_GetPCLK1Freq
 .text.HAL_RCC_GetPCLK2Freq
                0x08001dd0       0x20 CMakeFiles/NUCLEO-F429ZI.elf.dir/Drivers/STM32F4xx_HAL_Driver/Src/stm32f4xx_hal_rcc.c.obj
                0x08001dd0                HAL_RCC_GetPCLK2Freq
 .text.HAL_SPI_Init
                0x08001df0       0xbe CMakeFiles/NUCLEO-F429ZI.elf.dir/Drivers/STM32F4xx_HAL_Driver/Src/stm32f4xx_hal_spi.c.obj
                0x08001df0                HAL_SPI_Init
 .text.UART_EndRxTransfer
                0x08001eae       0x5c CMakeFiles/NUCLEO-F429ZI.elf.dir/Drivers/STM32F4xx_HAL_Driver/Src/stm32f4xx_hal_uart.c.obj
 .text.UART_Transmit_IT
                0x08001f0a       0x60 CMakeFiles/NUCLEO-F429ZI.elf.dir/Drivers/STM32F4xx_HAL_Driver/Src/stm32f4xx_hal_uart.c.obj
 *fill*         0x08001f6a        0x2 
 .text.UART_SetConfig
                0x08001f6c      0x110 CMakeFiles/NUCLEO-F429ZI.elf.dir/Drivers/STM32F4xx_HAL_Driver/Src/stm32f4xx_hal_uart.c.obj
 .text.UART_WaitOnFlagUntilTimeout
                0x0800207c       0x84 CMakeFiles/NUCLEO-F429ZI.elf.dir/Drivers/STM32F4xx_HAL_Driver/Src/stm32f4xx_hal_uart.c.obj
 .text.HAL_UART_Init
                0x08002100       0x5e CMakeFiles/NUCLEO-F429ZI.elf.dir/Drivers/STM32F4xx_HAL_Driver/Src/stm32f4xx_hal_uart.c.obj
                0x08002100                HAL_UART_Init
 .text.HAL_UART_Transmit
                0x0800215e       0xd8 CMakeFiles/NUCLEO-F429ZI.elf.dir/Drivers/STM32F4xx_HAL_Driver/Src/stm32f4xx_hal_uart.c.obj
                0x0800215e                HAL_UART_Transmit
 .text.HAL_UART_TxCpltCallback
                0x08002236        0x2 CMakeFiles/NUCLEO-F429ZI.elf.dir/Drivers/STM32F4xx_HAL_Driver/Src/stm32f4xx_hal_uart.c.obj
                0x08002236                HAL_UART_TxCpltCallback
 .text.UART_EndTransmit_IT
                0x08002238       0x1a CMakeFiles/NUCLEO-F429ZI.elf.dir/Drivers/STM32F4xx_HAL_Driver/Src/stm32f4xx_hal_uart.c.obj
 .text.HAL_UART_RxCpltCallback
                0x08002252        0x2 CMakeFiles/NUCLEO-F429ZI.elf.dir/Drivers/STM32F4xx_HAL_Driver/Src/stm32f4xx_hal_uart.c.obj
                0x08002252                HAL_UART_RxCpltCallback
 .text.HAL_UART_ErrorCallback
                0x08002254        0x2 CMakeFiles/NUCLEO-F429ZI.elf.dir/Drivers/STM32F4xx_HAL_Driver/Src/stm32f4xx_hal_uart.c.obj
                0x08002254                HAL_UART_ErrorCallback
 .text.UART_DMAAbortOnError
                0x08002256       0x10 CMakeFiles/NUCLEO-F429ZI.elf.dir/Drivers/STM32F4xx_HAL_Driver/Src/stm32f4xx_hal_uart.c.obj
 .text.HAL_UARTEx_RxEventCallback
                0x08002266        0x2 CMakeFiles/NUCLEO-F429ZI.elf.dir/Drivers/STM32F4xx_HAL_Driver/Src/stm32f4xx_hal_uart.c.obj
                0x08002266                HAL_UARTEx_RxEventCallback
 .text.UART_Receive_IT
                0x08002268       0xe2 CMakeFiles/NUCLEO-F429ZI.elf.dir/Drivers/STM32F4xx_HAL_Driver/Src/stm32f4xx_hal_uart.c.obj
 *fill*         0x0800234a        0x2 
 .text.HAL_UART_IRQHandler
                0x0800234c      0x27c CMakeFiles/NUCLEO-F429ZI.elf.dir/Drivers/STM32F4xx_HAL_Driver/Src/stm32f4xx_hal_uart.c.obj
                0x0800234c                HAL_UART_IRQHandler
 .text.USB_CoreReset
                0x080025c8       0x50 CMakeFiles/NUCLEO-F429ZI.elf.dir/Drivers/STM32F4xx_HAL_Driver/Src/stm32f4xx_ll_usb.c.obj
 .text.USB_CoreInit
                0x08002618       0x8a CMakeFiles/NUCLEO-F429ZI.elf.dir/Drivers/STM32F4xx_HAL_Driver/Src/stm32f4xx_ll_usb.c.obj
                0x08002618                USB_CoreInit
 .text.USB_DisableGlobalInt
                0x080026a2        0xc CMakeFiles/NUCLEO-F429ZI.elf.dir/Drivers/STM32F4xx_HAL_Driver/Src/stm32f4xx_ll_usb.c.obj
                0x080026a2                USB_DisableGlobalInt
 *fill*         0x080026ae        0x2 
 .text.USB_FlushTxFifo
                0x080026b0       0x50 CMakeFiles/NUCLEO-F429ZI.elf.dir/Drivers/STM32F4xx_HAL_Driver/Src/stm32f4xx_ll_usb.c.obj
                0x080026b0                USB_FlushTxFifo
 .text.USB_FlushRxFifo
                0x08002700       0x4c CMakeFiles/NUCLEO-F429ZI.elf.dir/Drivers/STM32F4xx_HAL_Driver/Src/stm32f4xx_ll_usb.c.obj
                0x08002700                USB_FlushRxFifo
 .text.USB_SetDevSpeed
                0x0800274c        0xe CMakeFiles/NUCLEO-F429ZI.elf.dir/Drivers/STM32F4xx_HAL_Driver/Src/stm32f4xx_ll_usb.c.obj
                0x0800274c                USB_SetDevSpeed
 *fill*         0x0800275a        0x2 
 .text.USB_DevInit
                0x0800275c      0x190 CMakeFiles/NUCLEO-F429ZI.elf.dir/Drivers/STM32F4xx_HAL_Driver/Src/stm32f4xx_ll_usb.c.obj
                0x0800275c                USB_DevInit
 .text.USB_DevDisconnect
                0x080028ec       0x1c CMakeFiles/NUCLEO-F429ZI.elf.dir/Drivers/STM32F4xx_HAL_Driver/Src/stm32f4xx_ll_usb.c.obj
                0x080028ec                USB_DevDisconnect
 .text.USB_GetMode
                0x08002908        0x8 CMakeFiles/NUCLEO-F429ZI.elf.dir/Drivers/STM32F4xx_HAL_Driver/Src/stm32f4xx_ll_usb.c.obj
                0x08002908                USB_GetMode
 .text.USB_SetCurrentMode
                0x08002910       0x62 CMakeFiles/NUCLEO-F429ZI.elf.dir/Drivers/STM32F4xx_HAL_Driver/Src/stm32f4xx_ll_usb.c.obj
                0x08002910                USB_SetCurrentMode
 *fill*         0x08002972        0x2 
 .text.led_on   0x08002974       0x24 CMakeFiles/NUCLEO-F429ZI.elf.dir/blinkySysTick/blinkySysTick.c.obj
 .text.led_off  0x08002998       0x24 CMakeFiles/NUCLEO-F429ZI.elf.dir/blinkySysTick/blinkySysTick.c.obj
 .text.blinker_ctor
                0x080029bc       0x20 CMakeFiles/NUCLEO-F429ZI.elf.dir/blinkySysTick/blinkySysTick.c.obj
                0x080029bc                blinker_ctor
 .text.rkh_hook_start
                0x080029dc       0x10 CMakeFiles/NUCLEO-F429ZI.elf.dir/blinkySysTick/hook.c.obj
                0x080029dc                rkh_hook_start
 .text.rkh_hook_timetick
                0x080029ec        0x8 CMakeFiles/NUCLEO-F429ZI.elf.dir/blinkySysTick/hook.c.obj
                0x080029ec                rkh_hook_timetick
 .text.rkh_hook_idle
                0x080029f4        0x4 CMakeFiles/NUCLEO-F429ZI.elf.dir/blinkySysTick/hook.c.obj
                0x080029f4                rkh_hook_idle
 .text.BSP_LED_On
                0x080029f8       0x20 CMakeFiles/NUCLEO-F429ZI.elf.dir/bsp/stm32f4xx_nucleo_144.c.obj
                0x080029f8                BSP_LED_On
 .text.BSP_LED_Off
                0x08002a18       0x20 CMakeFiles/NUCLEO-F429ZI.elf.dir/bsp/stm32f4xx_nucleo_144.c.obj
                0x08002a18                BSP_LED_Off
 .text.execute_list
                0x08002a38       0x12 CMakeFiles/NUCLEO-F429ZI.elf.dir/mTime/mTime.c.obj
 *fill*         0x08002a4a        0x2 
 .text.mTime_tick
                0x08002a4c       0x5c CMakeFiles/NUCLEO-F429ZI.elf.dir/mTime/mTime.c.obj
                0x08002a4c                mTime_tick
 .text.bsp_init
                0x08002aa8       0x3e CMakeFiles/NUCLEO-F429ZI.elf.dir/salt/bsp/bsp-salt.c.obj
                0x08002aa8                bsp_init
 *fill*         0x08002ae6        0x2 
 .text.bsp_timeTick
                0x08002ae8       0x14 CMakeFiles/NUCLEO-F429ZI.elf.dir/salt/bsp/bsp-salt.c.obj
                0x08002ae8                bsp_timeTick
 .text.onSwitchGet
                0x08002afc       0x18 CMakeFiles/NUCLEO-F429ZI.elf.dir/salt/peripherals/ihm/onSwitch.c.obj
                0x08002afc                onSwitchGet
 .text.HAL_GPIO_EXTI_Callback
                0x08002b14       0x1c CMakeFiles/NUCLEO-F429ZI.elf.dir/salt/peripherals/ihm/onSwitch.c.obj
                0x08002b14                HAL_GPIO_EXTI_Callback
 .text.EXTI15_10_IRQHandler
                0x08002b30        0xc CMakeFiles/NUCLEO-F429ZI.elf.dir/salt/peripherals/ihm/onSwitch.c.obj
                0x08002b30                EXTI15_10_IRQHandler
 .text.EXTI0_IRQHandler
                0x08002b3c        0xa CMakeFiles/NUCLEO-F429ZI.elf.dir/salt/peripherals/pulse-counter/pulseCounterFromEduCiaaBsp.c.obj
                0x08002b3c                EXTI0_IRQHandler
 .text.EXTI1_IRQHandler
                0x08002b46        0xa CMakeFiles/NUCLEO-F429ZI.elf.dir/salt/peripherals/pulse-counter/pulseCounterFromEduCiaaBsp.c.obj
                0x08002b46                EXTI1_IRQHandler
 .text.USART1_IRQHandler
                0x08002b50       0x30 CMakeFiles/NUCLEO-F429ZI.elf.dir/salt/peripherals/serial/serial.c.obj
                0x08002b50                USART1_IRQHandler
 .text.USART2_IRQHandler
                0x08002b80       0x40 CMakeFiles/NUCLEO-F429ZI.elf.dir/salt/peripherals/serial/serial.c.obj
                0x08002b80                USART2_IRQHandler
 .text.USART3_IRQHandler
                0x08002bc0       0x2c CMakeFiles/NUCLEO-F429ZI.elf.dir/salt/peripherals/serial/serial.c.obj
                0x08002bc0                USART3_IRQHandler
 .text.UART4_IRQHandler
                0x08002bec       0x30 CMakeFiles/NUCLEO-F429ZI.elf.dir/salt/peripherals/serial/serial.c.obj
                0x08002bec                UART4_IRQHandler
 .text.updateTimeFromSeconds
                0x08002c1c       0x6c CMakeFiles/NUCLEO-F429ZI.elf.dir/salt/utilities/rtime/rtime.c.obj
 .text.rtime_init
                0x08002c88       0x68 CMakeFiles/NUCLEO-F429ZI.elf.dir/salt/utilities/rtime/rtime.c.obj
                0x08002c88                rtime_init
 .text.rkh_bittbl_getBitMask
                0x08002cf0       0x14 CMakeFiles/NUCLEO-F429ZI.elf.dir/third-party/rkh/source/fwk/src/rkhfwk_bittbl.c.obj
                0x08002cf0                rkh_bittbl_getBitMask
 .text.rkh_bittbl_getLeastBitSetPos
                0x08002d04        0xc CMakeFiles/NUCLEO-F429ZI.elf.dir/third-party/rkh/source/fwk/src/rkhfwk_bittbl.c.obj
                0x08002d04                rkh_bittbl_getLeastBitSetPos
 .text.rkh_fwk_gc
                0x08002d10       0x68 CMakeFiles/NUCLEO-F429ZI.elf.dir/third-party/rkh/source/fwk/src/rkhfwk_dynevt.c.obj
                0x08002d10                rkh_fwk_gc
 .text.rkh_evtPool_put
                0x08002d78        0x8 CMakeFiles/NUCLEO-F429ZI.elf.dir/third-party/rkh/source/fwk/src/rkhfwk_evtpool.c.obj
                0x08002d78                rkh_evtPool_put
 .text.rkh_rdygrp_isReady
                0x08002d80        0xa CMakeFiles/NUCLEO-F429ZI.elf.dir/third-party/rkh/source/fwk/src/rkhfwk_rdygrp.c.obj
                0x08002d80                rkh_rdygrp_isReady
 .text.rkh_rdygrp_setReady
                0x08002d8a       0x26 CMakeFiles/NUCLEO-F429ZI.elf.dir/third-party/rkh/source/fwk/src/rkhfwk_rdygrp.c.obj
                0x08002d8a                rkh_rdygrp_setReady
 .text.rkh_rdygrp_setUnready
                0x08002db0       0x30 CMakeFiles/NUCLEO-F429ZI.elf.dir/third-party/rkh/source/fwk/src/rkhfwk_rdygrp.c.obj
                0x08002db0                rkh_rdygrp_setUnready
 .text.rkh_rdygrp_findHighest
                0x08002de0       0x1c CMakeFiles/NUCLEO-F429ZI.elf.dir/third-party/rkh/source/fwk/src/rkhfwk_rdygrp.c.obj
                0x08002de0                rkh_rdygrp_findHighest
 .text.rkh_fwk_init
                0x08002dfc        0x2 CMakeFiles/NUCLEO-F429ZI.elf.dir/third-party/rkh/source/fwk/src/rkhfwk_sched.c.obj
                0x08002dfc                rkh_fwk_init
 *fill*         0x08002dfe        0x2 
 .text.rkh_fwk_enter
                0x08002e00       0x4c CMakeFiles/NUCLEO-F429ZI.elf.dir/third-party/rkh/source/fwk/src/rkhfwk_sched.c.obj
                0x08002e00                rkh_fwk_enter
 .text.rkh_memPool_put
                0x08002e4c       0x3c CMakeFiles/NUCLEO-F429ZI.elf.dir/third-party/rkh/source/mempool/src/rkhmempool.c.obj
                0x08002e4c                rkh_memPool_put
 .text.rkh_queue_init
                0x08002e88       0x1a CMakeFiles/NUCLEO-F429ZI.elf.dir/third-party/rkh/source/queue/src/rkhqueue.c.obj
                0x08002e88                rkh_queue_init
 *fill*         0x08002ea2        0x2 
 .text.rkh_queue_get
                0x08002ea4       0x88 CMakeFiles/NUCLEO-F429ZI.elf.dir/third-party/rkh/source/queue/src/rkhqueue.c.obj
                0x08002ea4                rkh_queue_get
 .text.rkh_queue_put_fifo
                0x08002f2c       0x30 CMakeFiles/NUCLEO-F429ZI.elf.dir/third-party/rkh/source/queue/src/rkhqueue.c.obj
                0x08002f2c                rkh_queue_put_fifo
 .text.rkh_queue_put_lifo
                0x08002f5c       0x32 CMakeFiles/NUCLEO-F429ZI.elf.dir/third-party/rkh/source/queue/src/rkhqueue.c.obj
                0x08002f5c                rkh_queue_put_lifo
 .text.findCompletionTrn
                0x08002f8e       0x16 CMakeFiles/NUCLEO-F429ZI.elf.dir/third-party/rkh/source/sm/src/rkhsm.c.obj
 .text.isCompletionTrn
                0x08002fa4       0x2c CMakeFiles/NUCLEO-F429ZI.elf.dir/third-party/rkh/source/sm/src/rkhsm.c.obj
 .text.rkh_add_tr_action
                0x08002fd0       0x24 CMakeFiles/NUCLEO-F429ZI.elf.dir/third-party/rkh/source/sm/src/rkhsm.c.obj
 .text.addTargetSt
                0x08002ff4       0x2e CMakeFiles/NUCLEO-F429ZI.elf.dir/third-party/rkh/source/sm/src/rkhsm.c.obj
 *fill*         0x08003022        0x2 
 .text.rkh_sm_dispatch
                0x08003024      0x3b8 CMakeFiles/NUCLEO-F429ZI.elf.dir/third-party/rkh/source/sm/src/rkhsm.c.obj
                0x08003024                rkh_sm_dispatch
 .text.rkh_sm_init
                0x080033dc       0x10 CMakeFiles/NUCLEO-F429ZI.elf.dir/third-party/rkh/source/sm/src/rkhsm.c.obj
                0x080033dc                rkh_sm_init
 .text.rkh_sma_post_fifo
                0x080033ec       0x44 CMakeFiles/NUCLEO-F429ZI.elf.dir/third-party/rkh/source/sma/src/rkhsma.c.obj
                0x080033ec                rkh_sma_post_fifo
 .text.rkh_sma_post_lifo
                0x08003430       0x44 CMakeFiles/NUCLEO-F429ZI.elf.dir/third-party/rkh/source/sma/src/rkhsma.c.obj
                0x08003430                rkh_sma_post_lifo
 .text.rkh_sma_dispatch
                0x08003474        0x8 CMakeFiles/NUCLEO-F429ZI.elf.dir/third-party/rkh/source/sma/src/rkhsma.c.obj
                0x08003474                rkh_sma_dispatch
 .text.rkh_sma_register
                0x0800347c       0x40 CMakeFiles/NUCLEO-F429ZI.elf.dir/third-party/rkh/source/sma/src/rkhsma.c.obj
                0x0800347c                rkh_sma_register
 .text.rkh_sma_activate
                0x080034bc       0x1a CMakeFiles/NUCLEO-F429ZI.elf.dir/third-party/rkh/source/sma/src/rkhsma.c.obj
                0x080034bc                rkh_sma_activate
 .text.rkh_sma_get
                0x080034d6        0xa CMakeFiles/NUCLEO-F429ZI.elf.dir/third-party/rkh/source/sma/src/rkhsma.c.obj
                0x080034d6                rkh_sma_get
 .text.rkh_smaPrio_isReady
                0x080034e0       0x10 CMakeFiles/NUCLEO-F429ZI.elf.dir/third-party/rkh/source/sma/src/rkhsma_prio.c.obj
                0x080034e0                rkh_smaPrio_isReady
 .text.rkh_smaPrio_setReady
                0x080034f0       0x10 CMakeFiles/NUCLEO-F429ZI.elf.dir/third-party/rkh/source/sma/src/rkhsma_prio.c.obj
                0x080034f0                rkh_smaPrio_setReady
 .text.rkh_smaPrio_setUnready
                0x08003500       0x10 CMakeFiles/NUCLEO-F429ZI.elf.dir/third-party/rkh/source/sma/src/rkhsma_prio.c.obj
                0x08003500                rkh_smaPrio_setUnready
 .text.rkh_smaPrio_findHighest
                0x08003510       0x10 CMakeFiles/NUCLEO-F429ZI.elf.dir/third-party/rkh/source/sma/src/rkhsma_prio.c.obj
                0x08003510                rkh_smaPrio_findHighest
 .text.rkh_sma_block
                0x08003520        0x2 CMakeFiles/NUCLEO-F429ZI.elf.dir/third-party/rkh/source/sma/src/rkhsma_sync.c.obj
                0x08003520                rkh_sma_block
 .text.rkh_sma_setReady
                0x08003522        0xc CMakeFiles/NUCLEO-F429ZI.elf.dir/third-party/rkh/source/sma/src/rkhsma_sync.c.obj
                0x08003522                rkh_sma_setReady
 .text.rkh_sma_setUnready
                0x0800352e        0xc CMakeFiles/NUCLEO-F429ZI.elf.dir/third-party/rkh/source/sma/src/rkhsma_sync.c.obj
                0x0800352e                rkh_sma_setUnready
 *fill*         0x0800353a        0x2 
 .text.rem_from_list
                0x0800353c       0x20 CMakeFiles/NUCLEO-F429ZI.elf.dir/third-party/rkh/source/tmr/src/rkhtmr.c.obj
 .text.searchAndRemove
                0x0800355c       0x24 CMakeFiles/NUCLEO-F429ZI.elf.dir/third-party/rkh/source/tmr/src/rkhtmr.c.obj
 .text.rkh_tmr_tick
                0x08003580       0x84 CMakeFiles/NUCLEO-F429ZI.elf.dir/third-party/rkh/source/tmr/src/rkhtmr.c.obj
                0x08003580                rkh_tmr_tick
 .text.rkh_tmr_init_
                0x08003604       0x58 CMakeFiles/NUCLEO-F429ZI.elf.dir/third-party/rkh/source/tmr/src/rkhtmr.c.obj
                0x08003604                rkh_tmr_init_
 .text.rkh_tmr_start
                0x0800365c       0x4c CMakeFiles/NUCLEO-F429ZI.elf.dir/third-party/rkh/source/tmr/src/rkhtmr.c.obj
                0x0800365c                rkh_tmr_start
 .text.gpioConfig
                0x080036a8       0xa0 CMakeFiles/NUCLEO-F429ZI.elf.dir/third-party/stm32-sapi/src/sapi_gpio.c.obj
                0x080036a8                gpioConfig
 .text.tickConfig
                0x08003748       0x74 CMakeFiles/NUCLEO-F429ZI.elf.dir/third-party/stm32-sapi/src/sapi_tick.c.obj
                0x08003748                tickConfig
 .text.__udivmoddi4
                0x080037bc      0x2bc /Applications/ArmGNUToolchain/13.3.rel1/arm-none-eabi/bin/../lib/gcc/arm-none-eabi/13.3.1/thumb/v7e-m/nofp/libgcc.a(_udivmoddi4.o)
                0x080037bc                __udivmoddi4
 .text._puts_r  0x08003a78       0x9c /Applications/ArmGNUToolchain/13.3.rel1/arm-none-eabi/bin/../lib/gcc/arm-none-eabi/13.3.1/../../../../arm-none-eabi/lib/thumb/v7e-m/nofp/libg.a(libc_a-puts.o)
                0x08003a78                _puts_r
 .text.puts     0x08003b14       0x10 /Applications/ArmGNUToolchain/13.3.rel1/arm-none-eabi/bin/../lib/gcc/arm-none-eabi/13.3.1/../../../../arm-none-eabi/lib/thumb/v7e-m/nofp/libg.a(libc_a-puts.o)
                0x08003b14                puts
 .text.stdio_exit_handler
                0x08003b24       0x18 /Applications/ArmGNUToolchain/13.3.rel1/arm-none-eabi/bin/../lib/gcc/arm-none-eabi/13.3.1/../../../../arm-none-eabi/lib/thumb/v7e-m/nofp/libg.a(libc_a-findfp.o)
 .text.cleanup_stdio
                0x08003b3c       0x40 /Applications/ArmGNUToolchain/13.3.rel1/arm-none-eabi/bin/../lib/gcc/arm-none-eabi/13.3.1/../../../../arm-none-eabi/lib/thumb/v7e-m/nofp/libg.a(libc_a-findfp.o)
 .text.global_stdio_init.part.0
                0x08003b7c       0xf0 /Applications/ArmGNUToolchain/13.3.rel1/arm-none-eabi/bin/../lib/gcc/arm-none-eabi/13.3.1/../../../../arm-none-eabi/lib/thumb/v7e-m/nofp/libg.a(libc_a-findfp.o)
 .text.__sinit  0x08003c6c       0x3c /Applications/ArmGNUToolchain/13.3.rel1/arm-none-eabi/bin/../lib/gcc/arm-none-eabi/13.3.1/../../../../arm-none-eabi/lib/thumb/v7e-m/nofp/libg.a(libc_a-findfp.o)
                0x08003c6c                __sinit
 .text.__sfp_lock_acquire
                0x08003ca8        0xc /Applications/ArmGNUToolchain/13.3.rel1/arm-none-eabi/bin/../lib/gcc/arm-none-eabi/13.3.1/../../../../arm-none-eabi/lib/thumb/v7e-m/nofp/libg.a(libc_a-findfp.o)
                0x08003ca8                __sfp_lock_acquire
 .text.__sfp_lock_release
                0x08003cb4        0xc /Applications/ArmGNUToolchain/13.3.rel1/arm-none-eabi/bin/../lib/gcc/arm-none-eabi/13.3.1/../../../../arm-none-eabi/lib/thumb/v7e-m/nofp/libg.a(libc_a-findfp.o)
                0x08003cb4                __sfp_lock_release
 .text.memmove  0x08003cc0      0x100 /Applications/ArmGNUToolchain/13.3.rel1/arm-none-eabi/bin/../lib/gcc/arm-none-eabi/13.3.1/../../../../arm-none-eabi/lib/thumb/v7e-m/nofp/libg.a(libc_a-memmove.o)
                0x08003cc0                memmove
 .text.memset   0x08003dc0       0xa4 /Applications/ArmGNUToolchain/13.3.rel1/arm-none-eabi/bin/../lib/gcc/arm-none-eabi/13.3.1/../../../../arm-none-eabi/lib/thumb/v7e-m/nofp/libg.a(libc_a-memset.o)
                0x08003dc0                memset
 .text.__errno  0x08003e64        0xc /Applications/ArmGNUToolchain/13.3.rel1/arm-none-eabi/bin/../lib/gcc/arm-none-eabi/13.3.1/../../../../arm-none-eabi/lib/thumb/v7e-m/nofp/libg.a(libc_a-errno.o)
                0x08003e64                __errno
 .text.__libc_init_array
                0x08003e70       0x50 /Applications/ArmGNUToolchain/13.3.rel1/arm-none-eabi/bin/../lib/gcc/arm-none-eabi/13.3.1/../../../../arm-none-eabi/lib/thumb/v7e-m/nofp/libg.a(libc_a-init.o)
                0x08003e70                __libc_init_array
 .text.__retarget_lock_init_recursive
                0x08003ec0        0x4 /Applications/ArmGNUToolchain/13.3.rel1/arm-none-eabi/bin/../lib/gcc/arm-none-eabi/13.3.1/../../../../arm-none-eabi/lib/thumb/v7e-m/nofp/libg.a(libc_a-lock.o)
                0x08003ec0                __retarget_lock_init_recursive
 .text.__retarget_lock_close_recursive
                0x08003ec4        0x4 /Applications/ArmGNUToolchain/13.3.rel1/arm-none-eabi/bin/../lib/gcc/arm-none-eabi/13.3.1/../../../../arm-none-eabi/lib/thumb/v7e-m/nofp/libg.a(libc_a-lock.o)
                0x08003ec4                __retarget_lock_close_recursive
 .text.__retarget_lock_acquire_recursive
                0x08003ec8        0x4 /Applications/ArmGNUToolchain/13.3.rel1/arm-none-eabi/bin/../lib/gcc/arm-none-eabi/13.3.1/../../../../arm-none-eabi/lib/thumb/v7e-m/nofp/libg.a(libc_a-lock.o)
                0x08003ec8                __retarget_lock_acquire_recursive
 .text.__retarget_lock_release_recursive
                0x08003ecc        0x4 /Applications/ArmGNUToolchain/13.3.rel1/arm-none-eabi/bin/../lib/gcc/arm-none-eabi/13.3.1/../../../../arm-none-eabi/lib/thumb/v7e-m/nofp/libg.a(libc_a-lock.o)
                0x08003ecc                __retarget_lock_release_recursive
 .text.startup.register_fini
                0x08003ed0       0x14 /Applications/ArmGNUToolchain/13.3.rel1/arm-none-eabi/bin/../lib/gcc/arm-none-eabi/13.3.1/../../../../arm-none-eabi/lib/thumb/v7e-m/nofp/libg.a(libc_a-__call_atexit.o)
 .text.atexit   0x08003ee4        0xc /Applications/ArmGNUToolchain/13.3.rel1/arm-none-eabi/bin/../lib/gcc/arm-none-eabi/13.3.1/../../../../arm-none-eabi/lib/thumb/v7e-m/nofp/libg.a(libc_a-atexit.o)
                0x08003ee4                atexit
 .text._malloc_r
                0x08003ef0      0x564 /Applications/ArmGNUToolchain/13.3.rel1/arm-none-eabi/bin/../lib/gcc/arm-none-eabi/13.3.1/../../../../arm-none-eabi/lib/thumb/v7e-m/nofp/libg.a(libc_a-mallocr.o)
                0x08003ef0                _malloc_r
 .text.__sfvwrite_r
                0x08004454      0x2f8 /Applications/ArmGNUToolchain/13.3.rel1/arm-none-eabi/bin/../lib/gcc/arm-none-eabi/13.3.1/../../../../arm-none-eabi/lib/thumb/v7e-m/nofp/libg.a(libc_a-fvwrite.o)
                0x08004454                __sfvwrite_r
 .text.__malloc_lock
                0x0800474c        0xc /Applications/ArmGNUToolchain/13.3.rel1/arm-none-eabi/bin/../lib/gcc/arm-none-eabi/13.3.1/../../../../arm-none-eabi/lib/thumb/v7e-m/nofp/libg.a(libc_a-mlock.o)
                0x0800474c                __malloc_lock
 .text.__malloc_unlock
                0x08004758        0xc /Applications/ArmGNUToolchain/13.3.rel1/arm-none-eabi/bin/../lib/gcc/arm-none-eabi/13.3.1/../../../../arm-none-eabi/lib/thumb/v7e-m/nofp/libg.a(libc_a-mlock.o)
                0x08004758                __malloc_unlock
 .text._fwalk_sglue
                0x08004764       0x44 /Applications/ArmGNUToolchain/13.3.rel1/arm-none-eabi/bin/../lib/gcc/arm-none-eabi/13.3.1/../../../../arm-none-eabi/lib/thumb/v7e-m/nofp/libg.a(libc_a-fwalk.o)
                0x08004764                _fwalk_sglue
 .text._realloc_r
                0x080047a8      0x344 /Applications/ArmGNUToolchain/13.3.rel1/arm-none-eabi/bin/../lib/gcc/arm-none-eabi/13.3.1/../../../../arm-none-eabi/lib/thumb/v7e-m/nofp/libg.a(libc_a-reallocr.o)
                0x080047a8                _realloc_r
 .text._fclose_r
                0x08004aec       0xc0 /Applications/ArmGNUToolchain/13.3.rel1/arm-none-eabi/bin/../lib/gcc/arm-none-eabi/13.3.1/../../../../arm-none-eabi/lib/thumb/v7e-m/nofp/libg.a(libc_a-fclose.o)
                0x08004aec                _fclose_r
 .text.__sflush_r
                0x08004bac      0x128 /Applications/ArmGNUToolchain/13.3.rel1/arm-none-eabi/bin/../lib/gcc/arm-none-eabi/13.3.1/../../../../arm-none-eabi/lib/thumb/v7e-m/nofp/libg.a(libc_a-fflush.o)
                0x08004bac                __sflush_r
 .text._fflush_r
                0x08004cd4       0x54 /Applications/ArmGNUToolchain/13.3.rel1/arm-none-eabi/bin/../lib/gcc/arm-none-eabi/13.3.1/../../../../arm-none-eabi/lib/thumb/v7e-m/nofp/libg.a(libc_a-fflush.o)
                0x08004cd4                _fflush_r
 .text.__sread  0x08004d28       0x24 /Applications/ArmGNUToolchain/13.3.rel1/arm-none-eabi/bin/../lib/gcc/arm-none-eabi/13.3.1/../../../../arm-none-eabi/lib/thumb/v7e-m/nofp/libg.a(libc_a-stdio.o)
                0x08004d28                __sread
 .text.__swrite
                0x08004d4c       0x40 /Applications/ArmGNUToolchain/13.3.rel1/arm-none-eabi/bin/../lib/gcc/arm-none-eabi/13.3.1/../../../../arm-none-eabi/lib/thumb/v7e-m/nofp/libg.a(libc_a-stdio.o)
                0x08004d4c                __swrite
 .text.__sseek  0x08004d8c       0x24 /Applications/ArmGNUToolchain/13.3.rel1/arm-none-eabi/bin/../lib/gcc/arm-none-eabi/13.3.1/../../../../arm-none-eabi/lib/thumb/v7e-m/nofp/libg.a(libc_a-stdio.o)
                0x08004d8c                __sseek
 .text.__sclose
                0x08004db0        0x8 /Applications/ArmGNUToolchain/13.3.rel1/arm-none-eabi/bin/../lib/gcc/arm-none-eabi/13.3.1/../../../../arm-none-eabi/lib/thumb/v7e-m/nofp/libg.a(libc_a-stdio.o)
                0x08004db0                __sclose
 .text.__swsetup_r
                0x08004db8       0xc4 /Applications/ArmGNUToolchain/13.3.rel1/arm-none-eabi/bin/../lib/gcc/arm-none-eabi/13.3.1/../../../../arm-none-eabi/lib/thumb/v7e-m/nofp/libg.a(libc_a-wsetup.o)
                0x08004db8                __swsetup_r
 .text._close_r
                0x08004e7c       0x24 /Applications/ArmGNUToolchain/13.3.rel1/arm-none-eabi/bin/../lib/gcc/arm-none-eabi/13.3.1/../../../../arm-none-eabi/lib/thumb/v7e-m/nofp/libg.a(libc_a-closer.o)
                0x08004e7c                _close_r
 .text._lseek_r
                0x08004ea0       0x2c /Applications/ArmGNUToolchain/13.3.rel1/arm-none-eabi/bin/../lib/gcc/arm-none-eabi/13.3.1/../../../../arm-none-eabi/lib/thumb/v7e-m/nofp/libg.a(libc_a-lseekr.o)
                0x08004ea0                _lseek_r
 .text._read_r  0x08004ecc       0x2c /Applications/ArmGNUToolchain/13.3.rel1/arm-none-eabi/bin/../lib/gcc/arm-none-eabi/13.3.1/../../../../arm-none-eabi/lib/thumb/v7e-m/nofp/libg.a(libc_a-readr.o)
                0x08004ecc                _read_r
 .text._sbrk_r  0x08004ef8       0x24 /Applications/ArmGNUToolchain/13.3.rel1/arm-none-eabi/bin/../lib/gcc/arm-none-eabi/13.3.1/../../../../arm-none-eabi/lib/thumb/v7e-m/nofp/libg.a(libc_a-sbrkr.o)
                0x08004ef8                _sbrk_r
 .text._write_r
                0x08004f1c       0x2c /Applications/ArmGNUToolchain/13.3.rel1/arm-none-eabi/bin/../lib/gcc/arm-none-eabi/13.3.1/../../../../arm-none-eabi/lib/thumb/v7e-m/nofp/libg.a(libc_a-writer.o)
                0x08004f1c                _write_r
 .text.sysconf  0x08004f48       0x1c /Applications/ArmGNUToolchain/13.3.rel1/arm-none-eabi/bin/../lib/gcc/arm-none-eabi/13.3.1/../../../../arm-none-eabi/lib/thumb/v7e-m/nofp/libg.a(libc_a-sysconf.o)
                0x08004f48                sysconf
 .text.__libc_fini_array
                0x08004f64       0x28 /Applications/ArmGNUToolchain/13.3.rel1/arm-none-eabi/bin/../lib/gcc/arm-none-eabi/13.3.1/../../../../arm-none-eabi/lib/thumb/v7e-m/nofp/libg.a(libc_a-fini.o)
                0x08004f64                __libc_fini_array
 .text.__register_exitproc
                0x08004f8c       0x80 /Applications/ArmGNUToolchain/13.3.rel1/arm-none-eabi/bin/../lib/gcc/arm-none-eabi/13.3.1/../../../../arm-none-eabi/lib/thumb/v7e-m/nofp/libg.a(libc_a-__atexit.o)
                0x08004f8c                __register_exitproc
 .text._malloc_trim_r
                0x0800500c       0xb8 /Applications/ArmGNUToolchain/13.3.rel1/arm-none-eabi/bin/../lib/gcc/arm-none-eabi/13.3.1/../../../../arm-none-eabi/lib/thumb/v7e-m/nofp/libg.a(libc_a-freer.o)
                0x0800500c                _malloc_trim_r
 .text._free_r  0x080050c4      0x1f8 /Applications/ArmGNUToolchain/13.3.rel1/arm-none-eabi/bin/../lib/gcc/arm-none-eabi/13.3.1/../../../../arm-none-eabi/lib/thumb/v7e-m/nofp/libg.a(libc_a-freer.o)
                0x080050c4                _free_r
 .text.__smakebuf_r
                0x080052bc       0xdc /Applications/ArmGNUToolchain/13.3.rel1/arm-none-eabi/bin/../lib/gcc/arm-none-eabi/13.3.1/../../../../arm-none-eabi/lib/thumb/v7e-m/nofp/libg.a(libc_a-makebuf.o)
                0x080052bc                __smakebuf_r
 .text._fstat_r
                0x08005398       0x2c /Applications/ArmGNUToolchain/13.3.rel1/arm-none-eabi/bin/../lib/gcc/arm-none-eabi/13.3.1/../../../../arm-none-eabi/lib/thumb/v7e-m/nofp/libg.a(libc_a-fstatr.o)
                0x08005398                _fstat_r
 .text._isatty_r
                0x080053c4       0x24 /Applications/ArmGNUToolchain/13.3.rel1/arm-none-eabi/bin/../lib/gcc/arm-none-eabi/13.3.1/../../../../arm-none-eabi/lib/thumb/v7e-m/nofp/libg.a(libc_a-isattyr.o)
                0x080053c4                _isatty_r
 *(.glue_7)
 .glue_7        0x080053e8        0x0 linker stubs
 *(.glue_7t)
 .glue_7t       0x080053e8        0x0 linker stubs
 *(.eh_frame)
 .eh_frame      0x080053e8        0x0 /Applications/ArmGNUToolchain/13.3.rel1/arm-none-eabi/bin/../lib/gcc/arm-none-eabi/13.3.1/thumb/v7e-m/nofp/crtbegin.o
 *(.init)
 .init          0x080053e8        0x4 /Applications/ArmGNUToolchain/13.3.rel1/arm-none-eabi/bin/../lib/gcc/arm-none-eabi/13.3.1/thumb/v7e-m/nofp/crti.o
                0x080053e8                _init
 .init          0x080053ec        0x8 /Applications/ArmGNUToolchain/13.3.rel1/arm-none-eabi/bin/../lib/gcc/arm-none-eabi/13.3.1/thumb/v7e-m/nofp/crtn.o
 *(.fini)
 .fini          0x080053f4        0x4 /Applications/ArmGNUToolchain/13.3.rel1/arm-none-eabi/bin/../lib/gcc/arm-none-eabi/13.3.1/thumb/v7e-m/nofp/crti.o
                0x080053f4                _fini
 .fini          0x080053f8        0x8 /Applications/ArmGNUToolchain/13.3.rel1/arm-none-eabi/bin/../lib/gcc/arm-none-eabi/13.3.1/thumb/v7e-m/nofp/crtn.o
                0x08005400                        . = ALIGN (0x4)
                0x08005400                        _etext = .

.vfp11_veneer   0x08005400        0x0
 .vfp11_veneer  0x08005400        0x0 linker stubs

.v4_bx          0x08005400        0x0
 .v4_bx         0x08005400        0x0 linker stubs

.iplt           0x08005400        0x0
 .iplt          0x08005400        0x0 /Applications/ArmGNUToolchain/13.3.rel1/arm-none-eabi/bin/../lib/gcc/arm-none-eabi/13.3.1/thumb/v7e-m/nofp/crtbegin.o

.rodata         0x08005400      0x234
                0x08005400                        . = ALIGN (0x4)
 *(.rodata)
 *(.rodata*)
 .rodata.APBPrescTable
                0x08005400        0x8 CMakeFiles/NUCLEO-F429ZI.elf.dir/Core/Src/system_stm32f4xx.c.obj
                0x08005400                APBPrescTable
 .rodata.AHBPrescTable
                0x08005408       0x10 CMakeFiles/NUCLEO-F429ZI.elf.dir/Core/Src/system_stm32f4xx.c.obj
                0x08005408                AHBPrescTable
 .rodata.led_on.str1.4
                0x08005418       0x52 CMakeFiles/NUCLEO-F429ZI.elf.dir/blinkySysTick/blinkySysTick.c.obj
                                  0x8 (size before relaxing)
 .rodata.led_off.str1.4
                0x0800546a        0x9 CMakeFiles/NUCLEO-F429ZI.elf.dir/blinkySysTick/blinkySysTick.c.obj
 .rodata.blinker_ctor.str1.4
                0x0800546a        0xe CMakeFiles/NUCLEO-F429ZI.elf.dir/blinkySysTick/blinkySysTick.c.obj
 *fill*         0x0800546a        0x2 
 .rodata.blinker
                0x0800546c        0x4 CMakeFiles/NUCLEO-F429ZI.elf.dir/blinkySysTick/blinkySysTick.c.obj
                0x0800546c                blinker
 .rodata.rs_blinker
                0x08005470        0xc CMakeFiles/NUCLEO-F429ZI.elf.dir/blinkySysTick/blinkySysTick.c.obj
 .rodata.LedOff_trtbl
                0x0800547c       0x20 CMakeFiles/NUCLEO-F429ZI.elf.dir/blinkySysTick/blinkySysTick.c.obj
                0x0800547c                LedOff_trtbl
 .rodata.LedOn_trtbl
                0x0800549c       0x20 CMakeFiles/NUCLEO-F429ZI.elf.dir/blinkySysTick/blinkySysTick.c.obj
                0x0800549c                LedOn_trtbl
 .rodata.LedOff
                0x080054bc       0x14 CMakeFiles/NUCLEO-F429ZI.elf.dir/blinkySysTick/blinkySysTick.c.obj
                0x080054bc                LedOff
 .rodata.LedOn  0x080054d0       0x14 CMakeFiles/NUCLEO-F429ZI.elf.dir/blinkySysTick/blinkySysTick.c.obj
                0x080054d0                LedOn
 .rodata.e_tout
                0x080054e4        0x3 CMakeFiles/NUCLEO-F429ZI.elf.dir/blinkySysTick/blinkySysTick.c.obj
 *fill*         0x080054e7        0x1 
 .rodata.GPIO_PIN
                0x080054e8        0x6 CMakeFiles/NUCLEO-F429ZI.elf.dir/bsp/stm32f4xx_nucleo_144.c.obj
                0x080054e8                GPIO_PIN
 *fill*         0x080054ee        0x2 
 .rodata.timerChain
                0x080054f0       0x18 CMakeFiles/NUCLEO-F429ZI.elf.dir/mTime/mTimeTbl.c.obj
                0x080054f0                timerChain
 .rodata.actions_10000
                0x08005508        0x4 CMakeFiles/NUCLEO-F429ZI.elf.dir/mTime/mTimeTbl.c.obj
 .rodata.actions_1000
                0x0800550c        0x4 CMakeFiles/NUCLEO-F429ZI.elf.dir/mTime/mTimeTbl.c.obj
 .rodata.actions_100
                0x08005510        0x4 CMakeFiles/NUCLEO-F429ZI.elf.dir/mTime/mTimeTbl.c.obj
 .rodata.leastBitSetTbl
                0x08005514      0x100 CMakeFiles/NUCLEO-F429ZI.elf.dir/third-party/rkh/source/fwk/src/rkhfwk_bittbl.c.obj
 .rodata.bitMaskTbl
                0x08005614        0x8 CMakeFiles/NUCLEO-F429ZI.elf.dir/third-party/rkh/source/fwk/src/rkhfwk_bittbl.c.obj
 .rodata.rkh_fwk_enter.str1.4
                0x0800561c        0xf CMakeFiles/NUCLEO-F429ZI.elf.dir/third-party/rkh/source/fwk/src/rkhfwk_sched.c.obj
 .rodata.evCreation
                0x0800561c        0x3 CMakeFiles/NUCLEO-F429ZI.elf.dir/third-party/rkh/source/sm/src/rkhsm.c.obj
                0x0800561c                evCreation
 *fill*         0x0800561f        0x1 
 .rodata.evCompletion
                0x08005620        0x3 CMakeFiles/NUCLEO-F429ZI.elf.dir/third-party/rkh/source/sm/src/rkhsm.c.obj
                0x08005620                evCompletion
 *fill*         0x08005623        0x1 
 .rodata.rkhSmaVtbl
                0x08005624       0x10 CMakeFiles/NUCLEO-F429ZI.elf.dir/third-party/rkh/source/sma/src/rkhsma.c.obj
                0x08005624                rkhSmaVtbl
 .rodata.rkh_tmr_init_.str1.4
                0x08005634        0xe CMakeFiles/NUCLEO-F429ZI.elf.dir/third-party/rkh/source/tmr/src/rkhtmr.c.obj
 .rodata.tickConfig.str1.4
                0x08005634        0xc CMakeFiles/NUCLEO-F429ZI.elf.dir/third-party/stm32-sapi/src/sapi_tick.c.obj
 .rodata._puts_r.str1.4
                0x08005634        0x2 /Applications/ArmGNUToolchain/13.3.rel1/arm-none-eabi/bin/../lib/gcc/arm-none-eabi/13.3.1/../../../../arm-none-eabi/lib/thumb/v7e-m/nofp/libg.a(libc_a-puts.o)
                0x08005644                        . = ALIGN (0x4)

.ARM.extab      0x08005634        0x0
                0x08005634                        . = ALIGN (0x4)
 *(.ARM.extab* .gnu.linkonce.armextab.*)
                0x08005634                        . = ALIGN (0x4)

.ARM            0x08005634        0x8
                0x08005634                        . = ALIGN (0x4)
                0x08005634                        __exidx_start = .
 *(.ARM.exidx*)
 .ARM.exidx     0x08005634        0x8 /Applications/ArmGNUToolchain/13.3.rel1/arm-none-eabi/bin/../lib/gcc/arm-none-eabi/13.3.1/../../../../arm-none-eabi/lib/thumb/v7e-m/nofp/libg.a(libc_a-memcpy.o)
 .ARM.exidx     0x0800563c        0x0 /Applications/ArmGNUToolchain/13.3.rel1/arm-none-eabi/bin/../lib/gcc/arm-none-eabi/13.3.1/../../../../arm-none-eabi/lib/thumb/v7e-m/nofp/libg.a(libc_a-strlen.o)
                                  0x8 (size before relaxing)
 .ARM.exidx     0x0800563c        0x0 /Applications/ArmGNUToolchain/13.3.rel1/arm-none-eabi/bin/../lib/gcc/arm-none-eabi/13.3.1/../../../../arm-none-eabi/lib/thumb/v7e-m/nofp/libg.a(libc_a-memchr.o)
                                  0x8 (size before relaxing)
 .ARM.exidx.text.__udivmoddi4
                0x0800563c        0x0 /Applications/ArmGNUToolchain/13.3.rel1/arm-none-eabi/bin/../lib/gcc/arm-none-eabi/13.3.1/thumb/v7e-m/nofp/libgcc.a(_udivmoddi4.o)
                                  0x8 (size before relaxing)
                0x0800563c                        __exidx_end = .
                0x0800563c                        . = ALIGN (0x4)

.rel.dyn        0x0800563c        0x0
 .rel.iplt      0x0800563c        0x0 /Applications/ArmGNUToolchain/13.3.rel1/arm-none-eabi/bin/../lib/gcc/arm-none-eabi/13.3.1/thumb/v7e-m/nofp/crtbegin.o

.preinit_array  0x0800563c        0x0
                0x0800563c                        . = ALIGN (0x4)
                0x0800563c                        PROVIDE (__preinit_array_start = .)
 *(.preinit_array*)
                0x0800563c                        PROVIDE (__preinit_array_end = .)
                0x0800563c                        . = ALIGN (0x4)

.init_array     0x0800563c        0x8
                0x0800563c                        . = ALIGN (0x4)
                0x0800563c                        PROVIDE (__init_array_start = .)
 *(SORT_BY_NAME(.init_array.*))
 .init_array.00000
                0x0800563c        0x4 /Applications/ArmGNUToolchain/13.3.rel1/arm-none-eabi/bin/../lib/gcc/arm-none-eabi/13.3.1/../../../../arm-none-eabi/lib/thumb/v7e-m/nofp/libg.a(libc_a-__call_atexit.o)
 *(.init_array*)
 .init_array    0x08005640        0x4 /Applications/ArmGNUToolchain/13.3.rel1/arm-none-eabi/bin/../lib/gcc/arm-none-eabi/13.3.1/thumb/v7e-m/nofp/crtbegin.o
                0x08005644                        PROVIDE (__init_array_end = .)
                0x08005644                        . = ALIGN (0x4)

.fini_array     0x08005644        0x4
                0x08005644                        . = ALIGN (0x4)
                0x08005644                        PROVIDE (__fini_array_start = .)
 *(SORT_BY_NAME(.fini_array.*))
 *(.fini_array*)
 .fini_array    0x08005644        0x4 /Applications/ArmGNUToolchain/13.3.rel1/arm-none-eabi/bin/../lib/gcc/arm-none-eabi/13.3.1/thumb/v7e-m/nofp/crtbegin.o
                0x08005648                        PROVIDE (__fini_array_end = .)
                0x08005648                        . = ALIGN (0x4)
                0x08005648                        _sidata = LOADADDR (.data)

.data           0x20000000      0x5c0 load address 0x08005648
                0x20000000                        . = ALIGN (0x4)
                0x20000000                        _sdata = .
 *(.data)
 *(.data*)
 .data.SystemCoreClock
                0x20000000        0x4 CMakeFiles/NUCLEO-F429ZI.elf.dir/Core/Src/system_stm32f4xx.c.obj
                0x20000000                SystemCoreClock
 .data.uwTickFreq
                0x20000004        0x1 CMakeFiles/NUCLEO-F429ZI.elf.dir/Drivers/STM32F4xx_HAL_Driver/Src/stm32f4xx_hal.c.obj
                0x20000004                uwTickFreq
 *fill*         0x20000005        0x3 
 .data.uwTickPrio
                0x20000008        0x4 CMakeFiles/NUCLEO-F429ZI.elf.dir/Drivers/STM32F4xx_HAL_Driver/Src/stm32f4xx_hal.c.obj
                0x20000008                uwTickPrio
 .data.s_blinker
                0x2000000c       0x3c CMakeFiles/NUCLEO-F429ZI.elf.dir/blinkySysTick/blinkySysTick.c.obj
 .data.GPIO_PORT
                0x20000048        0xc CMakeFiles/NUCLEO-F429ZI.elf.dir/bsp/stm32f4xx_nucleo_144.c.obj
                0x20000048                GPIO_PORT
 .data.__sglue  0x20000054        0xc /Applications/ArmGNUToolchain/13.3.rel1/arm-none-eabi/bin/../lib/gcc/arm-none-eabi/13.3.1/../../../../arm-none-eabi/lib/thumb/v7e-m/nofp/libg.a(libc_a-findfp.o)
                0x20000054                __sglue
 .data._impure_ptr
                0x20000060        0x4 /Applications/ArmGNUToolchain/13.3.rel1/arm-none-eabi/bin/../lib/gcc/arm-none-eabi/13.3.1/../../../../arm-none-eabi/lib/thumb/v7e-m/nofp/libg.a(libc_a-impure.o)
                0x20000060                _impure_ptr
 *fill*         0x20000064        0x4 
 .data._impure_data
                0x20000068      0x140 /Applications/ArmGNUToolchain/13.3.rel1/arm-none-eabi/bin/../lib/gcc/arm-none-eabi/13.3.1/../../../../arm-none-eabi/lib/thumb/v7e-m/nofp/libg.a(libc_a-impure.o)
                0x20000068                _impure_data
 .data.__atexit_recursive_mutex
                0x200001a8        0x4 /Applications/ArmGNUToolchain/13.3.rel1/arm-none-eabi/bin/../lib/gcc/arm-none-eabi/13.3.1/../../../../arm-none-eabi/lib/thumb/v7e-m/nofp/libg.a(libc_a-__call_atexit.o)
                0x200001a8                __atexit_recursive_mutex
 .data.__malloc_sbrk_base
                0x200001ac        0x4 /Applications/ArmGNUToolchain/13.3.rel1/arm-none-eabi/bin/../lib/gcc/arm-none-eabi/13.3.1/../../../../arm-none-eabi/lib/thumb/v7e-m/nofp/libg.a(libc_a-mallocr.o)
                0x200001ac                __malloc_sbrk_base
 .data.__malloc_trim_threshold
                0x200001b0        0x4 /Applications/ArmGNUToolchain/13.3.rel1/arm-none-eabi/bin/../lib/gcc/arm-none-eabi/13.3.1/../../../../arm-none-eabi/lib/thumb/v7e-m/nofp/libg.a(libc_a-mallocr.o)
                0x200001b0                __malloc_trim_threshold
 *fill*         0x200001b4        0x4 
 .data.__malloc_av_
                0x200001b8      0x408 /Applications/ArmGNUToolchain/13.3.rel1/arm-none-eabi/bin/../lib/gcc/arm-none-eabi/13.3.1/../../../../arm-none-eabi/lib/thumb/v7e-m/nofp/libg.a(libc_a-mallocr.o)
                0x200001b8                __malloc_av_
 *(.RamFunc)
 *(.RamFunc*)
                0x200005c0                        . = ALIGN (0x4)
                0x200005c0                        _edata = .
                0x08005c08                        _siccmram = LOADADDR (.ccmram)

.tm_clone_table
                0x200005c0        0x0 load address 0x08005c08
 .tm_clone_table
                0x200005c0        0x0 /Applications/ArmGNUToolchain/13.3.rel1/arm-none-eabi/bin/../lib/gcc/arm-none-eabi/13.3.1/thumb/v7e-m/nofp/crtbegin.o
 .tm_clone_table
                0x200005c0        0x0 /Applications/ArmGNUToolchain/13.3.rel1/arm-none-eabi/bin/../lib/gcc/arm-none-eabi/13.3.1/thumb/v7e-m/nofp/crtend.o

.igot.plt       0x200005c0        0x0 load address 0x08005c08
 .igot.plt      0x200005c0        0x0 /Applications/ArmGNUToolchain/13.3.rel1/arm-none-eabi/bin/../lib/gcc/arm-none-eabi/13.3.1/thumb/v7e-m/nofp/crtbegin.o

.ccmram         0x10000000        0x0 load address 0x08005c08
                0x10000000                        . = ALIGN (0x4)
                0x10000000                        _sccmram = .
 *(.ccmram)
 *(.ccmram*)
                0x10000000                        . = ALIGN (0x4)
                0x10000000                        _eccmram = .
                0x10000000                        . = ALIGN (0x4)

.bss            0x200005c0      0xce4
                0x200005c0                        _sbss = .
                0x200005c0                        __bss_start__ = _sbss
 *(.bss)
 *(.bss*)
 .bss.completed.1
                0x200005c0        0x1 /Applications/ArmGNUToolchain/13.3.rel1/arm-none-eabi/bin/../lib/gcc/arm-none-eabi/13.3.1/thumb/v7e-m/nofp/crtbegin.o
 *fill*         0x200005c1        0x3 
 .bss.object.0  0x200005c4       0x18 /Applications/ArmGNUToolchain/13.3.rel1/arm-none-eabi/bin/../lib/gcc/arm-none-eabi/13.3.1/thumb/v7e-m/nofp/crtbegin.o
 .bss.MACAddr.0
                0x200005dc        0x6 CMakeFiles/NUCLEO-F429ZI.elf.dir/Core/Src/eth.c.obj
 *fill*         0x200005e2        0x2 
 .bss.heth      0x200005e4       0xb0 CMakeFiles/NUCLEO-F429ZI.elf.dir/Core/Src/eth.c.obj
                0x200005e4                heth
 .bss.TxConfig  0x20000694       0x38 CMakeFiles/NUCLEO-F429ZI.elf.dir/Core/Src/eth.c.obj
                0x20000694                TxConfig
 .bss.DMATxDscrTab
                0x200006cc       0xa0 CMakeFiles/NUCLEO-F429ZI.elf.dir/Core/Src/eth.c.obj
                0x200006cc                DMATxDscrTab
 .bss.DMARxDscrTab
                0x2000076c       0xa0 CMakeFiles/NUCLEO-F429ZI.elf.dir/Core/Src/eth.c.obj
                0x2000076c                DMARxDscrTab
 .bss.qsto      0x2000080c       0x10 CMakeFiles/NUCLEO-F429ZI.elf.dir/Core/Src/main.c.obj
 .bss.hspi1     0x2000081c       0x58 CMakeFiles/NUCLEO-F429ZI.elf.dir/Core/Src/spi.c.obj
                0x2000081c                hspi1
 .bss.__sbrk_heap_end
                0x20000874        0x4 CMakeFiles/NUCLEO-F429ZI.elf.dir/Core/Src/sysmem.c.obj
 .bss.huart3    0x20000878       0x44 CMakeFiles/NUCLEO-F429ZI.elf.dir/Core/Src/usart.c.obj
                0x20000878                huart3
 .bss.hpcd_USB_OTG_FS
                0x200008bc      0x50c CMakeFiles/NUCLEO-F429ZI.elf.dir/Core/Src/usb_otg.c.obj
                0x200008bc                hpcd_USB_OTG_FS
 .bss.uwTick    0x20000dc8        0x4 CMakeFiles/NUCLEO-F429ZI.elf.dir/Drivers/STM32F4xx_HAL_Driver/Src/stm32f4xx_hal.c.obj
                0x20000dc8                uwTick
 .bss.enabled   0x20000dcc        0x4 CMakeFiles/NUCLEO-F429ZI.elf.dir/mTime/mTime.c.obj
 .bss.counter   0x20000dd0        0x2 CMakeFiles/NUCLEO-F429ZI.elf.dir/mTime/mTime.c.obj
 *fill*         0x20000dd2        0x2 
 .bss.tstamp    0x20000dd4        0x4 CMakeFiles/NUCLEO-F429ZI.elf.dir/salt/bsp/bsp-salt.c.obj
 .bss.onSwitchCb
                0x20000dd8        0x4 CMakeFiles/NUCLEO-F429ZI.elf.dir/salt/peripherals/ihm/onSwitch.c.obj
 .bss.uartDebugCb
                0x20000ddc        0x4 CMakeFiles/NUCLEO-F429ZI.elf.dir/salt/peripherals/serial/serial.c.obj
 .bss.uartSimBCb
                0x20000de0        0x4 CMakeFiles/NUCLEO-F429ZI.elf.dir/salt/peripherals/serial/serial.c.obj
 .bss.uartSimACb
                0x20000de4        0x4 CMakeFiles/NUCLEO-F429ZI.elf.dir/salt/peripherals/serial/serial.c.obj
 .bss.uartTelocCb
                0x20000de8        0x4 CMakeFiles/NUCLEO-F429ZI.elf.dir/salt/peripherals/serial/serial.c.obj
 .bss.huart     0x20000dec      0x110 CMakeFiles/NUCLEO-F429ZI.elf.dir/salt/peripherals/serial/serial.c.obj
 .bss.GPIO_InitStruct
                0x20000efc       0x14 CMakeFiles/NUCLEO-F429ZI.elf.dir/salt/utilities/rtime/rtime.c.obj
 .bss.totalSeconds
                0x20000f10        0x4 CMakeFiles/NUCLEO-F429ZI.elf.dir/salt/utilities/rtime/rtime.c.obj
 .bss.t         0x20000f14        0xa CMakeFiles/NUCLEO-F429ZI.elf.dir/salt/utilities/rtime/rtime.c.obj
 *fill*         0x20000f1e        0x2 
 .bss.evtPools  0x20000f20       0x18 CMakeFiles/NUCLEO-F429ZI.elf.dir/third-party/rkh/source/fwk/src/rkhfwk_dynevt.c.obj
 .bss.rkh_critical_nesting
                0x20000f38        0x4 CMakeFiles/NUCLEO-F429ZI.elf.dir/third-party/rkh/source/portable/arm-cortex/rkhs/arm_cm4f/stm32/rkhport.c.obj
                0x20000f38                rkh_critical_nesting
 .bss.snl.0     0x20000f3c        0x4 CMakeFiles/NUCLEO-F429ZI.elf.dir/third-party/rkh/source/sm/src/rkhsm.c.obj
 .bss.stx.1     0x20000f40        0x4 CMakeFiles/NUCLEO-F429ZI.elf.dir/third-party/rkh/source/sm/src/rkhsm.c.obj
 .bss.islca.2   0x20000f44        0x1 CMakeFiles/NUCLEO-F429ZI.elf.dir/third-party/rkh/source/sm/src/rkhsm.c.obj
 .bss.ix_n.3    0x20000f45        0x1 CMakeFiles/NUCLEO-F429ZI.elf.dir/third-party/rkh/source/sm/src/rkhsm.c.obj
 *fill*         0x20000f46        0x2 
 .bss.sentry.4  0x20000f48        0x8 CMakeFiles/NUCLEO-F429ZI.elf.dir/third-party/rkh/source/sm/src/rkhsm.c.obj
 .bss.al.5      0x20000f50        0x8 CMakeFiles/NUCLEO-F429ZI.elf.dir/third-party/rkh/source/sm/src/rkhsm.c.obj
 .bss.pal.6     0x20000f58        0x4 CMakeFiles/NUCLEO-F429ZI.elf.dir/third-party/rkh/source/sm/src/rkhsm.c.obj
 .bss.nal.7     0x20000f5c        0x1 CMakeFiles/NUCLEO-F429ZI.elf.dir/third-party/rkh/source/sm/src/rkhsm.c.obj
 .bss.nEntrySt.8
                0x20000f5d        0x1 CMakeFiles/NUCLEO-F429ZI.elf.dir/third-party/rkh/source/sm/src/rkhsm.c.obj
 .bss.ix_x.9    0x20000f5e        0x1 CMakeFiles/NUCLEO-F429ZI.elf.dir/third-party/rkh/source/sm/src/rkhsm.c.obj
 .bss.nn.10     0x20000f5f        0x1 CMakeFiles/NUCLEO-F429ZI.elf.dir/third-party/rkh/source/sm/src/rkhsm.c.obj
 .bss.trnAct.11
                0x20000f60        0x4 CMakeFiles/NUCLEO-F429ZI.elf.dir/third-party/rkh/source/sm/src/rkhsm.c.obj
 .bss.stn.12    0x20000f64        0x4 CMakeFiles/NUCLEO-F429ZI.elf.dir/third-party/rkh/source/sm/src/rkhsm.c.obj
 .bss.rkh_sptbl
                0x20000f68        0x8 CMakeFiles/NUCLEO-F429ZI.elf.dir/third-party/rkh/source/sma/src/rkhsma.c.obj
                0x20000f68                rkh_sptbl
 .bss.readyGroup
                0x20000f70        0x2 CMakeFiles/NUCLEO-F429ZI.elf.dir/third-party/rkh/source/sma/src/rkhsma_prio.c.obj
 *fill*         0x20000f72        0x2 
 .bss.thead     0x20000f74        0x4 CMakeFiles/NUCLEO-F429ZI.elf.dir/third-party/rkh/source/tmr/src/rkhtmr.c.obj
 .bss.tickHookFunction
                0x20000f78        0x4 CMakeFiles/NUCLEO-F429ZI.elf.dir/third-party/stm32-sapi/src/sapi_tick.c.obj
                0x20000f78                tickHookFunction
 *fill*         0x20000f7c        0x4 
 .bss.tickRateMS
                0x20000f80        0x8 CMakeFiles/NUCLEO-F429ZI.elf.dir/third-party/stm32-sapi/src/sapi_tick.c.obj
                0x20000f80                tickRateMS
 .bss.tickCounter
                0x20000f88        0x8 CMakeFiles/NUCLEO-F429ZI.elf.dir/third-party/stm32-sapi/src/sapi_tick.c.obj
                0x20000f88                tickCounter
 .bss.__sf      0x20000f90      0x138 /Applications/ArmGNUToolchain/13.3.rel1/arm-none-eabi/bin/../lib/gcc/arm-none-eabi/13.3.1/../../../../arm-none-eabi/lib/thumb/v7e-m/nofp/libg.a(libc_a-findfp.o)
                0x20000f90                __sf
 .bss.__stdio_exit_handler
                0x200010c8        0x4 /Applications/ArmGNUToolchain/13.3.rel1/arm-none-eabi/bin/../lib/gcc/arm-none-eabi/13.3.1/../../../../arm-none-eabi/lib/thumb/v7e-m/nofp/libg.a(libc_a-findfp.o)
                0x200010c8                __stdio_exit_handler
 .bss.__lock___malloc_recursive_mutex
                0x200010cc        0x1 /Applications/ArmGNUToolchain/13.3.rel1/arm-none-eabi/bin/../lib/gcc/arm-none-eabi/13.3.1/../../../../arm-none-eabi/lib/thumb/v7e-m/nofp/libg.a(libc_a-lock.o)
                0x200010cc                __lock___malloc_recursive_mutex
 *fill*         0x200010cd        0x3 
 .bss.__lock___atexit_recursive_mutex
                0x200010d0        0x1 /Applications/ArmGNUToolchain/13.3.rel1/arm-none-eabi/bin/../lib/gcc/arm-none-eabi/13.3.1/../../../../arm-none-eabi/lib/thumb/v7e-m/nofp/libg.a(libc_a-lock.o)
                0x200010d0                __lock___atexit_recursive_mutex
 *fill*         0x200010d1        0x3 
 .bss.__lock___sfp_recursive_mutex
                0x200010d4        0x1 /Applications/ArmGNUToolchain/13.3.rel1/arm-none-eabi/bin/../lib/gcc/arm-none-eabi/13.3.1/../../../../arm-none-eabi/lib/thumb/v7e-m/nofp/libg.a(libc_a-lock.o)
                0x200010d4                __lock___sfp_recursive_mutex
 *fill*         0x200010d5        0x3 
 .bss.__atexit  0x200010d8        0x4 /Applications/ArmGNUToolchain/13.3.rel1/arm-none-eabi/bin/../lib/gcc/arm-none-eabi/13.3.1/../../../../arm-none-eabi/lib/thumb/v7e-m/nofp/libg.a(libc_a-__call_atexit.o)
                0x200010d8                __atexit
 .bss.__malloc_current_mallinfo
                0x200010dc       0x28 /Applications/ArmGNUToolchain/13.3.rel1/arm-none-eabi/bin/../lib/gcc/arm-none-eabi/13.3.1/../../../../arm-none-eabi/lib/thumb/v7e-m/nofp/libg.a(libc_a-mallocr.o)
                0x200010dc                __malloc_current_mallinfo
 .bss.__malloc_max_total_mem
                0x20001104        0x4 /Applications/ArmGNUToolchain/13.3.rel1/arm-none-eabi/bin/../lib/gcc/arm-none-eabi/13.3.1/../../../../arm-none-eabi/lib/thumb/v7e-m/nofp/libg.a(libc_a-mallocr.o)
                0x20001104                __malloc_max_total_mem
 .bss.__malloc_max_sbrked_mem
                0x20001108        0x4 /Applications/ArmGNUToolchain/13.3.rel1/arm-none-eabi/bin/../lib/gcc/arm-none-eabi/13.3.1/../../../../arm-none-eabi/lib/thumb/v7e-m/nofp/libg.a(libc_a-mallocr.o)
                0x20001108                __malloc_max_sbrked_mem
 .bss.__malloc_top_pad
                0x2000110c        0x4 /Applications/ArmGNUToolchain/13.3.rel1/arm-none-eabi/bin/../lib/gcc/arm-none-eabi/13.3.1/../../../../arm-none-eabi/lib/thumb/v7e-m/nofp/libg.a(libc_a-mallocr.o)
                0x2000110c                __malloc_top_pad
 .bss.errno     0x20001110        0x4 /Applications/ArmGNUToolchain/13.3.rel1/arm-none-eabi/bin/../lib/gcc/arm-none-eabi/13.3.1/../../../../arm-none-eabi/lib/thumb/v7e-m/nofp/libg.a(libc_a-reent.o)
                0x20001110                errno
 .bss.__atexit0
                0x20001114      0x190 /Applications/ArmGNUToolchain/13.3.rel1/arm-none-eabi/bin/../lib/gcc/arm-none-eabi/13.3.1/../../../../arm-none-eabi/lib/thumb/v7e-m/nofp/libg.a(libc_a-__atexit.o)
                0x20001114                __atexit0
 *(COMMON)
                0x200012a4                        . = ALIGN (0x4)
                0x200012a4                        _ebss = .
                0x200012a4                        __bss_end__ = _ebss

._user_heap_stack
                0x200012a4      0x604
                0x200012a8                        . = ALIGN (0x8)
 *fill*         0x200012a4        0x4 
                [!provide]                        PROVIDE (end = .)
                0x200012a8                        PROVIDE (_end = .)
                0x200014a8                        . = (. + _Min_Heap_Size)
 *fill*         0x200012a8      0x200 
                0x200018a8                        . = (. + _Min_Stack_Size)
 *fill*         0x200014a8      0x400 
                0x200018a8                        . = ALIGN (0x8)

/DISCARD/
 libc.a(*)
 libm.a(*)
 libgcc.a(*)

.ARM.attributes
                0x00000000       0x2a
 *(.ARM.attributes)
 .ARM.attributes
                0x00000000       0x1e /Applications/ArmGNUToolchain/13.3.rel1/arm-none-eabi/bin/../lib/gcc/arm-none-eabi/13.3.1/thumb/v7e-m/nofp/crti.o
 .ARM.attributes
                0x0000001e       0x2e /Applications/ArmGNUToolchain/13.3.rel1/arm-none-eabi/bin/../lib/gcc/arm-none-eabi/13.3.1/thumb/v7e-m/nofp/crtbegin.o
 .ARM.attributes
                0x0000004c       0x2e CMakeFiles/NUCLEO-F429ZI.elf.dir/Core/Src/eth.c.obj
 .ARM.attributes
                0x0000007a       0x2e CMakeFiles/NUCLEO-F429ZI.elf.dir/Core/Src/gpio.c.obj
 .ARM.attributes
                0x000000a8       0x2e CMakeFiles/NUCLEO-F429ZI.elf.dir/Core/Src/main.c.obj
 .ARM.attributes
                0x000000d6       0x2e CMakeFiles/NUCLEO-F429ZI.elf.dir/Core/Src/spi.c.obj
 .ARM.attributes
                0x00000104       0x2e CMakeFiles/NUCLEO-F429ZI.elf.dir/Core/Src/stm32f4xx_hal_msp.c.obj
 .ARM.attributes
                0x00000132       0x2e CMakeFiles/NUCLEO-F429ZI.elf.dir/Core/Src/stm32f4xx_it.c.obj
 .ARM.attributes
                0x00000160       0x2e CMakeFiles/NUCLEO-F429ZI.elf.dir/Core/Src/syscalls.c.obj
 .ARM.attributes
                0x0000018e       0x2e CMakeFiles/NUCLEO-F429ZI.elf.dir/Core/Src/sysmem.c.obj
 .ARM.attributes
                0x000001bc       0x2e CMakeFiles/NUCLEO-F429ZI.elf.dir/Core/Src/system_stm32f4xx.c.obj
 .ARM.attributes
                0x000001ea       0x2e CMakeFiles/NUCLEO-F429ZI.elf.dir/Core/Src/usart.c.obj
 .ARM.attributes
                0x00000218       0x2e CMakeFiles/NUCLEO-F429ZI.elf.dir/Core/Src/usb_otg.c.obj
 .ARM.attributes
                0x00000246       0x21 CMakeFiles/NUCLEO-F429ZI.elf.dir/Core/Startup/startup_stm32f429zitx.s.obj
 .ARM.attributes
                0x00000267       0x2e CMakeFiles/NUCLEO-F429ZI.elf.dir/Drivers/STM32F4xx_HAL_Driver/Src/stm32f4xx_hal.c.obj
 .ARM.attributes
                0x00000295       0x2e CMakeFiles/NUCLEO-F429ZI.elf.dir/Drivers/STM32F4xx_HAL_Driver/Src/stm32f4xx_hal_cortex.c.obj
 .ARM.attributes
                0x000002c3       0x2e CMakeFiles/NUCLEO-F429ZI.elf.dir/Drivers/STM32F4xx_HAL_Driver/Src/stm32f4xx_hal_dma.c.obj
 .ARM.attributes
                0x000002f1       0x2e CMakeFiles/NUCLEO-F429ZI.elf.dir/Drivers/STM32F4xx_HAL_Driver/Src/stm32f4xx_hal_eth.c.obj
 .ARM.attributes
                0x0000031f       0x2e CMakeFiles/NUCLEO-F429ZI.elf.dir/Drivers/STM32F4xx_HAL_Driver/Src/stm32f4xx_hal_gpio.c.obj
 .ARM.attributes
                0x0000034d       0x2e CMakeFiles/NUCLEO-F429ZI.elf.dir/Drivers/STM32F4xx_HAL_Driver/Src/stm32f4xx_hal_pcd.c.obj
 .ARM.attributes
                0x0000037b       0x2e CMakeFiles/NUCLEO-F429ZI.elf.dir/Drivers/STM32F4xx_HAL_Driver/Src/stm32f4xx_hal_rcc.c.obj
 .ARM.attributes
                0x000003a9       0x2e CMakeFiles/NUCLEO-F429ZI.elf.dir/Drivers/STM32F4xx_HAL_Driver/Src/stm32f4xx_hal_spi.c.obj
 .ARM.attributes
                0x000003d7       0x2e CMakeFiles/NUCLEO-F429ZI.elf.dir/Drivers/STM32F4xx_HAL_Driver/Src/stm32f4xx_hal_uart.c.obj
 .ARM.attributes
                0x00000405       0x2e CMakeFiles/NUCLEO-F429ZI.elf.dir/Drivers/STM32F4xx_HAL_Driver/Src/stm32f4xx_ll_usb.c.obj
 .ARM.attributes
                0x00000433       0x2e CMakeFiles/NUCLEO-F429ZI.elf.dir/blinkySysTick/blinkySysTick.c.obj
 .ARM.attributes
                0x00000461       0x2e CMakeFiles/NUCLEO-F429ZI.elf.dir/blinkySysTick/hook.c.obj
 .ARM.attributes
                0x0000048f       0x2e CMakeFiles/NUCLEO-F429ZI.elf.dir/bsp/stm32f4xx_nucleo_144.c.obj
 .ARM.attributes
                0x000004bd       0x2e CMakeFiles/NUCLEO-F429ZI.elf.dir/mTime/mTime.c.obj
 .ARM.attributes
                0x000004eb       0x2e CMakeFiles/NUCLEO-F429ZI.elf.dir/mTime/mTimeTbl.c.obj
 .ARM.attributes
                0x00000519       0x2e CMakeFiles/NUCLEO-F429ZI.elf.dir/salt/bsp/bsp-salt.c.obj
 .ARM.attributes
                0x00000547       0x2e CMakeFiles/NUCLEO-F429ZI.elf.dir/salt/peripherals/ihm/onSwitch.c.obj
 .ARM.attributes
                0x00000575       0x2e CMakeFiles/NUCLEO-F429ZI.elf.dir/salt/peripherals/pulse-counter/pulseCounterFromEduCiaaBsp.c.obj
 .ARM.attributes
                0x000005a3       0x2e CMakeFiles/NUCLEO-F429ZI.elf.dir/salt/peripherals/serial/serial.c.obj
 .ARM.attributes
                0x000005d1       0x2e CMakeFiles/NUCLEO-F429ZI.elf.dir/salt/utilities/rtime/rtime.c.obj
 .ARM.attributes
                0x000005ff       0x2e CMakeFiles/NUCLEO-F429ZI.elf.dir/third-party/rkh/source/fwk/src/rkhfwk_bittbl.c.obj
 .ARM.attributes
                0x0000062d       0x2e CMakeFiles/NUCLEO-F429ZI.elf.dir/third-party/rkh/source/fwk/src/rkhfwk_dynevt.c.obj
 .ARM.attributes
                0x0000065b       0x2e CMakeFiles/NUCLEO-F429ZI.elf.dir/third-party/rkh/source/fwk/src/rkhfwk_evtpool.c.obj
 .ARM.attributes
                0x00000689       0x2e CMakeFiles/NUCLEO-F429ZI.elf.dir/third-party/rkh/source/fwk/src/rkhfwk_rdygrp.c.obj
 .ARM.attributes
                0x000006b7       0x2e CMakeFiles/NUCLEO-F429ZI.elf.dir/third-party/rkh/source/fwk/src/rkhfwk_sched.c.obj
 .ARM.attributes
                0x000006e5       0x2e CMakeFiles/NUCLEO-F429ZI.elf.dir/third-party/rkh/source/mempool/src/rkhmempool.c.obj
 .ARM.attributes
                0x00000713       0x2e CMakeFiles/NUCLEO-F429ZI.elf.dir/third-party/rkh/source/portable/arm-cortex/rkhs/arm_cm4f/stm32/rkhport.c.obj
 .ARM.attributes
                0x00000741       0x2e CMakeFiles/NUCLEO-F429ZI.elf.dir/third-party/rkh/source/queue/src/rkhqueue.c.obj
 .ARM.attributes
                0x0000076f       0x2e CMakeFiles/NUCLEO-F429ZI.elf.dir/third-party/rkh/source/sm/src/rkhsm.c.obj
 .ARM.attributes
                0x0000079d       0x2e CMakeFiles/NUCLEO-F429ZI.elf.dir/third-party/rkh/source/sma/src/rkhsma.c.obj
 .ARM.attributes
                0x000007cb       0x2e CMakeFiles/NUCLEO-F429ZI.elf.dir/third-party/rkh/source/sma/src/rkhsma_prio.c.obj
 .ARM.attributes
                0x000007f9       0x2e CMakeFiles/NUCLEO-F429ZI.elf.dir/third-party/rkh/source/sma/src/rkhsma_sync.c.obj
 .ARM.attributes
                0x00000827       0x2e CMakeFiles/NUCLEO-F429ZI.elf.dir/third-party/rkh/source/tmr/src/rkhtmr.c.obj
 .ARM.attributes
                0x00000855       0x2e CMakeFiles/NUCLEO-F429ZI.elf.dir/third-party/stm32-sapi/src/sapi_gpio.c.obj
 .ARM.attributes
                0x00000883       0x2e CMakeFiles/NUCLEO-F429ZI.elf.dir/third-party/stm32-sapi/src/sapi_tick.c.obj
 .ARM.attributes
                0x000008b1       0x1e /Applications/ArmGNUToolchain/13.3.rel1/arm-none-eabi/bin/../lib/gcc/arm-none-eabi/13.3.1/thumb/v7e-m/nofp/libgcc.a(_aeabi_uldivmod.o)
 .ARM.attributes
                0x000008cf       0x2e /Applications/ArmGNUToolchain/13.3.rel1/arm-none-eabi/bin/../lib/gcc/arm-none-eabi/13.3.1/thumb/v7e-m/nofp/libgcc.a(_udivmoddi4.o)
 .ARM.attributes
                0x000008fd       0x1e /Applications/ArmGNUToolchain/13.3.rel1/arm-none-eabi/bin/../lib/gcc/arm-none-eabi/13.3.1/thumb/v7e-m/nofp/libgcc.a(_dvmd_tls.o)
 .ARM.attributes
                0x0000091b       0x2e /Applications/ArmGNUToolchain/13.3.rel1/arm-none-eabi/bin/../lib/gcc/arm-none-eabi/13.3.1/../../../../arm-none-eabi/lib/thumb/v7e-m/nofp/libg.a(libc_a-puts.o)
 .ARM.attributes
                0x00000949       0x2e /Applications/ArmGNUToolchain/13.3.rel1/arm-none-eabi/bin/../lib/gcc/arm-none-eabi/13.3.1/../../../../arm-none-eabi/lib/thumb/v7e-m/nofp/libg.a(libc_a-findfp.o)
 .ARM.attributes
                0x00000977       0x2e /Applications/ArmGNUToolchain/13.3.rel1/arm-none-eabi/bin/../lib/gcc/arm-none-eabi/13.3.1/../../../../arm-none-eabi/lib/thumb/v7e-m/nofp/libg.a(libc_a-memmove.o)
 .ARM.attributes
                0x000009a5       0x2e /Applications/ArmGNUToolchain/13.3.rel1/arm-none-eabi/bin/../lib/gcc/arm-none-eabi/13.3.1/../../../../arm-none-eabi/lib/thumb/v7e-m/nofp/libg.a(libc_a-memset.o)
 .ARM.attributes
                0x000009d3       0x2e /Applications/ArmGNUToolchain/13.3.rel1/arm-none-eabi/bin/../lib/gcc/arm-none-eabi/13.3.1/../../../../arm-none-eabi/lib/thumb/v7e-m/nofp/libg.a(libc_a-impure.o)
 .ARM.attributes
                0x00000a01       0x2e /Applications/ArmGNUToolchain/13.3.rel1/arm-none-eabi/bin/../lib/gcc/arm-none-eabi/13.3.1/../../../../arm-none-eabi/lib/thumb/v7e-m/nofp/libg.a(libc_a-errno.o)
 .ARM.attributes
                0x00000a2f       0x2e /Applications/ArmGNUToolchain/13.3.rel1/arm-none-eabi/bin/../lib/gcc/arm-none-eabi/13.3.1/../../../../arm-none-eabi/lib/thumb/v7e-m/nofp/libg.a(libc_a-init.o)
 .ARM.attributes
                0x00000a5d       0x2e /Applications/ArmGNUToolchain/13.3.rel1/arm-none-eabi/bin/../lib/gcc/arm-none-eabi/13.3.1/../../../../arm-none-eabi/lib/thumb/v7e-m/nofp/libg.a(libc_a-lock.o)
 .ARM.attributes
                0x00000a8b       0x1c /Applications/ArmGNUToolchain/13.3.rel1/arm-none-eabi/bin/../lib/gcc/arm-none-eabi/13.3.1/../../../../arm-none-eabi/lib/thumb/v7e-m/nofp/libg.a(libc_a-memcpy.o)
 .ARM.attributes
                0x00000aa7       0x1c /Applications/ArmGNUToolchain/13.3.rel1/arm-none-eabi/bin/../lib/gcc/arm-none-eabi/13.3.1/../../../../arm-none-eabi/lib/thumb/v7e-m/nofp/libg.a(libc_a-strlen.o)
 .ARM.attributes
                0x00000ac3       0x2e /Applications/ArmGNUToolchain/13.3.rel1/arm-none-eabi/bin/../lib/gcc/arm-none-eabi/13.3.1/../../../../arm-none-eabi/lib/thumb/v7e-m/nofp/libg.a(libc_a-__call_atexit.o)
 .ARM.attributes
                0x00000af1       0x2e /Applications/ArmGNUToolchain/13.3.rel1/arm-none-eabi/bin/../lib/gcc/arm-none-eabi/13.3.1/../../../../arm-none-eabi/lib/thumb/v7e-m/nofp/libg.a(libc_a-atexit.o)
 .ARM.attributes
                0x00000b1f       0x2e /Applications/ArmGNUToolchain/13.3.rel1/arm-none-eabi/bin/../lib/gcc/arm-none-eabi/13.3.1/../../../../arm-none-eabi/lib/thumb/v7e-m/nofp/libg.a(libc_a-mallocr.o)
 .ARM.attributes
                0x00000b4d       0x2e /Applications/ArmGNUToolchain/13.3.rel1/arm-none-eabi/bin/../lib/gcc/arm-none-eabi/13.3.1/../../../../arm-none-eabi/lib/thumb/v7e-m/nofp/libg.a(libc_a-fvwrite.o)
 .ARM.attributes
                0x00000b7b       0x2e /Applications/ArmGNUToolchain/13.3.rel1/arm-none-eabi/bin/../lib/gcc/arm-none-eabi/13.3.1/../../../../arm-none-eabi/lib/thumb/v7e-m/nofp/libg.a(libc_a-mlock.o)
 .ARM.attributes
                0x00000ba9       0x2e /Applications/ArmGNUToolchain/13.3.rel1/arm-none-eabi/bin/../lib/gcc/arm-none-eabi/13.3.1/../../../../arm-none-eabi/lib/thumb/v7e-m/nofp/libg.a(libc_a-fwalk.o)
 .ARM.attributes
                0x00000bd7       0x2e /Applications/ArmGNUToolchain/13.3.rel1/arm-none-eabi/bin/../lib/gcc/arm-none-eabi/13.3.1/../../../../arm-none-eabi/lib/thumb/v7e-m/nofp/libg.a(libc_a-reallocr.o)
 .ARM.attributes
                0x00000c05       0x2e /Applications/ArmGNUToolchain/13.3.rel1/arm-none-eabi/bin/../lib/gcc/arm-none-eabi/13.3.1/../../../../arm-none-eabi/lib/thumb/v7e-m/nofp/libg.a(libc_a-fclose.o)
 .ARM.attributes
                0x00000c33       0x2e /Applications/ArmGNUToolchain/13.3.rel1/arm-none-eabi/bin/../lib/gcc/arm-none-eabi/13.3.1/../../../../arm-none-eabi/lib/thumb/v7e-m/nofp/libg.a(libc_a-fflush.o)
 .ARM.attributes
                0x00000c61       0x2e /Applications/ArmGNUToolchain/13.3.rel1/arm-none-eabi/bin/../lib/gcc/arm-none-eabi/13.3.1/../../../../arm-none-eabi/lib/thumb/v7e-m/nofp/libg.a(libc_a-stdio.o)
 .ARM.attributes