Archive member included to satisfy reference by file (symbol)

/usr/local/Cellar/arm-none-eabi-gcc/10.3-2021.10/gcc/bin/../lib/gcc/arm-none-eabi/10.3.1/thumb/v7e-m/nofp/libgcc.a(_aeabi_uldivmod.o)
                              CMakeFiles/NUCLEO-F429ZI.elf.dir/Drivers/STM32F4xx_HAL_Driver/Src/stm32f4xx_hal_rcc.c.obj (__aeabi_uldivmod)
/usr/local/Cellar/arm-none-eabi-gcc/10.3-2021.10/gcc/bin/../lib/gcc/arm-none-eabi/10.3.1/thumb/v7e-m/nofp/libgcc.a(_udivmoddi4.o)
                              /usr/local/Cellar/arm-none-eabi-gcc/10.3-2021.10/gcc/bin/../lib/gcc/arm-none-eabi/10.3.1/thumb/v7e-m/nofp/libgcc.a(_aeabi_uldivmod.o) (__udivmoddi4)
/usr/local/Cellar/arm-none-eabi-gcc/10.3-2021.10/gcc/bin/../lib/gcc/arm-none-eabi/10.3.1/thumb/v7e-m/nofp/libgcc.a(_dvmd_tls.o)
                              /usr/local/Cellar/arm-none-eabi-gcc/10.3-2021.10/gcc/bin/../lib/gcc/arm-none-eabi/10.3.1/thumb/v7e-m/nofp/libgcc.a(_aeabi_uldivmod.o) (__aeabi_ldiv0)
/usr/local/Cellar/arm-none-eabi-gcc/10.3-2021.10/gcc/bin/../lib/gcc/arm-none-eabi/10.3.1/../../../../arm-none-eabi/lib/thumb/v7e-m/nofp/libg.a(lib_a-errno.o)
                              CMakeFiles/NUCLEO-F429ZI.elf.dir/Core/Src/syscalls.c.obj (__errno)
/usr/local/Cellar/arm-none-eabi-gcc/10.3-2021.10/gcc/bin/../lib/gcc/arm-none-eabi/10.3.1/../../../../arm-none-eabi/lib/thumb/v7e-m/nofp/libg.a(lib_a-exit.o)
                              /usr/local/Cellar/arm-none-eabi-gcc/10.3-2021.10/gcc/bin/../lib/gcc/arm-none-eabi/10.3.1/../../../../arm-none-eabi/lib/thumb/v7e-m/nofp/crt0.o (exit)
/usr/local/Cellar/arm-none-eabi-gcc/10.3-2021.10/gcc/bin/../lib/gcc/arm-none-eabi/10.3.1/../../../../arm-none-eabi/lib/thumb/v7e-m/nofp/libg.a(lib_a-impure.o)
                              /usr/local/Cellar/arm-none-eabi-gcc/10.3-2021.10/gcc/bin/../lib/gcc/arm-none-eabi/10.3.1/../../../../arm-none-eabi/lib/thumb/v7e-m/nofp/libg.a(lib_a-exit.o) (_global_impure_ptr)
/usr/local/Cellar/arm-none-eabi-gcc/10.3-2021.10/gcc/bin/../lib/gcc/arm-none-eabi/10.3.1/../../../../arm-none-eabi/lib/thumb/v7e-m/nofp/libg.a(lib_a-init.o)
                              /usr/local/Cellar/arm-none-eabi-gcc/10.3-2021.10/gcc/bin/../lib/gcc/arm-none-eabi/10.3.1/../../../../arm-none-eabi/lib/thumb/v7e-m/nofp/crt0.o (__libc_init_array)
/usr/local/Cellar/arm-none-eabi-gcc/10.3-2021.10/gcc/bin/../lib/gcc/arm-none-eabi/10.3.1/../../../../arm-none-eabi/lib/thumb/v7e-m/nofp/libg.a(lib_a-memcpy.o)
                              CMakeFiles/NUCLEO-F429ZI.elf.dir/third-party/rkh/source/trc/src/rkhtrc_stream.c.obj (memcpy)
/usr/local/Cellar/arm-none-eabi-gcc/10.3-2021.10/gcc/bin/../lib/gcc/arm-none-eabi/10.3.1/../../../../arm-none-eabi/lib/thumb/v7e-m/nofp/libg.a(lib_a-memset.o)
                              /usr/local/Cellar/arm-none-eabi-gcc/10.3-2021.10/gcc/bin/../lib/gcc/arm-none-eabi/10.3.1/../../../../arm-none-eabi/lib/thumb/v7e-m/nofp/crt0.o (memset)
/usr/local/Cellar/arm-none-eabi-gcc/10.3-2021.10/gcc/bin/../lib/gcc/arm-none-eabi/10.3.1/../../../../arm-none-eabi/lib/thumb/v7e-m/nofp/libg.a(lib_a-printf.o)
                              CMakeFiles/NUCLEO-F429ZI.elf.dir/blinky/bsp_blinky.c.obj (printf)
/usr/local/Cellar/arm-none-eabi-gcc/10.3-2021.10/gcc/bin/../lib/gcc/arm-none-eabi/10.3.1/../../../../arm-none-eabi/lib/thumb/v7e-m/nofp/libg.a(lib_a-puts.o)
                              CMakeFiles/NUCLEO-F429ZI.elf.dir/blinky/bsp_blinky.c.obj (puts)
/usr/local/Cellar/arm-none-eabi-gcc/10.3-2021.10/gcc/bin/../lib/gcc/arm-none-eabi/10.3.1/../../../../arm-none-eabi/lib/thumb/v7e-m/nofp/libg.a(lib_a-strlen.o)
                              /usr/local/Cellar/arm-none-eabi-gcc/10.3-2021.10/gcc/bin/../lib/gcc/arm-none-eabi/10.3.1/../../../../arm-none-eabi/lib/thumb/v7e-m/nofp/libg.a(lib_a-puts.o) (strlen)
/usr/local/Cellar/arm-none-eabi-gcc/10.3-2021.10/gcc/bin/../lib/gcc/arm-none-eabi/10.3.1/../../../../arm-none-eabi/lib/thumb/v7e-m/nofp/libg.a(lib_a-vfprintf.o)
                              /usr/local/Cellar/arm-none-eabi-gcc/10.3-2021.10/gcc/bin/../lib/gcc/arm-none-eabi/10.3.1/../../../../arm-none-eabi/lib/thumb/v7e-m/nofp/libg.a(lib_a-printf.o) (_vfprintf_r)
/usr/local/Cellar/arm-none-eabi-gcc/10.3-2021.10/gcc/bin/../lib/gcc/arm-none-eabi/10.3.1/../../../../arm-none-eabi/lib/thumb/v7e-m/nofp/libg.a(lib_a-wsetup.o)
                              /usr/local/Cellar/arm-none-eabi-gcc/10.3-2021.10/gcc/bin/../lib/gcc/arm-none-eabi/10.3.1/../../../../arm-none-eabi/lib/thumb/v7e-m/nofp/libg.a(lib_a-vfprintf.o) (__swsetup_r)
/usr/local/Cellar/arm-none-eabi-gcc/10.3-2021.10/gcc/bin/../lib/gcc/arm-none-eabi/10.3.1/../../../../arm-none-eabi/lib/thumb/v7e-m/nofp/libg.a(lib_a-__call_atexit.o)
                              /usr/local/Cellar/arm-none-eabi-gcc/10.3-2021.10/gcc/bin/../lib/gcc/arm-none-eabi/10.3.1/../../../../arm-none-eabi/lib/thumb/v7e-m/nofp/libg.a(lib_a-exit.o) (__call_exitprocs)
[...]
Memory Configuration

Name             Origin             Length             Attributes
CCMRAM           0x0000000010000000 0x0000000000010000 xrw
RAM              0x0000000020000000 0x0000000000030000 xrw
FLASH            0x0000000008000000 0x0000000000200000 xr
*default*        0x0000000000000000 0xffffffffffffffff

Linker script and memory map

LOAD /usr/local/Cellar/arm-none-eabi-gcc/10.3-2021.10/gcc/bin/../lib/gcc/arm-none-eabi/10.3.1/thumb/v7e-m/nofp/crti.o
LOAD /usr/local/Cellar/arm-none-eabi-gcc/10.3-2021.10/gcc/bin/../lib/gcc/arm-none-eabi/10.3.1/thumb/v7e-m/nofp/crtbegin.o
LOAD /usr/local/Cellar/arm-none-eabi-gcc/10.3-2021.10/gcc/bin/../lib/gcc/arm-none-eabi/10.3.1/../../../../arm-none-eabi/lib/thumb/v7e-m/nofp/crt0.o
LOAD CMakeFiles/NUCLEO-F429ZI.elf.dir/Core/Src/eth.c.obj
LOAD CMakeFiles/NUCLEO-F429ZI.elf.dir/Core/Src/gpio.c.obj
LOAD CMakeFiles/NUCLEO-F429ZI.elf.dir/Core/Src/main.c.obj
LOAD CMakeFiles/NUCLEO-F429ZI.elf.dir/Core/Src/stm32f4xx_hal_msp.c.obj
LOAD CMakeFiles/NUCLEO-F429ZI.elf.dir/Core/Src/stm32f4xx_it.c.obj
LOAD CMakeFiles/NUCLEO-F429ZI.elf.dir/Core/Src/syscalls.c.obj
LOAD CMakeFiles/NUCLEO-F429ZI.elf.dir/Core/Src/sysmem.c.obj
LOAD CMakeFiles/NUCLEO-F429ZI.elf.dir/Core/Src/system_stm32f4xx.c.obj
LOAD CMakeFiles/NUCLEO-F429ZI.elf.dir/Core/Src/usart.c.obj
LOAD CMakeFiles/NUCLEO-F429ZI.elf.dir/Core/Src/usb_otg.c.obj
LOAD CMakeFiles/NUCLEO-F429ZI.elf.dir/Core/Startup/startup_stm32f429zitx.s.obj
LOAD CMakeFiles/NUCLEO-F429ZI.elf.dir/Drivers/STM32F4xx_HAL_Driver/Src/stm32f4xx_hal.c.obj
LOAD CMakeFiles/NUCLEO-F429ZI.elf.dir/Drivers/STM32F4xx_HAL_Driver/Src/stm32f4xx_hal_cortex.c.obj
LOAD CMakeFiles/NUCLEO-F429ZI.elf.dir/Drivers/STM32F4xx_HAL_Driver/Src/stm32f4xx_hal_dma.c.obj
LOAD CMakeFiles/NUCLEO-F429ZI.elf.dir/Drivers/STM32F4xx_HAL_Driver/Src/stm32f4xx_hal_dma_ex.c.obj
LOAD CMakeFiles/NUCLEO-F429ZI.elf.dir/Drivers/STM32F4xx_HAL_Driver/Src/stm32f4xx_hal_eth.c.obj
LOAD CMakeFiles/NUCLEO-F429ZI.elf.dir/Drivers/STM32F4xx_HAL_Driver/Src/stm32f4xx_hal_exti.c.obj
LOAD CMakeFiles/NUCLEO-F429ZI.elf.dir/Drivers/STM32F4xx_HAL_Driver/Src/stm32f4xx_hal_flash.c.obj
LOAD CMakeFiles/NUCLEO-F429ZI.elf.dir/Drivers/STM32F4xx_HAL_Driver/Src/stm32f4xx_hal_flash_ex.c.obj
LOAD CMakeFiles/NUCLEO-F429ZI.elf.dir/Drivers/STM32F4xx_HAL_Driver/Src/stm32f4xx_hal_flash_ramfunc.c.obj
LOAD CMakeFiles/NUCLEO-F429ZI.elf.dir/Drivers/STM32F4xx_HAL_Driver/Src/stm32f4xx_hal_gpio.c.obj
LOAD CMakeFiles/NUCLEO-F429ZI.elf.dir/Drivers/STM32F4xx_HAL_Driver/Src/stm32f4xx_hal_pcd.c.obj
LOAD CMakeFiles/NUCLEO-F429ZI.elf.dir/Drivers/STM32F4xx_HAL_Driver/Src/stm32f4xx_hal_pcd_ex.c.obj
LOAD CMakeFiles/NUCLEO-F429ZI.elf.dir/Drivers/STM32F4xx_HAL_Driver/Src/stm32f4xx_hal_pwr.c.obj
LOAD CMakeFiles/NUCLEO-F429ZI.elf.dir/Drivers/STM32F4xx_HAL_Driver/Src/stm32f4xx_hal_pwr_ex.c.obj
LOAD CMakeFiles/NUCLEO-F429ZI.elf.dir/Drivers/STM32F4xx_HAL_Driver/Src/stm32f4xx_hal_rcc.c.obj
LOAD CMakeFiles/NUCLEO-F429ZI.elf.dir/Drivers/STM32F4xx_HAL_Driver/Src/stm32f4xx_hal_rcc_ex.c.obj
LOAD CMakeFiles/NUCLEO-F429ZI.elf.dir/Drivers/STM32F4xx_HAL_Driver/Src/stm32f4xx_hal_tim.c.obj
LOAD CMakeFiles/NUCLEO-F429ZI.elf.dir/Drivers/STM32F4xx_HAL_Driver/Src/stm32f4xx_hal_tim_ex.c.obj
LOAD CMakeFiles/NUCLEO-F429ZI.elf.dir/Drivers/STM32F4xx_HAL_Driver/Src/stm32f4xx_hal_uart.c.obj
LOAD CMakeFiles/NUCLEO-F429ZI.elf.dir/Drivers/STM32F4xx_HAL_Driver/Src/stm32f4xx_ll_usb.c.obj
LOAD CMakeFiles/NUCLEO-F429ZI.elf.dir/blinky/blinky.c.obj
LOAD CMakeFiles/NUCLEO-F429ZI.elf.dir/blinky/bsp_blinky.c.obj
LOAD CMakeFiles/NUCLEO-F429ZI.elf.dir/bsp/stm32f4xx_nucleo_144.c.obj
LOAD CMakeFiles/NUCLEO-F429ZI.elf.dir/third-party/rkh/source/fwk/src/rkhfwk_bittbl.c.obj
LOAD CMakeFiles/NUCLEO-F429ZI.elf.dir/third-party/rkh/source/fwk/src/rkhfwk_dynevt.c.obj
LOAD CMakeFiles/NUCLEO-F429ZI.elf.dir/third-party/rkh/source/fwk/src/rkhfwk_evtpool.c.obj
LOAD CMakeFiles/NUCLEO-F429ZI.elf.dir/third-party/rkh/source/fwk/src/rkhfwk_pubsub.c.obj
LOAD CMakeFiles/NUCLEO-F429ZI.elf.dir/third-party/rkh/source/fwk/src/rkhfwk_rdygrp.c.obj
LOAD CMakeFiles/NUCLEO-F429ZI.elf.dir/third-party/rkh/source/fwk/src/rkhfwk_sched.c.obj
LOAD CMakeFiles/NUCLEO-F429ZI.elf.dir/third-party/rkh/source/fwk/src/rkhfwk_version.c.obj
LOAD CMakeFiles/NUCLEO-F429ZI.elf.dir/third-party/rkh/source/mempool/src/rkhmempool.c.obj
LOAD CMakeFiles/NUCLEO-F429ZI.elf.dir/third-party/rkh/source/portable/arm-cortex/rkhs/arm_cm4f/stm32/rkhport.c.obj
LOAD CMakeFiles/NUCLEO-F429ZI.elf.dir/third-party/rkh/source/queue/src/rkhqueue.c.obj
LOAD CMakeFiles/NUCLEO-F429ZI.elf.dir/third-party/rkh/source/sm/src/rkhsm.c.obj
LOAD CMakeFiles/NUCLEO-F429ZI.elf.dir/third-party/rkh/source/sma/src/rkhsma.c.obj
LOAD CMakeFiles/NUCLEO-F429ZI.elf.dir/third-party/rkh/source/sma/src/rkhsma_prio.c.obj
LOAD CMakeFiles/NUCLEO-F429ZI.elf.dir/third-party/rkh/source/sma/src/rkhsma_sync.c.obj
LOAD CMakeFiles/NUCLEO-F429ZI.elf.dir/third-party/rkh/source/tmr/src/rkhtmr.c.obj
LOAD CMakeFiles/NUCLEO-F429ZI.elf.dir/third-party/rkh/source/trc/src/rkhtrc_filter.c.obj
LOAD CMakeFiles/NUCLEO-F429ZI.elf.dir/third-party/rkh/source/trc/src/rkhtrc_record.c.obj
LOAD CMakeFiles/NUCLEO-F429ZI.elf.dir/third-party/rkh/source/trc/src/rkhtrc_stream.c.obj
START GROUP
LOAD /usr/local/Cellar/arm-none-eabi-gcc/10.3-2021.10/gcc/bin/../lib/gcc/arm-none-eabi/10.3.1/thumb/v7e-m/nofp/libgcc.a
LOAD /usr/local/Cellar/arm-none-eabi-gcc/10.3-2021.10/gcc/bin/../lib/gcc/arm-none-eabi/10.3.1/../../../../arm-none-eabi/lib/thumb/v7e-m/nofp/libg.a
LOAD /usr/local/Cellar/arm-none-eabi-gcc/10.3-2021.10/gcc/bin/../lib/gcc/arm-none-eabi/10.3.1/../../../../arm-none-eabi/lib/thumb/v7e-m/nofp/libc.a
END GROUP
LOAD /usr/local/Cellar/arm-none-eabi-gcc/10.3-2021.10/gcc/bin/../lib/gcc/arm-none-eabi/10.3.1/thumb/v7e-m/nofp/crtend.o
LOAD /usr/local/Cellar/arm-none-eabi-gcc/10.3-2021.10/gcc/bin/../lib/gcc/arm-none-eabi/10.3.1/thumb/v7e-m/nofp/crtn.o
                0x0000000020030000                _estack = (ORIGIN (RAM) + LENGTH (RAM))
                0x0000000000000200                _Min_Heap_Size = 0x200
                0x0000000000000400                _Min_Stack_Size = 0x400

.isr_vector     0x0000000008000000      0x1ac
                0x0000000008000000                . = ALIGN (0x4)
 *(.isr_vector)
 .isr_vector    0x0000000008000000      0x1ac CMakeFiles/NUCLEO-F429ZI.elf.dir/Core/Startup/startup_stm32f429zitx.s.obj
                0x0000000008000000                g_pfnVectors
                0x00000000080001ac                . = ALIGN (0x4)

.text           0x00000000080001ac     0x1f2c
                0x00000000080001ac                . = ALIGN (0x4)
 *(.text)
 .text          0x00000000080001ac       0x40 /usr/local/Cellar/arm-none-eabi-gcc/10.3-2021.10/gcc/bin/../lib/gcc/arm-none-eabi/10.3.1/thumb/v7e-m/nofp/crtbegin.o
 .text          0x00000000080001ec       0x30 /usr/local/Cellar/arm-none-eabi-gcc/10.3-2021.10/gcc/bin/../lib/gcc/arm-none-eabi/10.3.1/thumb/v7e-m/nofp/libgcc.a(_aeabi_uldivmod.o)
                0x00000000080001ec                __aeabi_uldivmod
 .text          0x000000000800021c      0x2d0 /usr/local/Cellar/arm-none-eabi-gcc/10.3-2021.10/gcc/bin/../lib/gcc/arm-none-eabi/10.3.1/thumb/v7e-m/nofp/libgcc.a(_udivmoddi4.o)
                0x000000000800021c                __udivmoddi4
 .text          0x00000000080004ec        0x4 /usr/local/Cellar/arm-none-eabi-gcc/10.3-2021.10/gcc/bin/../lib/gcc/arm-none-eabi/10.3.1/thumb/v7e-m/nofp/libgcc.a(_dvmd_tls.o)
                0x00000000080004ec                __aeabi_ldiv0
                0x00000000080004ec                __aeabi_idiv0
 *(.text*)
 .text.MX_ETH_Init
                0x00000000080004f0       0x70 CMakeFiles/NUCLEO-F429ZI.elf.dir/Core/Src/eth.c.obj
                0x00000000080004f0                MX_ETH_Init
 .text.HAL_ETH_MspInit
                0x0000000008000560      0x11c CMakeFiles/NUCLEO-F429ZI.elf.dir/Core/Src/eth.c.obj
                0x0000000008000560                HAL_ETH_MspInit
 .text.MX_GPIO_Init
                0x000000000800067c      0x108 CMakeFiles/NUCLEO-F429ZI.elf.dir/Core/Src/gpio.c.obj
                0x000000000800067c                MX_GPIO_Init
 .text.Error_Handler
                0x0000000008000784        0x4 CMakeFiles/NUCLEO-F429ZI.elf.dir/Core/Src/main.c.obj
                0x0000000008000784                Error_Handler
 .text.SystemClock_Config
                0x0000000008000788       0xa8 CMakeFiles/NUCLEO-F429ZI.elf.dir/Core/Src/main.c.obj
                0x0000000008000788                SystemClock_Config
 .text.main     0x0000000008000830       0x1e CMakeFiles/NUCLEO-F429ZI.elf.dir/Core/Src/main.c.obj
                0x0000000008000830                main
 *fill*         0x000000000800084e        0x2 
 .text.HAL_MspInit
                0x0000000008000850       0x38 CMakeFiles/NUCLEO-F429ZI.elf.dir/Core/Src/stm32f4xx_hal_msp.c.obj
                0x0000000008000850                HAL_MspInit
 .text.NMI_Handler
                0x0000000008000888        0x2 CMakeFiles/NUCLEO-F429ZI.elf.dir/Core/Src/stm32f4xx_it.c.obj
                0x0000000008000888                NMI_Handler
 .text.HardFault_Handler
                0x000000000800088a        0x2 CMakeFiles/NUCLEO-F429ZI.elf.dir/Core/Src/stm32f4xx_it.c.obj
                0x000000000800088a                HardFault_Handler
 .text.MemManage_Handler
                0x000000000800088c        0x2 CMakeFiles/NUCLEO-F429ZI.elf.dir/Core/Src/stm32f4xx_it.c.obj
                0x000000000800088c                MemManage_Handler
 .text.BusFault_Handler
                0x000000000800088e        0x2 CMakeFiles/NUCLEO-F429ZI.elf.dir/Core/Src/stm32f4xx_it.c.obj
                0x000000000800088e                BusFault_Handler
 .text.UsageFault_Handler
                0x0000000008000890        0x2 CMakeFiles/NUCLEO-F429ZI.elf.dir/Core/Src/stm32f4xx_it.c.obj
                0x0000000008000890                UsageFault_Handler
 .text.SVC_Handler
                0x0000000008000892        0x2 CMakeFiles/NUCLEO-F429ZI.elf.dir/Core/Src/stm32f4xx_it.c.obj
                0x0000000008000892                SVC_Handler
 .text.DebugMon_Handler
                0x0000000008000894        0x2 CMakeFiles/NUCLEO-F429ZI.elf.dir/Core/Src/stm32f4xx_it.c.obj
                0x0000000008000894                DebugMon_Handler
 .text.PendSV_Handler
                0x0000000008000896        0x2 CMakeFiles/NUCLEO-F429ZI.elf.dir/Core/Src/stm32f4xx_it.c.obj
                0x0000000008000896                PendSV_Handler
 .text.SysTick_Handler
                0x0000000008000898        0x8 CMakeFiles/NUCLEO-F429ZI.elf.dir/Core/Src/stm32f4xx_it.c.obj
                0x0000000008000898                SysTick_Handler
 .text.SystemInit
                0x00000000080008a0        0x2 CMakeFiles/NUCLEO-F429ZI.elf.dir/Core/Src/system_stm32f4xx.c.obj
                0x00000000080008a0                SystemInit
 *fill*         0x00000000080008a2        0x2 
 .text.MX_USART3_UART_Init
                0x00000000080008a4       0x34 CMakeFiles/NUCLEO-F429ZI.elf.dir/Core/Src/usart.c.obj
                0x00000000080008a4                MX_USART3_UART_Init
 .text.HAL_UART_MspInit
                0x00000000080008d8       0x70 CMakeFiles/NUCLEO-F429ZI.elf.dir/Core/Src/usart.c.obj
                0x00000000080008d8                HAL_UART_MspInit
 .text.MX_USB_OTG_FS_PCD_Init
                0x0000000008000948       0x38 CMakeFiles/NUCLEO-F429ZI.elf.dir/Core/Src/usb_otg.c.obj
                0x0000000008000948                MX_USB_OTG_FS_PCD_Init
 .text.HAL_PCD_MspInit
                0x0000000008000980       0x88 CMakeFiles/NUCLEO-F429ZI.elf.dir/Core/Src/usb_otg.c.obj
                0x0000000008000980                HAL_PCD_MspInit
 .text.Reset_Handler
                0x0000000008000a08       0x50 CMakeFiles/NUCLEO-F429ZI.elf.dir/Core/Startup/startup_stm32f429zitx.s.obj
                0x0000000008000a08                Reset_Handler
 .text.Default_Handler
                0x0000000008000a58        0x2 CMakeFiles/NUCLEO-F429ZI.elf.dir/Core/Startup/startup_stm32f429zitx.s.obj
                0x0000000008000a58                DMA1_Stream3_IRQHandler
                0x0000000008000a58                HASH_RNG_IRQHandler
                0x0000000008000a58                EXTI2_IRQHandler
                0x0000000008000a58                TIM8_CC_IRQHandler
                0x0000000008000a58                UART8_IRQHandler
                0x0000000008000a58                SPI4_IRQHandler
                0x0000000008000a58                TIM1_CC_IRQHandler
                0x0000000008000a58                DMA2_Stream5_IRQHandler
                0x0000000008000a58                DMA1_Stream5_IRQHandler
                0x0000000008000a58                PVD_IRQHandler
                0x0000000008000a58                SDIO_IRQHandler
                0x0000000008000a58                TAMP_STAMP_IRQHandler
                0x0000000008000a58                CAN2_RX1_IRQHandler
                0x0000000008000a58                EXTI3_IRQHandler
                0x0000000008000a58                TIM8_TRG_COM_TIM14_IRQHandler
                0x0000000008000a58                TIM1_UP_TIM10_IRQHandler
                0x0000000008000a58                TIM8_UP_TIM13_IRQHandler
                0x0000000008000a58                I2C3_ER_IRQHandler
                0x0000000008000a58                EXTI0_IRQHandler
                0x0000000008000a58                I2C2_EV_IRQHandler
                0x0000000008000a58                DMA1_Stream2_IRQHandler
                0x0000000008000a58                CAN1_RX0_IRQHandler
                0x0000000008000a58                FPU_IRQHandler
                0x0000000008000a58                OTG_HS_WKUP_IRQHandler
                0x0000000008000a58                LTDC_ER_IRQHandler
                0x0000000008000a58                CAN2_SCE_IRQHandler
                0x0000000008000a58                DMA2_Stream2_IRQHandler
                0x0000000008000a58                SPI1_IRQHandler
                0x0000000008000a58                TIM6_DAC_IRQHandler
                0x0000000008000a58                TIM1_BRK_TIM9_IRQHandler
                0x0000000008000a58                DCMI_IRQHandler
                0x0000000008000a58                CAN2_RX0_IRQHandler
                0x0000000008000a58                DMA2_Stream3_IRQHandler
                0x0000000008000a58                USART6_IRQHandler
                0x0000000008000a58                USART3_IRQHandler
                0x0000000008000a58                CAN1_RX1_IRQHandler
                0x0000000008000a58                UART5_IRQHandler
                0x0000000008000a58                DMA2_Stream0_IRQHandler
                0x0000000008000a58                TIM4_IRQHandler
                0x0000000008000a58                I2C1_EV_IRQHandler
                0x0000000008000a58                DMA1_Stream6_IRQHandler
                0x0000000008000a58                DMA1_Stream1_IRQHandler
                0x0000000008000a58                UART4_IRQHandler
                0x0000000008000a58                TIM3_IRQHandler
                0x0000000008000a58                RCC_IRQHandler
                0x0000000008000a58                TIM8_BRK_TIM12_IRQHandler
                0x0000000008000a58                Default_Handler
                0x0000000008000a58                EXTI15_10_IRQHandler
                0x0000000008000a58                ADC_IRQHandler
                0x0000000008000a58                DMA1_Stream7_IRQHandler
                0x0000000008000a58                SPI5_IRQHandler
                0x0000000008000a58                TIM7_IRQHandler
                0x0000000008000a58                CAN2_TX_IRQHandler
                0x0000000008000a58                TIM5_IRQHandler
                0x0000000008000a58                DMA2_Stream7_IRQHandler
                0x0000000008000a58                I2C3_EV_IRQHandler
                0x0000000008000a58                EXTI9_5_IRQHandler
                0x0000000008000a58                RTC_WKUP_IRQHandler
                0x0000000008000a58                LTDC_IRQHandler
                0x0000000008000a58                ETH_WKUP_IRQHandler
                0x0000000008000a58                SPI2_IRQHandler
                0x0000000008000a58                OTG_HS_EP1_IN_IRQHandler
                0x0000000008000a58                DMA1_Stream0_IRQHandler
                0x0000000008000a58                CAN1_TX_IRQHandler
                0x0000000008000a58                EXTI4_IRQHandler
                0x0000000008000a58                ETH_IRQHandler
                0x0000000008000a58                OTG_HS_EP1_OUT_IRQHandler
                0x0000000008000a58                WWDG_IRQHandler
                0x0000000008000a58                SPI6_IRQHandler
                0x0000000008000a58                TIM2_IRQHandler
                0x0000000008000a58                OTG_FS_WKUP_IRQHandler
                0x0000000008000a58                TIM1_TRG_COM_TIM11_IRQHandler
                0x0000000008000a58                OTG_HS_IRQHandler
                0x0000000008000a58                DMA2D_IRQHandler
                0x0000000008000a58                EXTI1_IRQHandler
                0x0000000008000a58                UART7_IRQHandler
                0x0000000008000a58                USART2_IRQHandler
                0x0000000008000a58                I2C2_ER_IRQHandler
                0x0000000008000a58                DMA2_Stream1_IRQHandler
                0x0000000008000a58                CAN1_SCE_IRQHandler
                0x0000000008000a58                FLASH_IRQHandler
                0x0000000008000a58                DMA2_Stream4_IRQHandler
                0x0000000008000a58                USART1_IRQHandler
                0x0000000008000a58                OTG_FS_IRQHandler
                0x0000000008000a58                SPI3_IRQHandler
                0x0000000008000a58                DMA1_Stream4_IRQHandler
                0x0000000008000a58                I2C1_ER_IRQHandler
                0x0000000008000a58                FMC_IRQHandler
                0x0000000008000a58                DMA2_Stream6_IRQHandler
                0x0000000008000a58                SAI1_IRQHandler
                0x0000000008000a58                RTC_Alarm_IRQHandler
 *fill*         0x0000000008000a5a        0x2 
 .text.HAL_InitTick
                0x0000000008000a5c       0x4c CMakeFiles/NUCLEO-F429ZI.elf.dir/Drivers/STM32F4xx_HAL_Driver/Src/stm32f4xx_hal.c.obj
                0x0000000008000a5c                HAL_InitTick
 .text.HAL_Init
                0x0000000008000aa8       0x34 CMakeFiles/NUCLEO-F429ZI.elf.dir/Drivers/STM32F4xx_HAL_Driver/Src/stm32f4xx_hal.c.obj
                0x0000000008000aa8                HAL_Init
 .text.HAL_IncTick
                0x0000000008000adc       0x18 CMakeFiles/NUCLEO-F429ZI.elf.dir/Drivers/STM32F4xx_HAL_Driver/Src/stm32f4xx_hal.c.obj
                0x0000000008000adc                HAL_IncTick
 .text.HAL_GetTick
                0x0000000008000af4        0xc CMakeFiles/NUCLEO-F429ZI.elf.dir/Drivers/STM32F4xx_HAL_Driver/Src/stm32f4xx_hal.c.obj
                0x0000000008000af4                HAL_GetTick
 .text.HAL_Delay
                0x0000000008000b00       0x28 CMakeFiles/NUCLEO-F429ZI.elf.dir/Drivers/STM32F4xx_HAL_Driver/Src/stm32f4xx_hal.c.obj
                0x0000000008000b00                HAL_Delay
 .text.HAL_NVIC_SetPriorityGrouping
                0x0000000008000b28       0x24 CMakeFiles/NUCLEO-F429ZI.elf.dir/Drivers/STM32F4xx_HAL_Driver/Src/stm32f4xx_hal_cortex.c.obj
                0x0000000008000b28                HAL_NVIC_SetPriorityGrouping
 .text.HAL_NVIC_SetPriority
                0x0000000008000b4c       0x70 CMakeFiles/NUCLEO-F429ZI.elf.dir/Drivers/STM32F4xx_HAL_Driver/Src/stm32f4xx_hal_cortex.c.obj
                0x0000000008000b4c                HAL_NVIC_SetPriority
 .text.HAL_SYSTICK_Config
                0x0000000008000bbc       0x28 CMakeFiles/NUCLEO-F429ZI.elf.dir/Drivers/STM32F4xx_HAL_Driver/Src/stm32f4xx_hal_cortex.c.obj
                0x0000000008000bbc                HAL_SYSTICK_Config
 .text.ETH_MACAddressConfig
                0x0000000008000be4       0x30 CMakeFiles/NUCLEO-F429ZI.elf.dir/Drivers/STM32F4xx_HAL_Driver/Src/stm32f4xx_hal_eth.c.obj
 .text.ETH_DMATxDescListInit
                0x0000000008000c14       0x6e CMakeFiles/NUCLEO-F429ZI.elf.dir/Drivers/STM32F4xx_HAL_Driver/Src/stm32f4xx_hal_eth.c.obj
 .text.ETH_DMARxDescListInit
                0x0000000008000c82       0x84 CMakeFiles/NUCLEO-F429ZI.elf.dir/Drivers/STM32F4xx_HAL_Driver/Src/stm32f4xx_hal_eth.c.obj
 *fill*         0x0000000008000d06        0x2 
 .text.ETH_SetMACConfig
                0x0000000008000d08       0xfc CMakeFiles/NUCLEO-F429ZI.elf.dir/Drivers/STM32F4xx_HAL_Driver/Src/stm32f4xx_hal_eth.c.obj
 .text.ETH_SetDMAConfig
                0x0000000008000e04       0xc0 CMakeFiles/NUCLEO-F429ZI.elf.dir/Drivers/STM32F4xx_HAL_Driver/Src/stm32f4xx_hal_eth.c.obj
 .text.ETH_MACDMAConfig
                0x0000000008000ec4       0xa2 CMakeFiles/NUCLEO-F429ZI.elf.dir/Drivers/STM32F4xx_HAL_Driver/Src/stm32f4xx_hal_eth.c.obj
 *fill*         0x0000000008000f66        0x2 
 .text.HAL_ETH_Init
                0x0000000008000f68       0xc0 CMakeFiles/NUCLEO-F429ZI.elf.dir/Drivers/STM32F4xx_HAL_Driver/Src/stm32f4xx_hal_eth.c.obj
                0x0000000008000f68                HAL_ETH_Init
 .text.HAL_GPIO_Init
                0x0000000008001028      0x1fc CMakeFiles/NUCLEO-F429ZI.elf.dir/Drivers/STM32F4xx_HAL_Driver/Src/stm32f4xx_hal_gpio.c.obj
                0x0000000008001028                HAL_GPIO_Init
 .text.HAL_GPIO_WritePin
                0x0000000008001224        0xc CMakeFiles/NUCLEO-F429ZI.elf.dir/Drivers/STM32F4xx_HAL_Driver/Src/stm32f4xx_hal_gpio.c.obj
                0x0000000008001224                HAL_GPIO_WritePin
 .text.HAL_PCD_Init
                0x0000000008001230      0x12e CMakeFiles/NUCLEO-F429ZI.elf.dir/Drivers/STM32F4xx_HAL_Driver/Src/stm32f4xx_hal_pcd.c.obj
                0x0000000008001230                HAL_PCD_Init
 *fill*         0x000000000800135e        0x2 
 .text.HAL_RCC_OscConfig
                0x0000000008001360      0x3f8 CMakeFiles/NUCLEO-F429ZI.elf.dir/Drivers/STM32F4xx_HAL_Driver/Src/stm32f4xx_hal_rcc.c.obj
                0x0000000008001360                HAL_RCC_OscConfig
 .text.HAL_RCC_GetSysClockFreq
                0x0000000008001758       0xd4 CMakeFiles/NUCLEO-F429ZI.elf.dir/Drivers/STM32F4xx_HAL_Driver/Src/stm32f4xx_hal_rcc.c.obj
                0x0000000008001758                HAL_RCC_GetSysClockFreq
 .text.HAL_RCC_ClockConfig
                0x000000000800182c      0x160 CMakeFiles/NUCLEO-F429ZI.elf.dir/Drivers/STM32F4xx_HAL_Driver/Src/stm32f4xx_hal_rcc.c.obj
                0x000000000800182c                HAL_RCC_ClockConfig
 .text.HAL_RCC_GetHCLKFreq
                0x000000000800198c        0xc CMakeFiles/NUCLEO-F429ZI.elf.dir/Drivers/STM32F4xx_HAL_Driver/Src/stm32f4xx_hal_rcc.c.obj
                0x000000000800198c                HAL_RCC_GetHCLKFreq
 .text.HAL_RCC_GetPCLK1Freq
                0x0000000008001998       0x20 CMakeFiles/NUCLEO-F429ZI.elf.dir/Drivers/STM32F4xx_HAL_Driver/Src/stm32f4xx_hal_rcc.c.obj
                0x0000000008001998                HAL_RCC_GetPCLK1Freq
 .text.HAL_RCC_GetPCLK2Freq
                0x00000000080019b8       0x20 CMakeFiles/NUCLEO-F429ZI.elf.dir/Drivers/STM32F4xx_HAL_Driver/Src/stm32f4xx_hal_rcc.c.obj
                0x00000000080019b8                HAL_RCC_GetPCLK2Freq
 .text.UART_SetConfig
                0x00000000080019d8      0x110 CMakeFiles/NUCLEO-F429ZI.elf.dir/Drivers/STM32F4xx_HAL_Driver/Src/stm32f4xx_hal_uart.c.obj
 .text.HAL_UART_Init
                0x0000000008001ae8       0x5e CMakeFiles/NUCLEO-F429ZI.elf.dir/Drivers/STM32F4xx_HAL_Driver/Src/stm32f4xx_hal_uart.c.obj
                0x0000000008001ae8                HAL_UART_Init
 *fill*         0x0000000008001b46        0x2 
 .text.USB_CoreReset
                0x0000000008001b48       0x50 CMakeFiles/NUCLEO-F429ZI.elf.dir/Drivers/STM32F4xx_HAL_Driver/Src/stm32f4xx_ll_usb.c.obj
 .text.USB_CoreInit
                0x0000000008001b98       0x8a CMakeFiles/NUCLEO-F429ZI.elf.dir/Drivers/STM32F4xx_HAL_Driver/Src/stm32f4xx_ll_usb.c.obj
                0x0000000008001b98                USB_CoreInit
 .text.USB_DisableGlobalInt
                0x0000000008001c22        0xc CMakeFiles/NUCLEO-F429ZI.elf.dir/Drivers/STM32F4xx_HAL_Driver/Src/stm32f4xx_ll_usb.c.obj
                0x0000000008001c22                USB_DisableGlobalInt
 *fill*         0x0000000008001c2e        0x2 
 .text.USB_FlushTxFifo
                0x0000000008001c30       0x50 CMakeFiles/NUCLEO-F429ZI.elf.dir/Drivers/STM32F4xx_HAL_Driver/Src/stm32f4xx_ll_usb.c.obj
                0x0000000008001c30                USB_FlushTxFifo
 .text.USB_FlushRxFifo
                0x0000000008001c80       0x4c CMakeFiles/NUCLEO-F429ZI.elf.dir/Drivers/STM32F4xx_HAL_Driver/Src/stm32f4xx_ll_usb.c.obj
                0x0000000008001c80                USB_FlushRxFifo
 .text.USB_SetDevSpeed
                0x0000000008001ccc        0xe CMakeFiles/NUCLEO-F429ZI.elf.dir/Drivers/STM32F4xx_HAL_Driver/Src/stm32f4xx_ll_usb.c.obj
                0x0000000008001ccc                USB_SetDevSpeed
 *fill*         0x0000000008001cda        0x2 
 .text.USB_DevInit
                0x0000000008001cdc      0x190 CMakeFiles/NUCLEO-F429ZI.elf.dir/Drivers/STM32F4xx_HAL_Driver/Src/stm32f4xx_ll_usb.c.obj
                0x0000000008001cdc                USB_DevInit
 .text.USB_DevDisconnect
                0x0000000008001e6c       0x1c CMakeFiles/NUCLEO-F429ZI.elf.dir/Drivers/STM32F4xx_HAL_Driver/Src/stm32f4xx_ll_usb.c.obj
                0x0000000008001e6c                USB_DevDisconnect
 .text.USB_GetMode
                0x0000000008001e88        0x8 CMakeFiles/NUCLEO-F429ZI.elf.dir/Drivers/STM32F4xx_HAL_Driver/Src/stm32f4xx_ll_usb.c.obj
                0x0000000008001e88                USB_GetMode
 .text.USB_SetCurrentMode
                0x0000000008001e90       0x62 CMakeFiles/NUCLEO-F429ZI.elf.dir/Drivers/STM32F4xx_HAL_Driver/Src/stm32f4xx_ll_usb.c.obj
                0x0000000008001e90                USB_SetCurrentMode
 *fill*         0x0000000008001ef2        0x2 
 .text.__libc_init_array
                0x0000000008001ef4       0x48 /usr/local/Cellar/arm-none-eabi-gcc/10.3-2021.10/gcc/bin/../lib/gcc/arm-none-eabi/10.3.1/../../../../arm-none-eabi/lib/thumb/v7e-m/nofp/libg.a(lib_a-init.o)
                0x0000000008001ef4                __libc_init_array
 .text.memset   0x0000000008001f3c       0xa4 /usr/local/Cellar/arm-none-eabi-gcc/10.3-2021.10/gcc/bin/../lib/gcc/arm-none-eabi/10.3.1/../../../../arm-none-eabi/lib/thumb/v7e-m/nofp/libg.a(lib_a-memset.o)
                0x0000000008001f3c                memset
 .text.startup.register_fini
                0x0000000008001fe0       0x14 /usr/local/Cellar/arm-none-eabi-gcc/10.3-2021.10/gcc/bin/../lib/gcc/arm-none-eabi/10.3.1/../../../../arm-none-eabi/lib/thumb/v7e-m/nofp/libg.a(lib_a-__call_atexit.o)
 .text.atexit   0x0000000008001ff4        0xc /usr/local/Cellar/arm-none-eabi-gcc/10.3-2021.10/gcc/bin/../lib/gcc/arm-none-eabi/10.3.1/../../../../arm-none-eabi/lib/thumb/v7e-m/nofp/libg.a(lib_a-atexit.o)
                0x0000000008001ff4                atexit
 .text.__libc_fini_array
                0x0000000008002000       0x2c /usr/local/Cellar/arm-none-eabi-gcc/10.3-2021.10/gcc/bin/../lib/gcc/arm-none-eabi/10.3.1/../../../../arm-none-eabi/lib/thumb/v7e-m/nofp/libg.a(lib_a-fini.o)
                0x0000000008002000                __libc_fini_array
 .text.__retarget_lock_acquire_recursive
                0x000000000800202c        0x4 /usr/local/Cellar/arm-none-eabi-gcc/10.3-2021.10/gcc/bin/../lib/gcc/arm-none-eabi/10.3.1/../../../../arm-none-eabi/lib/thumb/v7e-m/nofp/libg.a(lib_a-lock.o)
                0x000000000800202c                __retarget_lock_acquire_recursive
 .text.__retarget_lock_release_recursive
                0x0000000008002030        0x4 /usr/local/Cellar/arm-none-eabi-gcc/10.3-2021.10/gcc/bin/../lib/gcc/arm-none-eabi/10.3.1/../../../../arm-none-eabi/lib/thumb/v7e-m/nofp/libg.a(lib_a-lock.o)
                0x0000000008002030                __retarget_lock_release_recursive
 .text.__register_exitproc
                0x0000000008002034       0x8c /usr/local/Cellar/arm-none-eabi-gcc/10.3-2021.10/gcc/bin/../lib/gcc/arm-none-eabi/10.3.1/../../../../arm-none-eabi/lib/thumb/v7e-m/nofp/libg.a(lib_a-__atexit.o)
                0x0000000008002034                __register_exitproc
 *(.glue_7)
 .glue_7        0x00000000080020c0        0x0 linker stubs
 *(.glue_7t)
 .glue_7t       0x00000000080020c0        0x0 linker stubs
 *(.eh_frame)
 .eh_frame      0x00000000080020c0        0x0 /usr/local/Cellar/arm-none-eabi-gcc/10.3-2021.10/gcc/bin/../lib/gcc/arm-none-eabi/10.3.1/thumb/v7e-m/nofp/crtbegin.o
 *(.init)
 .init          0x00000000080020c0        0x4 /usr/local/Cellar/arm-none-eabi-gcc/10.3-2021.10/gcc/bin/../lib/gcc/arm-none-eabi/10.3.1/thumb/v7e-m/nofp/crti.o
                0x00000000080020c0                _init
 .init          0x00000000080020c4        0x8 /usr/local/Cellar/arm-none-eabi-gcc/10.3-2021.10/gcc/bin/../lib/gcc/arm-none-eabi/10.3.1/thumb/v7e-m/nofp/crtn.o
 *(.fini)
 .fini          0x00000000080020cc        0x4 /usr/local/Cellar/arm-none-eabi-gcc/10.3-2021.10/gcc/bin/../lib/gcc/arm-none-eabi/10.3.1/thumb/v7e-m/nofp/crti.o
                0x00000000080020cc                _fini
 .fini          0x00000000080020d0        0x8 /usr/local/Cellar/arm-none-eabi-gcc/10.3-2021.10/gcc/bin/../lib/gcc/arm-none-eabi/10.3.1/thumb/v7e-m/nofp/crtn.o
                0x00000000080020d8                . = ALIGN (0x4)
                0x00000000080020d8                _etext = .

.vfp11_veneer   0x00000000080020d8        0x0
 .vfp11_veneer  0x00000000080020d8        0x0 linker stubs

.v4_bx          0x00000000080020d8        0x0
 .v4_bx         0x00000000080020d8        0x0 linker stubs

.iplt           0x00000000080020d8        0x0
 .iplt          0x00000000080020d8        0x0 /usr/local/Cellar/arm-none-eabi-gcc/10.3-2021.10/gcc/bin/../lib/gcc/arm-none-eabi/10.3.1/thumb/v7e-m/nofp/crtbegin.o

.rodata         0x00000000080020d8       0x1c
                0x00000000080020d8                . = ALIGN (0x4)
 *(.rodata)
 *(.rodata*)
 .rodata.AHBPrescTable
                0x00000000080020d8       0x10 CMakeFiles/NUCLEO-F429ZI.elf.dir/Core/Src/system_stm32f4xx.c.obj
                0x00000000080020d8                AHBPrescTable
 .rodata.APBPrescTable
                0x00000000080020e8        0x8 CMakeFiles/NUCLEO-F429ZI.elf.dir/Core/Src/system_stm32f4xx.c.obj
                0x00000000080020e8                APBPrescTable
 .rodata._global_impure_ptr
                0x00000000080020f0        0x4 /usr/local/Cellar/arm-none-eabi-gcc/10.3-2021.10/gcc/bin/../lib/gcc/arm-none-eabi/10.3.1/../../../../arm-none-eabi/lib/thumb/v7e-m/nofp/libg.a(lib_a-impure.o)
                0x00000000080020f0                _global_impure_ptr
                0x00000000080020f4                . = ALIGN (0x4)

.ARM.extab      0x00000000080020f4        0x0
                0x00000000080020f4                . = ALIGN (0x4)
 *(.ARM.extab* .gnu.linkonce.armextab.*)
                0x00000000080020f4                . = ALIGN (0x4)

.ARM            0x00000000080020f4        0x8
                0x00000000080020f4                . = ALIGN (0x4)
                0x00000000080020f4                __exidx_start = .
 *(.ARM.exidx*)
 .ARM.exidx     0x00000000080020f4        0x8 /usr/local/Cellar/arm-none-eabi-gcc/10.3-2021.10/gcc/bin/../lib/gcc/arm-none-eabi/10.3.1/thumb/v7e-m/nofp/libgcc.a(_udivmoddi4.o)
                0x00000000080020fc                __exidx_end = .
                0x00000000080020fc                . = ALIGN (0x4)

.rel.dyn        0x00000000080020fc        0x0
 .rel.iplt      0x00000000080020fc        0x0 /usr/local/Cellar/arm-none-eabi-gcc/10.3-2021.10/gcc/bin/../lib/gcc/arm-none-eabi/10.3.1/thumb/v7e-m/nofp/crtbegin.o

.preinit_array  0x00000000080020fc        0x0
                0x00000000080020fc                . = ALIGN (0x4)
                0x00000000080020fc                PROVIDE (__preinit_array_start = .)
 *(.preinit_array*)
                0x00000000080020fc                PROVIDE (__preinit_array_end = .)
                0x00000000080020fc                . = ALIGN (0x4)

.init_array     0x00000000080020fc        0x8
                0x00000000080020fc                . = ALIGN (0x4)
                0x00000000080020fc                PROVIDE (__init_array_start = .)
 *(SORT_BY_NAME(.init_array.*))
 .init_array.00000
                0x00000000080020fc        0x4 /usr/local/Cellar/arm-none-eabi-gcc/10.3-2021.10/gcc/bin/../lib/gcc/arm-none-eabi/10.3.1/../../../../arm-none-eabi/lib/thumb/v7e-m/nofp/libg.a(lib_a-__call_atexit.o)
 *(.init_array*)
 .init_array    0x0000000008002100        0x4 /usr/local/Cellar/arm-none-eabi-gcc/10.3-2021.10/gcc/bin/../lib/gcc/arm-none-eabi/10.3.1/thumb/v7e-m/nofp/crtbegin.o
                0x0000000008002104                PROVIDE (__init_array_end = .)
                0x0000000008002104                . = ALIGN (0x4)

.fini_array     0x0000000008002104        0x4
                0x0000000008002104                . = ALIGN (0x4)
                0x0000000008002104                PROVIDE (__fini_array_start = .)
 *(SORT_BY_NAME(.fini_array.*))
 *(.fini_array*)
 .fini_array    0x0000000008002104        0x4 /usr/local/Cellar/arm-none-eabi-gcc/10.3-2021.10/gcc/bin/../lib/gcc/arm-none-eabi/10.3.1/thumb/v7e-m/nofp/crtbegin.o
                0x0000000008002108                PROVIDE (__fini_array_end = .)
                0x0000000008002108                . = ALIGN (0x4)
                0x0000000008002108                _sidata = LOADADDR (.data)

.data           0x0000000020000000      0x43c load address 0x0000000008002108
                0x0000000020000000                . = ALIGN (0x4)
                0x0000000020000000                _sdata = .
 *(.data)
 *(.data*)
 .data.SystemCoreClock
                0x0000000020000000        0x4 CMakeFiles/NUCLEO-F429ZI.elf.dir/Core/Src/system_stm32f4xx.c.obj
                0x0000000020000000                SystemCoreClock
 .data.uwTickFreq
                0x0000000020000004        0x1 CMakeFiles/NUCLEO-F429ZI.elf.dir/Drivers/STM32F4xx_HAL_Driver/Src/stm32f4xx_hal.c.obj
                0x0000000020000004                uwTickFreq
 *fill*         0x0000000020000005        0x3 
 .data.uwTickPrio
                0x0000000020000008        0x4 CMakeFiles/NUCLEO-F429ZI.elf.dir/Drivers/STM32F4xx_HAL_Driver/Src/stm32f4xx_hal.c.obj
                0x0000000020000008                uwTickPrio
 *fill*         0x000000002000000c        0x4 
 .data.impure_data
                0x0000000020000010      0x428 /usr/local/Cellar/arm-none-eabi-gcc/10.3-2021.10/gcc/bin/../lib/gcc/arm-none-eabi/10.3.1/../../../../arm-none-eabi/lib/thumb/v7e-m/nofp/libg.a(lib_a-impure.o)
 .data.__atexit_recursive_mutex
                0x0000000020000438        0x4 /usr/local/Cellar/arm-none-eabi-gcc/10.3-2021.10/gcc/bin/../lib/gcc/arm-none-eabi/10.3.1/../../../../arm-none-eabi/lib/thumb/v7e-m/nofp/libg.a(lib_a-__call_atexit.o)
                0x0000000020000438                __atexit_recursive_mutex
 *(.RamFunc)
 *(.RamFunc*)
                0x000000002000043c                . = ALIGN (0x4)
                0x000000002000043c                _edata = .
                0x0000000008002544                _siccmram = LOADADDR (.ccmram)

.igot.plt       0x000000002000043c        0x0 load address 0x0000000008002544
 .igot.plt      0x000000002000043c        0x0 /usr/local/Cellar/arm-none-eabi-gcc/10.3-2021.10/gcc/bin/../lib/gcc/arm-none-eabi/10.3.1/thumb/v7e-m/nofp/crtbegin.o

.ccmram         0x0000000010000000        0x0 load address 0x0000000008002544
                0x0000000010000000                . = ALIGN (0x4)
                0x0000000010000000                _sccmram = .
 *(.ccmram)
 *(.ccmram*)
                0x0000000010000000                . = ALIGN (0x4)
                0x0000000010000000                _eccmram = .
                0x0000000010000000                . = ALIGN (0x4)

.bss            0x000000002000043c      0x7a4
                0x000000002000043c                _sbss = .
                0x000000002000043c                __bss_start__ = _sbss
 *(.bss)
 .bss           0x000000002000043c       0x1c /usr/local/Cellar/arm-none-eabi-gcc/10.3-2021.10/gcc/bin/../lib/gcc/arm-none-eabi/10.3.1/thumb/v7e-m/nofp/crtbegin.o
 *(.bss*)
 .bss.DMARxDscrTab
                0x0000000020000458       0xa0 CMakeFiles/NUCLEO-F429ZI.elf.dir/Core/Src/eth.c.obj
                0x0000000020000458                DMARxDscrTab
 .bss.DMATxDscrTab
                0x00000000200004f8       0xa0 CMakeFiles/NUCLEO-F429ZI.elf.dir/Core/Src/eth.c.obj
                0x00000000200004f8                DMATxDscrTab
 .bss.MACAddr.0
                0x0000000020000598        0x6 CMakeFiles/NUCLEO-F429ZI.elf.dir/Core/Src/eth.c.obj
 *fill*         0x000000002000059e        0x2 
 .bss.TxConfig  0x00000000200005a0       0x38 CMakeFiles/NUCLEO-F429ZI.elf.dir/Core/Src/eth.c.obj
                0x00000000200005a0                TxConfig
 .bss.heth      0x00000000200005d8       0xb0 CMakeFiles/NUCLEO-F429ZI.elf.dir/Core/Src/eth.c.obj
                0x00000000200005d8                heth
 .bss.huart3    0x0000000020000688       0x44 CMakeFiles/NUCLEO-F429ZI.elf.dir/Core/Src/usart.c.obj
                0x0000000020000688                huart3
 .bss.hpcd_USB_OTG_FS
                0x00000000200006cc      0x50c CMakeFiles/NUCLEO-F429ZI.elf.dir/Core/Src/usb_otg.c.obj
                0x00000000200006cc                hpcd_USB_OTG_FS
 .bss.uwTick    0x0000000020000bd8        0x4 CMakeFiles/NUCLEO-F429ZI.elf.dir/Drivers/STM32F4xx_HAL_Driver/Src/stm32f4xx_hal.c.obj
                0x0000000020000bd8                uwTick
 .bss.__lock___atexit_recursive_mutex
                0x0000000020000bdc        0x1 /usr/local/Cellar/arm-none-eabi-gcc/10.3-2021.10/gcc/bin/../lib/gcc/arm-none-eabi/10.3.1/../../../../arm-none-eabi/lib/thumb/v7e-m/nofp/libg.a(lib_a-lock.o)
                0x0000000020000bdc                __lock___atexit_recursive_mutex
 *(COMMON)
                0x0000000020000be0                . = ALIGN (0x4)
 *fill*         0x0000000020000bdd        0x3 
                0x0000000020000be0                _ebss = .
                0x0000000020000be0                __bss_end__ = _ebss

._user_heap_stack
                0x0000000020000be0      0x600
                0x0000000020000be0                . = ALIGN (0x8)
                [!provide]                        PROVIDE (end = .)
                0x0000000020000be0                PROVIDE (_end = .)
                0x0000000020000de0                . = (. + _Min_Heap_Size)
 *fill*         0x0000000020000be0      0x200 
                0x00000000200011e0                . = (. + _Min_Stack_Size)
 *fill*         0x0000000020000de0      0x400 
                0x00000000200011e0                . = ALIGN (0x8)

/DISCARD/
 libc.a(*)
 libm.a(*)
 libgcc.a(*)

.ARM.attributes
                0x0000000000000000       0x2a
 *(.ARM.attributes)
 .ARM.attributes
                0x0000000000000000       0x1e /usr/local/Cellar/arm-none-eabi-gcc/10.3-2021.10/gcc/bin/../lib/gcc/arm-none-eabi/10.3.1/thumb/v7e-m/nofp/crti.o
 .ARM.attributes
                0x000000000000001e       0x2e /usr/local/Cellar/arm-none-eabi-gcc/10.3-2021.10/gcc/bin/../lib/gcc/arm-none-eabi/10.3.1/thumb/v7e-m/nofp/crtbegin.o
 .ARM.attributes
                0x000000000000004c       0x2e CMakeFiles/NUCLEO-F429ZI.elf.dir/Core/Src/eth.c.obj
 .ARM.attributes
                0x000000000000007a       0x2e CMakeFiles/NUCLEO-F429ZI.elf.dir/Core/Src/gpio.c.obj
 .ARM.attributes
                0x00000000000000a8       0x2e CMakeFiles/NUCLEO-F429ZI.elf.dir/Core/Src/main.c.obj
 .ARM.attributes
                0x00000000000000d6       0x2e CMakeFiles/NUCLEO-F429ZI.elf.dir/Core/Src/stm32f4xx_hal_msp.c.obj
 .ARM.attributes
                0x0000000000000104       0x2e CMakeFiles/NUCLEO-F429ZI.elf.dir/Core/Src/stm32f4xx_it.c.obj
 .ARM.attributes
                0x0000000000000132       0x2e CMakeFiles/NUCLEO-F429ZI.elf.dir/Core/Src/system_stm32f4xx.c.obj
 .ARM.attributes
                0x0000000000000160       0x2e CMakeFiles/NUCLEO-F429ZI.elf.dir/Core/Src/usart.c.obj
 .ARM.attributes
                0x000000000000018e       0x2e CMakeFiles/NUCLEO-F429ZI.elf.dir/Core/Src/usb_otg.c.obj
 .ARM.attributes
                0x00000000000001bc       0x21 CMakeFiles/NUCLEO-F429ZI.elf.dir/Core/Startup/startup_stm32f429zitx.s.obj
 .ARM.attributes
                0x00000000000001dd       0x2e CMakeFiles/NUCLEO-F429ZI.elf.dir/Drivers/STM32F4xx_HAL_Driver/Src/stm32f4xx_hal.c.obj
 .ARM.attributes
                0x000000000000020b       0x2e CMakeFiles/NUCLEO-F429ZI.elf.dir/Drivers/STM32F4xx_HAL_Driver/Src/stm32f4xx_hal_cortex.c.obj
 .ARM.attributes
                0x0000000000000239       0x2e CMakeFiles/NUCLEO-F429ZI.elf.dir/Drivers/STM32F4xx_HAL_Driver/Src/stm32f4xx_hal_eth.c.obj
 .ARM.attributes
                0x0000000000000267       0x2e CMakeFiles/NUCLEO-F429ZI.elf.dir/Drivers/STM32F4xx_HAL_Driver/Src/stm32f4xx_hal_gpio.c.obj
 .ARM.attributes
                0x0000000000000295       0x2e CMakeFiles/NUCLEO-F429ZI.elf.dir/Drivers/STM32F4xx_HAL_Driver/Src/stm32f4xx_hal_pcd.c.obj
 .ARM.attributes
                0x00000000000002c3       0x2e CMakeFiles/NUCLEO-F429ZI.elf.dir/Drivers/STM32F4xx_HAL_Driver/Src/stm32f4xx_hal_rcc.c.obj
 .ARM.attributes
                0x00000000000002f1       0x2e CMakeFiles/NUCLEO-F429ZI.elf.dir/Drivers/STM32F4xx_HAL_Driver/Src/stm32f4xx_hal_uart.c.obj
 .ARM.attributes
                0x000000000000031f       0x2e CMakeFiles/NUCLEO-F429ZI.elf.dir/Drivers/STM32F4xx_HAL_Driver/Src/stm32f4xx_ll_usb.c.obj
 .ARM.attributes
                0x000000000000034d       0x1e /usr/local/Cellar/arm-none-eabi-gcc/10.3-2021.10/gcc/bin/../lib/gcc/arm-none-eabi/10.3.1/thumb/v7e-m/nofp/libgcc.a(_aeabi_uldivmod.o)
 .ARM.attributes
                0x000000000000036b       0x2e /usr/local/Cellar/arm-none-eabi-gcc/10.3-2021.10/gcc/bin/../lib/gcc/arm-none-eabi/10.3.1/thumb/v7e-m/nofp/libgcc.a(_udivmoddi4.o)
 .ARM.attributes
                0x0000000000000399       0x1e /usr/local/Cellar/arm-none-eabi-gcc/10.3-2021.10/gcc/bin/../lib/gcc/arm-none-eabi/10.3.1/thumb/v7e-m/nofp/libgcc.a(_dvmd_tls.o)
 .ARM.attributes
                0x00000000000003b7       0x2e /usr/local/Cellar/arm-none-eabi-gcc/10.3-2021.10/gcc/bin/../lib/gcc/arm-none-eabi/10.3.1/../../../../arm-none-eabi/lib/thumb/v7e-m/nofp/libg.a(lib_a-impure.o)
 .ARM.attributes
                0x00000000000003e5       0x2e /usr/local/Cellar/arm-none-eabi-gcc/10.3-2021.10/gcc/bin/../lib/gcc/arm-none-eabi/10.3.1/../../../../arm-none-eabi/lib/thumb/v7e-m/nofp/libg.a(lib_a-init.o)
 .ARM.attributes
                0x0000000000000413       0x2e /usr/local/Cellar/arm-none-eabi-gcc/10.3-2021.10/gcc/bin/../lib/gcc/arm-none-eabi/10.3.1/../../../../arm-none-eabi/lib/thumb/v7e-m/nofp/libg.a(lib_a-memset.o)
 .ARM.attributes
                0x0000000000000441       0x2e /usr/local/Cellar/arm-none-eabi-gcc/10.3-2021.10/gcc/bin/../lib/gcc/arm-none-eabi/10.3.1/../../../../arm-none-eabi/lib/thumb/v7e-m/nofp/libg.a(lib_a-__call_atexit.o)
 .ARM.attributes
                0x000000000000046f       0x2e /usr/local/Cellar/arm-none-eabi-gcc/10.3-2021.10/gcc/bin/../lib/gcc/arm-none-eabi/10.3.1/../../../../arm-none-eabi/lib/thumb/v7e-m/nofp/libg.a(lib_a-atexit.o)
 .ARM.attributes
                0x000000000000049d       0x2e /usr/local/Cellar/arm-none-eabi-gcc/10.3-2021.10/gcc/bin/../lib/gcc/arm-none-eabi/10.3.1/../../../../arm-none-eabi/lib/thumb/v7e-m/nofp/libg.a(lib_a-fini.o)
 .ARM.attributes
                0x00000000000004cb       0x2e /usr/local/Cellar/arm-none-eabi-gcc/10.3-2021.10/gcc/bin/../lib/gcc/arm-none-eabi/10.3.1/../../../../arm-none-eabi/lib/thumb/v7e-m/nofp/libg.a(lib_a-lock.o)
 .ARM.attributes
                0x00000000000004f9       0x2e /usr/local/Cellar/arm-none-eabi-gcc/10.3-2021.10/gcc/bin/../lib/gcc/arm-none-eabi/10.3.1/../../../../arm-none-eabi/lib/thumb/v7e-m/nofp/libg.a(lib_a-__atexit.o)
 .ARM.attributes
                0x0000000000000527       0x1e /usr/local/Cellar/arm-none-eabi-gcc/10.3-2021.10/gcc/bin/../lib/gcc/arm-none-eabi/10.3.1/thumb/v7e-m/nofp/crtn.o
OUTPUT(NUCLEO-F429ZI.elf elf32-littlearm)
LOAD linker stubs
LOAD /usr/local/Cellar/arm-none-eabi-gcc/10.3-2021.10/gcc/bin/../lib/gcc/arm-none-eabi/10.3.1/../../../../arm-none-eabi/lib/thumb/v7e-m/nofp/libc.a
LOAD /usr/local/Cellar/arm-none-eabi-gcc/10.3-2021.10/gcc/bin/../lib/gcc/arm-none-eabi/10.3.1/../../../../arm-none-eabi/lib/thumb/v7e-m/nofp/libm.a
LOAD /usr/local/Cellar/arm-none-eabi-gcc/10.3-2021.10/gcc/bin/../lib/gcc/arm-none-eabi/10.3.1/thumb/v7e-m/nofp/libgcc.a

.debug_info     0x0000000000000000    0x10ae7
 .debug_info    0x0000000000000000     0x10ad CMakeFiles/NUCLEO-F429ZI.elf.dir/Core/Src/eth.c.obj
 .debug_info    0x00000000000010ad      0x541 CMakeFiles/NUCLEO-F429ZI.elf.dir/Core/Src/gpio.c.obj
 .debug_info    0x00000000000015ee      0x5cd CMakeFiles/NUCLEO-F429ZI.elf.dir/Core/Src/main.c.obj
 .debug_info    0x0000000000001bbb      0x2c0 CMakeFiles/NUCLEO-F429ZI.elf.dir/Core/Src/stm32f4xx_hal_msp.c.obj
 .debug_info    0x0000000000001e7b      0x12f CMakeFiles/NUCLEO-F429ZI.elf.dir/Core/Src/stm32f4xx_it.c.obj
 .debug_info    0x0000000000001faa      0x399 CMakeFiles/NUCLEO-F429ZI.elf.dir/Core/Src/system_stm32f4xx.c.obj
 .debug_info    0x0000000000002343      0x9ea CMakeFiles/NUCLEO-F429ZI.elf.dir/Core/Src/usart.c.obj
 .debug_info    0x0000000000002d2d      0x9f6 CMakeFiles/NUCLEO-F429ZI.elf.dir/Core/Src/usb_otg.c.obj
 .debug_info    0x0000000000003723       0x22 CMakeFiles/NUCLEO-F429ZI.elf.dir/Core/Startup/startup_stm32f429zitx.s.obj
 .debug_info    0x0000000000003745      0xa68 CMakeFiles/NUCLEO-F429ZI.elf.dir/Drivers/STM32F4xx_HAL_Driver/Src/stm32f4xx_hal.c.obj
 .debug_info    0x00000000000041ad     0x10ce CMakeFiles/NUCLEO-F429ZI.elf.dir/Drivers/STM32F4xx_HAL_Driver/Src/stm32f4xx_hal_cortex.c.obj
 .debug_info    0x000000000000527b     0x2839 CMakeFiles/NUCLEO-F429ZI.elf.dir/Drivers/STM32F4xx_HAL_Driver/Src/stm32f4xx_hal_eth.c.obj
 .debug_info    0x0000000000007ab4      0x7cc CMakeFiles/NUCLEO-F429ZI.elf.dir/Drivers/STM32F4xx_HAL_Driver/Src/stm32f4xx_hal_gpio.c.obj
 .debug_info    0x0000000000008280     0x1b61 CMakeFiles/NUCLEO-F429ZI.elf.dir/Drivers/STM32F4xx_HAL_Driver/Src/stm32f4xx_hal_pcd.c.obj
 .debug_info    0x0000000000009de1      0xb1f CMakeFiles/NUCLEO-F429ZI.elf.dir/Drivers/STM32F4xx_HAL_Driver/Src/stm32f4xx_hal_rcc.c.obj
 .debug_info    0x000000000000a900     0x424e CMakeFiles/NUCLEO-F429ZI.elf.dir/Drivers/STM32F4xx_HAL_Driver/Src/stm32f4xx_hal_uart.c.obj
 .debug_info    0x000000000000eb4e     0x1f99 CMakeFiles/NUCLEO-F429ZI.elf.dir/Drivers/STM32F4xx_HAL_Driver/Src/stm32f4xx_ll_usb.c.obj

.debug_abbrev   0x0000000000000000     0x209e
 .debug_abbrev  0x0000000000000000      0x23c CMakeFiles/NUCLEO-F429ZI.elf.dir/Core/Src/eth.c.obj
 .debug_abbrev  0x000000000000023c      0x14e CMakeFiles/NUCLEO-F429ZI.elf.dir/Core/Src/gpio.c.obj
 .debug_abbrev  0x000000000000038a      0x1b7 CMakeFiles/NUCLEO-F429ZI.elf.dir/Core/Src/main.c.obj
 .debug_abbrev  0x0000000000000541       0xd1 CMakeFiles/NUCLEO-F429ZI.elf.dir/Core/Src/stm32f4xx_hal_msp.c.obj
 .debug_abbrev  0x0000000000000612       0x7e CMakeFiles/NUCLEO-F429ZI.elf.dir/Core/Src/stm32f4xx_it.c.obj
 .debug_abbrev  0x0000000000000690      0x119 CMakeFiles/NUCLEO-F429ZI.elf.dir/Core/Src/system_stm32f4xx.c.obj
 .debug_abbrev  0x00000000000007a9      0x1da CMakeFiles/NUCLEO-F429ZI.elf.dir/Core/Src/usart.c.obj
 .debug_abbrev  0x0000000000000983      0x1df CMakeFiles/NUCLEO-F429ZI.elf.dir/Core/Src/usb_otg.c.obj
 .debug_abbrev  0x0000000000000b62       0x12 CMakeFiles/NUCLEO-F429ZI.elf.dir/Core/Startup/startup_stm32f429zitx.s.obj
 .debug_abbrev  0x0000000000000b74      0x206 CMakeFiles/NUCLEO-F429ZI.elf.dir/Drivers/STM32F4xx_HAL_Driver/Src/stm32f4xx_hal.c.obj
 .debug_abbrev  0x0000000000000d7a      0x36a CMakeFiles/NUCLEO-F429ZI.elf.dir/Drivers/STM32F4xx_HAL_Driver/Src/stm32f4xx_hal_cortex.c.obj
 .debug_abbrev  0x00000000000010e4      0x2c4 CMakeFiles/NUCLEO-F429ZI.elf.dir/Drivers/STM32F4xx_HAL_Driver/Src/stm32f4xx_hal_eth.c.obj
 .debug_abbrev  0x00000000000013a8      0x1ef CMakeFiles/NUCLEO-F429ZI.elf.dir/Drivers/STM32F4xx_HAL_Driver/Src/stm32f4xx_hal_gpio.c.obj
 .debug_abbrev  0x0000000000001597      0x2b5 CMakeFiles/NUCLEO-F429ZI.elf.dir/Drivers/STM32F4xx_HAL_Driver/Src/stm32f4xx_hal_pcd.c.obj
 .debug_abbrev  0x000000000000184c      0x28a CMakeFiles/NUCLEO-F429ZI.elf.dir/Drivers/STM32F4xx_HAL_Driver/Src/stm32f4xx_hal_rcc.c.obj
 .debug_abbrev  0x0000000000001ad6      0x2fd CMakeFiles/NUCLEO-F429ZI.elf.dir/Drivers/STM32F4xx_HAL_Driver/Src/stm32f4xx_hal_uart.c.obj
 .debug_abbrev  0x0000000000001dd3      0x2cb CMakeFiles/NUCLEO-F429ZI.elf.dir/Drivers/STM32F4xx_HAL_Driver/Src/stm32f4xx_ll_usb.c.obj

.debug_loc      0x0000000000000000     0xb298
 .debug_loc     0x0000000000000000       0x84 CMakeFiles/NUCLEO-F429ZI.elf.dir/Core/Src/eth.c.obj
 .debug_loc     0x0000000000000084      0x158 CMakeFiles/NUCLEO-F429ZI.elf.dir/Core/Src/system_stm32f4xx.c.obj
 .debug_loc     0x00000000000001dc       0x84 CMakeFiles/NUCLEO-F429ZI.elf.dir/Core/Src/usart.c.obj
 .debug_loc     0x0000000000000260       0x84 CMakeFiles/NUCLEO-F429ZI.elf.dir/Core/Src/usb_otg.c.obj
 .debug_loc     0x00000000000002e4      0x141 CMakeFiles/NUCLEO-F429ZI.elf.dir/Drivers/STM32F4xx_HAL_Driver/Src/stm32f4xx_hal.c.obj
 .debug_loc     0x0000000000000425      0x744 CMakeFiles/NUCLEO-F429ZI.elf.dir/Drivers/STM32F4xx_HAL_Driver/Src/stm32f4xx_hal_cortex.c.obj
 .debug_loc     0x0000000000000b69     0x1957 CMakeFiles/NUCLEO-F429ZI.elf.dir/Drivers/STM32F4xx_HAL_Driver/Src/stm32f4xx_hal_eth.c.obj
 .debug_loc     0x00000000000024c0      0x520 CMakeFiles/NUCLEO-F429ZI.elf.dir/Drivers/STM32F4xx_HAL_Driver/Src/stm32f4xx_hal_gpio.c.obj
 .debug_loc     0x00000000000029e0     0x1423 CMakeFiles/NUCLEO-F429ZI.elf.dir/Drivers/STM32F4xx_HAL_Driver/Src/stm32f4xx_hal_pcd.c.obj
 .debug_loc     0x0000000000003e03      0x58c CMakeFiles/NUCLEO-F429ZI.elf.dir/Drivers/STM32F4xx_HAL_Driver/Src/stm32f4xx_hal_rcc.c.obj
 .debug_loc     0x000000000000438f     0x49ab CMakeFiles/NUCLEO-F429ZI.elf.dir/Drivers/STM32F4xx_HAL_Driver/Src/stm32f4xx_hal_uart.c.obj
 .debug_loc     0x0000000000008d3a     0x255e CMakeFiles/NUCLEO-F429ZI.elf.dir/Drivers/STM32F4xx_HAL_Driver/Src/stm32f4xx_ll_usb.c.obj

.debug_aranges  0x0000000000000000      0xb00
 .debug_aranges
                0x0000000000000000       0x30 CMakeFiles/NUCLEO-F429ZI.elf.dir/Core/Src/eth.c.obj
 .debug_aranges
                0x0000000000000030       0x20 CMakeFiles/NUCLEO-F429ZI.elf.dir/Core/Src/gpio.c.obj
 .debug_aranges
                0x0000000000000050       0x30 CMakeFiles/NUCLEO-F429ZI.elf.dir/Core/Src/main.c.obj
 .debug_aranges
                0x0000000000000080       0x20 CMakeFiles/NUCLEO-F429ZI.elf.dir/Core/Src/stm32f4xx_hal_msp.c.obj
 .debug_aranges
                0x00000000000000a0       0x60 CMakeFiles/NUCLEO-F429ZI.elf.dir/Core/Src/stm32f4xx_it.c.obj
 .debug_aranges
                0x0000000000000100       0x28 CMakeFiles/NUCLEO-F429ZI.elf.dir/Core/Src/system_stm32f4xx.c.obj
 .debug_aranges
                0x0000000000000128       0x30 CMakeFiles/NUCLEO-F429ZI.elf.dir/Core/Src/usart.c.obj
 .debug_aranges
                0x0000000000000158       0x30 CMakeFiles/NUCLEO-F429ZI.elf.dir/Core/Src/usb_otg.c.obj
 .debug_aranges
                0x0000000000000188       0x28 CMakeFiles/NUCLEO-F429ZI.elf.dir/Core/Startup/startup_stm32f429zitx.s.obj
 .debug_aranges
                0x00000000000001b0      0x100 CMakeFiles/NUCLEO-F429ZI.elf.dir/Drivers/STM32F4xx_HAL_Driver/Src/stm32f4xx_hal.c.obj
 .debug_aranges
                0x00000000000002b0       0xa8 CMakeFiles/NUCLEO-F429ZI.elf.dir/Drivers/STM32F4xx_HAL_Driver/Src/stm32f4xx_hal_cortex.c.obj
 .debug_aranges
                0x0000000000000358      0x1e0 CMakeFiles/NUCLEO-F429ZI.elf.dir/Drivers/STM32F4xx_HAL_Driver/Src/stm32f4xx_hal_eth.c.obj
 .debug_aranges
                0x0000000000000538       0x58 CMakeFiles/NUCLEO-F429ZI.elf.dir/Drivers/STM32F4xx_HAL_Driver/Src/stm32f4xx_hal_gpio.c.obj
 .debug_aranges
                0x0000000000000590      0x148 CMakeFiles/NUCLEO-F429ZI.elf.dir/Drivers/STM32F4xx_HAL_Driver/Src/stm32f4xx_hal_pcd.c.obj
 .debug_aranges
                0x00000000000006d8       0x88 CMakeFiles/NUCLEO-F429ZI.elf.dir/Drivers/STM32F4xx_HAL_Driver/Src/stm32f4xx_hal_rcc.c.obj
 .debug_aranges
                0x0000000000000760      0x200 CMakeFiles/NUCLEO-F429ZI.elf.dir/Drivers/STM32F4xx_HAL_Driver/Src/stm32f4xx_hal_uart.c.obj
 .debug_aranges
                0x0000000000000960      0x1a0 CMakeFiles/NUCLEO-F429ZI.elf.dir/Drivers/STM32F4xx_HAL_Driver/Src/stm32f4xx_ll_usb.c.obj

.debug_ranges   0x0000000000000000      0xa88
 .debug_ranges  0x0000000000000000       0x20 CMakeFiles/NUCLEO-F429ZI.elf.dir/Core/Src/eth.c.obj
 .debug_ranges  0x0000000000000020       0x10 CMakeFiles/NUCLEO-F429ZI.elf.dir/Core/Src/gpio.c.obj
 .debug_ranges  0x0000000000000030       0x20 CMakeFiles/NUCLEO-F429ZI.elf.dir/Core/Src/main.c.obj
 .debug_ranges  0x0000000000000050       0x10 CMakeFiles/NUCLEO-F429ZI.elf.dir/Core/Src/stm32f4xx_hal_msp.c.obj
 .debug_ranges  0x0000000000000060       0x50 CMakeFiles/NUCLEO-F429ZI.elf.dir/Core/Src/stm32f4xx_it.c.obj
 .debug_ranges  0x00000000000000b0       0x18 CMakeFiles/NUCLEO-F429ZI.elf.dir/Core/Src/system_stm32f4xx.c.obj
 .debug_ranges  0x00000000000000c8       0x20 CMakeFiles/NUCLEO-F429ZI.elf.dir/Core/Src/usart.c.obj
 .debug_ranges  0x00000000000000e8       0x20 CMakeFiles/NUCLEO-F429ZI.elf.dir/Core/Src/usb_otg.c.obj
 .debug_ranges  0x0000000000000108       0x20 CMakeFiles/NUCLEO-F429ZI.elf.dir/Core/Startup/startup_stm32f429zitx.s.obj
 .debug_ranges  0x0000000000000128       0xf0 CMakeFiles/NUCLEO-F429ZI.elf.dir/Drivers/STM32F4xx_HAL_Driver/Src/stm32f4xx_hal.c.obj
 .debug_ranges  0x0000000000000218       0xf8 CMakeFiles/NUCLEO-F429ZI.elf.dir/Drivers/STM32F4xx_HAL_Driver/Src/stm32f4xx_hal_cortex.c.obj
 .debug_ranges  0x0000000000000310      0x1d0 CMakeFiles/NUCLEO-F429ZI.elf.dir/Drivers/STM32F4xx_HAL_Driver/Src/stm32f4xx_hal_eth.c.obj
 .debug_ranges  0x00000000000004e0       0x48 CMakeFiles/NUCLEO-F429ZI.elf.dir/Drivers/STM32F4xx_HAL_Driver/Src/stm32f4xx_hal_gpio.c.obj
 .debug_ranges  0x0000000000000528      0x138 CMakeFiles/NUCLEO-F429ZI.elf.dir/Drivers/STM32F4xx_HAL_Driver/Src/stm32f4xx_hal_pcd.c.obj
 .debug_ranges  0x0000000000000660       0x90 CMakeFiles/NUCLEO-F429ZI.elf.dir/Drivers/STM32F4xx_HAL_Driver/Src/stm32f4xx_hal_rcc.c.obj
 .debug_ranges  0x00000000000006f0      0x208 CMakeFiles/NUCLEO-F429ZI.elf.dir/Drivers/STM32F4xx_HAL_Driver/Src/stm32f4xx_hal_uart.c.obj
 .debug_ranges  0x00000000000008f8      0x190 CMakeFiles/NUCLEO-F429ZI.elf.dir/Drivers/STM32F4xx_HAL_Driver/Src/stm32f4xx_ll_usb.c.obj

.debug_line     0x0000000000000000     0xcffa
 .debug_line    0x0000000000000000      0x405 CMakeFiles/NUCLEO-F429ZI.elf.dir/Core/Src/eth.c.obj
 .debug_line    0x0000000000000405      0x271 CMakeFiles/NUCLEO-F429ZI.elf.dir/Core/Src/gpio.c.obj
 .debug_line    0x0000000000000676      0x3a3 CMakeFiles/NUCLEO-F429ZI.elf.dir/Core/Src/main.c.obj
 .debug_line    0x0000000000000a19      0x195 CMakeFiles/NUCLEO-F429ZI.elf.dir/Core/Src/stm32f4xx_hal_msp.c.obj
 .debug_line    0x0000000000000bae      0x19d CMakeFiles/NUCLEO-F429ZI.elf.dir/Core/Src/stm32f4xx_it.c.obj
 .debug_line    0x0000000000000d4b      0x25d CMakeFiles/NUCLEO-F429ZI.elf.dir/Core/Src/system_stm32f4xx.c.obj
 .debug_line    0x0000000000000fa8      0x335 CMakeFiles/NUCLEO-F429ZI.elf.dir/Core/Src/usart.c.obj
 .debug_line    0x00000000000012dd      0x376 CMakeFiles/NUCLEO-F429ZI.elf.dir/Core/Src/usb_otg.c.obj
 .debug_line    0x0000000000001653       0xa0 CMakeFiles/NUCLEO-F429ZI.elf.dir/Core/Startup/startup_stm32f429zitx.s.obj
 .debug_line    0x00000000000016f3      0x60d CMakeFiles/NUCLEO-F429ZI.elf.dir/Drivers/STM32F4xx_HAL_Driver/Src/stm32f4xx_hal.c.obj
 .debug_line    0x0000000000001d00      0x7e8 CMakeFiles/NUCLEO-F429ZI.elf.dir/Drivers/STM32F4xx_HAL_Driver/Src/stm32f4xx_hal_cortex.c.obj
 .debug_line    0x00000000000024e8     0x1db1 CMakeFiles/NUCLEO-F429ZI.elf.dir/Drivers/STM32F4xx_HAL_Driver/Src/stm32f4xx_hal_eth.c.obj
 .debug_line    0x0000000000004299      0x74b CMakeFiles/NUCLEO-F429ZI.elf.dir/Drivers/STM32F4xx_HAL_Driver/Src/stm32f4xx_hal_gpio.c.obj
 .debug_line    0x00000000000049e4     0x15b1 CMakeFiles/NUCLEO-F429ZI.elf.dir/Drivers/STM32F4xx_HAL_Driver/Src/stm32f4xx_hal_pcd.c.obj
 .debug_line    0x0000000000005f95      0xb65 CMakeFiles/NUCLEO-F429ZI.elf.dir/Drivers/STM32F4xx_HAL_Driver/Src/stm32f4xx_hal_rcc.c.obj
 .debug_line    0x0000000000006afa     0x465e CMakeFiles/NUCLEO-F429ZI.elf.dir/Drivers/STM32F4xx_HAL_Driver/Src/stm32f4xx_hal_uart.c.obj
 .debug_line    0x000000000000b158     0x1ea2 CMakeFiles/NUCLEO-F429ZI.elf.dir/Drivers/STM32F4xx_HAL_Driver/Src/stm32f4xx_ll_usb.c.obj

.debug_str      0x0000000000000000     0x4537
 .debug_str     0x0000000000000000      0x98a CMakeFiles/NUCLEO-F429ZI.elf.dir/Core/Src/eth.c.obj
                                        0xa61 (size before relaxing)
 .debug_str     0x000000000000098a       0x66 CMakeFiles/NUCLEO-F429ZI.elf.dir/Core/Src/gpio.c.obj
                                        0x3a1 (size before relaxing)
 .debug_str     0x00000000000009f0      0x1c5 CMakeFiles/NUCLEO-F429ZI.elf.dir/Core/Src/main.c.obj
                                        0x4e8 (size before relaxing)
 .debug_str     0x0000000000000bb5       0x44 CMakeFiles/NUCLEO-F429ZI.elf.dir/Core/Src/stm32f4xx_hal_msp.c.obj
                                        0x2f0 (size before relaxing)
 .debug_str     0x0000000000000bf9       0xcf CMakeFiles/NUCLEO-F429ZI.elf.dir/Core/Src/stm32f4xx_it.c.obj
                                        0x251 (size before relaxing)
 .debug_str     0x0000000000000cc8       0x9f CMakeFiles/NUCLEO-F429ZI.elf.dir/Core/Src/system_stm32f4xx.c.obj
                                        0x356 (size before relaxing)
 .debug_str     0x0000000000000d67      0x439 CMakeFiles/NUCLEO-F429ZI.elf.dir/Core/Src/usart.c.obj
                                        0x831 (size before relaxing)
 .debug_str     0x00000000000011a0      0x3cb CMakeFiles/NUCLEO-F429ZI.elf.dir/Core/Src/usb_otg.c.obj
                                        0x7d5 (size before relaxing)
 .debug_str     0x000000000000156b       0x4e CMakeFiles/NUCLEO-F429ZI.elf.dir/Core/Startup/startup_stm32f429zitx.s.obj
                                         0x7b (size before relaxing)
 .debug_str     0x00000000000015b9      0x90c CMakeFiles/NUCLEO-F429ZI.elf.dir/Drivers/STM32F4xx_HAL_Driver/Src/stm32f4xx_hal.c.obj
                                        0xc2e (size before relaxing)
 .debug_str     0x0000000000001ec5      0x4be CMakeFiles/NUCLEO-F429ZI.elf.dir/Drivers/STM32F4xx_HAL_Driver/Src/stm32f4xx_hal_cortex.c.obj
                                        0xcb2 (size before relaxing)
 .debug_str     0x0000000000002383      0xc67 CMakeFiles/NUCLEO-F429ZI.elf.dir/Drivers/STM32F4xx_HAL_Driver/Src/stm32f4xx_hal_eth.c.obj
                                       0x1693 (size before relaxing)
 .debug_str     0x0000000000002fea       0xf7 CMakeFiles/NUCLEO-F429ZI.elf.dir/Drivers/STM32F4xx_HAL_Driver/Src/stm32f4xx_hal_gpio.c.obj
                                        0x515 (size before relaxing)
 .debug_str     0x00000000000030e1      0x7e1 CMakeFiles/NUCLEO-F429ZI.elf.dir/Drivers/STM32F4xx_HAL_Driver/Src/stm32f4xx_hal_pcd.c.obj
                                        0xde4 (size before relaxing)
 .debug_str     0x00000000000038c2      0x1a8 CMakeFiles/NUCLEO-F429ZI.elf.dir/Drivers/STM32F4xx_HAL_Driver/Src/stm32f4xx_hal_rcc.c.obj
                                        0x73b (size before relaxing)
 .debug_str     0x0000000000003a6a      0x662 CMakeFiles/NUCLEO-F429ZI.elf.dir/Drivers/STM32F4xx_HAL_Driver/Src/stm32f4xx_hal_uart.c.obj
                                        0xd7b (size before relaxing)
 .debug_str     0x00000000000040cc      0x46b CMakeFiles/NUCLEO-F429ZI.elf.dir/Drivers/STM32F4xx_HAL_Driver/Src/stm32f4xx_ll_usb.c.obj
                                        0xcc1 (size before relaxing)

.comment        0x0000000000000000       0x49
 .comment       0x0000000000000000       0x49 CMakeFiles/NUCLEO-F429ZI.elf.dir/Core/Src/eth.c.obj
                                         0x4a (size before relaxing)
 .comment       0x0000000000000049       0x4a CMakeFiles/NUCLEO-F429ZI.elf.dir/Core/Src/gpio.c.obj
 .comment       0x0000000000000049       0x4a CMakeFiles/NUCLEO-F429ZI.elf.dir/Core/Src/main.c.obj
 .comment       0x0000000000000049       0x4a CMakeFiles/NUCLEO-F429ZI.elf.dir/Core/Src/stm32f4xx_hal_msp.c.obj
 .comment       0x0000000000000049       0x4a CMakeFiles/NUCLEO-F429ZI.elf.dir/Core/Src/stm32f4xx_it.c.obj
 .comment       0x0000000000000049       0x4a CMakeFiles/NUCLEO-F429ZI.elf.dir/Core/Src/system_stm32f4xx.c.obj
 .comment       0x0000000000000049       0x4a CMakeFiles/NUCLEO-F429ZI.elf.dir/Core/Src/usart.c.obj
 .comment       0x0000000000000049       0x4a CMakeFiles/NUCLEO-F429ZI.elf.dir/Core/Src/usb_otg.c.obj
 .comment       0x0000000000000049       0x4a CMakeFiles/NUCLEO-F429ZI.elf.dir/Drivers/STM32F4xx_HAL_Driver/Src/stm32f4xx_hal.c.obj
 .comment       0x0000000000000049       0x4a CMakeFiles/NUCLEO-F429ZI.elf.dir/Drivers/STM32F4xx_HAL_Driver/Src/stm32f4xx_hal_cortex.c.obj
 .comment       0x0000000000000049       0x4a CMakeFiles/NUCLEO-F429ZI.elf.dir/Drivers/STM32F4xx_HAL_Driver/Src/stm32f4xx_hal_eth.c.obj
 .comment       0x0000000000000049       0x4a CMakeFiles/NUCLEO-F429ZI.elf.dir/Drivers/STM32F4xx_HAL_Driver/Src/stm32f4xx_hal_gpio.c.obj
 .comment       0x0000000000000049       0x4a CMakeFiles/NUCLEO-F429ZI.elf.dir/Drivers/STM32F4xx_HAL_Driver/Src/stm32f4xx_hal_pcd.c.obj
 .comment       0x0000000000000049       0x4a CMakeFiles/NUCLEO-F429ZI.elf.dir/Drivers/STM32F4xx_HAL_Driver/Src/stm32f4xx_hal_rcc.c.obj
 .comment       0x0000000000000049       0x4a CMakeFiles/NUCLEO-F429ZI.elf.dir/Drivers/STM32F4xx_HAL_Driver/Src/stm32f4xx_hal_uart.c.obj
 .comment       0x0000000000000049       0x4a CMakeFiles/NUCLEO-F429ZI.elf.dir/Drivers/STM32F4xx_HAL_Driver/Src/stm32f4xx_ll_usb.c.obj

.debug_frame    0x0000000000000000     0x1de0
 .debug_frame   0x0000000000000000       0x68 CMakeFiles/NUCLEO-F429ZI.elf.dir/Core/Src/eth.c.obj
 .debug_frame   0x0000000000000068       0x34 CMakeFiles/NUCLEO-F429ZI.elf.dir/Core/Src/gpio.c.obj
 .debug_frame   0x000000000000009c       0x58 CMakeFiles/NUCLEO-F429ZI.elf.dir/Core/Src/main.c.obj
 .debug_frame   0x00000000000000f4       0x28 CMakeFiles/NUCLEO-F429ZI.elf.dir/Core/Src/stm32f4xx_hal_msp.c.obj
 .debug_frame   0x000000000000011c       0xa8 CMakeFiles/NUCLEO-F429ZI.elf.dir/Core/Src/stm32f4xx_it.c.obj
 .debug_frame   0x00000000000001c4       0x30 CMakeFiles/NUCLEO-F429ZI.elf.dir/Core/Src/system_stm32f4xx.c.obj
 .debug_frame   0x00000000000001f4       0x60 CMakeFiles/NUCLEO-F429ZI.elf.dir/Core/Src/usart.c.obj
 .debug_frame   0x0000000000000254       0x64 CMakeFiles/NUCLEO-F429ZI.elf.dir/Core/Src/usb_otg.c.obj
 .debug_frame   0x00000000000002b8      0x20c CMakeFiles/NUCLEO-F429ZI.elf.dir/Drivers/STM32F4xx_HAL_Driver/Src/stm32f4xx_hal.c.obj
 .debug_frame   0x00000000000004c4      0x148 CMakeFiles/NUCLEO-F429ZI.elf.dir/Drivers/STM32F4xx_HAL_Driver/Src/stm32f4xx_hal_cortex.c.obj
 .debug_frame   0x000000000000060c      0x548 CMakeFiles/NUCLEO-F429ZI.elf.dir/Drivers/STM32F4xx_HAL_Driver/Src/stm32f4xx_hal_eth.c.obj
 .debug_frame   0x0000000000000b54       0xd8 CMakeFiles/NUCLEO-F429ZI.elf.dir/Drivers/STM32F4xx_HAL_Driver/Src/stm32f4xx_hal_gpio.c.obj
 .debug_frame   0x0000000000000c2c      0x388 CMakeFiles/NUCLEO-F429ZI.elf.dir/Drivers/STM32F4xx_HAL_Driver/Src/stm32f4xx_hal_pcd.c.obj
 .debug_frame   0x0000000000000fb4      0x16c CMakeFiles/NUCLEO-F429ZI.elf.dir/Drivers/STM32F4xx_HAL_Driver/Src/stm32f4xx_hal_rcc.c.obj
 .debug_frame   0x0000000000001120      0x5cc CMakeFiles/NUCLEO-F429ZI.elf.dir/Drivers/STM32F4xx_HAL_Driver/Src/stm32f4xx_hal_uart.c.obj
 .debug_frame   0x00000000000016ec      0x4a8 CMakeFiles/NUCLEO-F429ZI.elf.dir/Drivers/STM32F4xx_HAL_Driver/Src/stm32f4xx_ll_usb.c.obj
 .debug_frame   0x0000000000001b94       0x2c /usr/local/Cellar/arm-none-eabi-gcc/10.3-2021.10/gcc/bin/../lib/gcc/arm-none-eabi/10.3.1/thumb/v7e-m/nofp/libgcc.a(_aeabi_uldivmod.o)
 .debug_frame   0x0000000000001bc0       0x34 /usr/local/Cellar/arm-none-eabi-gcc/10.3-2021.10/gcc/bin/../lib/gcc/arm-none-eabi/10.3.1/thumb/v7e-m/nofp/libgcc.a(_udivmoddi4.o)
 .debug_frame   0x0000000000001bf4       0x2c /usr/local/Cellar/arm-none-eabi-gcc/10.3-2021.10/gcc/bin/../lib/gcc/arm-none-eabi/10.3.1/../../../../arm-none-eabi/lib/thumb/v7e-m/nofp/libg.a(lib_a-init.o)
 .debug_frame   0x0000000000001c20       0x2c /usr/local/Cellar/arm-none-eabi-gcc/10.3-2021.10/gcc/bin/../lib/gcc/arm-none-eabi/10.3.1/../../../../arm-none-eabi/lib/thumb/v7e-m/nofp/libg.a(lib_a-memset.o)
 .debug_frame   0x0000000000001c4c       0x5c /usr/local/Cellar/arm-none-eabi-gcc/10.3-2021.10/gcc/bin/../lib/gcc/arm-none-eabi/10.3.1/../../../../arm-none-eabi/lib/thumb/v7e-m/nofp/libg.a(lib_a-__call_atexit.o)
 .debug_frame   0x0000000000001ca8       0x20 /usr/local/Cellar/arm-none-eabi-gcc/10.3-2021.10/gcc/bin/../lib/gcc/arm-none-eabi/10.3.1/../../../../arm-none-eabi/lib/thumb/v7e-m/nofp/libg.a(lib_a-atexit.o)
 .debug_frame   0x0000000000001cc8       0x34 /usr/local/Cellar/arm-none-eabi-gcc/10.3-2021.10/gcc/bin/../lib/gcc/arm-none-eabi/10.3.1/../../../../arm-none-eabi/lib/thumb/v7e-m/nofp/libg.a(lib_a-fini.o)
 .debug_frame   0x0000000000001cfc       0xb0 /usr/local/Cellar/arm-none-eabi-gcc/10.3-2021.10/gcc/bin/../lib/gcc/arm-none-eabi/10.3.1/../../../../arm-none-eabi/lib/thumb/v7e-m/nofp/libg.a(lib_a-lock.o)
 .debug_frame   0x0000000000001dac       0x34 /usr/local/Cellar/arm-none-eabi-gcc/10.3-2021.10/gcc/bin/../lib/gcc/arm-none-eabi/10.3.1/../../../../arm-none-eabi/lib/thumb/v7e-m/nofp/libg.a(lib_a-__atexit.o)
