Archive member included to satisfy reference by file (symbol)

/usr/lib/gcc/arm-none-eabi/10.3.1/thumb/v7e-m/nofp/libgcc.a(_arm_muldf3.o)
                              CMakeFiles/NUCLEO-F429ZI.elf.dir/salt/peripherals/analog-inputs/anIn.c.obj (__aeabi_dmul)
/usr/lib/gcc/arm-none-eabi/10.3.1/thumb/v7e-m/nofp/libgcc.a(_arm_mulsf3.o)
                              CMakeFiles/NUCLEO-F429ZI.elf.dir/salt/peripherals/pulse-counter/pulseCounter.c.obj (__aeabi_fmul)
/usr/lib/gcc/arm-none-eabi/10.3.1/thumb/v7e-m/nofp/libgcc.a(_arm_addsubdf3.o)
                              CMakeFiles/NUCLEO-F429ZI.elf.dir/third-party/jWrite/jWrite/jWrite.c.obj (__aeabi_dsub)
/usr/lib/gcc/arm-none-eabi/10.3.1/thumb/v7e-m/nofp/libgcc.a(_arm_muldivdf3.o)
                              CMakeFiles/NUCLEO-F429ZI.elf.dir/salt/state-machines/logic/logic.c.obj (__aeabi_ddiv)
/usr/lib/gcc/arm-none-eabi/10.3.1/thumb/v7e-m/nofp/libgcc.a(_arm_cmpdf2.o)
                              CMakeFiles/NUCLEO-F429ZI.elf.dir/third-party/jWrite/jWrite/jWrite.c.obj (__aeabi_dcmpeq)
/usr/lib/gcc/arm-none-eabi/10.3.1/thumb/v7e-m/nofp/libgcc.a(_arm_fixdfsi.o)
                              CMakeFiles/NUCLEO-F429ZI.elf.dir/third-party/jWrite/jWrite/jWrite.c.obj (__aeabi_d2iz)
/usr/lib/gcc/arm-none-eabi/10.3.1/thumb/v7e-m/nofp/libgcc.a(_arm_fixunsdfsi.o)
                              CMakeFiles/NUCLEO-F429ZI.elf.dir/salt/state-machines/logic/logic.c.obj (__aeabi_d2uiz)
/usr/lib/gcc/arm-none-eabi/10.3.1/thumb/v7e-m/nofp/libgcc.a(_arm_truncdfsf2.o)
                              CMakeFiles/NUCLEO-F429ZI.elf.dir/salt/utilities/parser/sim900/sim900parser.c.obj (__aeabi_d2f)
/usr/lib/gcc/arm-none-eabi/10.3.1/thumb/v7e-m/nofp/libgcc.a(_arm_addsubsf3.o)
                              CMakeFiles/NUCLEO-F429ZI.elf.dir/salt/peripherals/pulse-counter/pulseCounter.c.obj (__aeabi_ui2f)
/usr/lib/gcc/arm-none-eabi/10.3.1/thumb/v7e-m/nofp/libgcc.a(_arm_cmpsf2.o)
                              CMakeFiles/NUCLEO-F429ZI.elf.dir/salt/state-machines/logic/logic.c.obj (__aeabi_fcmplt)
/usr/lib/gcc/arm-none-eabi/10.3.1/thumb/v7e-m/nofp/libgcc.a(_aeabi_uldivmod.o)
                              CMakeFiles/NUCLEO-F429ZI.elf.dir/Drivers/STM32F4xx_HAL_Driver/Src/stm32f4xx_hal_rcc.c.obj (__aeabi_uldivmod)
/usr/lib/gcc/arm-none-eabi/10.3.1/thumb/v7e-m/nofp/libgcc.a(_fixdfdi.o)
                              CMakeFiles/NUCLEO-F429ZI.elf.dir/third-party/MQTT-C/source/mqttc.c.obj (__aeabi_d2lz)
/usr/lib/gcc/arm-none-eabi/10.3.1/thumb/v7e-m/nofp/libgcc.a(_fixunsdfdi.o)
                              /usr/lib/gcc/arm-none-eabi/10.3.1/thumb/v7e-m/nofp/libgcc.a(_fixdfdi.o) (__aeabi_d2ulz)
/usr/lib/gcc/arm-none-eabi/10.3.1/thumb/v7e-m/nofp/libgcc.a(_udivmoddi4.o)
                              /usr/lib/gcc/arm-none-eabi/10.3.1/thumb/v7e-m/nofp/libgcc.a(_aeabi_uldivmod.o) (__udivmoddi4)
/usr/lib/gcc/arm-none-eabi/10.3.1/thumb/v7e-m/nofp/libgcc.a(_dvmd_tls.o)
                              /usr/lib/gcc/arm-none-eabi/10.3.1/thumb/v7e-m/nofp/libgcc.a(_aeabi_uldivmod.o) (__aeabi_ldiv0)
/usr/lib/gcc/arm-none-eabi/10.3.1/../../../arm-none-eabi/lib/thumb/v7e-m/nofp/libg.a(lib_a-atexit.o)
                              /usr/lib/gcc/arm-none-eabi/10.3.1/../../../arm-none-eabi/lib/thumb/v7e-m/nofp/crt0.o (atexit)
/usr/lib/gcc/arm-none-eabi/10.3.1/../../../arm-none-eabi/lib/thumb/v7e-m/nofp/libg.a(lib_a-atof.o)
                              CMakeFiles/NUCLEO-F429ZI.elf.dir/salt/utilities/parser/sim900/sim900parser.c.obj (atof)
/usr/lib/gcc/arm-none-eabi/10.3.1/../../../arm-none-eabi/lib/thumb/v7e-m/nofp/libg.a(lib_a-atoi.o)
                              CMakeFiles/NUCLEO-F429ZI.elf.dir/salt/utilities/parser/sim900/sim900parser.c.obj (atoi)
/usr/lib/gcc/arm-none-eabi/10.3.1/../../../arm-none-eabi/lib/thumb/v7e-m/nofp/libg.a(lib_a-errno.o)
                              CMakeFiles/NUCLEO-F429ZI.elf.dir/Core/Src/syscalls.c.obj (__errno)
/usr/lib/gcc/arm-none-eabi/10.3.1/../../../arm-none-eabi/lib/thumb/v7e-m/nofp/libg.a(lib_a-exit.o)
                              /usr/lib/gcc/arm-none-eabi/10.3.1/../../../arm-none-eabi/lib/thumb/v7e-m/nofp/crt0.o (exit)
/usr/lib/gcc/arm-none-eabi/10.3.1/../../../arm-none-eabi/lib/thumb/v7e-m/nofp/libg.a(lib_a-fini.o)
                              /usr/lib/gcc/arm-none-eabi/10.3.1/../../../arm-none-eabi/lib/thumb/v7e-m/nofp/crt0.o (__libc_fini_array)
/usr/lib/gcc/arm-none-eabi/10.3.1/../../../arm-none-eabi/lib/thumb/v7e-m/nofp/libg.a(lib_a-impure.o)
                              /usr/lib/gcc/arm-none-eabi/10.3.1/../../../arm-none-eabi/lib/thumb/v7e-m/nofp/libg.a(lib_a-exit.o) (_global_impure_ptr)
/usr/lib/gcc/arm-none-eabi/10.3.1/../../../arm-none-eabi/lib/thumb/v7e-m/nofp/libg.a(lib_a-init.o)
                              /usr/lib/gcc/arm-none-eabi/10.3.1/../../../arm-none-eabi/lib/thumb/v7e-m/nofp/crt0.o (__libc_init_array)
/usr/lib/gcc/arm-none-eabi/10.3.1/../../../arm-none-eabi/lib/thumb/v7e-m/nofp/libg.a(lib_a-memcpy.o)
[...]
Memory Configuration

Name             Origin             Length             Attributes
CCMRAM           0x0000000010000000 0x0000000000010000 xrw
RAM              0x0000000020000000 0x0000000000030000 xrw
FLASH            0x0000000008000000 0x0000000000200000 xr
*default*        0x0000000000000000 0xffffffffffffffff

Linker script and memory map

LOAD /usr/lib/gcc/arm-none-eabi/10.3.1/thumb/v7e-m/nofp/crti.o
LOAD /usr/lib/gcc/arm-none-eabi/10.3.1/thumb/v7e-m/nofp/crtbegin.o
LOAD /usr/lib/gcc/arm-none-eabi/10.3.1/../../../arm-none-eabi/lib/thumb/v7e-m/nofp/crt0.o
LOAD CMakeFiles/NUCLEO-F429ZI.elf.dir/Core/Src/eth.c.obj
LOAD CMakeFiles/NUCLEO-F429ZI.elf.dir/Core/Src/gpio.c.obj
LOAD CMakeFiles/NUCLEO-F429ZI.elf.dir/Core/Src/main.c.obj
LOAD CMakeFiles/NUCLEO-F429ZI.elf.dir/Core/Src/spi.c.obj
LOAD CMakeFiles/NUCLEO-F429ZI.elf.dir/Core/Src/stm32f4xx_hal_msp.c.obj
LOAD CMakeFiles/NUCLEO-F429ZI.elf.dir/Core/Src/stm32f4xx_it.c.obj
LOAD CMakeFiles/NUCLEO-F429ZI.elf.dir/Core/Src/syscalls.c.obj
LOAD CMakeFiles/NUCLEO-F429ZI.elf.dir/Core/Src/sysmem.c.obj
LOAD CMakeFiles/NUCLEO-F429ZI.elf.dir/Core/Src/system_stm32f4xx.c.obj
LOAD CMakeFiles/NUCLEO-F429ZI.elf.dir/Core/Src/usart.c.obj
LOAD CMakeFiles/NUCLEO-F429ZI.elf.dir/Core/Src/usb_otg.c.obj
LOAD CMakeFiles/NUCLEO-F429ZI.elf.dir/Core/Startup/startup_stm32f429zitx.s.obj
LOAD CMakeFiles/NUCLEO-F429ZI.elf.dir/Drivers/STM32F4xx_HAL_Driver/Src/stm32f4xx_hal.c.obj
LOAD CMakeFiles/NUCLEO-F429ZI.elf.dir/Drivers/STM32F4xx_HAL_Driver/Src/stm32f4xx_hal_cortex.c.obj
LOAD CMakeFiles/NUCLEO-F429ZI.elf.dir/Drivers/STM32F4xx_HAL_Driver/Src/stm32f4xx_hal_dma.c.obj
LOAD CMakeFiles/NUCLEO-F429ZI.elf.dir/Drivers/STM32F4xx_HAL_Driver/Src/stm32f4xx_hal_dma_ex.c.obj
LOAD CMakeFiles/NUCLEO-F429ZI.elf.dir/Drivers/STM32F4xx_HAL_Driver/Src/stm32f4xx_hal_eth.c.obj
LOAD CMakeFiles/NUCLEO-F429ZI.elf.dir/Drivers/STM32F4xx_HAL_Driver/Src/stm32f4xx_hal_exti.c.obj
LOAD CMakeFiles/NUCLEO-F429ZI.elf.dir/Drivers/STM32F4xx_HAL_Driver/Src/stm32f4xx_hal_flash.c.obj
LOAD CMakeFiles/NUCLEO-F429ZI.elf.dir/Drivers/STM32F4xx_HAL_Driver/Src/stm32f4xx_hal_flash_ex.c.obj
LOAD CMakeFiles/NUCLEO-F429ZI.elf.dir/Drivers/STM32F4xx_HAL_Driver/Src/stm32f4xx_hal_flash_ramfunc.c.obj
LOAD CMakeFiles/NUCLEO-F429ZI.elf.dir/Drivers/STM32F4xx_HAL_Driver/Src/stm32f4xx_hal_gpio.c.obj
LOAD CMakeFiles/NUCLEO-F429ZI.elf.dir/Drivers/STM32F4xx_HAL_Driver/Src/stm32f4xx_hal_pcd.c.obj
LOAD CMakeFiles/NUCLEO-F429ZI.elf.dir/Drivers/STM32F4xx_HAL_Driver/Src/stm32f4xx_hal_pcd_ex.c.obj
LOAD CMakeFiles/NUCLEO-F429ZI.elf.dir/Drivers/STM32F4xx_HAL_Driver/Src/stm32f4xx_hal_pwr.c.obj
LOAD CMakeFiles/NUCLEO-F429ZI.elf.dir/Drivers/STM32F4xx_HAL_Driver/Src/stm32f4xx_hal_pwr_ex.c.obj
LOAD CMakeFiles/NUCLEO-F429ZI.elf.dir/Drivers/STM32F4xx_HAL_Driver/Src/stm32f4xx_hal_rcc.c.obj
LOAD CMakeFiles/NUCLEO-F429ZI.elf.dir/Drivers/STM32F4xx_HAL_Driver/Src/stm32f4xx_hal_rcc_ex.c.obj
LOAD CMakeFiles/NUCLEO-F429ZI.elf.dir/Drivers/STM32F4xx_HAL_Driver/Src/stm32f4xx_hal_spi.c.obj
LOAD CMakeFiles/NUCLEO-F429ZI.elf.dir/Drivers/STM32F4xx_HAL_Driver/Src/stm32f4xx_hal_tim.c.obj
LOAD CMakeFiles/NUCLEO-F429ZI.elf.dir/Drivers/STM32F4xx_HAL_Driver/Src/stm32f4xx_hal_tim_ex.c.obj
LOAD CMakeFiles/NUCLEO-F429ZI.elf.dir/Drivers/STM32F4xx_HAL_Driver/Src/stm32f4xx_hal_uart.c.obj
LOAD CMakeFiles/NUCLEO-F429ZI.elf.dir/Drivers/STM32F4xx_HAL_Driver/Src/stm32f4xx_ll_usb.c.obj
LOAD CMakeFiles/NUCLEO-F429ZI.elf.dir/blinkySysTick/blinkySysTick.c.obj
LOAD CMakeFiles/NUCLEO-F429ZI.elf.dir/blinkySysTick/hook.c.obj
LOAD CMakeFiles/NUCLEO-F429ZI.elf.dir/bsp/stm32f4xx_nucleo_144.c.obj
LOAD CMakeFiles/NUCLEO-F429ZI.elf.dir/mTime/mTime.c.obj
LOAD CMakeFiles/NUCLEO-F429ZI.elf.dir/mTime/mTimeTbl.c.obj
LOAD CMakeFiles/NUCLEO-F429ZI.elf.dir/salt/bsp/assert.c.obj
LOAD CMakeFiles/NUCLEO-F429ZI.elf.dir/salt/bsp/bsp-salt.c.obj
LOAD CMakeFiles/NUCLEO-F429ZI.elf.dir/salt/configuration/saltCfg.c.obj
LOAD CMakeFiles/NUCLEO-F429ZI.elf.dir/salt/files-to-review/main-salt-firmware-nxp.c.obj
LOAD CMakeFiles/NUCLEO-F429ZI.elf.dir/salt/files-to-review/trace_io.c.obj
LOAD CMakeFiles/NUCLEO-F429ZI.elf.dir/salt/peripherals/analog-inputs/anIn.c.obj
LOAD CMakeFiles/NUCLEO-F429ZI.elf.dir/salt/peripherals/ihm/buzzer.c.obj
LOAD CMakeFiles/NUCLEO-F429ZI.elf.dir/salt/peripherals/ihm/onSwitch.c.obj
LOAD CMakeFiles/NUCLEO-F429ZI.elf.dir/salt/peripherals/ledPanel/as1116.c.obj
LOAD CMakeFiles/NUCLEO-F429ZI.elf.dir/salt/peripherals/ledPanel/ledPanel.c.obj
LOAD CMakeFiles/NUCLEO-F429ZI.elf.dir/salt/peripherals/module-command/modcmdSim900.c.obj
LOAD CMakeFiles/NUCLEO-F429ZI.elf.dir/salt/peripherals/module-power/modpwr.c.obj
LOAD CMakeFiles/NUCLEO-F429ZI.elf.dir/salt/peripherals/pulse-counter/pulseCounter.c.obj
LOAD CMakeFiles/NUCLEO-F429ZI.elf.dir/salt/peripherals/pulse-counter/pulseCounterFromEduCiaaBsp.c.obj
LOAD CMakeFiles/NUCLEO-F429ZI.elf.dir/salt/peripherals/relay-control/relay.c.obj
LOAD CMakeFiles/NUCLEO-F429ZI.elf.dir/salt/peripherals/relay-control/relayFromEduCiaaBsp.c.obj
LOAD CMakeFiles/NUCLEO-F429ZI.elf.dir/salt/peripherals/serial/serial.c.obj
LOAD CMakeFiles/NUCLEO-F429ZI.elf.dir/salt/peripherals/sim808/sim808.c.obj
LOAD CMakeFiles/NUCLEO-F429ZI.elf.dir/salt/peripherals/teloc/teloc.c.obj
LOAD CMakeFiles/NUCLEO-F429ZI.elf.dir/salt/state-machines/connector-manager/conmgr.c.obj
LOAD CMakeFiles/NUCLEO-F429ZI.elf.dir/salt/state-machines/logic/logic.c.obj
LOAD CMakeFiles/NUCLEO-F429ZI.elf.dir/salt/state-machines/module-manager/modmgr.c.obj
LOAD CMakeFiles/NUCLEO-F429ZI.elf.dir/salt/state-machines/mqtt-protocol/mqttProt.c.obj
LOAD CMakeFiles/NUCLEO-F429ZI.elf.dir/salt/utilities/aes/aes.c.obj
LOAD CMakeFiles/NUCLEO-F429ZI.elf.dir/salt/utilities/date/date.c.obj
LOAD CMakeFiles/NUCLEO-F429ZI.elf.dir/salt/utilities/emaFilter/emaFilter.c.obj
LOAD CMakeFiles/NUCLEO-F429ZI.elf.dir/salt/utilities/epoch/epoch.c.obj
LOAD CMakeFiles/NUCLEO-F429ZI.elf.dir/salt/utilities/parser/salt-command/saltCmd.c.obj
LOAD CMakeFiles/NUCLEO-F429ZI.elf.dir/salt/utilities/parser/sim900/sim900parser.c.obj
LOAD CMakeFiles/NUCLEO-F429ZI.elf.dir/salt/utilities/publisher/publisher.c.obj
LOAD CMakeFiles/NUCLEO-F429ZI.elf.dir/salt/utilities/rtime/rtime.c.obj
LOAD CMakeFiles/NUCLEO-F429ZI.elf.dir/salt/utilities/ssp/ssp.c.obj
LOAD CMakeFiles/NUCLEO-F429ZI.elf.dir/third-party/MQTT-C/source/mqttc.c.obj
LOAD CMakeFiles/NUCLEO-F429ZI.elf.dir/third-party/MQTT-C/source/mqttc_pal.c.obj
LOAD CMakeFiles/NUCLEO-F429ZI.elf.dir/third-party/jWrite/jWrite/jWrite.c.obj
LOAD CMakeFiles/NUCLEO-F429ZI.elf.dir/third-party/jWrite/jWrite/main.c.obj
LOAD CMakeFiles/NUCLEO-F429ZI.elf.dir/third-party/rkh/source/fwk/src/rkhfwk_bittbl.c.obj
LOAD CMakeFiles/NUCLEO-F429ZI.elf.dir/third-party/rkh/source/fwk/src/rkhfwk_dynevt.c.obj
LOAD CMakeFiles/NUCLEO-F429ZI.elf.dir/third-party/rkh/source/fwk/src/rkhfwk_evtpool.c.obj
LOAD CMakeFiles/NUCLEO-F429ZI.elf.dir/third-party/rkh/source/fwk/src/rkhfwk_pubsub.c.obj
LOAD CMakeFiles/NUCLEO-F429ZI.elf.dir/third-party/rkh/source/fwk/src/rkhfwk_rdygrp.c.obj
LOAD CMakeFiles/NUCLEO-F429ZI.elf.dir/third-party/rkh/source/fwk/src/rkhfwk_sched.c.obj
LOAD CMakeFiles/NUCLEO-F429ZI.elf.dir/third-party/rkh/source/fwk/src/rkhfwk_version.c.obj
LOAD CMakeFiles/NUCLEO-F429ZI.elf.dir/third-party/rkh/source/mempool/src/rkhmempool.c.obj
LOAD CMakeFiles/NUCLEO-F429ZI.elf.dir/third-party/rkh/source/portable/arm-cortex/rkhs/arm_cm4f/stm32/rkhport.c.obj
LOAD CMakeFiles/NUCLEO-F429ZI.elf.dir/third-party/rkh/source/queue/src/rkhqueue.c.obj
LOAD CMakeFiles/NUCLEO-F429ZI.elf.dir/third-party/rkh/source/sm/src/rkhsm.c.obj
LOAD CMakeFiles/NUCLEO-F429ZI.elf.dir/third-party/rkh/source/sma/src/rkhsma.c.obj
LOAD CMakeFiles/NUCLEO-F429ZI.elf.dir/third-party/rkh/source/sma/src/rkhsma_prio.c.obj
LOAD CMakeFiles/NUCLEO-F429ZI.elf.dir/third-party/rkh/source/sma/src/rkhsma_sync.c.obj
LOAD CMakeFiles/NUCLEO-F429ZI.elf.dir/third-party/rkh/source/tmr/src/rkhtmr.c.obj
LOAD CMakeFiles/NUCLEO-F429ZI.elf.dir/third-party/rkh/source/trc/src/rkhtrc_filter.c.obj
LOAD CMakeFiles/NUCLEO-F429ZI.elf.dir/third-party/rkh/source/trc/src/rkhtrc_record.c.obj
LOAD CMakeFiles/NUCLEO-F429ZI.elf.dir/third-party/rkh/source/trc/src/rkhtrc_stream.c.obj
LOAD CMakeFiles/NUCLEO-F429ZI.elf.dir/third-party/stm32-sapi/src/sapi_datatypes.c.obj
LOAD CMakeFiles/NUCLEO-F429ZI.elf.dir/third-party/stm32-sapi/src/sapi_gpio.c.obj
LOAD CMakeFiles/NUCLEO-F429ZI.elf.dir/third-party/stm32-sapi/src/sapi_tick.c.obj
LOAD CMakeFiles/NUCLEO-F429ZI.elf.dir/utilities/htons.c.obj
START GROUP
LOAD /usr/lib/gcc/arm-none-eabi/10.3.1/thumb/v7e-m/nofp/libgcc.a
LOAD /usr/lib/gcc/arm-none-eabi/10.3.1/../../../arm-none-eabi/lib/thumb/v7e-m/nofp/libg.a
LOAD /usr/lib/gcc/arm-none-eabi/10.3.1/../../../arm-none-eabi/lib/thumb/v7e-m/nofp/libc.a
END GROUP
LOAD /usr/lib/gcc/arm-none-eabi/10.3.1/thumb/v7e-m/nofp/crtend.o
LOAD /usr/lib/gcc/arm-none-eabi/10.3.1/thumb/v7e-m/nofp/crtn.o
                0x0000000020030000                _estack = (ORIGIN (RAM) + LENGTH (RAM))
                0x0000000000000200                _Min_Heap_Size = 0x200
                0x0000000000000400                _Min_Stack_Size = 0x400

.isr_vector     0x0000000008000000      0x1ac
                0x0000000008000000                . = ALIGN (0x4)
 *(.isr_vector)
 .isr_vector    0x0000000008000000      0x1ac CMakeFiles/NUCLEO-F429ZI.elf.dir/Core/Startup/startup_stm32f429zitx.s.obj
                0x0000000008000000                g_pfnVectors
                0x00000000080001ac                . = ALIGN (0x4)

.text           0x00000000080001c0    0x1612c
                0x00000000080001c0                . = ALIGN (0x4)
 *(.text)
 .text          0x00000000080001c0       0x88 /usr/lib/gcc/arm-none-eabi/10.3.1/thumb/v7e-m/nofp/crtbegin.o
 .text          0x0000000008000248      0x168 /usr/lib/gcc/arm-none-eabi/10.3.1/thumb/v7e-m/nofp/libgcc.a(_arm_mulsf3.o)
                0x0000000008000248                __mulsf3
                0x0000000008000248                __aeabi_fmul
 .text          0x00000000080003b0      0x378 /usr/lib/gcc/arm-none-eabi/10.3.1/thumb/v7e-m/nofp/libgcc.a(_arm_addsubdf3.o)
                0x00000000080003b0                __aeabi_drsub
                0x00000000080003b8                __aeabi_dsub
                0x00000000080003b8                __subdf3
                0x00000000080003bc                __adddf3
                0x00000000080003bc                __aeabi_dadd
                0x0000000008000634                __aeabi_ui2d
                0x0000000008000634                __floatunsidf
                0x0000000008000654                __floatsidf
                0x0000000008000654                __aeabi_i2d
                0x0000000008000678                __extendsfdf2
                0x0000000008000678                __aeabi_f2d
                0x00000000080006bc                __aeabi_ul2d
                0x00000000080006bc                __floatundidf
                0x00000000080006cc                __floatdidf
                0x00000000080006cc                __aeabi_l2d
 .text          0x0000000008000728      0x424 /usr/lib/gcc/arm-none-eabi/10.3.1/thumb/v7e-m/nofp/libgcc.a(_arm_muldivdf3.o)
                0x0000000008000728                __aeabi_dmul
                0x0000000008000728                __muldf3
                0x000000000800097c                __aeabi_ddiv
                0x000000000800097c                __divdf3
 .text          0x0000000008000b4c      0x110 /usr/lib/gcc/arm-none-eabi/10.3.1/thumb/v7e-m/nofp/libgcc.a(_arm_cmpdf2.o)
                0x0000000008000b4c                __gtdf2
                0x0000000008000b4c                __gedf2
                0x0000000008000b54                __ltdf2
                0x0000000008000b54                __ledf2
                0x0000000008000b5c                __cmpdf2
                0x0000000008000b5c                __eqdf2
                0x0000000008000b5c                __nedf2
                0x0000000008000bd8                __aeabi_cdrcmple
                0x0000000008000be8                __aeabi_cdcmple
                0x0000000008000be8                __aeabi_cdcmpeq
                0x0000000008000bf8                __aeabi_dcmpeq
                0x0000000008000c0c                __aeabi_dcmplt
                0x0000000008000c20                __aeabi_dcmple
                0x0000000008000c34                __aeabi_dcmpge
                0x0000000008000c48                __aeabi_dcmpgt
 .text          0x0000000008000c5c       0x50 /usr/lib/gcc/arm-none-eabi/10.3.1/thumb/v7e-m/nofp/libgcc.a(_arm_fixdfsi.o)
                0x0000000008000c5c                __fixdfsi
                0x0000000008000c5c                __aeabi_d2iz
 .text          0x0000000008000cac       0x40 /usr/lib/gcc/arm-none-eabi/10.3.1/thumb/v7e-m/nofp/libgcc.a(_arm_fixunsdfsi.o)
                0x0000000008000cac                __fixunsdfsi
                0x0000000008000cac                __aeabi_d2uiz
 .text          0x0000000008000cec       0xa0 /usr/lib/gcc/arm-none-eabi/10.3.1/thumb/v7e-m/nofp/libgcc.a(_arm_truncdfsf2.o)
                0x0000000008000cec                __aeabi_d2f
                0x0000000008000cec                __truncdfsf2
 .text          0x0000000008000d8c      0x21c /usr/lib/gcc/arm-none-eabi/10.3.1/thumb/v7e-m/nofp/libgcc.a(_arm_addsubsf3.o)
                0x0000000008000d8c                __aeabi_frsub
                0x0000000008000d94                __subsf3
                0x0000000008000d94                __aeabi_fsub
                0x0000000008000d98                __aeabi_fadd
                0x0000000008000d98                __addsf3
                0x0000000008000ef8                __aeabi_ui2f
                0x0000000008000ef8                __floatunsisf
                0x0000000008000f00                __aeabi_i2f
                0x0000000008000f00                __floatsisf
                0x0000000008000f1c                __floatundisf
                0x0000000008000f1c                __aeabi_ul2f
                0x0000000008000f2c                __floatdisf
                0x0000000008000f2c                __aeabi_l2f
 .text          0x0000000008000fa8       0xec /usr/lib/gcc/arm-none-eabi/10.3.1/thumb/v7e-m/nofp/libgcc.a(_arm_cmpsf2.o)
                0x0000000008000fa8                __gtsf2
                0x0000000008000fa8                __gesf2
                0x0000000008000fb0                __lesf2
                0x0000000008000fb0                __ltsf2
                0x0000000008000fb8                __nesf2
                0x0000000008000fb8                __eqsf2
                0x0000000008000fb8                __cmpsf2
                0x0000000008001018                __aeabi_cfrcmple
                0x0000000008001020                __aeabi_cfcmple
                0x0000000008001020                __aeabi_cfcmpeq
                0x0000000008001030                __aeabi_fcmpeq
                0x0000000008001044                __aeabi_fcmplt
                0x0000000008001058                __aeabi_fcmple
                0x000000000800106c                __aeabi_fcmpge
                0x0000000008001080                __aeabi_fcmpgt
 .text          0x0000000008001094       0x30 /usr/lib/gcc/arm-none-eabi/10.3.1/thumb/v7e-m/nofp/libgcc.a(_aeabi_uldivmod.o)
                0x0000000008001094                __aeabi_uldivmod
 .text          0x00000000080010c4       0x34 /usr/lib/gcc/arm-none-eabi/10.3.1/thumb/v7e-m/nofp/libgcc.a(_fixdfdi.o)
                0x00000000080010c4                __aeabi_d2lz
                0x00000000080010c4                __fixdfdi
 .text          0x00000000080010f8       0x3c /usr/lib/gcc/arm-none-eabi/10.3.1/thumb/v7e-m/nofp/libgcc.a(_fixunsdfdi.o)
                0x00000000080010f8                __aeabi_d2ulz
                0x00000000080010f8                __fixunsdfdi
 .text          0x0000000008001134      0x2d0 /usr/lib/gcc/arm-none-eabi/10.3.1/thumb/v7e-m/nofp/libgcc.a(_udivmoddi4.o)
                0x0000000008001134                __udivmoddi4
 .text          0x0000000008001404        0x4 /usr/lib/gcc/arm-none-eabi/10.3.1/thumb/v7e-m/nofp/libgcc.a(_dvmd_tls.o)
                0x0000000008001404                __aeabi_ldiv0
                0x0000000008001404                __aeabi_idiv0
 .text          0x0000000008001408        0xc /usr/lib/gcc/arm-none-eabi/10.3.1/../../../arm-none-eabi/lib/thumb/v7e-m/nofp/libg.a(lib_a-atexit.o)
                0x0000000008001408                atexit
 .text          0x0000000008001414        0x8 /usr/lib/gcc/arm-none-eabi/10.3.1/../../../arm-none-eabi/lib/thumb/v7e-m/nofp/libg.a(lib_a-atof.o)
                0x0000000008001414                atof
 .text          0x000000000800141c       0x10 /usr/lib/gcc/arm-none-eabi/10.3.1/../../../arm-none-eabi/lib/thumb/v7e-m/nofp/libg.a(lib_a-atoi.o)
                0x000000000800141c                atoi
                0x0000000008001424                _atoi_r
 .text          0x000000000800142c        0xc /usr/lib/gcc/arm-none-eabi/10.3.1/../../../arm-none-eabi/lib/thumb/v7e-m/nofp/libg.a(lib_a-errno.o)
                0x000000000800142c                __errno
 .text          0x0000000008001438       0x2c /usr/lib/gcc/arm-none-eabi/10.3.1/../../../arm-none-eabi/lib/thumb/v7e-m/nofp/libg.a(lib_a-fini.o)
                0x0000000008001438                __libc_fini_array
 .text          0x0000000008001464       0x48 /usr/lib/gcc/arm-none-eabi/10.3.1/../../../arm-none-eabi/lib/thumb/v7e-m/nofp/libg.a(lib_a-init.o)
                0x0000000008001464                __libc_init_array
 .text          0x00000000080014ac      0x134 /usr/lib/gcc/arm-none-eabi/10.3.1/../../../arm-none-eabi/lib/thumb/v7e-m/nofp/libg.a(lib_a-memcpy.o)
                0x00000000080014ac                memcpy
 .text          0x00000000080015e0       0xf8 /usr/lib/gcc/arm-none-eabi/10.3.1/../../../arm-none-eabi/lib/thumb/v7e-m/nofp/libg.a(lib_a-memmove.o)
                0x00000000080015e0                memmove
 .text          0x00000000080016d8       0xa4 /usr/lib/gcc/arm-none-eabi/10.3.1/../../../arm-none-eabi/lib/thumb/v7e-m/nofp/libg.a(lib_a-memset.o)
                0x00000000080016d8                memset
 .text          0x000000000800177c       0x48 /usr/lib/gcc/arm-none-eabi/10.3.1/../../../arm-none-eabi/lib/thumb/v7e-m/nofp/libg.a(lib_a-printf.o)
                0x000000000800177c                _printf_r
                0x000000000800179c                printf
 .text          0x00000000080017c4       0x18 /usr/lib/gcc/arm-none-eabi/10.3.1/../../../arm-none-eabi/lib/thumb/v7e-m/nofp/libg.a(lib_a-putchar.o)
                0x00000000080017c4                _putchar_r
                0x00000000080017cc                putchar
 .text          0x00000000080017dc       0x78 /usr/lib/gcc/arm-none-eabi/10.3.1/../../../arm-none-eabi/lib/thumb/v7e-m/nofp/libg.a(lib_a-puts.o)
                0x00000000080017dc                _puts_r
                0x0000000008001844                puts
 .text          0x0000000008001854      0x108 /usr/lib/gcc/arm-none-eabi/10.3.1/../../../arm-none-eabi/lib/thumb/v7e-m/nofp/libg.a(lib_a-snprintf.o)
                0x0000000008001854                _snprintf_r
                0x00000000080018d4                snprintf
 .text          0x000000000800195c       0x78 /usr/lib/gcc/arm-none-eabi/10.3.1/../../../arm-none-eabi/lib/thumb/v7e-m/nofp/libg.a(lib_a-sprintf.o)
                0x000000000800195c                _sprintf_r
                0x0000000008001994                sprintf
 *fill*         0x00000000080019d4        0xc 
 .text          0x00000000080019e0      0x2dc /usr/lib/gcc/arm-none-eabi/10.3.1/../../../arm-none-eabi/lib/thumb/v7e-m/nofp/libg.a(lib_a-strcmp.o)
                0x00000000080019e8                strcmp
 .text          0x0000000008001cbc       0xbc /usr/lib/gcc/arm-none-eabi/10.3.1/../../../arm-none-eabi/lib/thumb/v7e-m/nofp/libg.a(lib_a-strcpy.o)
                0x0000000008001cbc                strcpy
 *fill*         0x0000000008001d78        0x8 
 .text          0x0000000008001d80       0xdc /usr/lib/gcc/arm-none-eabi/10.3.1/../../../arm-none-eabi/lib/thumb/v7e-m/nofp/libg.a(lib_a-strlen.o)
                0x0000000008001d80                strlen
 .text          0x0000000008001e5c       0x80 /usr/lib/gcc/arm-none-eabi/10.3.1/../../../arm-none-eabi/lib/thumb/v7e-m/nofp/libg.a(lib_a-strncmp.o)
                0x0000000008001e5c                strncmp
 *fill*         0x0000000008001edc        0x4 
 .text          0x0000000008001ee0     0x10ac /usr/lib/gcc/arm-none-eabi/10.3.1/../../../arm-none-eabi/lib/thumb/v7e-m/nofp/libg.a(lib_a-strtod.o)
                0x0000000008001ee0                _strtod_l
                0x0000000008002e10                _strtod_r
                0x0000000008002e1c                strtod_l
                0x0000000008002e34                strtod
                0x0000000008002e50                strtof_l
                0x0000000008002eec                strtof
 .text          0x0000000008002f8c      0x188 /usr/lib/gcc/arm-none-eabi/10.3.1/../../../arm-none-eabi/lib/thumb/v7e-m/nofp/libg.a(lib_a-strtol.o)
                0x00000000080030ac                _strtol_r
                0x00000000080030c4                strtol_l
                0x00000000080030ec                strtol
 .text          0x0000000008003114     0x1458 /usr/lib/gcc/arm-none-eabi/10.3.1/../../../arm-none-eabi/lib/thumb/v7e-m/nofp/libg.a(lib_a-svfprintf.o)
                0x0000000008003114                _svfprintf_r
 .text          0x000000000800456c     0x1524 /usr/lib/gcc/arm-none-eabi/10.3.1/../../../arm-none-eabi/lib/thumb/v7e-m/nofp/libg.a(lib_a-vfprintf.o)
                0x000000000800456c                _vfprintf_r
                0x0000000008005a0c                vfprintf
 .text          0x0000000008005a90       0xd4 /usr/lib/gcc/arm-none-eabi/10.3.1/../../../arm-none-eabi/lib/thumb/v7e-m/nofp/libg.a(lib_a-wsetup.o)
                0x0000000008005a90                __swsetup_r
 .text          0x0000000008005b64       0x68 /usr/lib/gcc/arm-none-eabi/10.3.1/../../../arm-none-eabi/lib/thumb/v7e-m/nofp/libg.a(lib_a-__atexit.o)
                0x0000000008005b64                __register_exitproc
 *fill*         0x0000000008005bcc        0x4 
 .text          0x0000000008005bd0      0xfe4 /usr/lib/gcc/arm-none-eabi/10.3.1/../../../arm-none-eabi/lib/thumb/v7e-m/nofp/libg.a(lib_a-dtoa.o)
                0x0000000008005cf4                _dtoa_r
 .text          0x0000000008006bb4      0x19c /usr/lib/gcc/arm-none-eabi/10.3.1/../../../arm-none-eabi/lib/thumb/v7e-m/nofp/libg.a(lib_a-fflush.o)
                0x0000000008006bb4                __sflush_r
                0x0000000008006cd4                _fflush_r
                0x0000000008006d00                fflush
 .text          0x0000000008006d50      0x218 /usr/lib/gcc/arm-none-eabi/10.3.1/../../../arm-none-eabi/lib/thumb/v7e-m/nofp/libg.a(lib_a-findfp.o)
                0x0000000008006d54                _cleanup_r
                0x0000000008006e3c                __sfmoreglue
                0x0000000008006e6c                __sfp
                0x0000000008006f14                _cleanup
                0x0000000008006f28                __sinit
                0x0000000008006f30                __sfp_lock_acquire
                0x0000000008006f34                __sfp_lock_release
                0x0000000008006f38                __sinit_lock_acquire
                0x0000000008006f3c                __sinit_lock_release
                0x0000000008006f40                __fp_lock_all
                0x0000000008006f54                __fp_unlock_all
 .text          0x0000000008006f68      0x2ac /usr/lib/gcc/arm-none-eabi/10.3.1/../../../arm-none-eabi/lib/thumb/v7e-m/nofp/libg.a(lib_a-freer.o)
                0x0000000008006f68                _malloc_trim_r
                0x0000000008007008                _free_r
 .text          0x0000000008007214      0x2e8 /usr/lib/gcc/arm-none-eabi/10.3.1/../../../arm-none-eabi/lib/thumb/v7e-m/nofp/libg.a(lib_a-fvwrite.o)
                0x0000000008007214                __sfvwrite_r
 .text          0x00000000080074fc       0x88 /usr/lib/gcc/arm-none-eabi/10.3.1/../../../arm-none-eabi/lib/thumb/v7e-m/nofp/libg.a(lib_a-fwalk.o)
                0x00000000080074fc                _fwalk
                0x000000000800753c                _fwalk_reent
 .text          0x0000000008007584      0x660 /usr/lib/gcc/arm-none-eabi/10.3.1/../../../arm-none-eabi/lib/thumb/v7e-m/nofp/libg.a(lib_a-gdtoa-gethex.o)
                0x0000000008007628                __gethex
 .text          0x0000000008007be4      0x1e0 /usr/lib/gcc/arm-none-eabi/10.3.1/../../../arm-none-eabi/lib/thumb/v7e-m/nofp/libg.a(lib_a-gdtoa-hexnan.o)
                0x0000000008007be4                __match
                0x0000000008007c18                __hexnan
 .text          0x0000000008007dc4       0x8c /usr/lib/gcc/arm-none-eabi/10.3.1/../../../arm-none-eabi/lib/thumb/v7e-m/nofp/libg.a(lib_a-locale.o)
                0x0000000008007dc4                _setlocale_r
                0x0000000008007e04                __locale_mb_cur_max
                0x0000000008007e10                setlocale
 .text          0x0000000008007e50       0x14 /usr/lib/gcc/arm-none-eabi/10.3.1/../../../arm-none-eabi/lib/thumb/v7e-m/nofp/libg.a(lib_a-localeconv.o)
                0x0000000008007e50                __localeconv_l
                0x0000000008007e54                _localeconv_r
                0x0000000008007e5c                localeconv
 .text          0x0000000008007e64      0x140 /usr/lib/gcc/arm-none-eabi/10.3.1/../../../arm-none-eabi/lib/thumb/v7e-m/nofp/libg.a(lib_a-makebuf.o)
                0x0000000008007e64                __smakebuf_r
                0x0000000008007f44                __swhatbuf_r
 .text          0x0000000008007fa4      0x554 /usr/lib/gcc/arm-none-eabi/10.3.1/../../../arm-none-eabi/lib/thumb/v7e-m/nofp/libg.a(lib_a-mallocr.o)
                0x0000000008007fa4                _malloc_r
 .text          0x00000000080084f8       0x40 /usr/lib/gcc/arm-none-eabi/10.3.1/../../../arm-none-eabi/lib/thumb/v7e-m/nofp/libg.a(lib_a-mbtowc_r.o)
                0x00000000080084f8                _mbtowc_r
                0x000000000800850c                __ascii_mbtowc
 *fill*         0x0000000008008538        0x8 
 .text          0x0000000008008540       0xa0 /usr/lib/gcc/arm-none-eabi/10.3.1/../../../arm-none-eabi/lib/thumb/v7e-m/nofp/libg.a(lib_a-memchr.o)
                0x0000000008008540                memchr
 .text          0x00000000080085e0        0x8 /usr/lib/gcc/arm-none-eabi/10.3.1/../../../arm-none-eabi/lib/thumb/v7e-m/nofp/libg.a(lib_a-mlock.o)
                0x00000000080085e0                __malloc_lock
                0x00000000080085e4                __malloc_unlock
 .text          0x00000000080085e8      0xa6c /usr/lib/gcc/arm-none-eabi/10.3.1/../../../arm-none-eabi/lib/thumb/v7e-m/nofp/libg.a(lib_a-mprec.o)
                0x00000000080085e8                _Balloc
                0x0000000008008634                _Bfree
                0x0000000008008648                __multadd
                0x00000000080086e8                __s2b
                0x000000000800879c                __hi0bits
                0x00000000080087dc                __lo0bits
                0x0000000008008838                __i2b
                0x0000000008008894                __multiply
                0x00000000080089f0                __pow5mult
                0x0000000008008ab0                __lshift
                0x0000000008008ba0                __mcmp
                0x0000000008008be0                __mdiff
                0x0000000008008d2c                __ulp
                0x0000000008008d70                __b2d
                0x0000000008008e40                __d2b
                0x0000000008008f04                __ratio
                0x0000000008008f60                _mprec_log10
                0x0000000008008f98                __copybits
                0x0000000008008ff4                __any_on
 .text          0x0000000008009054       0xb8 /usr/lib/gcc/arm-none-eabi/10.3.1/../../../arm-none-eabi/lib/thumb/v7e-m/nofp/libg.a(lib_a-putc.o)
                0x0000000008009054                _putc_r
                0x00000000080090ac                putc
 .text          0x000000000800910c      0x3d8 /usr/lib/gcc/arm-none-eabi/10.3.1/../../../arm-none-eabi/lib/thumb/v7e-m/nofp/libg.a(lib_a-reallocr.o)
                0x000000000800910c                _realloc_r
 .text          0x00000000080094e4        0xc /usr/lib/gcc/arm-none-eabi/10.3.1/../../../arm-none-eabi/lib/thumb/v7e-m/nofp/libg.a(lib_a-s_nan.o)
                0x00000000080094e4                nan
 .text          0x00000000080094f0       0x24 /usr/lib/gcc/arm-none-eabi/10.3.1/../../../arm-none-eabi/lib/thumb/v7e-m/nofp/libg.a(lib_a-sbrkr.o)
                0x00000000080094f0                _sbrk_r
 .text          0x0000000008009514        0x8 /usr/lib/gcc/arm-none-eabi/10.3.1/../../../arm-none-eabi/lib/thumb/v7e-m/nofp/libg.a(lib_a-sf_nan.o)
                0x0000000008009514                nanf
 .text          0x000000000800951c       0x90 /usr/lib/gcc/arm-none-eabi/10.3.1/../../../arm-none-eabi/lib/thumb/v7e-m/nofp/libg.a(lib_a-stdio.o)
                0x000000000800951c                __sread
                0x0000000008009540                __seofread
                0x0000000008009544                __swrite
                0x0000000008009584                __sseek
                0x00000000080095a4                __sclose
 .text          0x00000000080095ac      0xb54 /usr/lib/gcc/arm-none-eabi/10.3.1/../../../arm-none-eabi/lib/thumb/v7e-m/nofp/libg.a(lib_a-svfiprintf.o)
                0x00000000080095ac                __ssprint_r
                0x00000000080096a4                _svfiprintf_r
 .text          0x000000000800a100      0xd40 /usr/lib/gcc/arm-none-eabi/10.3.1/../../../arm-none-eabi/lib/thumb/v7e-m/nofp/libg.a(lib_a-vfiprintf.o)
                0x000000000800a178                __sprint_r
                0x000000000800a18c                _vfiprintf_r
                0x000000000800adbc                vfiprintf
 .text          0x000000000800ae40       0xc8 /usr/lib/gcc/arm-none-eabi/10.3.1/../../../arm-none-eabi/lib/thumb/v7e-m/nofp/libg.a(lib_a-wbuf.o)
                0x000000000800ae40                __swbuf_r
                0x000000000800aef0                __swbuf
 .text          0x000000000800af08       0x30 /usr/lib/gcc/arm-none-eabi/10.3.1/../../../arm-none-eabi/lib/thumb/v7e-m/nofp/libg.a(lib_a-wctomb_r.o)
                0x000000000800af08                _wctomb_r
                0x000000000800af1c                __ascii_wctomb
 .text          0x000000000800af38       0x2c /usr/lib/gcc/arm-none-eabi/10.3.1/../../../arm-none-eabi/lib/thumb/v7e-m/nofp/libg.a(lib_a-writer.o)
                0x000000000800af38                _write_r
 .text          0x000000000800af64       0x4c /usr/lib/gcc/arm-none-eabi/10.3.1/../../../arm-none-eabi/lib/thumb/v7e-m/nofp/libg.a(lib_a-assert.o)
                0x000000000800af64                __assert_func
                0x000000000800afa4                __assert
 .text          0x000000000800afb0       0x60 /usr/lib/gcc/arm-none-eabi/10.3.1/../../../arm-none-eabi/lib/thumb/v7e-m/nofp/libg.a(lib_a-callocr.o)
                0x000000000800afb0                _calloc_r
 .text          0x000000000800b010       0x24 /usr/lib/gcc/arm-none-eabi/10.3.1/../../../arm-none-eabi/lib/thumb/v7e-m/nofp/libg.a(lib_a-closer.o)
                0x000000000800b010                _close_r
 .text          0x000000000800b034       0xd4 /usr/lib/gcc/arm-none-eabi/10.3.1/../../../arm-none-eabi/lib/thumb/v7e-m/nofp/libg.a(lib_a-fclose.o)
                0x000000000800b098                _fclose_r
                0x000000000800b0cc                fclose
 .text          0x000000000800b108       0x44 /usr/lib/gcc/arm-none-eabi/10.3.1/../../../arm-none-eabi/lib/thumb/v7e-m/nofp/libg.a(lib_a-fiprintf.o)
                0x000000000800b108                _fiprintf_r
                0x000000000800b124                fiprintf
 .text          0x000000000800b14c      0x10c /usr/lib/gcc/arm-none-eabi/10.3.1/../../../arm-none-eabi/lib/thumb/v7e-m/nofp/libg.a(lib_a-fputwc.o)
                0x000000000800b14c                __fputwc
                0x000000000800b1f4                _fputwc_r
                0x000000000800b218                fputwc
 .text          0x000000000800b258       0x2c /usr/lib/gcc/arm-none-eabi/10.3.1/../../../arm-none-eabi/lib/thumb/v7e-m/nofp/libg.a(lib_a-fstatr.o)
                0x000000000800b258                _fstat_r
 .text          0x000000000800b284       0x24 /usr/lib/gcc/arm-none-eabi/10.3.1/../../../arm-none-eabi/lib/thumb/v7e-m/nofp/libg.a(lib_a-isattyr.o)
                0x000000000800b284                _isatty_r
 .text          0x000000000800b2a8       0x2c /usr/lib/gcc/arm-none-eabi/10.3.1/../../../arm-none-eabi/lib/thumb/v7e-m/nofp/libg.a(lib_a-lseekr.o)
                0x000000000800b2a8                _lseek_r
 .text          0x000000000800b2d4       0x2c /usr/lib/gcc/arm-none-eabi/10.3.1/../../../arm-none-eabi/lib/thumb/v7e-m/nofp/libg.a(lib_a-readr.o)
                0x000000000800b2d4                _read_r
 .text          0x000000000800b300       0x8c /usr/lib/gcc/arm-none-eabi/10.3.1/../../../arm-none-eabi/lib/thumb/v7e-m/nofp/libg.a(lib_a-wcrtomb.o)
                0x000000000800b300                _wcrtomb_r
                0x000000000800b33c                wcrtomb
 .text          0x000000000800b38c       0x10 /usr/lib/gcc/arm-none-eabi/10.3.1/../../../arm-none-eabi/lib/thumb/v7e-m/nofp/libg.a(lib_a-abort.o)
                0x000000000800b38c                abort
 .text          0x000000000800b39c      0x288 /usr/lib/gcc/arm-none-eabi/10.3.1/../../../arm-none-eabi/lib/thumb/v7e-m/nofp/libg.a(lib_a-signal.o)
                0x000000000800b39c                _init_signal_r
                0x000000000800b3cc                _signal_r
                0x000000000800b418                _raise_r
                0x000000000800b470                __sigtramp_r
                0x000000000800b4d4                raise
                0x000000000800b530                signal
                0x000000000800b584                _init_signal
                0x000000000800b5bc                __sigtramp
 .text          0x000000000800b624       0x30 /usr/lib/gcc/arm-none-eabi/10.3.1/../../../arm-none-eabi/lib/thumb/v7e-m/nofp/libg.a(lib_a-signalr.o)
                0x000000000800b624                _kill_r
                0x000000000800b650                _getpid_r
 .text          0x000000000800b654       0x2c /usr/lib/gcc/arm-none-eabi/10.3.1/thumb/v7e-m/nofp/libgcc.a(_arm_unorddf2.o)
                0x000000000800b654                __aeabi_dcmpun
                0x000000000800b654                __unorddf2
 .text          0x000000000800b680       0x2c /usr/lib/gcc/arm-none-eabi/10.3.1/thumb/v7e-m/nofp/libgcc.a(_arm_unordsf2.o)
                0x000000000800b680                __aeabi_fcmpun
                0x000000000800b680                __unordsf2
 *(.text*)
 .text.MX_ETH_Init
                0x000000000800b6ac       0x70 CMakeFiles/NUCLEO-F429ZI.elf.dir/Core/Src/eth.c.obj
                0x000000000800b6ac                MX_ETH_Init
 .text.HAL_ETH_MspInit
                0x000000000800b71c      0x11c CMakeFiles/NUCLEO-F429ZI.elf.dir/Core/Src/eth.c.obj
                0x000000000800b71c                HAL_ETH_MspInit
 .text.MX_GPIO_Init
                0x000000000800b838      0x108 CMakeFiles/NUCLEO-F429ZI.elf.dir/Core/Src/gpio.c.obj
                0x000000000800b838                MX_GPIO_Init
 .text.onSwitchCb
                0x000000000800b940       0x44 CMakeFiles/NUCLEO-F429ZI.elf.dir/Core/Src/main.c.obj
 .text.simACb   0x000000000800b984       0x18 CMakeFiles/NUCLEO-F429ZI.elf.dir/Core/Src/main.c.obj
 .text.simBCb   0x000000000800b99c        0x2 CMakeFiles/NUCLEO-F429ZI.elf.dir/Core/Src/main.c.obj
 *fill*         0x000000000800b99e        0x2 
 .text.onMQTTCb
                0x000000000800b9a0       0xd8 CMakeFiles/NUCLEO-F429ZI.elf.dir/Core/Src/main.c.obj
                0x000000000800b9a0                onMQTTCb
 .text.saltConfig
                0x000000000800ba78       0x84 CMakeFiles/NUCLEO-F429ZI.elf.dir/Core/Src/main.c.obj
 *fill*         0x000000000800bafc        0x4 
 .text.onAnInCb
                0x000000000800bb00       0x9c CMakeFiles/NUCLEO-F429ZI.elf.dir/Core/Src/main.c.obj
 .text.onRelayErrorCb
                0x000000000800bb9c       0x48 CMakeFiles/NUCLEO-F429ZI.elf.dir/Core/Src/main.c.obj
 .text.__io_putchar
                0x000000000800bbe4       0x20 CMakeFiles/NUCLEO-F429ZI.elf.dir/Core/Src/main.c.obj
                0x000000000800bbe4                __io_putchar
 .text.Error_Handler
                0x000000000800bc04        0x4 CMakeFiles/NUCLEO-F429ZI.elf.dir/Core/Src/main.c.obj
                0x000000000800bc04                Error_Handler
 .text.SystemClock_Config
                0x000000000800bc08       0xa8 CMakeFiles/NUCLEO-F429ZI.elf.dir/Core/Src/main.c.obj
                0x000000000800bc08                SystemClock_Config
 .text.main     0x000000000800bcb0      0x32c CMakeFiles/NUCLEO-F429ZI.elf.dir/Core/Src/main.c.obj
                0x000000000800bcb0                main
 .text.MX_SPI1_Init
                0x000000000800bfdc       0x40 CMakeFiles/NUCLEO-F429ZI.elf.dir/Core/Src/spi.c.obj
                0x000000000800bfdc                MX_SPI1_Init
 .text.HAL_SPI_MspInit
                0x000000000800c01c       0x98 CMakeFiles/NUCLEO-F429ZI.elf.dir/Core/Src/spi.c.obj
                0x000000000800c01c                HAL_SPI_MspInit
 .text.HAL_MspInit
                0x000000000800c0b4       0x38 CMakeFiles/NUCLEO-F429ZI.elf.dir/Core/Src/stm32f4xx_hal_msp.c.obj
                0x000000000800c0b4                HAL_MspInit
 .text.NMI_Handler
                0x000000000800c0ec        0x2 CMakeFiles/NUCLEO-F429ZI.elf.dir/Core/Src/stm32f4xx_it.c.obj
                0x000000000800c0ec                NMI_Handler
 .text.HardFault_Handler
                0x000000000800c0ee        0x2 CMakeFiles/NUCLEO-F429ZI.elf.dir/Core/Src/stm32f4xx_it.c.obj
                0x000000000800c0ee                HardFault_Handler
 .text.MemManage_Handler
                0x000000000800c0f0        0x2 CMakeFiles/NUCLEO-F429ZI.elf.dir/Core/Src/stm32f4xx_it.c.obj
                0x000000000800c0f0                MemManage_Handler
 .text.BusFault_Handler
                0x000000000800c0f2        0x2 CMakeFiles/NUCLEO-F429ZI.elf.dir/Core/Src/stm32f4xx_it.c.obj
                0x000000000800c0f2                BusFault_Handler
 .text.UsageFault_Handler
                0x000000000800c0f4        0x2 CMakeFiles/NUCLEO-F429ZI.elf.dir/Core/Src/stm32f4xx_it.c.obj
                0x000000000800c0f4                UsageFault_Handler
 .text.SVC_Handler
                0x000000000800c0f6        0x2 CMakeFiles/NUCLEO-F429ZI.elf.dir/Core/Src/stm32f4xx_it.c.obj
                0x000000000800c0f6                SVC_Handler
 .text.DebugMon_Handler
                0x000000000800c0f8        0x2 CMakeFiles/NUCLEO-F429ZI.elf.dir/Core/Src/stm32f4xx_it.c.obj
                0x000000000800c0f8                DebugMon_Handler
 .text.PendSV_Handler
                0x000000000800c0fa        0x2 CMakeFiles/NUCLEO-F429ZI.elf.dir/Core/Src/stm32f4xx_it.c.obj
                0x000000000800c0fa                PendSV_Handler
 .text.SysTick_Handler
                0x000000000800c0fc       0x24 CMakeFiles/NUCLEO-F429ZI.elf.dir/Core/Src/stm32f4xx_it.c.obj
                0x000000000800c0fc                SysTick_Handler
 .text._getpid  0x000000000800c120        0x4 CMakeFiles/NUCLEO-F429ZI.elf.dir/Core/Src/syscalls.c.obj
                0x000000000800c120                _getpid
 .text._kill    0x000000000800c124       0x10 CMakeFiles/NUCLEO-F429ZI.elf.dir/Core/Src/syscalls.c.obj
                0x000000000800c124                _kill
 .text._exit    0x000000000800c134        0xc CMakeFiles/NUCLEO-F429ZI.elf.dir/Core/Src/syscalls.c.obj
                0x000000000800c134                _exit
 .text._read    0x000000000800c140       0x20 CMakeFiles/NUCLEO-F429ZI.elf.dir/Core/Src/syscalls.c.obj
                0x000000000800c140                _read
 .text._write   0x000000000800c160       0x1c CMakeFiles/NUCLEO-F429ZI.elf.dir/Core/Src/syscalls.c.obj
                0x000000000800c160                _write
 .text._close   0x000000000800c17c        0x6 CMakeFiles/NUCLEO-F429ZI.elf.dir/Core/Src/syscalls.c.obj
                0x000000000800c17c                _close
 .text._fstat   0x000000000800c182        0xa CMakeFiles/NUCLEO-F429ZI.elf.dir/Core/Src/syscalls.c.obj
                0x000000000800c182                _fstat
 .text._isatty  0x000000000800c18c        0x4 CMakeFiles/NUCLEO-F429ZI.elf.dir/Core/Src/syscalls.c.obj
                0x000000000800c18c                _isatty
 .text._lseek   0x000000000800c190        0x4 CMakeFiles/NUCLEO-F429ZI.elf.dir/Core/Src/syscalls.c.obj
                0x000000000800c190                _lseek
 .text._sbrk    0x000000000800c194       0x48 CMakeFiles/NUCLEO-F429ZI.elf.dir/Core/Src/sysmem.c.obj
                0x000000000800c194                _sbrk
 .text.SystemInit
                0x000000000800c1dc        0x2 CMakeFiles/NUCLEO-F429ZI.elf.dir/Core/Src/system_stm32f4xx.c.obj
                0x000000000800c1dc                SystemInit
 *fill*         0x000000000800c1de        0x2 
 .text.SystemCoreClockUpdate
                0x000000000800c1e0       0xa0 CMakeFiles/NUCLEO-F429ZI.elf.dir/Core/Src/system_stm32f4xx.c.obj
                0x000000000800c1e0                SystemCoreClockUpdate
 .text.MX_USART3_UART_Init
                0x000000000800c280       0x34 CMakeFiles/NUCLEO-F429ZI.elf.dir/Core/Src/usart.c.obj
                0x000000000800c280                MX_USART3_UART_Init
 .text.HAL_UART_MspInit
                0x000000000800c2b4       0x70 CMakeFiles/NUCLEO-F429ZI.elf.dir/Core/Src/usart.c.obj
                0x000000000800c2b4                HAL_UART_MspInit
 .text.MX_USB_OTG_FS_PCD_Init
                0x000000000800c324       0x38 CMakeFiles/NUCLEO-F429ZI.elf.dir/Core/Src/usb_otg.c.obj
                0x000000000800c324                MX_USB_OTG_FS_PCD_Init
 .text.HAL_PCD_MspInit
                0x000000000800c35c       0x88 CMakeFiles/NUCLEO-F429ZI.elf.dir/Core/Src/usb_otg.c.obj
                0x000000000800c35c                HAL_PCD_MspInit
 .text.Reset_Handler
                0x000000000800c3e4       0x50 CMakeFiles/NUCLEO-F429ZI.elf.dir/Core/Startup/startup_stm32f429zitx.s.obj
                0x000000000800c3e4                Reset_Handler
 .text.Default_Handler
                0x000000000800c434        0x2 CMakeFiles/NUCLEO-F429ZI.elf.dir/Core/Startup/startup_stm32f429zitx.s.obj
                0x000000000800c434                RTC_Alarm_IRQHandler
                0x000000000800c434                HASH_RNG_IRQHandler
                0x000000000800c434                EXTI2_IRQHandler
                0x000000000800c434                TIM8_CC_IRQHandler
                0x000000000800c434                UART8_IRQHandler
                0x000000000800c434                SPI4_IRQHandler
                0x000000000800c434                TIM1_CC_IRQHandler
                0x000000000800c434                DMA2_Stream5_IRQHandler
                0x000000000800c434                DMA1_Stream5_IRQHandler
                0x000000000800c434                PVD_IRQHandler
                0x000000000800c434                SDIO_IRQHandler
                0x000000000800c434                TAMP_STAMP_IRQHandler
                0x000000000800c434                CAN2_RX1_IRQHandler
                0x000000000800c434                EXTI3_IRQHandler
                0x000000000800c434                TIM8_TRG_COM_TIM14_IRQHandler
                0x000000000800c434                TIM1_UP_TIM10_IRQHandler
                0x000000000800c434                TIM8_UP_TIM13_IRQHandler
                0x000000000800c434                I2C3_ER_IRQHandler
                0x000000000800c434                I2C2_EV_IRQHandler
                0x000000000800c434                DMA1_Stream2_IRQHandler
                0x000000000800c434                CAN1_RX0_IRQHandler
                0x000000000800c434                FPU_IRQHandler
                0x000000000800c434                OTG_HS_WKUP_IRQHandler
                0x000000000800c434                LTDC_ER_IRQHandler
                0x000000000800c434                CAN2_SCE_IRQHandler
                0x000000000800c434                DMA2_Stream2_IRQHandler
                0x000000000800c434                SPI1_IRQHandler
                0x000000000800c434                TIM6_DAC_IRQHandler
                0x000000000800c434                TIM1_BRK_TIM9_IRQHandler
                0x000000000800c434                DCMI_IRQHandler
                0x000000000800c434                CAN2_RX0_IRQHandler
                0x000000000800c434                DMA2_Stream3_IRQHandler
                0x000000000800c434                USART6_IRQHandler
                0x000000000800c434                CAN1_RX1_IRQHandler
                0x000000000800c434                UART5_IRQHandler
                0x000000000800c434                DMA2_Stream0_IRQHandler
                0x000000000800c434                TIM4_IRQHandler
                0x000000000800c434                I2C1_EV_IRQHandler
                0x000000000800c434                DMA1_Stream6_IRQHandler
                0x000000000800c434                DMA1_Stream1_IRQHandler
                0x000000000800c434                TIM3_IRQHandler
                0x000000000800c434                RCC_IRQHandler
                0x000000000800c434                TIM8_BRK_TIM12_IRQHandler
                0x000000000800c434                Default_Handler
                0x000000000800c434                ADC_IRQHandler
                0x000000000800c434                DMA1_Stream7_IRQHandler
                0x000000000800c434                SPI5_IRQHandler
                0x000000000800c434                TIM7_IRQHandler
                0x000000000800c434                CAN2_TX_IRQHandler
                0x000000000800c434                TIM5_IRQHandler
                0x000000000800c434                DMA2_Stream7_IRQHandler
                0x000000000800c434                I2C3_EV_IRQHandler
                0x000000000800c434                EXTI9_5_IRQHandler
                0x000000000800c434                RTC_WKUP_IRQHandler
                0x000000000800c434                LTDC_IRQHandler
                0x000000000800c434                ETH_WKUP_IRQHandler
                0x000000000800c434                SPI2_IRQHandler
                0x000000000800c434                OTG_HS_EP1_IN_IRQHandler
                0x000000000800c434                DMA1_Stream0_IRQHandler
                0x000000000800c434                CAN1_TX_IRQHandler
                0x000000000800c434                EXTI4_IRQHandler
                0x000000000800c434                ETH_IRQHandler
                0x000000000800c434                OTG_HS_EP1_OUT_IRQHandler
                0x000000000800c434                WWDG_IRQHandler
                0x000000000800c434                SPI6_IRQHandler
                0x000000000800c434                TIM2_IRQHandler
                0x000000000800c434                OTG_FS_WKUP_IRQHandler
                0x000000000800c434                TIM1_TRG_COM_TIM11_IRQHandler
                0x000000000800c434                OTG_HS_IRQHandler
                0x000000000800c434                DMA2D_IRQHandler
                0x000000000800c434                UART7_IRQHandler
                0x000000000800c434                I2C2_ER_IRQHandler
                0x000000000800c434                DMA2_Stream1_IRQHandler
                0x000000000800c434                CAN1_SCE_IRQHandler
                0x000000000800c434                FLASH_IRQHandler
                0x000000000800c434                DMA2_Stream4_IRQHandler
                0x000000000800c434                OTG_FS_IRQHandler
                0x000000000800c434                SPI3_IRQHandler
                0x000000000800c434                DMA1_Stream4_IRQHandler
                0x000000000800c434                I2C1_ER_IRQHandler
                0x000000000800c434                FMC_IRQHandler
                0x000000000800c434                DMA2_Stream6_IRQHandler
                0x000000000800c434                SAI1_IRQHandler
                0x000000000800c434                DMA1_Stream3_IRQHandler
 *fill*         0x000000000800c436        0x2 
 .text.HAL_InitTick
                0x000000000800c438       0x4c CMakeFiles/NUCLEO-F429ZI.elf.dir/Drivers/STM32F4xx_HAL_Driver/Src/stm32f4xx_hal.c.obj
                0x000000000800c438                HAL_InitTick
 .text.HAL_Init
                0x000000000800c484       0x34 CMakeFiles/NUCLEO-F429ZI.elf.dir/Drivers/STM32F4xx_HAL_Driver/Src/stm32f4xx_hal.c.obj
                0x000000000800c484                HAL_Init
 .text.HAL_IncTick
                0x000000000800c4b8       0x18 CMakeFiles/NUCLEO-F429ZI.elf.dir/Drivers/STM32F4xx_HAL_Driver/Src/stm32f4xx_hal.c.obj
                0x000000000800c4b8                HAL_IncTick
 .text.HAL_GetTick
                0x000000000800c4d0        0xc CMakeFiles/NUCLEO-F429ZI.elf.dir/Drivers/STM32F4xx_HAL_Driver/Src/stm32f4xx_hal.c.obj
                0x000000000800c4d0                HAL_GetTick
 .text.HAL_Delay
                0x000000000800c4dc       0x28 CMakeFiles/NUCLEO-F429ZI.elf.dir/Drivers/STM32F4xx_HAL_Driver/Src/stm32f4xx_hal.c.obj
                0x000000000800c4dc                HAL_Delay
 .text.HAL_NVIC_SetPriorityGrouping
                0x000000000800c504       0x24 CMakeFiles/NUCLEO-F429ZI.elf.dir/Drivers/STM32F4xx_HAL_Driver/Src/stm32f4xx_hal_cortex.c.obj
                0x000000000800c504                HAL_NVIC_SetPriorityGrouping
 .text.HAL_NVIC_SetPriority
                0x000000000800c528       0x70 CMakeFiles/NUCLEO-F429ZI.elf.dir/Drivers/STM32F4xx_HAL_Driver/Src/stm32f4xx_hal_cortex.c.obj
                0x000000000800c528                HAL_NVIC_SetPriority
 .text.HAL_NVIC_EnableIRQ
                0x000000000800c598       0x1c CMakeFiles/NUCLEO-F429ZI.elf.dir/Drivers/STM32F4xx_HAL_Driver/Src/stm32f4xx_hal_cortex.c.obj
                0x000000000800c598                HAL_NVIC_EnableIRQ
 .text.HAL_NVIC_DisableIRQ
                0x000000000800c5b4       0x24 CMakeFiles/NUCLEO-F429ZI.elf.dir/Drivers/STM32F4xx_HAL_Driver/Src/stm32f4xx_hal_cortex.c.obj
                0x000000000800c5b4                HAL_NVIC_DisableIRQ
 .text.HAL_SYSTICK_Config
                0x000000000800c5d8       0x28 CMakeFiles/NUCLEO-F429ZI.elf.dir/Drivers/STM32F4xx_HAL_Driver/Src/stm32f4xx_hal_cortex.c.obj
                0x000000000800c5d8                HAL_SYSTICK_Config
 .text.HAL_SYSTICK_CLKSourceConfig
                0x000000000800c600       0x20 CMakeFiles/NUCLEO-F429ZI.elf.dir/Drivers/STM32F4xx_HAL_Driver/Src/stm32f4xx_hal_cortex.c.obj
                0x000000000800c600                HAL_SYSTICK_CLKSourceConfig
 .text.HAL_DMA_Abort
                0x000000000800c620       0x94 CMakeFiles/NUCLEO-F429ZI.elf.dir/Drivers/STM32F4xx_HAL_Driver/Src/stm32f4xx_hal_dma.c.obj
                0x000000000800c620                HAL_DMA_Abort
 .text.HAL_DMA_Abort_IT
                0x000000000800c6b4       0x26 CMakeFiles/NUCLEO-F429ZI.elf.dir/Drivers/STM32F4xx_HAL_Driver/Src/stm32f4xx_hal_dma.c.obj
                0x000000000800c6b4                HAL_DMA_Abort_IT
 *fill*         0x000000000800c6da        0x2 
 .text.ETH_MACAddressConfig
                0x000000000800c6dc       0x30 CMakeFiles/NUCLEO-F429ZI.elf.dir/Drivers/STM32F4xx_HAL_Driver/Src/stm32f4xx_hal_eth.c.obj
 .text.ETH_DMATxDescListInit
                0x000000000800c70c       0x6e CMakeFiles/NUCLEO-F429ZI.elf.dir/Drivers/STM32F4xx_HAL_Driver/Src/stm32f4xx_hal_eth.c.obj
 .text.ETH_DMARxDescListInit
                0x000000000800c77a       0x84 CMakeFiles/NUCLEO-F429ZI.elf.dir/Drivers/STM32F4xx_HAL_Driver/Src/stm32f4xx_hal_eth.c.obj
 *fill*         0x000000000800c7fe        0x2 
 .text.ETH_SetMACConfig
                0x000000000800c800       0xfc CMakeFiles/NUCLEO-F429ZI.elf.dir/Drivers/STM32F4xx_HAL_Driver/Src/stm32f4xx_hal_eth.c.obj
 .text.ETH_SetDMAConfig
                0x000000000800c8fc       0xc0 CMakeFiles/NUCLEO-F429ZI.elf.dir/Drivers/STM32F4xx_HAL_Driver/Src/stm32f4xx_hal_eth.c.obj
 .text.ETH_MACDMAConfig
                0x000000000800c9bc       0xa2 CMakeFiles/NUCLEO-F429ZI.elf.dir/Drivers/STM32F4xx_HAL_Driver/Src/stm32f4xx_hal_eth.c.obj
 *fill*         0x000000000800ca5e        0x2 
 .text.HAL_ETH_Init
                0x000000000800ca60       0xc0 CMakeFiles/NUCLEO-F429ZI.elf.dir/Drivers/STM32F4xx_HAL_Driver/Src/stm32f4xx_hal_eth.c.obj
                0x000000000800ca60                HAL_ETH_Init
 .text.HAL_GPIO_Init
                0x000000000800cb20      0x1fc CMakeFiles/NUCLEO-F429ZI.elf.dir/Drivers/STM32F4xx_HAL_Driver/Src/stm32f4xx_hal_gpio.c.obj
                0x000000000800cb20                HAL_GPIO_Init
 .text.HAL_GPIO_ReadPin
                0x000000000800cd1c        0xe CMakeFiles/NUCLEO-F429ZI.elf.dir/Drivers/STM32F4xx_HAL_Driver/Src/stm32f4xx_hal_gpio.c.obj
                0x000000000800cd1c                HAL_GPIO_ReadPin
 .text.HAL_GPIO_WritePin
                0x000000000800cd2a        0xc CMakeFiles/NUCLEO-F429ZI.elf.dir/Drivers/STM32F4xx_HAL_Driver/Src/stm32f4xx_hal_gpio.c.obj
                0x000000000800cd2a                HAL_GPIO_WritePin
 *fill*         0x000000000800cd36        0x2 
 .text.HAL_GPIO_EXTI_IRQHandler
                0x000000000800cd38       0x1c CMakeFiles/NUCLEO-F429ZI.elf.dir/Drivers/STM32F4xx_HAL_Driver/Src/stm32f4xx_hal_gpio.c.obj
                0x000000000800cd38                HAL_GPIO_EXTI_IRQHandler
 .text.HAL_PCD_Init
                0x000000000800cd54      0x12e CMakeFiles/NUCLEO-F429ZI.elf.dir/Drivers/STM32F4xx_HAL_Driver/Src/stm32f4xx_hal_pcd.c.obj
                0x000000000800cd54                HAL_PCD_Init
 *fill*         0x000000000800ce82        0x2 
 .text.HAL_RCC_OscConfig
                0x000000000800ce84      0x3f8 CMakeFiles/NUCLEO-F429ZI.elf.dir/Drivers/STM32F4xx_HAL_Driver/Src/stm32f4xx_hal_rcc.c.obj
                0x000000000800ce84                HAL_RCC_OscConfig
 .text.HAL_RCC_GetSysClockFreq
                0x000000000800d27c       0xd4 CMakeFiles/NUCLEO-F429ZI.elf.dir/Drivers/STM32F4xx_HAL_Driver/Src/stm32f4xx_hal_rcc.c.obj
                0x000000000800d27c                HAL_RCC_GetSysClockFreq
 .text.HAL_RCC_ClockConfig
                0x000000000800d350      0x160 CMakeFiles/NUCLEO-F429ZI.elf.dir/Drivers/STM32F4xx_HAL_Driver/Src/stm32f4xx_hal_rcc.c.obj
                0x000000000800d350                HAL_RCC_ClockConfig
 .text.HAL_RCC_GetHCLKFreq
                0x000000000800d4b0        0xc CMakeFiles/NUCLEO-F429ZI.elf.dir/Drivers/STM32F4xx_HAL_Driver/Src/stm32f4xx_hal_rcc.c.obj
                0x000000000800d4b0                HAL_RCC_GetHCLKFreq
 .text.HAL_RCC_GetPCLK1Freq
                0x000000000800d4bc       0x20 CMakeFiles/NUCLEO-F429ZI.elf.dir/Drivers/STM32F4xx_HAL_Driver/Src/stm32f4xx_hal_rcc.c.obj
                0x000000000800d4bc                HAL_RCC_GetPCLK1Freq
 .text.HAL_RCC_GetPCLK2Freq
                0x000000000800d4dc       0x20 CMakeFiles/NUCLEO-F429ZI.elf.dir/Drivers/STM32F4xx_HAL_Driver/Src/stm32f4xx_hal_rcc.c.obj
                0x000000000800d4dc                HAL_RCC_GetPCLK2Freq
 .text.HAL_SPI_Init
                0x000000000800d4fc       0xbe CMakeFiles/NUCLEO-F429ZI.elf.dir/Drivers/STM32F4xx_HAL_Driver/Src/stm32f4xx_hal_spi.c.obj
                0x000000000800d4fc                HAL_SPI_Init
 .text.UART_EndRxTransfer
                0x000000000800d5ba       0x5c CMakeFiles/NUCLEO-F429ZI.elf.dir/Drivers/STM32F4xx_HAL_Driver/Src/stm32f4xx_hal_uart.c.obj
 .text.UART_Transmit_IT
                0x000000000800d616       0x60 CMakeFiles/NUCLEO-F429ZI.elf.dir/Drivers/STM32F4xx_HAL_Driver/Src/stm32f4xx_hal_uart.c.obj
 *fill*         0x000000000800d676        0x2 
 .text.UART_SetConfig
                0x000000000800d678      0x110 CMakeFiles/NUCLEO-F429ZI.elf.dir/Drivers/STM32F4xx_HAL_Driver/Src/stm32f4xx_hal_uart.c.obj
 .text.UART_WaitOnFlagUntilTimeout
                0x000000000800d788       0x88 CMakeFiles/NUCLEO-F429ZI.elf.dir/Drivers/STM32F4xx_HAL_Driver/Src/stm32f4xx_hal_uart.c.obj
 .text.HAL_UART_Init
                0x000000000800d810       0x5e CMakeFiles/NUCLEO-F429ZI.elf.dir/Drivers/STM32F4xx_HAL_Driver/Src/stm32f4xx_hal_uart.c.obj
                0x000000000800d810                HAL_UART_Init
 .text.HAL_UART_Transmit
                0x000000000800d86e       0xd8 CMakeFiles/NUCLEO-F429ZI.elf.dir/Drivers/STM32F4xx_HAL_Driver/Src/stm32f4xx_hal_uart.c.obj
                0x000000000800d86e                HAL_UART_Transmit
 .text.HAL_UART_TxCpltCallback
                0x000000000800d946        0x2 CMakeFiles/NUCLEO-F429ZI.elf.dir/Drivers/STM32F4xx_HAL_Driver/Src/stm32f4xx_hal_uart.c.obj
                0x000000000800d946                HAL_UART_TxCpltCallback
 .text.UART_EndTransmit_IT
                0x000000000800d948       0x1a CMakeFiles/NUCLEO-F429ZI.elf.dir/Drivers/STM32F4xx_HAL_Driver/Src/stm32f4xx_hal_uart.c.obj
 .text.HAL_UART_RxCpltCallback
                0x000000000800d962        0x2 CMakeFiles/NUCLEO-F429ZI.elf.dir/Drivers/STM32F4xx_HAL_Driver/Src/stm32f4xx_hal_uart.c.obj
                0x000000000800d962                HAL_UART_RxCpltCallback
 .text.HAL_UART_ErrorCallback
                0x000000000800d964        0x2 CMakeFiles/NUCLEO-F429ZI.elf.dir/Drivers/STM32F4xx_HAL_Driver/Src/stm32f4xx_hal_uart.c.obj
                0x000000000800d964                HAL_UART_ErrorCallback
 .text.UART_DMAAbortOnError
                0x000000000800d966       0x10 CMakeFiles/NUCLEO-F429ZI.elf.dir/Drivers/STM32F4xx_HAL_Driver/Src/stm32f4xx_hal_uart.c.obj
 .text.HAL_UARTEx_RxEventCallback
                0x000000000800d976        0x2 CMakeFiles/NUCLEO-F429ZI.elf.dir/Drivers/STM32F4xx_HAL_Driver/Src/stm32f4xx_hal_uart.c.obj
                0x000000000800d976                HAL_UARTEx_RxEventCallback
 .text.UART_Receive_IT
                0x000000000800d978       0xe2 CMakeFiles/NUCLEO-F429ZI.elf.dir/Drivers/STM32F4xx_HAL_Driver/Src/stm32f4xx_hal_uart.c.obj
 *fill*         0x000000000800da5a        0x2 
 .text.HAL_UART_IRQHandler
                0x000000000800da5c      0x280 CMakeFiles/NUCLEO-F429ZI.elf.dir/Drivers/STM32F4xx_HAL_Driver/Src/stm32f4xx_hal_uart.c.obj
                0x000000000800da5c                HAL_UART_IRQHandler
 .text.USB_CoreReset
                0x000000000800dcdc       0x50 CMakeFiles/NUCLEO-F429ZI.elf.dir/Drivers/STM32F4xx_HAL_Driver/Src/stm32f4xx_ll_usb.c.obj
 .text.USB_CoreInit
                0x000000000800dd2c       0x8a CMakeFiles/NUCLEO-F429ZI.elf.dir/Drivers/STM32F4xx_HAL_Driver/Src/stm32f4xx_ll_usb.c.obj
                0x000000000800dd2c                USB_CoreInit
 .text.USB_DisableGlobalInt
                0x000000000800ddb6        0xc CMakeFiles/NUCLEO-F429ZI.elf.dir/Drivers/STM32F4xx_HAL_Driver/Src/stm32f4xx_ll_usb.c.obj
                0x000000000800ddb6                USB_DisableGlobalInt
 *fill*         0x000000000800ddc2        0x2 
 .text.USB_FlushTxFifo
                0x000000000800ddc4       0x50 CMakeFiles/NUCLEO-F429ZI.elf.dir/Drivers/STM32F4xx_HAL_Driver/Src/stm32f4xx_ll_usb.c.obj
                0x000000000800ddc4                USB_FlushTxFifo
 .text.USB_FlushRxFifo
                0x000000000800de14       0x4c CMakeFiles/NUCLEO-F429ZI.elf.dir/Drivers/STM32F4xx_HAL_Driver/Src/stm32f4xx_ll_usb.c.obj
                0x000000000800de14                USB_FlushRxFifo
 .text.USB_SetDevSpeed
                0x000000000800de60        0xe CMakeFiles/NUCLEO-F429ZI.elf.dir/Drivers/STM32F4xx_HAL_Driver/Src/stm32f4xx_ll_usb.c.obj
                0x000000000800de60                USB_SetDevSpeed
 *fill*         0x000000000800de6e        0x2 
 .text.USB_DevInit
                0x000000000800de70      0x190 CMakeFiles/NUCLEO-F429ZI.elf.dir/Drivers/STM32F4xx_HAL_Driver/Src/stm32f4xx_ll_usb.c.obj
                0x000000000800de70                USB_DevInit
 .text.USB_DevDisconnect
                0x000000000800e000       0x1c CMakeFiles/NUCLEO-F429ZI.elf.dir/Drivers/STM32F4xx_HAL_Driver/Src/stm32f4xx_ll_usb.c.obj
                0x000000000800e000                USB_DevDisconnect
 .text.USB_GetMode
                0x000000000800e01c        0x8 CMakeFiles/NUCLEO-F429ZI.elf.dir/Drivers/STM32F4xx_HAL_Driver/Src/stm32f4xx_ll_usb.c.obj
                0x000000000800e01c                USB_GetMode
 .text.USB_SetCurrentMode
                0x000000000800e024       0x62 CMakeFiles/NUCLEO-F429ZI.elf.dir/Drivers/STM32F4xx_HAL_Driver/Src/stm32f4xx_ll_usb.c.obj
                0x000000000800e024                USB_SetCurrentMode
 *fill*         0x000000000800e086        0x2 
 .text.led_on   0x000000000800e088       0x30 CMakeFiles/NUCLEO-F429ZI.elf.dir/blinkySysTick/blinkySysTick.c.obj
 .text.led_off  0x000000000800e0b8       0x30 CMakeFiles/NUCLEO-F429ZI.elf.dir/blinkySysTick/blinkySysTick.c.obj
 .text.blinker_ctor
                0x000000000800e0e8       0x28 CMakeFiles/NUCLEO-F429ZI.elf.dir/blinkySysTick/blinkySysTick.c.obj
                0x000000000800e0e8                blinker_ctor
 .text.rkh_hook_timetick
                0x000000000800e110        0x8 CMakeFiles/NUCLEO-F429ZI.elf.dir/blinkySysTick/hook.c.obj
                0x000000000800e110                rkh_hook_timetick
 .text.BSP_LED_On
                0x000000000800e118       0x20 CMakeFiles/NUCLEO-F429ZI.elf.dir/bsp/stm32f4xx_nucleo_144.c.obj
                0x000000000800e118                BSP_LED_On
 .text.BSP_LED_Off
                0x000000000800e138       0x20 CMakeFiles/NUCLEO-F429ZI.elf.dir/bsp/stm32f4xx_nucleo_144.c.obj
                0x000000000800e138                BSP_LED_Off
 .text.execute_list
                0x000000000800e158       0x12 CMakeFiles/NUCLEO-F429ZI.elf.dir/mTime/mTime.c.obj
 *fill*         0x000000000800e16a        0x2 
 .text.mTime_init
                0x000000000800e16c       0x18 CMakeFiles/NUCLEO-F429ZI.elf.dir/mTime/mTime.c.obj
                0x000000000800e16c                mTime_init
 .text.mTime_tick
                0x000000000800e184       0x5c CMakeFiles/NUCLEO-F429ZI.elf.dir/mTime/mTime.c.obj
                0x000000000800e184                mTime_tick
 .text.rkh_assert
                0x000000000800e1e0       0x32 CMakeFiles/NUCLEO-F429ZI.elf.dir/salt/bsp/assert.c.obj
                0x000000000800e1e0                rkh_assert
 .text.bsp_init
                0x000000000800e212       0x98 CMakeFiles/NUCLEO-F429ZI.elf.dir/salt/bsp/bsp-salt.c.obj
                0x000000000800e212                bsp_init
 *fill*         0x000000000800e2aa        0x2 
 .text.bsp_timeTick
                0x000000000800e2ac       0x14 CMakeFiles/NUCLEO-F429ZI.elf.dir/salt/bsp/bsp-salt.c.obj
                0x000000000800e2ac                bsp_timeTick
 .text.bsp_regStatus
                0x000000000800e2c0        0xa CMakeFiles/NUCLEO-F429ZI.elf.dir/salt/bsp/bsp-salt.c.obj
                0x000000000800e2c0                bsp_regStatus
 .text.bsp_netStatus
                0x000000000800e2ca        0xa CMakeFiles/NUCLEO-F429ZI.elf.dir/salt/bsp/bsp-salt.c.obj
                0x000000000800e2ca                bsp_netStatus
 .text.bsp_modStatusToggle
                0x000000000800e2d4        0xa CMakeFiles/NUCLEO-F429ZI.elf.dir/salt/bsp/bsp-salt.c.obj
                0x000000000800e2d4                bsp_modStatusToggle
 *fill*         0x000000000800e2de        0x2 
 .text.saltCfg_clientId
                0x000000000800e2e0       0x10 CMakeFiles/NUCLEO-F429ZI.elf.dir/salt/configuration/saltCfg.c.obj
                0x000000000800e2e0                saltCfg_clientId
 .text.saltCfg_topic
                0x000000000800e2f0       0x2c CMakeFiles/NUCLEO-F429ZI.elf.dir/salt/configuration/saltCfg.c.obj
                0x000000000800e2f0                saltCfg_topic
 .text.rkh_trc_close
                0x000000000800e31c        0x2 CMakeFiles/NUCLEO-F429ZI.elf.dir/salt/files-to-review/trace_io.c.obj
                0x000000000800e31c                rkh_trc_close
 *fill*         0x000000000800e31e        0x2 
 .text.rkh_trc_flush
                0x000000000800e320       0x64 CMakeFiles/NUCLEO-F429ZI.elf.dir/salt/files-to-review/trace_io.c.obj
                0x000000000800e320                rkh_trc_flush
 .text.rkh_trc_open
                0x000000000800e384       0x7c CMakeFiles/NUCLEO-F429ZI.elf.dir/salt/files-to-review/trace_io.c.obj
                0x000000000800e384                rkh_trc_open
 .text.convertToSampleValue
                0x000000000800e400       0x2c CMakeFiles/NUCLEO-F429ZI.elf.dir/salt/peripherals/analog-inputs/anIn.c.obj
                0x000000000800e400                convertToSampleValue
 .text.anInInit
                0x000000000800e42c       0x14 CMakeFiles/NUCLEO-F429ZI.elf.dir/salt/peripherals/analog-inputs/anIn.c.obj
                0x000000000800e42c                anInInit
 .text.anInGet  0x000000000800e440       0x14 CMakeFiles/NUCLEO-F429ZI.elf.dir/salt/peripherals/analog-inputs/anIn.c.obj
                0x000000000800e440                anInGet
 .text.anInGetSample
                0x000000000800e454        0xc CMakeFiles/NUCLEO-F429ZI.elf.dir/salt/peripherals/analog-inputs/anIn.c.obj
                0x000000000800e454                anInGetSample
 .text.buzzerSetMode
                0x000000000800e460        0xc CMakeFiles/NUCLEO-F429ZI.elf.dir/salt/peripherals/ihm/buzzer.c.obj
                0x000000000800e460                buzzerSetMode
 .text.buzzerInit
                0x000000000800e46c        0xa CMakeFiles/NUCLEO-F429ZI.elf.dir/salt/peripherals/ihm/buzzer.c.obj
                0x000000000800e46c                buzzerInit
 *fill*         0x000000000800e476        0x2 
 .text.onSwitchGet
                0x000000000800e478       0x18 CMakeFiles/NUCLEO-F429ZI.elf.dir/salt/peripherals/ihm/onSwitch.c.obj
                0x000000000800e478                onSwitchGet
 .text.onSwitchSetIntCb
                0x000000000800e490        0xc CMakeFiles/NUCLEO-F429ZI.elf.dir/salt/peripherals/ihm/onSwitch.c.obj
                0x000000000800e490                onSwitchSetIntCb
 .text.onSwitchInit
                0x000000000800e49c       0x60 CMakeFiles/NUCLEO-F429ZI.elf.dir/salt/peripherals/ihm/onSwitch.c.obj
                0x000000000800e49c                onSwitchInit
 .text.HAL_GPIO_EXTI_Callback
                0x000000000800e4fc       0x1c CMakeFiles/NUCLEO-F429ZI.elf.dir/salt/peripherals/ihm/onSwitch.c.obj
                0x000000000800e4fc                HAL_GPIO_EXTI_Callback
 .text.EXTI15_10_IRQHandler
                0x000000000800e518        0xc CMakeFiles/NUCLEO-F429ZI.elf.dir/salt/peripherals/ihm/onSwitch.c.obj
                0x000000000800e518                EXTI15_10_IRQHandler
 .text.AS1116_CS_Deselect
                0x000000000800e524       0x14 CMakeFiles/NUCLEO-F429ZI.elf.dir/salt/peripherals/ledPanel/as1116.c.obj
 .text.AS1116_CS_Select
                0x000000000800e538       0x14 CMakeFiles/NUCLEO-F429ZI.elf.dir/salt/peripherals/ledPanel/as1116.c.obj
 .text.as1116WriteReg
                0x000000000800e54c       0x2c CMakeFiles/NUCLEO-F429ZI.elf.dir/salt/peripherals/ledPanel/as1116.c.obj
 .text.as1116Init
                0x000000000800e578       0xb4 CMakeFiles/NUCLEO-F429ZI.elf.dir/salt/peripherals/ledPanel/as1116.c.obj
                0x000000000800e578                as1116Init
 .text.as1116SetDigit
                0x000000000800e62c        0x2 CMakeFiles/NUCLEO-F429ZI.elf.dir/salt/peripherals/ledPanel/as1116.c.obj
                0x000000000800e62c                as1116SetDigit
 *fill*         0x000000000800e62e        0x2 
 .text.LED_Init
                0x000000000800e630       0x48 CMakeFiles/NUCLEO-F429ZI.elf.dir/salt/peripherals/ledPanel/ledPanel.c.obj
 .text.ledPanelSetCfgInt
                0x000000000800e678      0x100 CMakeFiles/NUCLEO-F429ZI.elf.dir/salt/peripherals/ledPanel/ledPanel.c.obj
 .text.ledPanelSetCfg
                0x000000000800e778       0x50 CMakeFiles/NUCLEO-F429ZI.elf.dir/salt/peripherals/ledPanel/ledPanel.c.obj
                0x000000000800e778                ledPanelSetCfg
 .text.ledPanelInit
                0x000000000800e7c8       0x44 CMakeFiles/NUCLEO-F429ZI.elf.dir/salt/peripherals/ledPanel/ledPanel.c.obj
                0x000000000800e7c8                ledPanelInit
 .text.postFIFOEvtCmd
                0x000000000800e80c       0x30 CMakeFiles/NUCLEO-F429ZI.elf.dir/salt/peripherals/module-command/modcmdSim900.c.obj
 .text.sendModCmd_noArgs
                0x000000000800e83c       0x10 CMakeFiles/NUCLEO-F429ZI.elf.dir/salt/peripherals/module-command/modcmdSim900.c.obj
 .text.sendModCmd_rui16
                0x000000000800e84c       0x10 CMakeFiles/NUCLEO-F429ZI.elf.dir/salt/peripherals/module-command/modcmdSim900.c.obj
 .text.sendModCmd_3StrArgs
                0x000000000800e85c       0x10 CMakeFiles/NUCLEO-F429ZI.elf.dir/salt/peripherals/module-command/modcmdSim900.c.obj
 .text.doSearch
                0x000000000800e86c       0x18 CMakeFiles/NUCLEO-F429ZI.elf.dir/salt/peripherals/module-command/modcmdSim900.c.obj
 .text.ModCmd_init
                0x000000000800e884       0x48 CMakeFiles/NUCLEO-F429ZI.elf.dir/salt/peripherals/module-command/modcmdSim900.c.obj
                0x000000000800e884                ModCmd_init
 .text.ModCmd_sync
                0x000000000800e8cc       0x10 CMakeFiles/NUCLEO-F429ZI.elf.dir/salt/peripherals/module-command/modcmdSim900.c.obj
                0x000000000800e8cc                ModCmd_sync
 .text.ModCmd_initStr
                0x000000000800e8dc       0x10 CMakeFiles/NUCLEO-F429ZI.elf.dir/salt/peripherals/module-command/modcmdSim900.c.obj
                0x000000000800e8dc                ModCmd_initStr
 .text.ModCmd_getPinStatus
                0x000000000800e8ec       0x10 CMakeFiles/NUCLEO-F429ZI.elf.dir/salt/peripherals/module-command/modcmdSim900.c.obj
                0x000000000800e8ec                ModCmd_getPinStatus
 .text.ModCmd_setPin
                0x000000000800e8fc       0x10 CMakeFiles/NUCLEO-F429ZI.elf.dir/salt/peripherals/module-command/modcmdSim900.c.obj
                0x000000000800e8fc                ModCmd_setPin
 .text.ModCmd_getRegStatus
                0x000000000800e90c       0x10 CMakeFiles/NUCLEO-F429ZI.elf.dir/salt/peripherals/module-command/modcmdSim900.c.obj
                0x000000000800e90c                ModCmd_getRegStatus
 .text.ModCmd_enableNetTime
                0x000000000800e91c       0x10 CMakeFiles/NUCLEO-F429ZI.elf.dir/salt/peripherals/module-command/modcmdSim900.c.obj
                0x000000000800e91c                ModCmd_enableNetTime
 .text.ModCmd_getImei
                0x000000000800e92c       0x10 CMakeFiles/NUCLEO-F429ZI.elf.dir/salt/peripherals/module-command/modcmdSim900.c.obj
                0x000000000800e92c                ModCmd_getImei
 .text.ModCmd_cipShutdown
                0x000000000800e93c       0x10 CMakeFiles/NUCLEO-F429ZI.elf.dir/salt/peripherals/module-command/modcmdSim900.c.obj
                0x000000000800e93c                ModCmd_cipShutdown
 .text.ModCmd_setManualGet
                0x000000000800e94c       0x10 CMakeFiles/NUCLEO-F429ZI.elf.dir/salt/peripherals/module-command/modcmdSim900.c.obj
                0x000000000800e94c                ModCmd_setManualGet
 .text.ModCmd_getLocalTime
                0x000000000800e95c       0x10 CMakeFiles/NUCLEO-F429ZI.elf.dir/salt/peripherals/module-command/modcmdSim900.c.obj
                0x000000000800e95c                ModCmd_getLocalTime
 .text.ModCmd_getOper
                0x000000000800e96c       0x10 CMakeFiles/NUCLEO-F429ZI.elf.dir/salt/peripherals/module-command/modcmdSim900.c.obj
                0x000000000800e96c                ModCmd_getOper
 .text.ModCmd_setupAPN
                0x000000000800e97c       0x14 CMakeFiles/NUCLEO-F429ZI.elf.dir/salt/peripherals/module-command/modcmdSim900.c.obj
                0x000000000800e97c                ModCmd_setupAPN
 .text.ModCmd_startGPRS
                0x000000000800e990       0x10 CMakeFiles/NUCLEO-F429ZI.elf.dir/salt/peripherals/module-command/modcmdSim900.c.obj
                0x000000000800e990                ModCmd_startGPRS
 .text.ModCmd_requestIP
                0x000000000800e9a0       0x10 CMakeFiles/NUCLEO-F429ZI.elf.dir/salt/peripherals/module-command/modcmdSim900.c.obj
                0x000000000800e9a0                ModCmd_requestIP
 .text.ModCmd_getConnStatus
                0x000000000800e9b0       0x10 CMakeFiles/NUCLEO-F429ZI.elf.dir/salt/peripherals/module-command/modcmdSim900.c.obj
                0x000000000800e9b0                ModCmd_getConnStatus
 .text.ModCmd_connect
                0x000000000800e9c0       0x14 CMakeFiles/NUCLEO-F429ZI.elf.dir/salt/peripherals/module-command/modcmdSim900.c.obj
                0x000000000800e9c0                ModCmd_connect
 .text.ModCmd_disconnect
                0x000000000800e9d4       0x10 CMakeFiles/NUCLEO-F429ZI.elf.dir/salt/peripherals/module-command/modcmdSim900.c.obj
                0x000000000800e9d4                ModCmd_disconnect
 .text.ModCmd_sendDataRequest
                0x000000000800e9e4       0x10 CMakeFiles/NUCLEO-F429ZI.elf.dir/salt/peripherals/module-command/modcmdSim900.c.obj
                0x000000000800e9e4                ModCmd_sendDataRequest
 .text.ModCmd_sendData
                0x000000000800e9f4       0x18 CMakeFiles/NUCLEO-F429ZI.elf.dir/salt/peripherals/module-command/modcmdSim900.c.obj
                0x000000000800e9f4                ModCmd_sendData
 .text.ModCmd_readData
                0x000000000800ea0c       0x10 CMakeFiles/NUCLEO-F429ZI.elf.dir/salt/peripherals/module-command/modcmdSim900.c.obj
                0x000000000800ea0c                ModCmd_readData
 .text.ModCmd_errorReport
                0x000000000800ea1c       0x10 CMakeFiles/NUCLEO-F429ZI.elf.dir/salt/peripherals/module-command/modcmdSim900.c.obj
                0x000000000800ea1c                ModCmd_errorReport
 .text.ModCmd_startGPS
                0x000000000800ea2c       0x10 CMakeFiles/NUCLEO-F429ZI.elf.dir/salt/peripherals/module-command/modcmdSim900.c.obj
                0x000000000800ea2c                ModCmd_startGPS
 .text.pulseCounterInit
                0x000000000800ea3c       0x28 CMakeFiles/NUCLEO-F429ZI.elf.dir/salt/peripherals/pulse-counter/pulseCounter.c.obj
                0x000000000800ea3c                pulseCounterInit
 .text.GPIO_Init
                0x000000000800ea64       0x70 CMakeFiles/NUCLEO-F429ZI.elf.dir/salt/peripherals/pulse-counter/pulseCounterFromEduCiaaBsp.c.obj
 .text.pulseCounterEnableInt
                0x000000000800ead4       0x20 CMakeFiles/NUCLEO-F429ZI.elf.dir/salt/peripherals/pulse-counter/pulseCounterFromEduCiaaBsp.c.obj
                0x000000000800ead4                pulseCounterEnableInt
 .text.pulseCounterInitBsp
                0x000000000800eaf4       0x2c CMakeFiles/NUCLEO-F429ZI.elf.dir/salt/peripherals/pulse-counter/pulseCounterFromEduCiaaBsp.c.obj
                0x000000000800eaf4                pulseCounterInitBsp
 .text.EXTI0_IRQHandler
                0x000000000800eb20        0xa CMakeFiles/NUCLEO-F429ZI.elf.dir/salt/peripherals/pulse-counter/pulseCounterFromEduCiaaBsp.c.obj
                0x000000000800eb20                EXTI0_IRQHandler
 .text.EXTI1_IRQHandler
                0x000000000800eb2a        0xa CMakeFiles/NUCLEO-F429ZI.elf.dir/salt/peripherals/pulse-counter/pulseCounterFromEduCiaaBsp.c.obj
                0x000000000800eb2a                EXTI1_IRQHandler
 .text.relayInit
                0x000000000800eb34       0x24 CMakeFiles/NUCLEO-F429ZI.elf.dir/salt/peripherals/relay-control/relay.c.obj
                0x000000000800eb34                relayInit
 .text.relaySetAlEnable
                0x000000000800eb58       0x2e CMakeFiles/NUCLEO-F429ZI.elf.dir/salt/peripherals/relay-control/relay.c.obj
                0x000000000800eb58                relaySetAlEnable
 .text.relaySetCTActive
                0x000000000800eb86       0x3a CMakeFiles/NUCLEO-F429ZI.elf.dir/salt/peripherals/relay-control/relay.c.obj
                0x000000000800eb86                relaySetCTActive
 .text.relaySetFEActive
                0x000000000800ebc0       0x3a CMakeFiles/NUCLEO-F429ZI.elf.dir/salt/peripherals/relay-control/relay.c.obj
                0x000000000800ebc0                relaySetFEActive
 .text.relaySetRemoteMode
                0x000000000800ebfa        0xc CMakeFiles/NUCLEO-F429ZI.elf.dir/salt/peripherals/relay-control/relay.c.obj
                0x000000000800ebfa                relaySetRemoteMode
 *fill*         0x000000000800ec06        0x2 
 .text.GPIO_Clock_Enable
                0x000000000800ec08       0x38 CMakeFiles/NUCLEO-F429ZI.elf.dir/salt/peripherals/relay-control/relayFromEduCiaaBsp.c.obj
 .text.relaySetActivated
                0x000000000800ec40       0x28 CMakeFiles/NUCLEO-F429ZI.elf.dir/salt/peripherals/relay-control/relayFromEduCiaaBsp.c.obj
                0x000000000800ec40                relaySetActivated
 .text.relayInitBsp
                0x000000000800ec68       0x5c CMakeFiles/NUCLEO-F429ZI.elf.dir/salt/peripherals/relay-control/relayFromEduCiaaBsp.c.obj
                0x000000000800ec68                relayInitBsp
 .text.relayGetActivated
                0x000000000800ecc4       0x20 CMakeFiles/NUCLEO-F429ZI.elf.dir/salt/peripherals/relay-control/relayFromEduCiaaBsp.c.obj
                0x000000000800ecc4                relayGetActivated
 .text.USART1_IRQHandler
                0x000000000800ece4       0x30 CMakeFiles/NUCLEO-F429ZI.elf.dir/salt/peripherals/serial/serial.c.obj
                0x000000000800ece4                USART1_IRQHandler
 .text.USART2_IRQHandler
                0x000000000800ed14       0x40 CMakeFiles/NUCLEO-F429ZI.elf.dir/salt/peripherals/serial/serial.c.obj
                0x000000000800ed14                USART2_IRQHandler
 .text.USART3_IRQHandler
                0x000000000800ed54       0x2c CMakeFiles/NUCLEO-F429ZI.elf.dir/salt/peripherals/serial/serial.c.obj
                0x000000000800ed54                USART3_IRQHandler
 .text.UART4_IRQHandler
                0x000000000800ed80       0x30 CMakeFiles/NUCLEO-F429ZI.elf.dir/salt/peripherals/serial/serial.c.obj
                0x000000000800ed80                UART4_IRQHandler
 .text.serialInit
                0x000000000800edb0       0xd0 CMakeFiles/NUCLEO-F429ZI.elf.dir/salt/peripherals/serial/serial.c.obj
                0x000000000800edb0                serialInit
 .text.serialSetIntCb
                0x000000000800ee80       0x34 CMakeFiles/NUCLEO-F429ZI.elf.dir/salt/peripherals/serial/serial.c.obj
                0x000000000800ee80                serialSetIntCb
 .text.serialPutByte
                0x000000000800eeb4       0x30 CMakeFiles/NUCLEO-F429ZI.elf.dir/salt/peripherals/serial/serial.c.obj
                0x000000000800eeb4                serialPutByte
 .text.serialPutString
                0x000000000800eee4       0x18 CMakeFiles/NUCLEO-F429ZI.elf.dir/salt/peripherals/serial/serial.c.obj
                0x000000000800eee4                serialPutString
 .text.serialPutChars
                0x000000000800eefc       0x2c CMakeFiles/NUCLEO-F429ZI.elf.dir/salt/peripherals/serial/serial.c.obj
                0x000000000800eefc                serialPutChars
 .text.GPIO_Clock_Enable
                0x000000000800ef28       0x60 CMakeFiles/NUCLEO-F429ZI.elf.dir/salt/peripherals/sim808/sim808.c.obj
 .text.UART_Init
                0x000000000800ef88       0x3c CMakeFiles/NUCLEO-F429ZI.elf.dir/salt/peripherals/sim808/sim808.c.obj
 .text.sim808SetControlPin
                0x000000000800efc4       0xb0 CMakeFiles/NUCLEO-F429ZI.elf.dir/salt/peripherals/sim808/sim808.c.obj
                0x000000000800efc4                sim808SetControlPin
 .text.sim808Init
                0x000000000800f074       0x88 CMakeFiles/NUCLEO-F429ZI.elf.dir/salt/peripherals/sim808/sim808.c.obj
                0x000000000800f074                sim808Init
 .text.crc16    0x000000000800f0fc       0x38 CMakeFiles/NUCLEO-F429ZI.elf.dir/salt/peripherals/teloc/teloc.c.obj
                0x000000000800f0fc                crc16
 .text.telocParse
                0x000000000800f134       0xc0 CMakeFiles/NUCLEO-F429ZI.elf.dir/salt/peripherals/teloc/teloc.c.obj
                0x000000000800f134                telocParse
 .text.telocInit
                0x000000000800f1f4       0x38 CMakeFiles/NUCLEO-F429ZI.elf.dir/salt/peripherals/teloc/teloc.c.obj
                0x000000000800f1f4                telocInit
 .text.velEvGpsCallback
                0x000000000800f22c       0x4c CMakeFiles/NUCLEO-F429ZI.elf.dir/salt/state-machines/connector-manager/conmgr.c.obj
 .text.open     0x000000000800f278       0x20 CMakeFiles/NUCLEO-F429ZI.elf.dir/salt/state-machines/connector-manager/conmgr.c.obj
 .text.close    0x000000000800f298       0x20 CMakeFiles/NUCLEO-F429ZI.elf.dir/salt/state-machines/connector-manager/conmgr.c.obj
 .text.setSigLevel
                0x000000000800f2b8        0x6 CMakeFiles/NUCLEO-F429ZI.elf.dir/salt/state-machines/connector-manager/conmgr.c.obj
 .text.initializeInit
                0x000000000800f2be        0x8 CMakeFiles/NUCLEO-F429ZI.elf.dir/salt/state-machines/connector-manager/conmgr.c.obj
 .text.configureInit
                0x000000000800f2c6        0x8 CMakeFiles/NUCLEO-F429ZI.elf.dir/salt/state-machines/connector-manager/conmgr.c.obj
 .text.connectInit
                0x000000000800f2ce        0x8 CMakeFiles/NUCLEO-F429ZI.elf.dir/salt/state-machines/connector-manager/conmgr.c.obj
 .text.connectTry
                0x000000000800f2d6        0xc CMakeFiles/NUCLEO-F429ZI.elf.dir/salt/state-machines/connector-manager/conmgr.c.obj
 *fill*         0x000000000800f2e2        0x2 
 .text.sendOk   0x000000000800f2e4       0x24 CMakeFiles/NUCLEO-F429ZI.elf.dir/salt/state-machines/connector-manager/conmgr.c.obj
 .text.recvOk   0x000000000800f308       0x24 CMakeFiles/NUCLEO-F429ZI.elf.dir/salt/state-machines/connector-manager/conmgr.c.obj
 .text.setGpsData
                0x000000000800f32c       0x16 CMakeFiles/NUCLEO-F429ZI.elf.dir/salt/state-machines/connector-manager/conmgr.c.obj
 .text.isConnected
                0x000000000800f342        0x8 CMakeFiles/NUCLEO-F429ZI.elf.dir/salt/state-machines/connector-manager/conmgr.c.obj
 .text.checkSyncTry
                0x000000000800f34a       0x10 CMakeFiles/NUCLEO-F429ZI.elf.dir/salt/state-machines/connector-manager/conmgr.c.obj
                0x000000000800f34a                checkSyncTry
 .text.checkConfigTry
                0x000000000800f35a       0x10 CMakeFiles/NUCLEO-F429ZI.elf.dir/salt/state-machines/connector-manager/conmgr.c.obj
                0x000000000800f35a                checkConfigTry
 .text.checkConnectTry
                0x000000000800f36a       0x10 CMakeFiles/NUCLEO-F429ZI.elf.dir/salt/state-machines/connector-manager/conmgr.c.obj
                0x000000000800f36a                checkConnectTry
 .text.checkConnectedFailCounter
                0x000000000800f37a       0x10 CMakeFiles/NUCLEO-F429ZI.elf.dir/salt/state-machines/connector-manager/conmgr.c.obj
                0x000000000800f37a                checkConnectedFailCounter
 *fill*         0x000000000800f38a        0x2 
 .text.init     0x000000000800f38c      0x418 CMakeFiles/NUCLEO-F429ZI.elf.dir/salt/state-machines/connector-manager/conmgr.c.obj
 .text.recvFail
                0x000000000800f7a4       0x24 CMakeFiles/NUCLEO-F429ZI.elf.dir/salt/state-machines/connector-manager/conmgr.c.obj
 .text.sendFail
                0x000000000800f7c8       0x24 CMakeFiles/NUCLEO-F429ZI.elf.dir/salt/state-machines/connector-manager/conmgr.c.obj
 .text.configTry
                0x000000000800f7ec       0x12 CMakeFiles/NUCLEO-F429ZI.elf.dir/salt/state-machines/connector-manager/conmgr.c.obj
 .text.tryGetStatus
                0x000000000800f7fe       0x12 CMakeFiles/NUCLEO-F429ZI.elf.dir/salt/state-machines/connector-manager/conmgr.c.obj
 .text.sendSync
                0x000000000800f810       0x12 CMakeFiles/NUCLEO-F429ZI.elf.dir/salt/state-machines/connector-manager/conmgr.c.obj
 *fill*         0x000000000800f822        0x2 
 .text.setInitTimeOut
                0x000000000800f824       0x20 CMakeFiles/NUCLEO-F429ZI.elf.dir/salt/state-machines/connector-manager/conmgr.c.obj
 .text.startRegStatus
                0x000000000800f844       0x10 CMakeFiles/NUCLEO-F429ZI.elf.dir/salt/state-machines/connector-manager/conmgr.c.obj
 .text.failureEntry
                0x000000000800f854       0x20 CMakeFiles/NUCLEO-F429ZI.elf.dir/salt/state-machines/connector-manager/conmgr.c.obj
 .text.waitNetClockSyncEntry
                0x000000000800f874       0x20 CMakeFiles/NUCLEO-F429ZI.elf.dir/salt/state-machines/connector-manager/conmgr.c.obj
 .text.waitRetryConfigEntry
                0x000000000800f894       0x20 CMakeFiles/NUCLEO-F429ZI.elf.dir/salt/state-machines/connector-manager/conmgr.c.obj
 .text.connectingEntry
                0x000000000800f8b4       0x20 CMakeFiles/NUCLEO-F429ZI.elf.dir/salt/state-machines/connector-manager/conmgr.c.obj
 .text.idleEntry
                0x000000000800f8d4       0x20 CMakeFiles/NUCLEO-F429ZI.elf.dir/salt/state-machines/connector-manager/conmgr.c.obj
 .text.wReopenEntry
                0x000000000800f8f4       0x20 CMakeFiles/NUCLEO-F429ZI.elf.dir/salt/state-machines/connector-manager/conmgr.c.obj
 .text.waitRetryConnEntry
                0x000000000800f914       0x20 CMakeFiles/NUCLEO-F429ZI.elf.dir/salt/state-machines/connector-manager/conmgr.c.obj
 .text.sendInit
                0x000000000800f934        0x8 CMakeFiles/NUCLEO-F429ZI.elf.dir/salt/state-machines/connector-manager/conmgr.c.obj
 .text.errorReport
                0x000000000800f93c        0x8 CMakeFiles/NUCLEO-F429ZI.elf.dir/salt/state-machines/connector-manager/conmgr.c.obj
 .text.initGps  0x000000000800f944        0x8 CMakeFiles/NUCLEO-F429ZI.elf.dir/salt/state-machines/connector-manager/conmgr.c.obj
 .text.checkPin
                0x000000000800f94c        0x8 CMakeFiles/NUCLEO-F429ZI.elf.dir/salt/state-machines/connector-manager/conmgr.c.obj
 .text.setPin   0x000000000800f954        0xc CMakeFiles/NUCLEO-F429ZI.elf.dir/salt/state-machines/connector-manager/conmgr.c.obj
 .text.netTimeEnable
                0x000000000800f960        0x8 CMakeFiles/NUCLEO-F429ZI.elf.dir/salt/state-machines/connector-manager/conmgr.c.obj
 .text.getImei  0x000000000800f968        0x8 CMakeFiles/NUCLEO-F429ZI.elf.dir/salt/state-machines/connector-manager/conmgr.c.obj
 .text.storeOper
                0x000000000800f970        0xc CMakeFiles/NUCLEO-F429ZI.elf.dir/salt/state-machines/connector-manager/conmgr.c.obj
 .text.storeImei
                0x000000000800f97c       0x1c CMakeFiles/NUCLEO-F429ZI.elf.dir/salt/state-machines/connector-manager/conmgr.c.obj
 .text.cipShutdown
                0x000000000800f998        0x8 CMakeFiles/NUCLEO-F429ZI.elf.dir/salt/state-machines/connector-manager/conmgr.c.obj
 .text.setupManualGet
                0x000000000800f9a0        0x8 CMakeFiles/NUCLEO-F429ZI.elf.dir/salt/state-machines/connector-manager/conmgr.c.obj
 .text.regExit  0x000000000800f9a8        0xa CMakeFiles/NUCLEO-F429ZI.elf.dir/salt/state-machines/connector-manager/conmgr.c.obj
 .text.regEntry
                0x000000000800f9b2        0xa CMakeFiles/NUCLEO-F429ZI.elf.dir/salt/state-machines/connector-manager/conmgr.c.obj
 .text.unregExit
                0x000000000800f9bc       0x14 CMakeFiles/NUCLEO-F429ZI.elf.dir/salt/state-machines/connector-manager/conmgr.c.obj
 .text.failureExit
                0x000000000800f9d0       0x12 CMakeFiles/NUCLEO-F429ZI.elf.dir/salt/state-machines/connector-manager/conmgr.c.obj
 .text.waitNetClockSyncExit
                0x000000000800f9e2        0xa CMakeFiles/NUCLEO-F429ZI.elf.dir/salt/state-machines/connector-manager/conmgr.c.obj
 .text.connectingExit
                0x000000000800f9ec        0xa CMakeFiles/NUCLEO-F429ZI.elf.dir/salt/state-machines/connector-manager/conmgr.c.obj
 .text.idleExit
                0x000000000800f9f6        0xa CMakeFiles/NUCLEO-F429ZI.elf.dir/salt/state-machines/connector-manager/conmgr.c.obj
 .text.wReopenExit
                0x000000000800fa00        0xa CMakeFiles/NUCLEO-F429ZI.elf.dir/salt/state-machines/connector-manager/conmgr.c.obj
 .text.waitRetryConnExit
                0x000000000800fa0a       0x12 CMakeFiles/NUCLEO-F429ZI.elf.dir/salt/state-machines/connector-manager/conmgr.c.obj
 .text.unregEntry
                0x000000000800fa1c       0x48 CMakeFiles/NUCLEO-F429ZI.elf.dir/salt/state-machines/connector-manager/conmgr.c.obj
 .text.checkRegStatus
                0x000000000800fa64        0x8 CMakeFiles/NUCLEO-F429ZI.elf.dir/salt/state-machines/connector-manager/conmgr.c.obj
 .text.localTimeGet
                0x000000000800fa6c        0x8 CMakeFiles/NUCLEO-F429ZI.elf.dir/salt/state-machines/connector-manager/conmgr.c.obj
 .text.rtimeSync
                0x000000000800fa74        0xa CMakeFiles/NUCLEO-F429ZI.elf.dir/salt/state-machines/connector-manager/conmgr.c.obj
 .text.getOper  0x000000000800fa7e        0x8 CMakeFiles/NUCLEO-F429ZI.elf.dir/salt/state-machines/connector-manager/conmgr.c.obj
 *fill*         0x000000000800fa86        0x2 
 .text.getAPNbyOper
                0x000000000800fa88       0x28 CMakeFiles/NUCLEO-F429ZI.elf.dir/salt/state-machines/connector-manager/conmgr.c.obj
 .text.setupAPN
                0x000000000800fab0       0x14 CMakeFiles/NUCLEO-F429ZI.elf.dir/salt/state-machines/connector-manager/conmgr.c.obj
 .text.startGPRS
                0x000000000800fac4        0x8 CMakeFiles/NUCLEO-F429ZI.elf.dir/salt/state-machines/connector-manager/conmgr.c.obj
 .text.getConnStatus
                0x000000000800facc        0x8 CMakeFiles/NUCLEO-F429ZI.elf.dir/salt/state-machines/connector-manager/conmgr.c.obj
 .text.requestIp
                0x000000000800fad4        0x8 CMakeFiles/NUCLEO-F429ZI.elf.dir/salt/state-machines/connector-manager/conmgr.c.obj
 .text.socketOpen
                0x000000000800fadc       0x1c CMakeFiles/NUCLEO-F429ZI.elf.dir/salt/state-machines/connector-manager/conmgr.c.obj
 .text.socketClose
                0x000000000800faf8        0x8 CMakeFiles/NUCLEO-F429ZI.elf.dir/salt/state-machines/connector-manager/conmgr.c.obj
 .text.socketDisconnected
                0x000000000800fb00       0x24 CMakeFiles/NUCLEO-F429ZI.elf.dir/salt/state-machines/connector-manager/conmgr.c.obj
 .text.socketConnected
                0x000000000800fb24       0x2c CMakeFiles/NUCLEO-F429ZI.elf.dir/salt/state-machines/connector-manager/conmgr.c.obj
 .text.readData
                0x000000000800fb50       0x18 CMakeFiles/NUCLEO-F429ZI.elf.dir/salt/state-machines/connector-manager/conmgr.c.obj
 .text.sendRequest
                0x000000000800fb68        0xe CMakeFiles/NUCLEO-F429ZI.elf.dir/salt/state-machines/connector-manager/conmgr.c.obj
 *fill*         0x000000000800fb76        0x2 
 .text.getStatusExit
                0x000000000800fb78       0x10 CMakeFiles/NUCLEO-F429ZI.elf.dir/salt/state-machines/connector-manager/conmgr.c.obj
 .text.defer    0x000000000800fb88       0x20 CMakeFiles/NUCLEO-F429ZI.elf.dir/salt/state-machines/connector-manager/conmgr.c.obj
 .text.flushData
                0x000000000800fba8       0x10 CMakeFiles/NUCLEO-F429ZI.elf.dir/salt/state-machines/connector-manager/conmgr.c.obj
 .text.ConMgr_ReceiveDataGetRef
                0x000000000800fbb8        0x8 CMakeFiles/NUCLEO-F429ZI.elf.dir/salt/state-machines/connector-manager/conmgr.c.obj
                0x000000000800fbb8                ConMgr_ReceiveDataGetRef
 .text.ConMgr_imei
                0x000000000800fbc0        0x8 CMakeFiles/NUCLEO-F429ZI.elf.dir/salt/state-machines/connector-manager/conmgr.c.obj
                0x000000000800fbc0                ConMgr_imei
 .text.effect_enable
                0x000000000800fbc8        0x2 CMakeFiles/NUCLEO-F429ZI.elf.dir/salt/state-machines/logic/logic.c.obj
 .text.effect_disable
                0x000000000800fbca        0x2 CMakeFiles/NUCLEO-F429ZI.elf.dir/salt/state-machines/logic/logic.c.obj
 .text.effect_cmdTOut
                0x000000000800fbcc        0x8 CMakeFiles/NUCLEO-F429ZI.elf.dir/salt/state-machines/logic/logic.c.obj
 .text.entry_missing
                0x000000000800fbd4       0x20 CMakeFiles/NUCLEO-F429ZI.elf.dir/salt/state-machines/logic/logic.c.obj
 .text.exit_disable
                0x000000000800fbf4        0x2 CMakeFiles/NUCLEO-F429ZI.elf.dir/salt/state-machines/logic/logic.c.obj
 .text.exit_controlAutomatic
                0x000000000800fbf6        0x2 CMakeFiles/NUCLEO-F429ZI.elf.dir/salt/state-machines/logic/logic.c.obj
 .text.exit_controlBlink
                0x000000000800fbf8        0x2 CMakeFiles/NUCLEO-F429ZI.elf.dir/salt/state-machines/logic/logic.c.obj
 .text.exit_controlAutomaticEnable
                0x000000000800fbfa        0x2 CMakeFiles/NUCLEO-F429ZI.elf.dir/salt/state-machines/logic/logic.c.obj
 .text.exit_controlBlinkEnable
                0x000000000800fbfc        0x2 CMakeFiles/NUCLEO-F429ZI.elf.dir/salt/state-machines/logic/logic.c.obj
 .text.exit_controlBlinkDisable
                0x000000000800fbfe        0x2 CMakeFiles/NUCLEO-F429ZI.elf.dir/salt/state-machines/logic/logic.c.obj
 .text.exit_controlBlinkBrake
                0x000000000800fc00        0x2 CMakeFiles/NUCLEO-F429ZI.elf.dir/salt/state-machines/logic/logic.c.obj
 .text.exit_hasler
                0x000000000800fc02        0x2 CMakeFiles/NUCLEO-F429ZI.elf.dir/salt/state-machines/logic/logic.c.obj
 .text.exit_external
                0x000000000800fc04        0x2 CMakeFiles/NUCLEO-F429ZI.elf.dir/salt/state-machines/logic/logic.c.obj
 .text.exit_gps
                0x000000000800fc06        0x2 CMakeFiles/NUCLEO-F429ZI.elf.dir/salt/state-machines/logic/logic.c.obj
 .text.exit_missing
                0x000000000800fc08        0x2 CMakeFiles/NUCLEO-F429ZI.elf.dir/salt/state-machines/logic/logic.c.obj
 .text.guard_cmdEnable
                0x000000000800fc0a       0x10 CMakeFiles/NUCLEO-F429ZI.elf.dir/salt/state-machines/logic/logic.c.obj
                0x000000000800fc0a                guard_cmdEnable
 .text.guard_cmdAutomatic
                0x000000000800fc1a        0xe CMakeFiles/NUCLEO-F429ZI.elf.dir/salt/state-machines/logic/logic.c.obj
                0x000000000800fc1a                guard_cmdAutomatic
 .text.guard_cmdAutomaticNot
                0x000000000800fc28       0x16 CMakeFiles/NUCLEO-F429ZI.elf.dir/salt/state-machines/logic/logic.c.obj
                0x000000000800fc28                guard_cmdAutomaticNot
 .text.guard_currentCmdStop