Archive member included to satisfy reference by file (symbol)

/Applications/ArmGNUToolchain/13.3.rel1/arm-none-eabi/bin/../lib/gcc/arm-none-eabi/13.3.1/thumb/v7e-m/nofp/libgcc.a(_arm_muldf3.o)
                              CMakeFiles/NUCLEO-F429ZI.elf.dir/salt/peripherals/analog-inputs/anIn.c.obj (__aeabi_dmul)
/Applications/ArmGNUToolchain/13.3.rel1/arm-none-eabi/bin/../lib/gcc/arm-none-eabi/13.3.1/thumb/v7e-m/nofp/libgcc.a(_arm_mulsf3.o)
                              CMakeFiles/NUCLEO-F429ZI.elf.dir/salt/peripherals/pulse-counter/pulseCounter.c.obj (__aeabi_fmul)
/Applications/ArmGNUToolchain/13.3.rel1/arm-none-eabi/bin/../lib/gcc/arm-none-eabi/13.3.1/thumb/v7e-m/nofp/libgcc.a(_arm_addsubdf3.o)
                              CMakeFiles/NUCLEO-F429ZI.elf.dir/third-party/jWrite/jWrite/jWrite.c.obj (__aeabi_dsub)
/Applications/ArmGNUToolchain/13.3.rel1/arm-none-eabi/bin/../lib/gcc/arm-none-eabi/13.3.1/thumb/v7e-m/nofp/libgcc.a(_arm_muldivdf3.o)
                              CMakeFiles/NUCLEO-F429ZI.elf.dir/salt/state-machines/logic/logic.c.obj (__aeabi_ddiv)
/Applications/ArmGNUToolchain/13.3.rel1/arm-none-eabi/bin/../lib/gcc/arm-none-eabi/13.3.1/thumb/v7e-m/nofp/libgcc.a(_arm_cmpdf2.o)
                              CMakeFiles/NUCLEO-F429ZI.elf.dir/third-party/jWrite/jWrite/jWrite.c.obj (__aeabi_dcmpeq)
/Applications/ArmGNUToolchain/13.3.rel1/arm-none-eabi/bin/../lib/gcc/arm-none-eabi/13.3.1/thumb/v7e-m/nofp/libgcc.a(_arm_fixdfsi.o)
                              CMakeFiles/NUCLEO-F429ZI.elf.dir/third-party/jWrite/jWrite/jWrite.c.obj (__aeabi_d2iz)
/Applications/ArmGNUToolchain/13.3.rel1/arm-none-eabi/bin/../lib/gcc/arm-none-eabi/13.3.1/thumb/v7e-m/nofp/libgcc.a(_arm_fixunsdfsi.o)
                              CMakeFiles/NUCLEO-F429ZI.elf.dir/salt/state-machines/logic/logic.c.obj (__aeabi_d2uiz)
/Applications/ArmGNUToolchain/13.3.rel1/arm-none-eabi/bin/../lib/gcc/arm-none-eabi/13.3.1/thumb/v7e-m/nofp/libgcc.a(_arm_truncdfsf2.o)
                              CMakeFiles/NUCLEO-F429ZI.elf.dir/salt/utilities/parser/sim900/sim900parser.c.obj (__aeabi_d2f)
/Applications/ArmGNUToolchain/13.3.rel1/arm-none-eabi/bin/../lib/gcc/arm-none-eabi/13.3.1/thumb/v7e-m/nofp/libgcc.a(_arm_addsubsf3.o)
                              CMakeFiles/NUCLEO-F429ZI.elf.dir/salt/peripherals/pulse-counter/pulseCounter.c.obj (__aeabi_ui2f)
/Applications/ArmGNUToolchain/13.3.rel1/arm-none-eabi/bin/../lib/gcc/arm-none-eabi/13.3.1/thumb/v7e-m/nofp/libgcc.a(_arm_cmpsf2.o)
                              CMakeFiles/NUCLEO-F429ZI.elf.dir/salt/state-machines/logic/logic.c.obj (__aeabi_fcmplt)
/Applications/ArmGNUToolchain/13.3.rel1/arm-none-eabi/bin/../lib/gcc/arm-none-eabi/13.3.1/thumb/v7e-m/nofp/libgcc.a(_aeabi_uldivmod.o)
                              CMakeFiles/NUCLEO-F429ZI.elf.dir/Drivers/STM32F4xx_HAL_Driver/Src/stm32f4xx_hal_rcc.c.obj (__aeabi_uldivmod)
/Applications/ArmGNUToolchain/13.3.rel1/arm-none-eabi/bin/../lib/gcc/arm-none-eabi/13.3.1/thumb/v7e-m/nofp/libgcc.a(_fixdfdi.o)
                              CMakeFiles/NUCLEO-F429ZI.elf.dir/third-party/MQTT-C/source/mqttc.c.obj (__aeabi_d2lz)
/Applications/ArmGNUToolchain/13.3.rel1/arm-none-eabi/bin/../lib/gcc/arm-none-eabi/13.3.1/thumb/v7e-m/nofp/libgcc.a(_fixunsdfdi.o)
                              /Applications/ArmGNUToolchain/13.3.rel1/arm-none-eabi/bin/../lib/gcc/arm-none-eabi/13.3.1/thumb/v7e-m/nofp/libgcc.a(_fixdfdi.o) (__aeabi_d2ulz)
/Applications/ArmGNUToolchain/13.3.rel1/arm-none-eabi/bin/../lib/gcc/arm-none-eabi/13.3.1/thumb/v7e-m/nofp/libgcc.a(_udivmoddi4.o)
                              /Applications/ArmGNUToolchain/13.3.rel1/arm-none-eabi/bin/../lib/gcc/arm-none-eabi/13.3.1/thumb/v7e-m/nofp/libgcc.a(_aeabi_uldivmod.o) (__udivmoddi4)
/Applications/ArmGNUToolchain/13.3.rel1/arm-none-eabi/bin/../lib/gcc/arm-none-eabi/13.3.1/thumb/v7e-m/nofp/libgcc.a(_dvmd_tls.o)
                              /Applications/ArmGNUToolchain/13.3.rel1/arm-none-eabi/bin/../lib/gcc/arm-none-eabi/13.3.1/thumb/v7e-m/nofp/libgcc.a(_aeabi_uldivmod.o) (__aeabi_ldiv0)
/Applications/ArmGNUToolchain/13.3.rel1/arm-none-eabi/bin/../lib/gcc/arm-none-eabi/13.3.1/../../../../arm-none-eabi/lib/thumb/v7e-m/nofp/libg.a(libc_a-atof.o)
                              CMakeFiles/NUCLEO-F429ZI.elf.dir/salt/utilities/parser/sim900/sim900parser.c.obj (atof)
/Applications/ArmGNUToolchain/13.3.rel1/arm-none-eabi/bin/../lib/gcc/arm-none-eabi/13.3.1/../../../../arm-none-eabi/lib/thumb/v7e-m/nofp/libg.a(libc_a-atoi.o)
                              CMakeFiles/NUCLEO-F429ZI.elf.dir/salt/utilities/parser/sim900/sim900parser.c.obj (atoi)
/Applications/ArmGNUToolchain/13.3.rel1/arm-none-eabi/bin/../lib/gcc/arm-none-eabi/13.3.1/../../../../arm-none-eabi/lib/thumb/v7e-m/nofp/libg.a(libc_a-exit.o)
                              /Applications/ArmGNUToolchain/13.3.rel1/arm-none-eabi/bin/../lib/gcc/arm-none-eabi/13.3.1/../../../../arm-none-eabi/lib/thumb/v7e-m/nofp/crt0.o (exit)
[...]
Memory Configuration

Name             Origin             Length             Attributes
CCMRAM           0x10000000         0x00010000         xrw
RAM              0x20000000         0x00030000         xrw
FLASH            0x08000000         0x00200000         xr
*default*        0x00000000         0xffffffff

Linker script and memory map

LOAD /Applications/ArmGNUToolchain/13.3.rel1/arm-none-eabi/bin/../lib/gcc/arm-none-eabi/13.3.1/thumb/v7e-m/nofp/crti.o
LOAD /Applications/ArmGNUToolchain/13.3.rel1/arm-none-eabi/bin/../lib/gcc/arm-none-eabi/13.3.1/thumb/v7e-m/nofp/crtbegin.o
LOAD /Applications/ArmGNUToolchain/13.3.rel1/arm-none-eabi/bin/../lib/gcc/arm-none-eabi/13.3.1/../../../../arm-none-eabi/lib/thumb/v7e-m/nofp/crt0.o
LOAD CMakeFiles/NUCLEO-F429ZI.elf.dir/Core/Src/eth.c.obj
LOAD CMakeFiles/NUCLEO-F429ZI.elf.dir/Core/Src/gpio.c.obj
LOAD CMakeFiles/NUCLEO-F429ZI.elf.dir/Core/Src/main.c.obj
LOAD CMakeFiles/NUCLEO-F429ZI.elf.dir/Core/Src/spi.c.obj
LOAD CMakeFiles/NUCLEO-F429ZI.elf.dir/Core/Src/stm32f4xx_hal_msp.c.obj
LOAD CMakeFiles/NUCLEO-F429ZI.elf.dir/Core/Src/stm32f4xx_it.c.obj
LOAD CMakeFiles/NUCLEO-F429ZI.elf.dir/Core/Src/syscalls.c.obj
LOAD CMakeFiles/NUCLEO-F429ZI.elf.dir/Core/Src/sysmem.c.obj
LOAD CMakeFiles/NUCLEO-F429ZI.elf.dir/Core/Src/system_stm32f4xx.c.obj
LOAD CMakeFiles/NUCLEO-F429ZI.elf.dir/Core/Src/usart.c.obj
LOAD CMakeFiles/NUCLEO-F429ZI.elf.dir/Core/Src/usb_otg.c.obj
LOAD CMakeFiles/NUCLEO-F429ZI.elf.dir/Core/Startup/startup_stm32f429zitx.s.obj
LOAD CMakeFiles/NUCLEO-F429ZI.elf.dir/Drivers/STM32F4xx_HAL_Driver/Src/stm32f4xx_hal.c.obj
LOAD CMakeFiles/NUCLEO-F429ZI.elf.dir/Drivers/STM32F4xx_HAL_Driver/Src/stm32f4xx_hal_cortex.c.obj
LOAD CMakeFiles/NUCLEO-F429ZI.elf.dir/Drivers/STM32F4xx_HAL_Driver/Src/stm32f4xx_hal_dma.c.obj
LOAD CMakeFiles/NUCLEO-F429ZI.elf.dir/Drivers/STM32F4xx_HAL_Driver/Src/stm32f4xx_hal_dma_ex.c.obj
LOAD CMakeFiles/NUCLEO-F429ZI.elf.dir/Drivers/STM32F4xx_HAL_Driver/Src/stm32f4xx_hal_eth.c.obj
LOAD CMakeFiles/NUCLEO-F429ZI.elf.dir/Drivers/STM32F4xx_HAL_Driver/Src/stm32f4xx_hal_exti.c.obj
LOAD CMakeFiles/NUCLEO-F429ZI.elf.dir/Drivers/STM32F4xx_HAL_Driver/Src/stm32f4xx_hal_flash.c.obj
LOAD CMakeFiles/NUCLEO-F429ZI.elf.dir/Drivers/STM32F4xx_HAL_Driver/Src/stm32f4xx_hal_flash_ex.c.obj
LOAD CMakeFiles/NUCLEO-F429ZI.elf.dir/Drivers/STM32F4xx_HAL_Driver/Src/stm32f4xx_hal_flash_ramfunc.c.obj
LOAD CMakeFiles/NUCLEO-F429ZI.elf.dir/Drivers/STM32F4xx_HAL_Driver/Src/stm32f4xx_hal_gpio.c.obj
LOAD CMakeFiles/NUCLEO-F429ZI.elf.dir/Drivers/STM32F4xx_HAL_Driver/Src/stm32f4xx_hal_pcd.c.obj
LOAD CMakeFiles/NUCLEO-F429ZI.elf.dir/Drivers/STM32F4xx_HAL_Driver/Src/stm32f4xx_hal_pcd_ex.c.obj
LOAD CMakeFiles/NUCLEO-F429ZI.elf.dir/Drivers/STM32F4xx_HAL_Driver/Src/stm32f4xx_hal_pwr.c.obj
LOAD CMakeFiles/NUCLEO-F429ZI.elf.dir/Drivers/STM32F4xx_HAL_Driver/Src/stm32f4xx_hal_pwr_ex.c.obj
LOAD CMakeFiles/NUCLEO-F429ZI.elf.dir/Drivers/STM32F4xx_HAL_Driver/Src/stm32f4xx_hal_rcc.c.obj
LOAD CMakeFiles/NUCLEO-F429ZI.elf.dir/Drivers/STM32F4xx_HAL_Driver/Src/stm32f4xx_hal_rcc_ex.c.obj
LOAD CMakeFiles/NUCLEO-F429ZI.elf.dir/Drivers/STM32F4xx_HAL_Driver/Src/stm32f4xx_hal_spi.c.obj
LOAD CMakeFiles/NUCLEO-F429ZI.elf.dir/Drivers/STM32F4xx_HAL_Driver/Src/stm32f4xx_hal_tim.c.obj
LOAD CMakeFiles/NUCLEO-F429ZI.elf.dir/Drivers/STM32F4xx_HAL_Driver/Src/stm32f4xx_hal_tim_ex.c.obj
LOAD CMakeFiles/NUCLEO-F429ZI.elf.dir/Drivers/STM32F4xx_HAL_Driver/Src/stm32f4xx_hal_uart.c.obj
LOAD CMakeFiles/NUCLEO-F429ZI.elf.dir/Drivers/STM32F4xx_HAL_Driver/Src/stm32f4xx_ll_usb.c.obj
LOAD CMakeFiles/NUCLEO-F429ZI.elf.dir/blinkySysTick/blinkySysTick.c.obj
LOAD CMakeFiles/NUCLEO-F429ZI.elf.dir/blinkySysTick/hook.c.obj
LOAD CMakeFiles/NUCLEO-F429ZI.elf.dir/bsp/stm32f4xx_nucleo_144.c.obj
LOAD CMakeFiles/NUCLEO-F429ZI.elf.dir/mTime/mTime.c.obj
LOAD CMakeFiles/NUCLEO-F429ZI.elf.dir/mTime/mTimeTbl.c.obj
LOAD CMakeFiles/NUCLEO-F429ZI.elf.dir/salt/bsp/assert.c.obj
LOAD CMakeFiles/NUCLEO-F429ZI.elf.dir/salt/bsp/bsp-salt.c.obj
LOAD CMakeFiles/NUCLEO-F429ZI.elf.dir/salt/configuration/saltCfg.c.obj
LOAD CMakeFiles/NUCLEO-F429ZI.elf.dir/salt/files-to-review/main-salt-firmware-nxp.c.obj
LOAD CMakeFiles/NUCLEO-F429ZI.elf.dir/salt/files-to-review/trace_io.c.obj
LOAD CMakeFiles/NUCLEO-F429ZI.elf.dir/salt/peripherals/analog-inputs/anIn.c.obj
LOAD CMakeFiles/NUCLEO-F429ZI.elf.dir/salt/peripherals/ihm/buzzer.c.obj
LOAD CMakeFiles/NUCLEO-F429ZI.elf.dir/salt/peripherals/ihm/onSwitch.c.obj
LOAD CMakeFiles/NUCLEO-F429ZI.elf.dir/salt/peripherals/ledPanel/as1116.c.obj
LOAD CMakeFiles/NUCLEO-F429ZI.elf.dir/salt/peripherals/ledPanel/ledPanel.c.obj
LOAD CMakeFiles/NUCLEO-F429ZI.elf.dir/salt/peripherals/module-command/modcmdSim900.c.obj
LOAD CMakeFiles/NUCLEO-F429ZI.elf.dir/salt/peripherals/module-power/modpwr.c.obj
LOAD CMakeFiles/NUCLEO-F429ZI.elf.dir/salt/peripherals/pulse-counter/pulseCounter.c.obj
LOAD CMakeFiles/NUCLEO-F429ZI.elf.dir/salt/peripherals/pulse-counter/pulseCounterFromEduCiaaBsp.c.obj
LOAD CMakeFiles/NUCLEO-F429ZI.elf.dir/salt/peripherals/relay-control/relay.c.obj
LOAD CMakeFiles/NUCLEO-F429ZI.elf.dir/salt/peripherals/relay-control/relayFromEduCiaaBsp.c.obj
LOAD CMakeFiles/NUCLEO-F429ZI.elf.dir/salt/peripherals/serial/serial.c.obj
LOAD CMakeFiles/NUCLEO-F429ZI.elf.dir/salt/peripherals/sim808/sim808.c.obj
LOAD CMakeFiles/NUCLEO-F429ZI.elf.dir/salt/peripherals/teloc/teloc.c.obj
LOAD CMakeFiles/NUCLEO-F429ZI.elf.dir/salt/state-machines/connector-manager/conmgr.c.obj
LOAD CMakeFiles/NUCLEO-F429ZI.elf.dir/salt/state-machines/logic/logic.c.obj
LOAD CMakeFiles/NUCLEO-F429ZI.elf.dir/salt/state-machines/module-manager/modmgr.c.obj
LOAD CMakeFiles/NUCLEO-F429ZI.elf.dir/salt/state-machines/mqtt-protocol/mqttProt.c.obj
LOAD CMakeFiles/NUCLEO-F429ZI.elf.dir/salt/utilities/aes/aes.c.obj
LOAD CMakeFiles/NUCLEO-F429ZI.elf.dir/salt/utilities/date/date.c.obj
LOAD CMakeFiles/NUCLEO-F429ZI.elf.dir/salt/utilities/emaFilter/emaFilter.c.obj
LOAD CMakeFiles/NUCLEO-F429ZI.elf.dir/salt/utilities/epoch/epoch.c.obj
LOAD CMakeFiles/NUCLEO-F429ZI.elf.dir/salt/utilities/parser/salt-command/saltCmd.c.obj
LOAD CMakeFiles/NUCLEO-F429ZI.elf.dir/salt/utilities/parser/sim900/sim900parser.c.obj
LOAD CMakeFiles/NUCLEO-F429ZI.elf.dir/salt/utilities/publisher/publisher.c.obj
LOAD CMakeFiles/NUCLEO-F429ZI.elf.dir/salt/utilities/rtime/rtime.c.obj
LOAD CMakeFiles/NUCLEO-F429ZI.elf.dir/salt/utilities/ssp/ssp.c.obj
LOAD CMakeFiles/NUCLEO-F429ZI.elf.dir/third-party/MQTT-C/source/mqttc.c.obj
LOAD CMakeFiles/NUCLEO-F429ZI.elf.dir/third-party/MQTT-C/source/mqttc_pal.c.obj
LOAD CMakeFiles/NUCLEO-F429ZI.elf.dir/third-party/jWrite/jWrite/jWrite.c.obj
LOAD CMakeFiles/NUCLEO-F429ZI.elf.dir/third-party/jWrite/jWrite/main.c.obj
LOAD CMakeFiles/NUCLEO-F429ZI.elf.dir/third-party/rkh/source/fwk/src/rkhfwk_bittbl.c.obj
LOAD CMakeFiles/NUCLEO-F429ZI.elf.dir/third-party/rkh/source/fwk/src/rkhfwk_dynevt.c.obj
LOAD CMakeFiles/NUCLEO-F429ZI.elf.dir/third-party/rkh/source/fwk/src/rkhfwk_evtpool.c.obj
LOAD CMakeFiles/NUCLEO-F429ZI.elf.dir/third-party/rkh/source/fwk/src/rkhfwk_pubsub.c.obj
LOAD CMakeFiles/NUCLEO-F429ZI.elf.dir/third-party/rkh/source/fwk/src/rkhfwk_rdygrp.c.obj
LOAD CMakeFiles/NUCLEO-F429ZI.elf.dir/third-party/rkh/source/fwk/src/rkhfwk_sched.c.obj
LOAD CMakeFiles/NUCLEO-F429ZI.elf.dir/third-party/rkh/source/fwk/src/rkhfwk_version.c.obj
LOAD CMakeFiles/NUCLEO-F429ZI.elf.dir/third-party/rkh/source/mempool/src/rkhmempool.c.obj
LOAD CMakeFiles/NUCLEO-F429ZI.elf.dir/third-party/rkh/source/portable/arm-cortex/rkhs/arm_cm4f/stm32/rkhport.c.obj
LOAD CMakeFiles/NUCLEO-F429ZI.elf.dir/third-party/rkh/source/queue/src/rkhqueue.c.obj
LOAD CMakeFiles/NUCLEO-F429ZI.elf.dir/third-party/rkh/source/sm/src/rkhsm.c.obj
LOAD CMakeFiles/NUCLEO-F429ZI.elf.dir/third-party/rkh/source/sma/src/rkhsma.c.obj
LOAD CMakeFiles/NUCLEO-F429ZI.elf.dir/third-party/rkh/source/sma/src/rkhsma_prio.c.obj
LOAD CMakeFiles/NUCLEO-F429ZI.elf.dir/third-party/rkh/source/sma/src/rkhsma_sync.c.obj
LOAD CMakeFiles/NUCLEO-F429ZI.elf.dir/third-party/rkh/source/tmr/src/rkhtmr.c.obj
LOAD CMakeFiles/NUCLEO-F429ZI.elf.dir/third-party/rkh/source/trc/src/rkhtrc_filter.c.obj
LOAD CMakeFiles/NUCLEO-F429ZI.elf.dir/third-party/rkh/source/trc/src/rkhtrc_record.c.obj
LOAD CMakeFiles/NUCLEO-F429ZI.elf.dir/third-party/rkh/source/trc/src/rkhtrc_stream.c.obj
LOAD CMakeFiles/NUCLEO-F429ZI.elf.dir/third-party/stm32-sapi/src/sapi_datatypes.c.obj
LOAD CMakeFiles/NUCLEO-F429ZI.elf.dir/third-party/stm32-sapi/src/sapi_gpio.c.obj
LOAD CMakeFiles/NUCLEO-F429ZI.elf.dir/third-party/stm32-sapi/src/sapi_tick.c.obj
LOAD CMakeFiles/NUCLEO-F429ZI.elf.dir/utilities/htons.c.obj
START GROUP
LOAD /Applications/ArmGNUToolchain/13.3.rel1/arm-none-eabi/bin/../lib/gcc/arm-none-eabi/13.3.1/thumb/v7e-m/nofp/libgcc.a
LOAD /Applications/ArmGNUToolchain/13.3.rel1/arm-none-eabi/bin/../lib/gcc/arm-none-eabi/13.3.1/../../../../arm-none-eabi/lib/thumb/v7e-m/nofp/libg.a
LOAD /Applications/ArmGNUToolchain/13.3.rel1/arm-none-eabi/bin/../lib/gcc/arm-none-eabi/13.3.1/../../../../arm-none-eabi/lib/thumb/v7e-m/nofp/libc.a
END GROUP
LOAD /Applications/ArmGNUToolchain/13.3.rel1/arm-none-eabi/bin/../lib/gcc/arm-none-eabi/13.3.1/thumb/v7e-m/nofp/crtend.o
LOAD /Applications/ArmGNUToolchain/13.3.rel1/arm-none-eabi/bin/../lib/gcc/arm-none-eabi/13.3.1/thumb/v7e-m/nofp/crtn.o
                0x20030000                        _estack = (ORIGIN (RAM) + LENGTH (RAM))
                0x00000200                        _Min_Heap_Size = 0x200
                0x00000400                        _Min_Stack_Size = 0x400

.isr_vector     0x08000000      0x1ac
                0x08000000                        . = ALIGN (0x4)
 *(.isr_vector)
 .isr_vector    0x08000000      0x1ac CMakeFiles/NUCLEO-F429ZI.elf.dir/Core/Startup/startup_stm32f429zitx.s.obj
                0x08000000                g_pfnVectors
                0x080001ac                        . = ALIGN (0x4)

.text           0x080001c0    0x15ae0
                0x080001c0                        . = ALIGN (0x4)
 *(.text)
 .text          0x080001c0      0x168 /Applications/ArmGNUToolchain/13.3.rel1/arm-none-eabi/bin/../lib/gcc/arm-none-eabi/13.3.1/thumb/v7e-m/nofp/libgcc.a(_arm_mulsf3.o)
                0x080001c0                __mulsf3
                0x080001c0                __aeabi_fmul
 .text          0x08000328      0x378 /Applications/ArmGNUToolchain/13.3.rel1/arm-none-eabi/bin/../lib/gcc/arm-none-eabi/13.3.1/thumb/v7e-m/nofp/libgcc.a(_arm_addsubdf3.o)
                0x08000328                __aeabi_drsub
                0x08000330                __subdf3
                0x08000330                __aeabi_dsub
                0x08000334                __aeabi_dadd
                0x08000334                __adddf3
                0x080005ac                __aeabi_ui2d
                0x080005ac                __floatunsidf
                0x080005cc                __floatsidf
                0x080005cc                __aeabi_i2d
                0x080005f0                __extendsfdf2
                0x080005f0                __aeabi_f2d
                0x08000634                __aeabi_ul2d
                0x08000634                __floatundidf
                0x08000644                __aeabi_l2d
                0x08000644                __floatdidf
 .text          0x080006a0      0x424 /Applications/ArmGNUToolchain/13.3.rel1/arm-none-eabi/bin/../lib/gcc/arm-none-eabi/13.3.1/thumb/v7e-m/nofp/libgcc.a(_arm_muldivdf3.o)
                0x080006a0                __aeabi_dmul
                0x080006a0                __muldf3
                0x080008f4                __aeabi_ddiv
                0x080008f4                __divdf3
 .text          0x08000ac4      0x110 /Applications/ArmGNUToolchain/13.3.rel1/arm-none-eabi/bin/../lib/gcc/arm-none-eabi/13.3.1/thumb/v7e-m/nofp/libgcc.a(_arm_cmpdf2.o)
                0x08000ac4                __gedf2
                0x08000ac4                __gtdf2
                0x08000acc                __ledf2
                0x08000acc                __ltdf2
                0x08000ad4                __cmpdf2
                0x08000ad4                __eqdf2
                0x08000ad4                __nedf2
                0x08000b50                __aeabi_cdrcmple
                0x08000b60                __aeabi_cdcmple
                0x08000b60                __aeabi_cdcmpeq
                0x08000b70                __aeabi_dcmpeq
                0x08000b84                __aeabi_dcmplt
                0x08000b98                __aeabi_dcmple
                0x08000bac                __aeabi_dcmpge
                0x08000bc0                __aeabi_dcmpgt
 .text          0x08000bd4       0x50 /Applications/ArmGNUToolchain/13.3.rel1/arm-none-eabi/bin/../lib/gcc/arm-none-eabi/13.3.1/thumb/v7e-m/nofp/libgcc.a(_arm_fixdfsi.o)
                0x08000bd4                __fixdfsi
                0x08000bd4                __aeabi_d2iz
 .text          0x08000c24       0x40 /Applications/ArmGNUToolchain/13.3.rel1/arm-none-eabi/bin/../lib/gcc/arm-none-eabi/13.3.1/thumb/v7e-m/nofp/libgcc.a(_arm_fixunsdfsi.o)
                0x08000c24                __fixunsdfsi
                0x08000c24                __aeabi_d2uiz
 .text          0x08000c64       0xa0 /Applications/ArmGNUToolchain/13.3.rel1/arm-none-eabi/bin/../lib/gcc/arm-none-eabi/13.3.1/thumb/v7e-m/nofp/libgcc.a(_arm_truncdfsf2.o)
                0x08000c64                __aeabi_d2f
                0x08000c64                __truncdfsf2
 .text          0x08000d04      0x21c /Applications/ArmGNUToolchain/13.3.rel1/arm-none-eabi/bin/../lib/gcc/arm-none-eabi/13.3.1/thumb/v7e-m/nofp/libgcc.a(_arm_addsubsf3.o)
                0x08000d04                __aeabi_frsub
                0x08000d0c                __aeabi_fsub
                0x08000d0c                __subsf3
                0x08000d10                __aeabi_fadd
                0x08000d10                __addsf3
                0x08000e70                __aeabi_ui2f
                0x08000e70                __floatunsisf
                0x08000e78                __floatsisf
                0x08000e78                __aeabi_i2f
                0x08000e94                __aeabi_ul2f
                0x08000e94                __floatundisf
                0x08000ea4                __aeabi_l2f
                0x08000ea4                __floatdisf
 .text          0x08000f20       0xec /Applications/ArmGNUToolchain/13.3.rel1/arm-none-eabi/bin/../lib/gcc/arm-none-eabi/13.3.1/thumb/v7e-m/nofp/libgcc.a(_arm_cmpsf2.o)
                0x08000f20                __gesf2
                0x08000f20                __gtsf2
                0x08000f28                __ltsf2
                0x08000f28                __lesf2
                0x08000f30                __nesf2
                0x08000f30                __eqsf2
                0x08000f30                __cmpsf2
                0x08000f90                __aeabi_cfrcmple
                0x08000f98                __aeabi_cfcmpeq
                0x08000f98                __aeabi_cfcmple
                0x08000fa8                __aeabi_fcmpeq
                0x08000fbc                __aeabi_fcmplt
                0x08000fd0                __aeabi_fcmple
                0x08000fe4                __aeabi_fcmpge
                0x08000ff8                __aeabi_fcmpgt
 .text          0x0800100c       0x30 /Applications/ArmGNUToolchain/13.3.rel1/arm-none-eabi/bin/../lib/gcc/arm-none-eabi/13.3.1/thumb/v7e-m/nofp/libgcc.a(_aeabi_uldivmod.o)
                0x0800100c                __aeabi_uldivmod
 .text          0x0800103c        0x4 /Applications/ArmGNUToolchain/13.3.rel1/arm-none-eabi/bin/../lib/gcc/arm-none-eabi/13.3.1/thumb/v7e-m/nofp/libgcc.a(_dvmd_tls.o)
                0x0800103c                __aeabi_ldiv0
                0x0800103c                __aeabi_idiv0
 .text          0x08001040      0x2e0 /Applications/ArmGNUToolchain/13.3.rel1/arm-none-eabi/bin/../lib/gcc/arm-none-eabi/13.3.1/../../../../arm-none-eabi/lib/thumb/v7e-m/nofp/libg.a(libc_a-strcmp.o)
                0x08001040                strcmp
 .text          0x08001320      0x134 /Applications/ArmGNUToolchain/13.3.rel1/arm-none-eabi/bin/../lib/gcc/arm-none-eabi/13.3.1/../../../../arm-none-eabi/lib/thumb/v7e-m/nofp/libg.a(libc_a-memcpy.o)
                0x08001320                memcpy
 *fill*         0x08001454       0x2c 
 .text          0x08001480       0xd8 /Applications/ArmGNUToolchain/13.3.rel1/arm-none-eabi/bin/../lib/gcc/arm-none-eabi/13.3.1/../../../../arm-none-eabi/lib/thumb/v7e-m/nofp/libg.a(libc_a-strlen.o)
                0x08001480                strlen
 *fill*         0x08001558        0x8 
 .text          0x08001560       0xa0 /Applications/ArmGNUToolchain/13.3.rel1/arm-none-eabi/bin/../lib/gcc/arm-none-eabi/13.3.1/../../../../arm-none-eabi/lib/thumb/v7e-m/nofp/libg.a(libc_a-memchr.o)
                0x08001560                memchr
 .text          0x08001600       0x2c /Applications/ArmGNUToolchain/13.3.rel1/arm-none-eabi/bin/../lib/gcc/arm-none-eabi/13.3.1/thumb/v7e-m/nofp/libgcc.a(_arm_unorddf2.o)
                0x08001600                __aeabi_dcmpun
                0x08001600                __unorddf2
 *(.text*)
 .text.deregister_tm_clones
                0x0800162c       0x1c /Applications/ArmGNUToolchain/13.3.rel1/arm-none-eabi/bin/../lib/gcc/arm-none-eabi/13.3.1/thumb/v7e-m/nofp/crtbegin.o
 .text.register_tm_clones
                0x08001648       0x24 /Applications/ArmGNUToolchain/13.3.rel1/arm-none-eabi/bin/../lib/gcc/arm-none-eabi/13.3.1/thumb/v7e-m/nofp/crtbegin.o
 .text.__do_global_dtors_aux
                0x0800166c       0x28 /Applications/ArmGNUToolchain/13.3.rel1/arm-none-eabi/bin/../lib/gcc/arm-none-eabi/13.3.1/thumb/v7e-m/nofp/crtbegin.o
 .text.frame_dummy
                0x08001694       0x24 /Applications/ArmGNUToolchain/13.3.rel1/arm-none-eabi/bin/../lib/gcc/arm-none-eabi/13.3.1/thumb/v7e-m/nofp/crtbegin.o
 .text.MX_ETH_Init
                0x080016b8       0x70 CMakeFiles/NUCLEO-F429ZI.elf.dir/Core/Src/eth.c.obj
                0x080016b8                MX_ETH_Init
 .text.HAL_ETH_MspInit
                0x08001728      0x11c CMakeFiles/NUCLEO-F429ZI.elf.dir/Core/Src/eth.c.obj
                0x08001728                HAL_ETH_MspInit
 .text.MX_GPIO_Init
                0x08001844      0x108 CMakeFiles/NUCLEO-F429ZI.elf.dir/Core/Src/gpio.c.obj
                0x08001844                MX_GPIO_Init
 .text.onSwitchCb
                0x0800194c       0x44 CMakeFiles/NUCLEO-F429ZI.elf.dir/Core/Src/main.c.obj
 .text.simACb   0x08001990       0x18 CMakeFiles/NUCLEO-F429ZI.elf.dir/Core/Src/main.c.obj
 .text.simBCb   0x080019a8        0x2 CMakeFiles/NUCLEO-F429ZI.elf.dir/Core/Src/main.c.obj
 *fill*         0x080019aa        0x2 
 .text.onMQTTCb
                0x080019ac       0xd4 CMakeFiles/NUCLEO-F429ZI.elf.dir/Core/Src/main.c.obj
                0x080019ac                onMQTTCb
 .text.saltConfig
                0x08001a80       0x8c CMakeFiles/NUCLEO-F429ZI.elf.dir/Core/Src/main.c.obj
 *fill*         0x08001b0c        0x4 
 .text.onAnInCb
                0x08001b10       0x94 CMakeFiles/NUCLEO-F429ZI.elf.dir/Core/Src/main.c.obj
 .text.onRelayErrorCb
                0x08001ba4       0x48 CMakeFiles/NUCLEO-F429ZI.elf.dir/Core/Src/main.c.obj
 .text.setupTraceFilters
                0x08001bec       0x58 CMakeFiles/NUCLEO-F429ZI.elf.dir/Core/Src/main.c.obj
 .text.__io_putchar
                0x08001c44       0x20 CMakeFiles/NUCLEO-F429ZI.elf.dir/Core/Src/main.c.obj
                0x08001c44                __io_putchar
 .text.Error_Handler
                0x08001c64        0x4 CMakeFiles/NUCLEO-F429ZI.elf.dir/Core/Src/main.c.obj
                0x08001c64                Error_Handler
 .text.SystemClock_Config
                0x08001c68       0xa8 CMakeFiles/NUCLEO-F429ZI.elf.dir/Core/Src/main.c.obj
                0x08001c68                SystemClock_Config
 .text.main     0x08001d10      0x15c CMakeFiles/NUCLEO-F429ZI.elf.dir/Core/Src/main.c.obj
                0x08001d10                main
 .text.MX_SPI1_Init
                0x08001e6c       0x40 CMakeFiles/NUCLEO-F429ZI.elf.dir/Core/Src/spi.c.obj
                0x08001e6c                MX_SPI1_Init
 .text.HAL_SPI_MspInit
                0x08001eac       0x98 CMakeFiles/NUCLEO-F429ZI.elf.dir/Core/Src/spi.c.obj
                0x08001eac                HAL_SPI_MspInit
 .text.HAL_MspInit
                0x08001f44       0x38 CMakeFiles/NUCLEO-F429ZI.elf.dir/Core/Src/stm32f4xx_hal_msp.c.obj
                0x08001f44                HAL_MspInit
 .text.NMI_Handler
                0x08001f7c        0x2 CMakeFiles/NUCLEO-F429ZI.elf.dir/Core/Src/stm32f4xx_it.c.obj
                0x08001f7c                NMI_Handler
 .text.HardFault_Handler
                0x08001f7e        0x2 CMakeFiles/NUCLEO-F429ZI.elf.dir/Core/Src/stm32f4xx_it.c.obj
                0x08001f7e                HardFault_Handler
 .text.MemManage_Handler
                0x08001f80        0x2 CMakeFiles/NUCLEO-F429ZI.elf.dir/Core/Src/stm32f4xx_it.c.obj
                0x08001f80                MemManage_Handler
 .text.BusFault_Handler
                0x08001f82        0x2 CMakeFiles/NUCLEO-F429ZI.elf.dir/Core/Src/stm32f4xx_it.c.obj
                0x08001f82                BusFault_Handler
 .text.UsageFault_Handler
                0x08001f84        0x2 CMakeFiles/NUCLEO-F429ZI.elf.dir/Core/Src/stm32f4xx_it.c.obj
                0x08001f84                UsageFault_Handler
 .text.SVC_Handler
                0x08001f86        0x2 CMakeFiles/NUCLEO-F429ZI.elf.dir/Core/Src/stm32f4xx_it.c.obj
                0x08001f86                SVC_Handler
 .text.DebugMon_Handler
                0x08001f88        0x2 CMakeFiles/NUCLEO-F429ZI.elf.dir/Core/Src/stm32f4xx_it.c.obj
                0x08001f88                DebugMon_Handler
 .text.PendSV_Handler
                0x08001f8a        0x2 CMakeFiles/NUCLEO-F429ZI.elf.dir/Core/Src/stm32f4xx_it.c.obj
                0x08001f8a                PendSV_Handler
 .text.SysTick_Handler
                0x08001f8c       0x24 CMakeFiles/NUCLEO-F429ZI.elf.dir/Core/Src/stm32f4xx_it.c.obj
                0x08001f8c                SysTick_Handler
 .text._getpid  0x08001fb0        0x4 CMakeFiles/NUCLEO-F429ZI.elf.dir/Core/Src/syscalls.c.obj
                0x08001fb0                _getpid
 .text._kill    0x08001fb4       0x10 CMakeFiles/NUCLEO-F429ZI.elf.dir/Core/Src/syscalls.c.obj
                0x08001fb4                _kill
 .text._exit    0x08001fc4        0xc CMakeFiles/NUCLEO-F429ZI.elf.dir/Core/Src/syscalls.c.obj
                0x08001fc4                _exit
 .text._read    0x08001fd0       0x20 CMakeFiles/NUCLEO-F429ZI.elf.dir/Core/Src/syscalls.c.obj
                0x08001fd0                _read
 .text._write   0x08001ff0       0x1c CMakeFiles/NUCLEO-F429ZI.elf.dir/Core/Src/syscalls.c.obj
                0x08001ff0                _write
 .text._close   0x0800200c        0x6 CMakeFiles/NUCLEO-F429ZI.elf.dir/Core/Src/syscalls.c.obj
                0x0800200c                _close
 .text._fstat   0x08002012        0xa CMakeFiles/NUCLEO-F429ZI.elf.dir/Core/Src/syscalls.c.obj
                0x08002012                _fstat
 .text._isatty  0x0800201c        0x4 CMakeFiles/NUCLEO-F429ZI.elf.dir/Core/Src/syscalls.c.obj
                0x0800201c                _isatty
 .text._lseek   0x08002020        0x4 CMakeFiles/NUCLEO-F429ZI.elf.dir/Core/Src/syscalls.c.obj
                0x08002020                _lseek
 .text._sbrk    0x08002024       0x48 CMakeFiles/NUCLEO-F429ZI.elf.dir/Core/Src/sysmem.c.obj
                0x08002024                _sbrk
 .text.SystemInit
                0x0800206c        0x2 CMakeFiles/NUCLEO-F429ZI.elf.dir/Core/Src/system_stm32f4xx.c.obj
                0x0800206c                SystemInit
 *fill*         0x0800206e        0x2 
 .text.SystemCoreClockUpdate
                0x08002070       0xa0 CMakeFiles/NUCLEO-F429ZI.elf.dir/Core/Src/system_stm32f4xx.c.obj
                0x08002070                SystemCoreClockUpdate
 .text.MX_USART3_UART_Init
                0x08002110       0x34 CMakeFiles/NUCLEO-F429ZI.elf.dir/Core/Src/usart.c.obj
                0x08002110                MX_USART3_UART_Init
 .text.HAL_UART_MspInit
                0x08002144       0x70 CMakeFiles/NUCLEO-F429ZI.elf.dir/Core/Src/usart.c.obj
                0x08002144                HAL_UART_MspInit
 .text.MX_USB_OTG_FS_PCD_Init
                0x080021b4       0x38 CMakeFiles/NUCLEO-F429ZI.elf.dir/Core/Src/usb_otg.c.obj
                0x080021b4                MX_USB_OTG_FS_PCD_Init
 .text.HAL_PCD_MspInit
                0x080021ec       0x88 CMakeFiles/NUCLEO-F429ZI.elf.dir/Core/Src/usb_otg.c.obj
                0x080021ec                HAL_PCD_MspInit
 .text.Reset_Handler
                0x08002274       0x50 CMakeFiles/NUCLEO-F429ZI.elf.dir/Core/Startup/startup_stm32f429zitx.s.obj
                0x08002274                Reset_Handler
 .text.Default_Handler
                0x080022c4        0x2 CMakeFiles/NUCLEO-F429ZI.elf.dir/Core/Startup/startup_stm32f429zitx.s.obj
                0x080022c4                DMA1_Stream3_IRQHandler
                0x080022c4                HASH_RNG_IRQHandler
                0x080022c4                EXTI2_IRQHandler
                0x080022c4                TIM8_CC_IRQHandler
                0x080022c4                UART8_IRQHandler
                0x080022c4                SPI4_IRQHandler
                0x080022c4                TIM1_CC_IRQHandler
                0x080022c4                DMA2_Stream5_IRQHandler
                0x080022c4                DMA1_Stream5_IRQHandler
                0x080022c4                PVD_IRQHandler
                0x080022c4                SDIO_IRQHandler
                0x080022c4                TAMP_STAMP_IRQHandler
                0x080022c4                CAN2_RX1_IRQHandler
                0x080022c4                EXTI3_IRQHandler
                0x080022c4                TIM8_TRG_COM_TIM14_IRQHandler
                0x080022c4                TIM1_UP_TIM10_IRQHandler
                0x080022c4                TIM8_UP_TIM13_IRQHandler
                0x080022c4                I2C3_ER_IRQHandler
                0x080022c4                I2C2_EV_IRQHandler
                0x080022c4                DMA1_Stream2_IRQHandler
                0x080022c4                CAN1_RX0_IRQHandler
                0x080022c4                FPU_IRQHandler
                0x080022c4                OTG_HS_WKUP_IRQHandler
                0x080022c4                LTDC_ER_IRQHandler
                0x080022c4                CAN2_SCE_IRQHandler
                0x080022c4                DMA2_Stream2_IRQHandler
                0x080022c4                SPI1_IRQHandler
                0x080022c4                TIM6_DAC_IRQHandler
                0x080022c4                TIM1_BRK_TIM9_IRQHandler
                0x080022c4                DCMI_IRQHandler
                0x080022c4                CAN2_RX0_IRQHandler
                0x080022c4                DMA2_Stream3_IRQHandler
                0x080022c4                USART6_IRQHandler
                0x080022c4                CAN1_RX1_IRQHandler
                0x080022c4                UART5_IRQHandler
                0x080022c4                DMA2_Stream0_IRQHandler
                0x080022c4                TIM4_IRQHandler
                0x080022c4                I2C1_EV_IRQHandler
                0x080022c4                DMA1_Stream6_IRQHandler
                0x080022c4                DMA1_Stream1_IRQHandler
                0x080022c4                TIM3_IRQHandler
                0x080022c4                RCC_IRQHandler
                0x080022c4                TIM8_BRK_TIM12_IRQHandler
                0x080022c4                Default_Handler
                0x080022c4                ADC_IRQHandler
                0x080022c4                DMA1_Stream7_IRQHandler
                0x080022c4                SPI5_IRQHandler
                0x080022c4                TIM7_IRQHandler
                0x080022c4                CAN2_TX_IRQHandler
                0x080022c4                TIM5_IRQHandler
                0x080022c4                DMA2_Stream7_IRQHandler
                0x080022c4                I2C3_EV_IRQHandler
                0x080022c4                EXTI9_5_IRQHandler
                0x080022c4                RTC_WKUP_IRQHandler
                0x080022c4                LTDC_IRQHandler
                0x080022c4                ETH_WKUP_IRQHandler
                0x080022c4                SPI2_IRQHandler
                0x080022c4                OTG_HS_EP1_IN_IRQHandler
                0x080022c4                DMA1_Stream0_IRQHandler
                0x080022c4                CAN1_TX_IRQHandler
                0x080022c4                EXTI4_IRQHandler
                0x080022c4                ETH_IRQHandler
                0x080022c4                OTG_HS_EP1_OUT_IRQHandler
                0x080022c4                WWDG_IRQHandler
                0x080022c4                SPI6_IRQHandler
                0x080022c4                TIM2_IRQHandler
                0x080022c4                OTG_FS_WKUP_IRQHandler
                0x080022c4                TIM1_TRG_COM_TIM11_IRQHandler
                0x080022c4                OTG_HS_IRQHandler
                0x080022c4                DMA2D_IRQHandler
                0x080022c4                UART7_IRQHandler
                0x080022c4                I2C2_ER_IRQHandler
                0x080022c4                DMA2_Stream1_IRQHandler
                0x080022c4                CAN1_SCE_IRQHandler
                0x080022c4                FLASH_IRQHandler
                0x080022c4                DMA2_Stream4_IRQHandler
                0x080022c4                OTG_FS_IRQHandler
                0x080022c4                SPI3_IRQHandler
                0x080022c4                DMA1_Stream4_IRQHandler
                0x080022c4                I2C1_ER_IRQHandler
                0x080022c4                FMC_IRQHandler
                0x080022c4                DMA2_Stream6_IRQHandler
                0x080022c4                SAI1_IRQHandler
                0x080022c4                RTC_Alarm_IRQHandler
 *fill*         0x080022c6        0x2 
 .text.HAL_InitTick
                0x080022c8       0x4c CMakeFiles/NUCLEO-F429ZI.elf.dir/Drivers/STM32F4xx_HAL_Driver/Src/stm32f4xx_hal.c.obj
                0x080022c8                HAL_InitTick
 .text.HAL_Init
                0x08002314       0x34 CMakeFiles/NUCLEO-F429ZI.elf.dir/Drivers/STM32F4xx_HAL_Driver/Src/stm32f4xx_hal.c.obj
                0x08002314                HAL_Init
 .text.HAL_IncTick
                0x08002348       0x18 CMakeFiles/NUCLEO-F429ZI.elf.dir/Drivers/STM32F4xx_HAL_Driver/Src/stm32f4xx_hal.c.obj
                0x08002348                HAL_IncTick
 .text.HAL_GetTick
                0x08002360        0xc CMakeFiles/NUCLEO-F429ZI.elf.dir/Drivers/STM32F4xx_HAL_Driver/Src/stm32f4xx_hal.c.obj
                0x08002360                HAL_GetTick
 .text.HAL_Delay
                0x0800236c       0x28 CMakeFiles/NUCLEO-F429ZI.elf.dir/Drivers/STM32F4xx_HAL_Driver/Src/stm32f4xx_hal.c.obj
                0x0800236c                HAL_Delay
 .text.__NVIC_DisableIRQ
                0x08002394       0x24 CMakeFiles/NUCLEO-F429ZI.elf.dir/Drivers/STM32F4xx_HAL_Driver/Src/stm32f4xx_hal_cortex.c.obj
 .text.__NVIC_SetPriority
                0x080023b8       0x28 CMakeFiles/NUCLEO-F429ZI.elf.dir/Drivers/STM32F4xx_HAL_Driver/Src/stm32f4xx_hal_cortex.c.obj
 .text.NVIC_EncodePriority
                0x080023e0       0x3e CMakeFiles/NUCLEO-F429ZI.elf.dir/Drivers/STM32F4xx_HAL_Driver/Src/stm32f4xx_hal_cortex.c.obj
 *fill*         0x0800241e        0x2 
 .text.HAL_NVIC_SetPriorityGrouping
                0x08002420       0x24 CMakeFiles/NUCLEO-F429ZI.elf.dir/Drivers/STM32F4xx_HAL_Driver/Src/stm32f4xx_hal_cortex.c.obj
                0x08002420                HAL_NVIC_SetPriorityGrouping
 .text.HAL_NVIC_SetPriority
                0x08002444       0x20 CMakeFiles/NUCLEO-F429ZI.elf.dir/Drivers/STM32F4xx_HAL_Driver/Src/stm32f4xx_hal_cortex.c.obj
                0x08002444                HAL_NVIC_SetPriority
 .text.HAL_NVIC_EnableIRQ
                0x08002464       0x1c CMakeFiles/NUCLEO-F429ZI.elf.dir/Drivers/STM32F4xx_HAL_Driver/Src/stm32f4xx_hal_cortex.c.obj
                0x08002464                HAL_NVIC_EnableIRQ
 .text.HAL_NVIC_DisableIRQ
                0x08002480        0x8 CMakeFiles/NUCLEO-F429ZI.elf.dir/Drivers/STM32F4xx_HAL_Driver/Src/stm32f4xx_hal_cortex.c.obj
                0x08002480                HAL_NVIC_DisableIRQ
 .text.HAL_SYSTICK_Config
                0x08002488       0x28 CMakeFiles/NUCLEO-F429ZI.elf.dir/Drivers/STM32F4xx_HAL_Driver/Src/stm32f4xx_hal_cortex.c.obj
                0x08002488                HAL_SYSTICK_Config
 .text.HAL_SYSTICK_CLKSourceConfig
                0x080024b0       0x20 CMakeFiles/NUCLEO-F429ZI.elf.dir/Drivers/STM32F4xx_HAL_Driver/Src/stm32f4xx_hal_cortex.c.obj
                0x080024b0                HAL_SYSTICK_CLKSourceConfig
 .text.HAL_DMA_Abort
                0x080024d0       0x94 CMakeFiles/NUCLEO-F429ZI.elf.dir/Drivers/STM32F4xx_HAL_Driver/Src/stm32f4xx_hal_dma.c.obj
                0x080024d0                HAL_DMA_Abort
 .text.HAL_DMA_Abort_IT
                0x08002564       0x26 CMakeFiles/NUCLEO-F429ZI.elf.dir/Drivers/STM32F4xx_HAL_Driver/Src/stm32f4xx_hal_dma.c.obj
                0x08002564                HAL_DMA_Abort_IT
 *fill*         0x0800258a        0x2 
 .text.ETH_MACAddressConfig
                0x0800258c       0x30 CMakeFiles/NUCLEO-F429ZI.elf.dir/Drivers/STM32F4xx_HAL_Driver/Src/stm32f4xx_hal_eth.c.obj
 .text.ETH_DMATxDescListInit
                0x080025bc       0x6e CMakeFiles/NUCLEO-F429ZI.elf.dir/Drivers/STM32F4xx_HAL_Driver/Src/stm32f4xx_hal_eth.c.obj
 .text.ETH_DMARxDescListInit
                0x0800262a       0x84 CMakeFiles/NUCLEO-F429ZI.elf.dir/Drivers/STM32F4xx_HAL_Driver/Src/stm32f4xx_hal_eth.c.obj
 *fill*         0x080026ae        0x2 
 .text.ETH_SetMACConfig
                0x080026b0       0xfc CMakeFiles/NUCLEO-F429ZI.elf.dir/Drivers/STM32F4xx_HAL_Driver/Src/stm32f4xx_hal_eth.c.obj
 .text.ETH_SetDMAConfig
                0x080027ac       0xc0 CMakeFiles/NUCLEO-F429ZI.elf.dir/Drivers/STM32F4xx_HAL_Driver/Src/stm32f4xx_hal_eth.c.obj
 .text.ETH_MACDMAConfig
                0x0800286c       0xa2 CMakeFiles/NUCLEO-F429ZI.elf.dir/Drivers/STM32F4xx_HAL_Driver/Src/stm32f4xx_hal_eth.c.obj
 *fill*         0x0800290e        0x2 
 .text.HAL_ETH_Init
                0x08002910       0xc0 CMakeFiles/NUCLEO-F429ZI.elf.dir/Drivers/STM32F4xx_HAL_Driver/Src/stm32f4xx_hal_eth.c.obj
                0x08002910                HAL_ETH_Init
 .text.HAL_GPIO_Init
                0x080029d0      0x20c CMakeFiles/NUCLEO-F429ZI.elf.dir/Drivers/STM32F4xx_HAL_Driver/Src/stm32f4xx_hal_gpio.c.obj
                0x080029d0                HAL_GPIO_Init
 .text.HAL_GPIO_ReadPin
                0x08002bdc        0xe CMakeFiles/NUCLEO-F429ZI.elf.dir/Drivers/STM32F4xx_HAL_Driver/Src/stm32f4xx_hal_gpio.c.obj
                0x08002bdc                HAL_GPIO_ReadPin
 .text.HAL_GPIO_WritePin
                0x08002bea        0xc CMakeFiles/NUCLEO-F429ZI.elf.dir/Drivers/STM32F4xx_HAL_Driver/Src/stm32f4xx_hal_gpio.c.obj
                0x08002bea                HAL_GPIO_WritePin
 *fill*         0x08002bf6        0x2 
 .text.HAL_GPIO_EXTI_IRQHandler
                0x08002bf8       0x1c CMakeFiles/NUCLEO-F429ZI.elf.dir/Drivers/STM32F4xx_HAL_Driver/Src/stm32f4xx_hal_gpio.c.obj
                0x08002bf8                HAL_GPIO_EXTI_IRQHandler
 .text.HAL_PCD_Init
                0x08002c14      0x12e CMakeFiles/NUCLEO-F429ZI.elf.dir/Drivers/STM32F4xx_HAL_Driver/Src/stm32f4xx_hal_pcd.c.obj
                0x08002c14                HAL_PCD_Init
 *fill*         0x08002d42        0x2 
 .text.HAL_RCC_OscConfig
                0x08002d44      0x3f8 CMakeFiles/NUCLEO-F429ZI.elf.dir/Drivers/STM32F4xx_HAL_Driver/Src/stm32f4xx_hal_rcc.c.obj
                0x08002d44                HAL_RCC_OscConfig
 .text.HAL_RCC_GetSysClockFreq
                0x0800313c       0xdc CMakeFiles/NUCLEO-F429ZI.elf.dir/Drivers/STM32F4xx_HAL_Driver/Src/stm32f4xx_hal_rcc.c.obj
                0x0800313c                HAL_RCC_GetSysClockFreq
 .text.HAL_RCC_ClockConfig
                0x08003218      0x160 CMakeFiles/NUCLEO-F429ZI.elf.dir/Drivers/STM32F4xx_HAL_Driver/Src/stm32f4xx_hal_rcc.c.obj
                0x08003218                HAL_RCC_ClockConfig
 .text.HAL_RCC_GetHCLKFreq
                0x08003378        0xc CMakeFiles/NUCLEO-F429ZI.elf.dir/Drivers/STM32F4xx_HAL_Driver/Src/stm32f4xx_hal_rcc.c.obj
                0x08003378                HAL_RCC_GetHCLKFreq
 .text.HAL_RCC_GetPCLK1Freq
                0x08003384       0x20 CMakeFiles/NUCLEO-F429ZI.elf.dir/Drivers/STM32F4xx_HAL_Driver/Src/stm32f4xx_hal_rcc.c.obj
                0x08003384                HAL_RCC_GetPCLK1Freq
 .text.HAL_RCC_GetPCLK2Freq
                0x080033a4       0x20 CMakeFiles/NUCLEO-F429ZI.elf.dir/Drivers/STM32F4xx_HAL_Driver/Src/stm32f4xx_hal_rcc.c.obj
                0x080033a4                HAL_RCC_GetPCLK2Freq
 .text.HAL_SPI_Init
                0x080033c4       0xbe CMakeFiles/NUCLEO-F429ZI.elf.dir/Drivers/STM32F4xx_HAL_Driver/Src/stm32f4xx_hal_spi.c.obj
                0x080033c4                HAL_SPI_Init
 .text.UART_EndRxTransfer
                0x08003482       0x5c CMakeFiles/NUCLEO-F429ZI.elf.dir/Drivers/STM32F4xx_HAL_Driver/Src/stm32f4xx_hal_uart.c.obj
 .text.UART_Transmit_IT
                0x080034de       0x60 CMakeFiles/NUCLEO-F429ZI.elf.dir/Drivers/STM32F4xx_HAL_Driver/Src/stm32f4xx_hal_uart.c.obj
 *fill*         0x0800353e        0x2 
 .text.UART_SetConfig
                0x08003540      0x110 CMakeFiles/NUCLEO-F429ZI.elf.dir/Drivers/STM32F4xx_HAL_Driver/Src/stm32f4xx_hal_uart.c.obj
 .text.UART_WaitOnFlagUntilTimeout
                0x08003650       0x84 CMakeFiles/NUCLEO-F429ZI.elf.dir/Drivers/STM32F4xx_HAL_Driver/Src/stm32f4xx_hal_uart.c.obj
 .text.HAL_UART_Init
                0x080036d4       0x5e CMakeFiles/NUCLEO-F429ZI.elf.dir/Drivers/STM32F4xx_HAL_Driver/Src/stm32f4xx_hal_uart.c.obj
                0x080036d4                HAL_UART_Init
 .text.HAL_UART_Transmit
                0x08003732       0xd8 CMakeFiles/NUCLEO-F429ZI.elf.dir/Drivers/STM32F4xx_HAL_Driver/Src/stm32f4xx_hal_uart.c.obj
                0x08003732                HAL_UART_Transmit
 .text.HAL_UART_TxCpltCallback
                0x0800380a        0x2 CMakeFiles/NUCLEO-F429ZI.elf.dir/Drivers/STM32F4xx_HAL_Driver/Src/stm32f4xx_hal_uart.c.obj
                0x0800380a                HAL_UART_TxCpltCallback
 .text.UART_EndTransmit_IT
                0x0800380c       0x1a CMakeFiles/NUCLEO-F429ZI.elf.dir/Drivers/STM32F4xx_HAL_Driver/Src/stm32f4xx_hal_uart.c.obj
 .text.HAL_UART_RxCpltCallback
                0x08003826        0x2 CMakeFiles/NUCLEO-F429ZI.elf.dir/Drivers/STM32F4xx_HAL_Driver/Src/stm32f4xx_hal_uart.c.obj
                0x08003826                HAL_UART_RxCpltCallback
 .text.HAL_UART_ErrorCallback
                0x08003828        0x2 CMakeFiles/NUCLEO-F429ZI.elf.dir/Drivers/STM32F4xx_HAL_Driver/Src/stm32f4xx_hal_uart.c.obj
                0x08003828                HAL_UART_ErrorCallback
 .text.UART_DMAAbortOnError
                0x0800382a       0x10 CMakeFiles/NUCLEO-F429ZI.elf.dir/Drivers/STM32F4xx_HAL_Driver/Src/stm32f4xx_hal_uart.c.obj
 .text.HAL_UARTEx_RxEventCallback
                0x0800383a        0x2 CMakeFiles/NUCLEO-F429ZI.elf.dir/Drivers/STM32F4xx_HAL_Driver/Src/stm32f4xx_hal_uart.c.obj
                0x0800383a                HAL_UARTEx_RxEventCallback
 .text.UART_Receive_IT
                0x0800383c       0xe2 CMakeFiles/NUCLEO-F429ZI.elf.dir/Drivers/STM32F4xx_HAL_Driver/Src/stm32f4xx_hal_uart.c.obj
 *fill*         0x0800391e        0x2 
 .text.HAL_UART_IRQHandler
                0x08003920      0x27c CMakeFiles/NUCLEO-F429ZI.elf.dir/Drivers/STM32F4xx_HAL_Driver/Src/stm32f4xx_hal_uart.c.obj
                0x08003920                HAL_UART_IRQHandler
 .text.USB_CoreReset
                0x08003b9c       0x50 CMakeFiles/NUCLEO-F429ZI.elf.dir/Drivers/STM32F4xx_HAL_Driver/Src/stm32f4xx_ll_usb.c.obj
 .text.USB_CoreInit
                0x08003bec       0x8a CMakeFiles/NUCLEO-F429ZI.elf.dir/Drivers/STM32F4xx_HAL_Driver/Src/stm32f4xx_ll_usb.c.obj
                0x08003bec                USB_CoreInit
 .text.USB_DisableGlobalInt
                0x08003c76        0xc CMakeFiles/NUCLEO-F429ZI.elf.dir/Drivers/STM32F4xx_HAL_Driver/Src/stm32f4xx_ll_usb.c.obj
                0x08003c76                USB_DisableGlobalInt
 *fill*         0x08003c82        0x2 
 .text.USB_FlushTxFifo
                0x08003c84       0x50 CMakeFiles/NUCLEO-F429ZI.elf.dir/Drivers/STM32F4xx_HAL_Driver/Src/stm32f4xx_ll_usb.c.obj
                0x08003c84                USB_FlushTxFifo
 .text.USB_FlushRxFifo
                0x08003cd4       0x4c CMakeFiles/NUCLEO-F429ZI.elf.dir/Drivers/STM32F4xx_HAL_Driver/Src/stm32f4xx_ll_usb.c.obj
                0x08003cd4                USB_FlushRxFifo
 .text.USB_SetDevSpeed
                0x08003d20        0xe CMakeFiles/NUCLEO-F429ZI.elf.dir/Drivers/STM32F4xx_HAL_Driver/Src/stm32f4xx_ll_usb.c.obj
                0x08003d20                USB_SetDevSpeed
 *fill*         0x08003d2e        0x2 
 .text.USB_DevInit
                0x08003d30      0x190 CMakeFiles/NUCLEO-F429ZI.elf.dir/Drivers/STM32F4xx_HAL_Driver/Src/stm32f4xx_ll_usb.c.obj
                0x08003d30                USB_DevInit
 .text.USB_DevDisconnect
                0x08003ec0       0x1c CMakeFiles/NUCLEO-F429ZI.elf.dir/Drivers/STM32F4xx_HAL_Driver/Src/stm32f4xx_ll_usb.c.obj
                0x08003ec0                USB_DevDisconnect
 .text.USB_GetMode
                0x08003edc        0x8 CMakeFiles/NUCLEO-F429ZI.elf.dir/Drivers/STM32F4xx_HAL_Driver/Src/stm32f4xx_ll_usb.c.obj
                0x08003edc                USB_GetMode
 .text.USB_SetCurrentMode
                0x08003ee4       0x62 CMakeFiles/NUCLEO-F429ZI.elf.dir/Drivers/STM32F4xx_HAL_Driver/Src/stm32f4xx_ll_usb.c.obj
                0x08003ee4                USB_SetCurrentMode
 *fill*         0x08003f46        0x2 
 .text.led_on   0x08003f48       0x30 CMakeFiles/NUCLEO-F429ZI.elf.dir/blinkySysTick/blinkySysTick.c.obj
 .text.led_off  0x08003f78       0x30 CMakeFiles/NUCLEO-F429ZI.elf.dir/blinkySysTick/blinkySysTick.c.obj
 .text.blinker_ctor
                0x08003fa8       0x28 CMakeFiles/NUCLEO-F429ZI.elf.dir/blinkySysTick/blinkySysTick.c.obj
                0x08003fa8                blinker_ctor
 .text.rkh_hook_start
                0x08003fd0       0x18 CMakeFiles/NUCLEO-F429ZI.elf.dir/blinkySysTick/hook.c.obj
                0x08003fd0                rkh_hook_start
 .text.rkh_hook_timetick
                0x08003fe8        0x8 CMakeFiles/NUCLEO-F429ZI.elf.dir/blinkySysTick/hook.c.obj
                0x08003fe8                rkh_hook_timetick
 .text.rkh_hook_idle
                0x08003ff0        0xa CMakeFiles/NUCLEO-F429ZI.elf.dir/blinkySysTick/hook.c.obj
                0x08003ff0                rkh_hook_idle
 *fill*         0x08003ffa        0x2 
 .text.BSP_LED_On
                0x08003ffc       0x20 CMakeFiles/NUCLEO-F429ZI.elf.dir/bsp/stm32f4xx_nucleo_144.c.obj
                0x08003ffc                BSP_LED_On
 .text.BSP_LED_Off
                0x0800401c       0x20 CMakeFiles/NUCLEO-F429ZI.elf.dir/bsp/stm32f4xx_nucleo_144.c.obj
                0x0800401c                BSP_LED_Off
 .text.execute_list
                0x0800403c       0x12 CMakeFiles/NUCLEO-F429ZI.elf.dir/mTime/mTime.c.obj
 *fill*         0x0800404e        0x2 
 .text.mTime_init
                0x08004050       0x18 CMakeFiles/NUCLEO-F429ZI.elf.dir/mTime/mTime.c.obj
                0x08004050                mTime_init
 .text.mTime_tick
                0x08004068       0x5c CMakeFiles/NUCLEO-F429ZI.elf.dir/mTime/mTime.c.obj
                0x08004068                mTime_tick
 .text.rkh_assert
                0x080040c4       0x32 CMakeFiles/NUCLEO-F429ZI.elf.dir/salt/bsp/assert.c.obj
                0x080040c4                rkh_assert
 .text.bsp_init
                0x080040f6       0x98 CMakeFiles/NUCLEO-F429ZI.elf.dir/salt/bsp/bsp-salt.c.obj
                0x080040f6                bsp_init
 *fill*         0x0800418e        0x2 
 .text.bsp_timeTick
                0x08004190       0x14 CMakeFiles/NUCLEO-F429ZI.elf.dir/salt/bsp/bsp-salt.c.obj
                0x08004190                bsp_timeTick
 .text.bsp_regStatus
                0x080041a4        0xa CMakeFiles/NUCLEO-F429ZI.elf.dir/salt/bsp/bsp-salt.c.obj
                0x080041a4                bsp_regStatus
 .text.bsp_netStatus
                0x080041ae        0xa CMakeFiles/NUCLEO-F429ZI.elf.dir/salt/bsp/bsp-salt.c.obj
                0x080041ae                bsp_netStatus
 .text.bsp_modStatusToggle
                0x080041b8        0xa CMakeFiles/NUCLEO-F429ZI.elf.dir/salt/bsp/bsp-salt.c.obj
                0x080041b8                bsp_modStatusToggle
 *fill*         0x080041c2        0x2 
 .text.saltCfg_clientId
                0x080041c4       0x10 CMakeFiles/NUCLEO-F429ZI.elf.dir/salt/configuration/saltCfg.c.obj
                0x080041c4                saltCfg_clientId
 .text.saltCfg_topic
                0x080041d4       0x28 CMakeFiles/NUCLEO-F429ZI.elf.dir/salt/configuration/saltCfg.c.obj
                0x080041d4                saltCfg_topic
 .text.rkh_trc_close
                0x080041fc        0x2 CMakeFiles/NUCLEO-F429ZI.elf.dir/salt/files-to-review/trace_io.c.obj
                0x080041fc                rkh_trc_close
 *fill*         0x080041fe        0x2 
 .text.rkh_trc_flush
                0x08004200       0x80 CMakeFiles/NUCLEO-F429ZI.elf.dir/salt/files-to-review/trace_io.c.obj
                0x08004200                rkh_trc_flush
 .text.rkh_trc_open
                0x08004280       0x80 CMakeFiles/NUCLEO-F429ZI.elf.dir/salt/files-to-review/trace_io.c.obj
                0x08004280                rkh_trc_open
 .text.convertToSampleValue
                0x08004300       0x2c CMakeFiles/NUCLEO-F429ZI.elf.dir/salt/peripherals/analog-inputs/anIn.c.obj
                0x08004300                convertToSampleValue
 .text.anInInit
                0x0800432c       0x14 CMakeFiles/NUCLEO-F429ZI.elf.dir/salt/peripherals/analog-inputs/anIn.c.obj
                0x0800432c                anInInit
 .text.anInGet  0x08004340       0x14 CMakeFiles/NUCLEO-F429ZI.elf.dir/salt/peripherals/analog-inputs/anIn.c.obj
                0x08004340                anInGet
 .text.anInGetSample
                0x08004354        0xc CMakeFiles/NUCLEO-F429ZI.elf.dir/salt/peripherals/analog-inputs/anIn.c.obj
                0x08004354                anInGetSample
 .text.buzzerSetMode
                0x08004360        0xc CMakeFiles/NUCLEO-F429ZI.elf.dir/salt/peripherals/ihm/buzzer.c.obj
                0x08004360                buzzerSetMode
 .text.buzzerInit
                0x0800436c        0xa CMakeFiles/NUCLEO-F429ZI.elf.dir/salt/peripherals/ihm/buzzer.c.obj
                0x0800436c                buzzerInit
 *fill*         0x08004376        0x2 
 .text.onSwitchGet
                0x08004378       0x18 CMakeFiles/NUCLEO-F429ZI.elf.dir/salt/peripherals/ihm/onSwitch.c.obj
                0x08004378                onSwitchGet
 .text.onSwitchSetIntCb
                0x08004390        0xc CMakeFiles/NUCLEO-F429ZI.elf.dir/salt/peripherals/ihm/onSwitch.c.obj
                0x08004390                onSwitchSetIntCb
 .text.onSwitchInit
                0x0800439c       0x60 CMakeFiles/NUCLEO-F429ZI.elf.dir/salt/peripherals/ihm/onSwitch.c.obj
                0x0800439c                onSwitchInit
 .text.HAL_GPIO_EXTI_Callback
                0x080043fc       0x1c CMakeFiles/NUCLEO-F429ZI.elf.dir/salt/peripherals/ihm/onSwitch.c.obj
                0x080043fc                HAL_GPIO_EXTI_Callback
 .text.EXTI15_10_IRQHandler
                0x08004418        0xc CMakeFiles/NUCLEO-F429ZI.elf.dir/salt/peripherals/ihm/onSwitch.c.obj
                0x08004418                EXTI15_10_IRQHandler
 .text.AS1116_CS_Deselect
                0x08004424       0x14 CMakeFiles/NUCLEO-F429ZI.elf.dir/salt/peripherals/ledPanel/as1116.c.obj
 .text.AS1116_CS_Select
                0x08004438       0x14 CMakeFiles/NUCLEO-F429ZI.elf.dir/salt/peripherals/ledPanel/as1116.c.obj
 .text.as1116WriteReg
                0x0800444c       0x2c CMakeFiles/NUCLEO-F429ZI.elf.dir/salt/peripherals/ledPanel/as1116.c.obj
 .text.as1116Init
                0x08004478       0xb4 CMakeFiles/NUCLEO-F429ZI.elf.dir/salt/peripherals/ledPanel/as1116.c.obj
                0x08004478                as1116Init
 .text.as1116SetDigit
                0x0800452c        0x2 CMakeFiles/NUCLEO-F429ZI.elf.dir/salt/peripherals/ledPanel/as1116.c.obj
                0x0800452c                as1116SetDigit
 *fill*         0x0800452e        0x2 
 .text.LED_Init
                0x08004530       0x48 CMakeFiles/NUCLEO-F429ZI.elf.dir/salt/peripherals/ledPanel/ledPanel.c.obj
 .text.ledPanelSetCfgInt
                0x08004578       0xfc CMakeFiles/NUCLEO-F429ZI.elf.dir/salt/peripherals/ledPanel/ledPanel.c.obj
 .text.ledPanelSetCfg
                0x08004674       0x50 CMakeFiles/NUCLEO-F429ZI.elf.dir/salt/peripherals/ledPanel/ledPanel.c.obj
                0x08004674                ledPanelSetCfg
 .text.ledPanelInit
                0x080046c4       0x44 CMakeFiles/NUCLEO-F429ZI.elf.dir/salt/peripherals/ledPanel/ledPanel.c.obj
                0x080046c4                ledPanelInit
 .text.postFIFOEvtCmd
                0x08004708       0x30 CMakeFiles/NUCLEO-F429ZI.elf.dir/salt/peripherals/module-command/modcmdSim900.c.obj
 .text.sendModCmd_noArgs
                0x08004738       0x10 CMakeFiles/NUCLEO-F429ZI.elf.dir/salt/peripherals/module-command/modcmdSim900.c.obj
 .text.sendModCmd_rui16
                0x08004748       0x10 CMakeFiles/NUCLEO-F429ZI.elf.dir/salt/peripherals/module-command/modcmdSim900.c.obj
 .text.sendModCmd_3StrArgs
                0x08004758       0x10 CMakeFiles/NUCLEO-F429ZI.elf.dir/salt/peripherals/module-command/modcmdSim900.c.obj
 .text.doSearch
                0x08004768       0x18 CMakeFiles/NUCLEO-F429ZI.elf.dir/salt/peripherals/module-command/modcmdSim900.c.obj
 .text.ModCmd_init
                0x08004780       0x48 CMakeFiles/NUCLEO-F429ZI.elf.dir/salt/peripherals/module-command/modcmdSim900.c.obj
                0x08004780                ModCmd_init
 .text.ModCmd_sync
                0x080047c8       0x10 CMakeFiles/NUCLEO-F429ZI.elf.dir/salt/peripherals/module-command/modcmdSim900.c.obj
                0x080047c8                ModCmd_sync
 .text.ModCmd_initStr
                0x080047d8       0x10 CMakeFiles/NUCLEO-F429ZI.elf.dir/salt/peripherals/module-command/modcmdSim900.c.obj
                0x080047d8                ModCmd_initStr
 .text.ModCmd_getPinStatus
                0x080047e8       0x10 CMakeFiles/NUCLEO-F429ZI.elf.dir/salt/peripherals/module-command/modcmdSim900.c.obj
                0x080047e8                ModCmd_getPinStatus
 .text.ModCmd_setPin
                0x080047f8       0x10 CMakeFiles/NUCLEO-F429ZI.elf.dir/salt/peripherals/module-command/modcmdSim900.c.obj
                0x080047f8                ModCmd_setPin
 .text.ModCmd_getRegStatus
                0x08004808       0x10 CMakeFiles/NUCLEO-F429ZI.elf.dir/salt/peripherals/module-command/modcmdSim900.c.obj
                0x08004808                ModCmd_getRegStatus
 .text.ModCmd_enableNetTime
                0x08004818       0x10 CMakeFiles/NUCLEO-F429ZI.elf.dir/salt/peripherals/module-command/modcmdSim900.c.obj
                0x08004818                ModCmd_enableNetTime
 .text.ModCmd_getImei
                0x08004828       0x10 CMakeFiles/NUCLEO-F429ZI.elf.dir/salt/peripherals/module-command/modcmdSim900.c.obj
                0x08004828                ModCmd_getImei
 .text.ModCmd_cipShutdown
                0x08004838       0x10 CMakeFiles/NUCLEO-F429ZI.elf.dir/salt/peripherals/module-command/modcmdSim900.c.obj
                0x08004838                ModCmd_cipShutdown
 .text.ModCmd_setManualGet
                0x08004848       0x10 CMakeFiles/NUCLEO-F429ZI.elf.dir/salt/peripherals/module-command/modcmdSim900.c.obj
                0x08004848                ModCmd_setManualGet
 .text.ModCmd_getLocalTime
                0x08004858       0x10 CMakeFiles/NUCLEO-F429ZI.elf.dir/salt/peripherals/module-command/modcmdSim900.c.obj
                0x08004858                ModCmd_getLocalTime
 .text.ModCmd_getOper
                0x08004868       0x10 CMakeFiles/NUCLEO-F429ZI.elf.dir/salt/peripherals/module-command/modcmdSim900.c.obj
                0x08004868                ModCmd_getOper
 .text.ModCmd_setupAPN
                0x08004878       0x14 CMakeFiles/NUCLEO-F429ZI.elf.dir/salt/peripherals/module-command/modcmdSim900.c.obj
                0x08004878                ModCmd_setupAPN
 .text.ModCmd_startGPRS
                0x0800488c       0x10 CMakeFiles/NUCLEO-F429ZI.elf.dir/salt/peripherals/module-command/modcmdSim900.c.obj
                0x0800488c                ModCmd_startGPRS
 .text.ModCmd_requestIP
                0x0800489c       0x10 CMakeFiles/NUCLEO-F429ZI.elf.dir/salt/peripherals/module-command/modcmdSim900.c.obj
                0x0800489c                ModCmd_requestIP
 .text.ModCmd_getConnStatus
                0x080048ac       0x10 CMakeFiles/NUCLEO-F429ZI.elf.dir/salt/peripherals/module-command/modcmdSim900.c.obj
                0x080048ac                ModCmd_getConnStatus
 .text.ModCmd_connect
                0x080048bc       0x14 CMakeFiles/NUCLEO-F429ZI.elf.dir/salt/peripherals/module-command/modcmdSim900.c.obj
                0x080048bc                ModCmd_connect
 .text.ModCmd_disconnect
                0x080048d0       0x10 CMakeFiles/NUCLEO-F429ZI.elf.dir/salt/peripherals/module-command/modcmdSim900.c.obj
                0x080048d0                ModCmd_disconnect
 .text.ModCmd_sendDataRequest
                0x080048e0       0x10 CMakeFiles/NUCLEO-F429ZI.elf.dir/salt/peripherals/module-command/modcmdSim900.c.obj
                0x080048e0                ModCmd_sendDataRequest
 .text.ModCmd_sendData
                0x080048f0       0x18 CMakeFiles/NUCLEO-F429ZI.elf.dir/salt/peripherals/module-command/modcmdSim900.c.obj
                0x080048f0                ModCmd_sendData
 .text.ModCmd_readData
                0x08004908       0x10 CMakeFiles/NUCLEO-F429ZI.elf.dir/salt/peripherals/module-command/modcmdSim900.c.obj
                0x08004908                ModCmd_readData
 .text.ModCmd_errorReport
                0x08004918       0x10 CMakeFiles/NUCLEO-F429ZI.elf.dir/salt/peripherals/module-command/modcmdSim900.c.obj
                0x08004918                ModCmd_errorReport
 .text.ModCmd_startGPS
                0x08004928       0x10 CMakeFiles/NUCLEO-F429ZI.elf.dir/salt/peripherals/module-command/modcmdSim900.c.obj
                0x08004928                ModCmd_startGPS
 .text.pulseCounterInit
                0x08004938       0x28 CMakeFiles/NUCLEO-F429ZI.elf.dir/salt/peripherals/pulse-counter/pulseCounter.c.obj
                0x08004938                pulseCounterInit
 .text.GPIO_Init
                0x08004960       0x70 CMakeFiles/NUCLEO-F429ZI.elf.dir/salt/peripherals/pulse-counter/pulseCounterFromEduCiaaBsp.c.obj
 .text.pulseCounterEnableInt
                0x080049d0       0x20 CMakeFiles/NUCLEO-F429ZI.elf.dir/salt/peripherals/pulse-counter/pulseCounterFromEduCiaaBsp.c.obj
                0x080049d0                pulseCounterEnableInt
 .text.pulseCounterInitBsp
                0x080049f0       0x2c CMakeFiles/NUCLEO-F429ZI.elf.dir/salt/peripherals/pulse-counter/pulseCounterFromEduCiaaBsp.c.obj
                0x080049f0                pulseCounterInitBsp
 .text.EXTI0_IRQHandler
                0x08004a1c        0xa CMakeFiles/NUCLEO-F429ZI.elf.dir/salt/peripherals/pulse-counter/pulseCounterFromEduCiaaBsp.c.obj
                0x08004a1c                EXTI0_IRQHandler
 .text.EXTI1_IRQHandler
                0x08004a26        0xa CMakeFiles/NUCLEO-F429ZI.elf.dir/salt/peripherals/pulse-counter/pulseCounterFromEduCiaaBsp.c.obj
                0x08004a26                EXTI1_IRQHandler
 .text.relayInit
                0x08004a30       0x24 CMakeFiles/NUCLEO-F429ZI.elf.dir/salt/peripherals/relay-control/relay.c.obj
                0x08004a30                relayInit
 .text.relaySetAlEnable
                0x08004a54       0x2e CMakeFiles/NUCLEO-F429ZI.elf.dir/salt/peripherals/relay-control/relay.c.obj
                0x08004a54                relaySetAlEnable
 .text.relaySetCTActive
                0x08004a82       0x3a CMakeFiles/NUCLEO-F429ZI.elf.dir/salt/peripherals/relay-control/relay.c.obj
                0x08004a82                relaySetCTActive
 .text.relaySetFEActive
                0x08004abc       0x3a CMakeFiles/NUCLEO-F429ZI.elf.dir/salt/peripherals/relay-control/relay.c.obj
                0x08004abc                relaySetFEActive
 .text.relaySetRemoteMode
                0x08004af6        0xc CMakeFiles/NUCLEO-F429ZI.elf.dir/salt/peripherals/relay-control/relay.c.obj
                0x08004af6                relaySetRemoteMode
 *fill*         0x08004b02        0x2 
 .text.GPIO_Clock_Enable
                0x08004b04       0x38 CMakeFiles/NUCLEO-F429ZI.elf.dir/salt/peripherals/relay-control/relayFromEduCiaaBsp.c.obj
 .text.relaySetActivated
                0x08004b3c       0x28 CMakeFiles/NUCLEO-F429ZI.elf.dir/salt/peripherals/relay-control/relayFromEduCiaaBsp.c.obj
                0x08004b3c                relaySetActivated
 .text.relayInitBsp
                0x08004b64       0x5c CMakeFiles/NUCLEO-F429ZI.elf.dir/salt/peripherals/relay-control/relayFromEduCiaaBsp.c.obj
                0x08004b64                relayInitBsp
 .text.relayGetActivated
                0x08004bc0       0x20 CMakeFiles/NUCLEO-F429ZI.elf.dir/salt/peripherals/relay-control/relayFromEduCiaaBsp.c.obj
                0x08004bc0                relayGetActivated
 .text.USART1_IRQHandler
                0x08004be0       0x30 CMakeFiles/NUCLEO-F429ZI.elf.dir/salt/peripherals/serial/serial.c.obj
                0x08004be0                USART1_IRQHandler
 .text.USART2_IRQHandler
                0x08004c10       0x40 CMakeFiles/NUCLEO-F429ZI.elf.dir/salt/peripherals/serial/serial.c.obj
                0x08004c10                USART2_IRQHandler
 .text.USART3_IRQHandler
                0x08004c50       0x2c CMakeFiles/NUCLEO-F429ZI.elf.dir/salt/peripherals/serial/serial.c.obj
                0x08004c50                USART3_IRQHandler
 .text.UART4_IRQHandler
                0x08004c7c       0x30 CMakeFiles/NUCLEO-F429ZI.elf.dir/salt/peripherals/serial/serial.c.obj
                0x08004c7c                UART4_IRQHandler
 .text.serialInit
                0x08004cac       0xd0 CMakeFiles/NUCLEO-F429ZI.elf.dir/salt/peripherals/serial/serial.c.obj
                0x08004cac                serialInit
 .text.serialSetIntCb
                0x08004d7c       0x34 CMakeFiles/NUCLEO-F429ZI.elf.dir/salt/peripherals/serial/serial.c.obj
                0x08004d7c                serialSetIntCb
 .text.serialPutByte
                0x08004db0       0x3c CMakeFiles/NUCLEO-F429ZI.elf.dir/salt/peripherals/serial/serial.c.obj
                0x08004db0                serialPutByte
 .text.serialPutString
                0x08004dec       0x18 CMakeFiles/NUCLEO-F429ZI.elf.dir/salt/peripherals/serial/serial.c.obj
                0x08004dec                serialPutString
 .text.serialPutChars
                0x08004e04       0x2c CMakeFiles/NUCLEO-F429ZI.elf.dir/salt/peripherals/serial/serial.c.obj
                0x08004e04                serialPutChars
 .text.GPIO_Clock_Enable
                0x08004e30       0x60 CMakeFiles/NUCLEO-F429ZI.elf.dir/salt/peripherals/sim808/sim808.c.obj
 .text.UART_Init
                0x08004e90       0x3c CMakeFiles/NUCLEO-F429ZI.elf.dir/salt/peripherals/sim808/sim808.c.obj
 .text.sim808SetControlPin
                0x08004ecc       0xac CMakeFiles/NUCLEO-F429ZI.elf.dir/salt/peripherals/sim808/sim808.c.obj
                0x08004ecc                sim808SetControlPin
 .text.sim808Init
                0x08004f78       0x88 CMakeFiles/NUCLEO-F429ZI.elf.dir/salt/peripherals/sim808/sim808.c.obj
                0x08004f78                sim808Init
 .text.crc16    0x08005000       0x38 CMakeFiles/NUCLEO-F429ZI.elf.dir/salt/peripherals/teloc/teloc.c.obj
                0x08005000                crc16
 .text.telocParse
                0x08005038       0xc0 CMakeFiles/NUCLEO-F429ZI.elf.dir/salt/peripherals/teloc/teloc.c.obj
                0x08005038                telocParse
 .text.telocInit
                0x080050f8       0x38 CMakeFiles/NUCLEO-F429ZI.elf.dir/salt/peripherals/teloc/teloc.c.obj
                0x080050f8                telocInit
 .text.velEvGpsCallback
                0x08005130       0x4c CMakeFiles/NUCLEO-F429ZI.elf.dir/salt/state-machines/connector-manager/conmgr.c.obj
 .text.open     0x0800517c       0x20 CMakeFiles/NUCLEO-F429ZI.elf.dir/salt/state-machines/connector-manager/conmgr.c.obj
 .text.close    0x0800519c       0x20 CMakeFiles/NUCLEO-F429ZI.elf.dir/salt/state-machines/connector-manager/conmgr.c.obj
 .text.setSigLevel
                0x080051bc        0x6 CMakeFiles/NUCLEO-F429ZI.elf.dir/salt/state-machines/connector-manager/conmgr.c.obj
 .text.initializeInit
                0x080051c2        0x8 CMakeFiles/NUCLEO-F429ZI.elf.dir/salt/state-machines/connector-manager/conmgr.c.obj
 .text.configureInit
                0x080051ca        0x8 CMakeFiles/NUCLEO-F429ZI.elf.dir/salt/state-machines/connector-manager/conmgr.c.obj
 .text.connectInit
                0x080051d2        0x8 CMakeFiles/NUCLEO-F429ZI.elf.dir/salt/state-machines/connector-manager/conmgr.c.obj
 .text.connectTry
                0x080051da        0xc CMakeFiles/NUCLEO-F429ZI.elf.dir/salt/state-machines/connector-manager/conmgr.c.obj
 *fill*         0x080051e6        0x2 
 .text.sendOk   0x080051e8       0x24 CMakeFiles/NUCLEO-F429ZI.elf.dir/salt/state-machines/connector-manager/conmgr.c.obj
 .text.recvOk   0x0800520c       0x24 CMakeFiles/NUCLEO-F429ZI.elf.dir/salt/state-machines/connector-manager/conmgr.c.obj
 .text.setGpsData
                0x08005230       0x16 CMakeFiles/NUCLEO-F429ZI.elf.dir/salt/state-machines/connector-manager/conmgr.c.obj
 .text.isConnected
                0x08005246        0x8 CMakeFiles/NUCLEO-F429ZI.elf.dir/salt/state-machines/connector-manager/conmgr.c.obj
 .text.checkSyncTry
                0x0800524e       0x10 CMakeFiles/NUCLEO-F429ZI.elf.dir/salt/state-machines/connector-manager/conmgr.c.obj
                0x0800524e                checkSyncTry
 .text.checkConfigTry
                0x0800525e       0x10 CMakeFiles/NUCLEO-F429ZI.elf.dir/salt/state-machines/connector-manager/conmgr.c.obj
                0x0800525e                checkConfigTry
 .text.checkConnectTry
                0x0800526e       0x10 CMakeFiles/NUCLEO-F429ZI.elf.dir/salt/state-machines/connector-manager/conmgr.c.obj
                0x0800526e                checkConnectTry
 .text.checkConnectedFailCounter
                0x0800527e       0x10 CMakeFiles/NUCLEO-F429ZI.elf.dir/salt/state-machines/connector-manager/conmgr.c.obj
                0x0800527e                checkConnectedFailCounter
 *fill*         0x0800528e        0x2 
 .text.init     0x08005290      0x418 CMakeFiles/NUCLEO-F429ZI.elf.dir/salt/state-machines/connector-manager/conmgr.c.obj
 .text.recvFail
                0x080056a8       0x24 CMakeFiles/NUCLEO-F429ZI.elf.dir/salt/state-machines/connector-manager/conmgr.c.obj
 .text.sendFail
                0x080056cc       0x24 CMakeFiles/NUCLEO-F429ZI.elf.dir/salt/state-machines/connector-manager/conmgr.c.obj
 .text.configTry
                0x080056f0       0x12 CMakeFiles/NUCLEO-F429ZI.elf.dir/salt/state-machines/connector-manager/conmgr.c.obj
 .text.tryGetStatus
                0x08005702       0x12 CMakeFiles/NUCLEO-F429ZI.elf.dir/salt/state-machines/connector-manager/conmgr.c.obj
 .text.sendSync
                0x08005714       0x12 CMakeFiles/NUCLEO-F429ZI.elf.dir/salt/state-machines/connector-manager/conmgr.c.obj
 *fill*         0x08005726        0x2 
 .text.setInitTimeOut
                0x08005728       0x20 CMakeFiles/NUCLEO-F429ZI.elf.dir/salt/state-machines/connector-manager/conmgr.c.obj
 .text.startRegStatus
                0x08005748       0x10 CMakeFiles/NUCLEO-F429ZI.elf.dir/salt/state-machines/connector-manager/conmgr.c.obj
 .text.failureEntry
                0x08005758       0x20 CMakeFiles/NUCLEO-F429ZI.elf.dir/salt/state-machines/connector-manager/conmgr.c.obj
 .text.waitNetClockSyncEntry
                0x08005778       0x20 CMakeFiles/NUCLEO-F429ZI.elf.dir/salt/state-machines/connector-manager/conmgr.c.obj
 .text.waitRetryConfigEntry
                0x08005798       0x20 CMakeFiles/NUCLEO-F429ZI.elf.dir/salt/state-machines/connector-manager/conmgr.c.obj
 .text.connectingEntry
                0x080057b8       0x20 CMakeFiles/NUCLEO-F429ZI.elf.dir/salt/state-machines/connector-manager/conmgr.c.obj
 .text.idleEntry
                0x080057d8       0x20 CMakeFiles/NUCLEO-F429ZI.elf.dir/salt/state-machines/connector-manager/conmgr.c.obj
 .text.wReopenEntry
                0x080057f8       0x20 CMakeFiles/NUCLEO-F429ZI.elf.dir/salt/state-machines/connector-manager/conmgr.c.obj
 .text.waitRetryConnEntry
                0x08005818       0x20 CMakeFiles/NUCLEO-F429ZI.elf.dir/salt/state-machines/connector-manager/conmgr.c.obj
 .text.sendInit
                0x08005838        0x8 CMakeFiles/NUCLEO-F429ZI.elf.dir/salt/state-machines/connector-manager/conmgr.c.obj
 .text.errorReport
                0x08005840        0x8 CMakeFiles/NUCLEO-F429ZI.elf.dir/salt/state-machines/connector-manager/conmgr.c.obj
 .text.initGps  0x08005848        0x8 CMakeFiles/NUCLEO-F429ZI.elf.dir/salt/state-machines/connector-manager/conmgr.c.obj
 .text.checkPin
                0x08005850        0x8 CMakeFiles/NUCLEO-F429ZI.elf.dir/salt/state-machines/connector-manager/conmgr.c.obj
 .text.setPin   0x08005858        0xc CMakeFiles/NUCLEO-F429ZI.elf.dir/salt/state-machines/connector-manager/conmgr.c.obj
 .text.netTimeEnable
                0x08005864        0x8 CMakeFiles/NUCLEO-F429ZI.elf.dir/salt/state-machines/connector-manager/conmgr.c.obj
 .text.getImei  0x0800586c        0x8 CMakeFiles/NUCLEO-F429ZI.elf.dir/salt/state-machines/connector-manager/conmgr.c.obj
 .text.storeOper
                0x08005874        0xc CMakeFiles/NUCLEO-F429ZI.elf.dir/salt/state-machines/connector-manager/conmgr.c.obj
 .text.storeImei
                0x08005880       0x1c CMakeFiles/NUCLEO-F429ZI.elf.dir/salt/state-machines/connector-manager/conmgr.c.obj
 .text.cipShutdown
                0x0800589c        0x8 CMakeFiles/NUCLEO-F429ZI.elf.dir/salt/state-machines/connector-manager/conmgr.c.obj
 .text.setupManualGet
                0x080058a4        0x8 CMakeFiles/NUCLEO-F429ZI.elf.dir/salt/state-machines/connector-manager/conmgr.c.obj
 .text.regExit  0x080058ac        0xa CMakeFiles/NUCLEO-F429ZI.elf.dir/salt/state-machines/connector-manager/conmgr.c.obj
 .text.regEntry
                0x080058b6        0xa CMakeFiles/NUCLEO-F429ZI.elf.dir/salt/state-machines/connector-manager/conmgr.c.obj
 .text.unregExit
                0x080058c0       0x14 CMakeFiles/NUCLEO-F429ZI.elf.dir/salt/state-machines/connector-manager/conmgr.c.obj
 .text.failureExit
                0x080058d4       0x12 CMakeFiles/NUCLEO-F429ZI.elf.dir/salt/state-machines/connector-manager/conmgr.c.obj
 .text.waitNetClockSyncExit
                0x080058e6        0xa CMakeFiles/NUCLEO-F429ZI.elf.dir/salt/state-machines/connector-manager/conmgr.c.obj
 .text.connectingExit
                0x080058f0        0xa CMakeFiles/NUCLEO-F429ZI.elf.dir/salt/state-machines/connector-manager/conmgr.c.obj
 .text.idleExit
                0x080058fa        0xa CMakeFiles/NUCLEO-F429ZI.elf.dir/salt/state-machines/connector-manager/conmgr.c.obj
 .text.wReopenExit
                0x08005904        0xa CMakeFiles/NUCLEO-F429ZI.elf.dir/salt/state-machines/connector-manager/conmgr.c.obj
 .text.waitRetryConnExit
                0x0800590e       0x12 CMakeFiles/NUCLEO-F429ZI.elf.dir/salt/state-machines/connector-manager/conmgr.c.obj
 .text.unregEntry
                0x08005920       0x48 CMakeFiles/NUCLEO-F429ZI.elf.dir/salt/state-machines/connector-manager/conmgr.c.obj
 .text.checkRegStatus
                0x08005968        0x8 CMakeFiles/NUCLEO-F429ZI.elf.dir/salt/state-machines/connector-manager/conmgr.c.obj
 .text.localTimeGet
                0x08005970        0x8 CMakeFiles/NUCLEO-F429ZI.elf.dir/salt/state-machines/connector-manager/conmgr.c.obj
 .text.rtimeSync
                0x08005978        0xa CMakeFiles/NUCLEO-F429ZI.elf.dir/salt/state-machines/connector-manager/conmgr.c.obj
 .text.getOper  0x08005982        0x8 CMakeFiles/NUCLEO-F429ZI.elf.dir/salt/state-machines/connector-manager/conmgr.c.obj
 *fill*         0x0800598a        0x2 
 .text.getAPNbyOper
                0x0800598c       0x28 CMakeFiles/NUCLEO-F429ZI.elf.dir/salt/state-machines/connector-manager/conmgr.c.obj
 .text.setupAPN
                0x080059b4       0x14 CMakeFiles/NUCLEO-F429ZI.elf.dir/salt/state-machines/connector-manager/conmgr.c.obj
 .text.startGPRS
                0x080059c8        0x8 CMakeFiles/NUCLEO-F429ZI.elf.dir/salt/state-machines/connector-manager/conmgr.c.obj
 .text.getConnStatus
                0x080059d0        0x8 CMakeFiles/NUCLEO-F429ZI.elf.dir/salt/state-machines/connector-manager/conmgr.c.obj
 .text.requestIp
                0x080059d8        0x8 CMakeFiles/NUCLEO-F429ZI.elf.dir/salt/state-machines/connector-manager/conmgr.c.obj
 .text.socketOpen
                0x080059e0       0x1c CMakeFiles/NUCLEO-F429ZI.elf.dir/salt/state-machines/connector-manager/conmgr.c.obj
 .text.socketClose
                0x080059fc        0x8 CMakeFiles/NUCLEO-F429ZI.elf.dir/salt/state-machines/connector-manager/conmgr.c.obj
 .text.socketDisconnected
                0x08005a04       0x24 CMakeFiles/NUCLEO-F429ZI.elf.dir/salt/state-machines/connector-manager/conmgr.c.obj
 .text.socketConnected
                0x08005a28       0x2c CMakeFiles/NUCLEO-F429ZI.elf.dir/salt/state-machines/connector-manager/conmgr.c.obj
 .text.readData
                0x08005a54       0x18 CMakeFiles/NUCLEO-F429ZI.elf.dir/salt/state-machines/connector-manager/conmgr.c.obj
 .text.sendRequest
                0x08005a6c        0xe CMakeFiles/NUCLEO-F429ZI.elf.dir/salt/state-machines/connector-manager/conmgr.c.obj
 *fill*         0x08005a7a        0x2 
 .text.getStatusExit
                0x08005a7c       0x10 CMakeFiles/NUCLEO-F429ZI.elf.dir/salt/state-machines/connector-manager/conmgr.c.obj
 .text.defer    0x08005a8c       0x20 CMakeFiles/NUCLEO-F429ZI.elf.dir/salt/state-machines/connector-manager/conmgr.c.obj
 .text.flushData
                0x08005aac       0x10 CMakeFiles/NUCLEO-F429ZI.elf.dir/salt/state-machines/connector-manager/conmgr.c.obj
 .text.ConMgr_ReceiveDataGetRef
                0x08005abc        0x8 CMakeFiles/NUCLEO-F429ZI.elf.dir/salt/state-machines/connector-manager/conmgr.c.obj
                0x08005abc                ConMgr_ReceiveDataGetRef
 .text.ConMgr_imei
                0x08005ac4        0x8 CMakeFiles/NUCLEO-F429ZI.elf.dir/salt/state-machines/connector-manager/conmgr.c.obj
                0x08005ac4                ConMgr_imei
 .text.effect_enable
                0x08005acc        0x2 CMakeFiles/NUCLEO-F429ZI.elf.dir/salt/state-machines/logic/logic.c.obj
 .text.effect_disable
                0x08005ace        0x2 CMakeFiles/NUCLEO-F429ZI.elf.dir/salt/state-machines/logic/logic.c.obj
 .text.effect_cmdTOut
                0x08005ad0        0x8 CMakeFiles/NUCLEO-F429ZI.elf.dir/salt/state-machines/logic/logic.c.obj
 .text.entry_missing
                0x08005ad8       0x20 CMakeFiles/NUCLEO-F429ZI.elf.dir/salt/state-machines/logic/logic.c.obj
 .text.exit_disable
                0x08005af8        0x2 CMakeFiles/NUCLEO-F429ZI.elf.dir/salt/state-machines/logic/logic.c.obj
 .text.exit_controlAutomatic
                0x08005afa        0x2 CMakeFiles/NUCLEO-F429ZI.elf.dir/salt/state-machines/logic/logic.c.obj
 .text.exit_controlBlink
                0x08005afc        0x2 CMakeFiles/NUCLEO-F429ZI.elf.dir/salt/state-machines/logic/logic.c.obj
 .text.exit_controlAutomaticEnable
                0x08005afe        0x2 CMakeFiles/NUCLEO-F429ZI.elf.dir/salt/state-machines/logic/logic.c.obj
 .text.exit_controlBlinkEnable
                0x08005b00        0x2 CMakeFiles/NUCLEO-F429ZI.elf.dir/salt/state-machines/logic/logic.c.obj
 .text.exit_controlBlinkDisable
                0x08005b02        0x2 CMakeFiles/NUCLEO-F429ZI.elf.dir/salt/state-machines/logic/logic.c.obj
 .text.exit_controlBlinkBrake
                0x08005b04        0x2 CMakeFiles/NUCLEO-F429ZI.elf.dir/salt/state-machines/logic/logic.c.obj
 .text.exit_hasler
                0x08005b06        0x2 CMakeFiles/NUCLEO-F429ZI.elf.dir/salt/state-machines/logic/logic.c.obj
 .text.exit_external
                0x08005b08        0x2 CMakeFiles/NUCLEO-F429ZI.elf.dir/salt/state-machines/logic/logic.c.obj
 .text.exit_gps
                0x08005b0a        0x2 CMakeFiles/NUCLEO-F429ZI.elf.dir/salt/state-machines/logic/logic.c.obj
 .text.exit_missing
                0x08005b0c        0x2 CMakeFiles/NUCLEO-F429ZI.elf.dir/salt/state-machines/logic/logic.c.obj
 .text.guard_cmdEnable
                0x08005b0e       0x10 CMakeFiles/NUCLEO-F429ZI.elf.dir/salt/state-machines/logic/logic.c.obj
                0x08005b0e                guard_cmdEnable
 .text.guard_cmdAutomatic
                0x08005b1e        0xe CMakeFiles/NUCLEO-F429ZI.elf.dir/salt/state-machines/logic/logic.c.obj
                0x08005b1e                guard_cmdAutomatic
 .text.guard_cmdAutomaticNot
                0x08005b2c       0x16 CMakeFiles/NUCLEO-F429ZI.elf.dir/salt/state-machines/logic/logic.c.obj
                0x08005b2c                guard_cmdAutomaticNot
 .text.guard_currentCmdStop
                0x08005b42        0xc CMakeFiles/NUCLEO-F429ZI.elf.dir/salt/state-machines/logic/logic.c.obj
                0x08005b42                guard_currentCmdStop
 .text.guard_currentCmdDrift
                0x08005b4e        0xe CMakeFiles/NUCLEO-F429ZI.elf.dir/salt/state-machines/logic/logic.c.obj
                0x08005b4e                guard_currentCmdDrift
 .text.guard_currentCmdIsolated
                0x08005b5c        0xe CMakeFiles/NUCLEO-F429ZI.elf.dir/salt/state-machines/logic/logic.c.obj
                0x08005b5c                guard_currentCmdIsolated
 .text.guard_cmdStopNot
                0x08005b6a       0x14 CMakeFiles/NUCLEO-F429ZI.elf.dir/salt/state-machines/logic/logic.c.obj
                0x08005b6a                guard_cmdStopNot
 .text.guard_cmdDriftNot
                0x08005b7e       0x16 CMakeFiles/NUCLEO-F429ZI.elf.dir/salt/state-machines/logic/logic.c.obj
                0x08005b7e                guard_cmdDriftNot
 .text.guard_cmdIsolatedNot
                0x08005b94       0x16 CMakeFiles/NUCLEO-F429ZI.elf.dir/salt/state-machines/logic/logic.c.obj
                0x08005b94                guard_cmdIsolatedNot
 .text.guard_VelAboveCTon
                0x08005baa       0x1c CMakeFiles/NUCLEO-F429ZI.elf.dir/salt/state-machines/logic/logic.c.obj
                0x08005baa                guard_VelAboveCTon
 .text.guard_currentVelAboveCTon
                0x08005bc6        0xc CMakeFiles/NUCLEO-F429ZI.elf.dir/salt/state-machines/logic/logic.c.obj
                0x08005bc6                guard_currentVelAboveCTon
 .text.guard_VelBelowCToff
                0x08005bd2       0x1c CMakeFiles/NUCLEO-F429ZI.elf.dir/salt/state-machines/logic/logic.c.obj
                0x08005bd2                guard_VelBelowCToff
 .text.guard_VelAboveFEon
                0x08005bee       0x1c CMakeFiles/NUCLEO-F429ZI.elf.dir/salt/state-machines/logic/logic.c.obj
                0x08005bee                guard_VelAboveFEon
 .text.guard_currentVelAboveFEon
                0x08005c0a        0xc CMakeFiles/NUCLEO-F429ZI.elf.dir/salt/state-machines/logic/logic.c.obj
                0x08005c0a                guard_currentVelAboveFEon
 .text.guard_nextBlinkBrake
                0x08005c16       0x22 CMakeFiles/NUCLEO-F429ZI.elf.dir/salt/state-machines/logic/logic.c.obj
                0x08005c16                guard_nextBlinkBrake
 .text.guard_velRightVel
                0x08005c38       0x1c CMakeFiles/NUCLEO-F429ZI.elf.dir/salt/state-machines/logic/logic.c.obj
                0x08005c38                guard_velRightVel
 .text.guard_velRight
                0x08005c54        0xa CMakeFiles/NUCLEO-F429ZI.elf.dir/salt/state-machines/logic/logic.c.obj
                0x08005c54                guard_velRight
 .text.guard_velDisp
                0x08005c5e        0xc CMakeFiles/NUCLEO-F429ZI.elf.dir/salt/state-machines/logic/logic.c.obj
                0x08005c5e                guard_velDisp
 .text.guard_velWrongVel
                0x08005c6a        0xe CMakeFiles/NUCLEO-F429ZI.elf.dir/salt/state-machines/logic/logic.c.obj
                0x08005c6a                guard_velWrongVel
 .text.guard_velWrong
                0x08005c78        0xa CMakeFiles/NUCLEO-F429ZI.elf.dir/salt/state-machines/logic/logic.c.obj
                0x08005c78                guard_velWrong
 .text.effect_gpsTout
                0x08005c82       0x10 CMakeFiles/NUCLEO-F429ZI.elf.dir/salt/state-machines/logic/logic.c.obj
 .text.configAlCtFe
                0x08005c92       0x62 CMakeFiles/NUCLEO-F429ZI.elf.dir/salt/state-machines/logic/logic.c.obj
 .text.exit_preventiveStop
                0x08005cf4        0xe CMakeFiles/NUCLEO-F429ZI.elf.dir/salt/state-machines/logic/logic.c.obj
 .text.exit_remoteStop
                0x08005d02        0xe CMakeFiles/NUCLEO-F429ZI.elf.dir/salt/state-machines/logic/logic.c.obj
 .text.entry_remoteStop
                0x08005d10        0xe CMakeFiles/NUCLEO-F429ZI.elf.dir/salt/state-machines/logic/logic.c.obj
 .text.exit_remoteDrift
                0x08005d1e        0xe CMakeFiles/NUCLEO-F429ZI.elf.dir/salt/state-machines/logic/logic.c.obj
 .text.entry_remoteDrift
                0x08005d2c        0xe CMakeFiles/NUCLEO-F429ZI.elf.dir/salt/state-machines/logic/logic.c.obj
 .text.exit_remoteIsolated
                0x08005d3a        0xe CMakeFiles/NUCLEO-F429ZI.elf.dir/salt/state-machines/logic/logic.c.obj
 .text.entry_remoteIsolated
                0x08005d48        0xe CMakeFiles/NUCLEO-F429ZI.elf.dir/salt/state-machines/logic/logic.c.obj
 .text.entry_controlAutomaticEnable
                0x08005d56        0xe CMakeFiles/NUCLEO-F429ZI.elf.dir/salt/state-machines/logic/logic.c.obj
 .text.setVelDisplay
                0x08005d64       0xc4 CMakeFiles/NUCLEO-F429ZI.elf.dir/salt/state-machines/logic/logic.c.obj
 .text.entry_disable
                0x08005e28       0x32 CMakeFiles/NUCLEO-F429ZI.elf.dir/salt/state-machines/logic/logic.c.obj
 .text.entry_enable
                0x08005e5a       0x2c CMakeFiles/NUCLEO-F429ZI.elf.dir/salt/state-machines/logic/logic.c.obj
 .text.effect_vel
                0x08005e86        0xa CMakeFiles/NUCLEO-F429ZI.elf.dir/salt/state-machines/logic/logic.c.obj
 .text.entry_controlAutomatic
                0x08005e90        0xe CMakeFiles/NUCLEO-F429ZI.elf.dir/salt/state-machines/logic/logic.c.obj
 .text.entry_controlBlink
                0x08005e9e       0x14 CMakeFiles/NUCLEO-F429ZI.elf.dir/salt/state-machines/logic/logic.c.obj
 .text.exit_enable
                0x08005eb2       0x14 CMakeFiles/NUCLEO-F429ZI.elf.dir/salt/state-machines/logic/logic.c.obj
 *fill*         0x08005ec6        0x2 
 .text.effect_cmd
                0x08005ec8       0xd0 CMakeFiles/NUCLEO-F429ZI.elf.dir/salt/state-machines/logic/logic.c.obj
 .text.effect_gps
                0x08005f98       0x3e CMakeFiles/NUCLEO-F429ZI.elf.dir/salt/state-machines/logic/logic.c.obj
 .text.entry_preventiveStop
                0x08005fd6       0x28 CMakeFiles/NUCLEO-F429ZI.elf.dir/salt/state-machines/logic/logic.c.obj
 *fill*         0x08005ffe        0x2 
 .text.entry_controlBlinkEnable
                0x08006000       0x3c CMakeFiles/NUCLEO-F429ZI.elf.dir/salt/state-machines/logic/logic.c.obj
 .text.entry_controlBlinkDisable
                0x0800603c       0x3c CMakeFiles/NUCLEO-F429ZI.elf.dir/salt/state-machines/logic/logic.c.obj
 .text.entry_controlBlinkBrake
                0x08006078       0x3c CMakeFiles/NUCLEO-F429ZI.elf.dir/salt/state-machines/logic/logic.c.obj
 .text.entry_hasler
                0x080060b4       0x1e CMakeFiles/NUCLEO-F429ZI.elf.dir/salt/state-machines/logic/logic.c.obj
 *fill*         0x080060d2        0x2 
 .text.effect_velHasler
                0x080060d4       0x40 CMakeFiles/NUCLEO-F429ZI.elf.dir/salt/state-machines/logic/logic.c.obj
 .text.entry_external
                0x08006114       0x1e CMakeFiles/NUCLEO-F429ZI.elf.dir/salt/state-machines/logic/logic.c.obj
 *fill*         0x08006132        0x2 
 .text.effect_velExternal
                0x08006134       0x40 CMakeFiles/NUCLEO-F429ZI.elf.dir/salt/state-machines/logic/logic.c.obj
 .text.entry_gps
                0x08006174       0x1e CMakeFiles/NUCLEO-F429ZI.elf.dir/salt/state-machines/logic/logic.c.obj
 *fill*         0x08006192        0x2 
 .text.effect_velGps
                0x08006194       0x40 CMakeFiles/NUCLEO-F429ZI.elf.dir/salt/state-machines/logic/logic.c.obj
 .text.exit_remote
                0x080061d4       0x1a CMakeFiles/NUCLEO-F429ZI.elf.dir/salt/state-machines/logic/logic.c.obj
 .text.entry_remote
                0x080061ee       0x1a CMakeFiles/NUCLEO-F429ZI.elf.dir/salt/state-machines/logic/logic.c.obj
 .text.exit_controlAutomaticDisable
                0x08006208        0xa CMakeFiles/NUCLEO-F429ZI.elf.dir/salt/state-machines/logic/logic.c.obj
 .text.entry_controlAutomaticDisable
                0x08006212       0x14 CMakeFiles/NUCLEO-F429ZI.elf.dir/salt/state-machines/logic/logic.c.obj
 .text.exit_controlAutomaticBrake
                0x08006226        0xa CMakeFiles/NUCLEO-F429ZI.elf.dir/salt/state-machines/logic/logic.c.obj
 .text.entry_controlAutomaticBrake
                0x08006230       0x40 CMakeFiles/NUCLEO-F429ZI.elf.dir/salt/state-machines/logic/logic.c.obj
 .text.init     0x08006270      0x2fc CMakeFiles/NUCLEO-F429ZI.elf.dir/salt/state-machines/logic/logic.c.obj
 .text.dispatch
                0x0800656c       0x16 CMakeFiles/NUCLEO-F429ZI.elf.dir/salt/state-machines/logic/logic.c.obj
 *fill*         0x08006582        0x2 
 .text.logic_ctor
                0x08006584       0x48 CMakeFiles/NUCLEO-F429ZI.elf.dir/salt/state-machines/logic/logic.c.obj
                0x08006584                logic_ctor
 .text.logic_getData
                0x080065cc       0x78 CMakeFiles/NUCLEO-F429ZI.elf.dir/salt/state-machines/logic/logic.c.obj
                0x080065cc                logic_getData
 .text.logic_getPublishPeriod
                0x08006644        0xc CMakeFiles/NUCLEO-F429ZI.elf.dir/salt/state-machines/logic/logic.c.obj
                0x08006644                logic_getPublishPeriod
 .text.sim808AChannelOpen
                0x08006650        0x2 CMakeFiles/NUCLEO-F429ZI.elf.dir/salt/state-machines/module-manager/modmgr.c.obj
 .text.sim808AChannelClose
                0x08006652        0x2 CMakeFiles/NUCLEO-F429ZI.elf.dir/salt/state-machines/module-manager/modmgr.c.obj
 .text.isInterCmdTime
                0x08006654        0xe CMakeFiles/NUCLEO-F429ZI.elf.dir/salt/state-machines/module-manager/modmgr.c.obj
                0x08006654                isInterCmdTime
 .text.isDataCmd
                0x08006662        0xc CMakeFiles/NUCLEO-F429ZI.elf.dir/salt/state-machines/module-manager/modmgr.c.obj
                0x08006662                isDataCmd
 *fill*         0x0800666e        0x2 
 .text.forwardModMgrEvt
                0x08006670       0x80 CMakeFiles/NUCLEO-F429ZI.elf.dir/salt/state-machines/module-manager/modmgr.c.obj
 .text.notifyURC
                0x080066f0       0x10 CMakeFiles/NUCLEO-F429ZI.elf.dir/salt/state-machines/module-manager/modmgr.c.obj
 .text.initialization
                0x08006700      0x298 CMakeFiles/NUCLEO-F429ZI.elf.dir/salt/state-machines/module-manager/modmgr.c.obj
 .text.sim808APuts
                0x08006998        0xc CMakeFiles/NUCLEO-F429ZI.elf.dir/salt/state-machines/module-manager/modmgr.c.obj
 .text.sim808APutnchar
                0x080069a4        0xe CMakeFiles/NUCLEO-F429ZI.elf.dir/salt/state-machines/module-manager/modmgr.c.obj
 *fill*         0x080069b2        0x2 
 .text.defer    0x080069b4       0x10 CMakeFiles/NUCLEO-F429ZI.elf.dir/salt/state-machines/module-manager/modmgr.c.obj
 .text.sendCmd  0x080069c4       0x70 CMakeFiles/NUCLEO-F429ZI.elf.dir/salt/state-machines/module-manager/modmgr.c.obj
 .text.sendData
                0x08006a34       0x74 CMakeFiles/NUCLEO-F429ZI.elf.dir/salt/state-machines/module-manager/modmgr.c.obj
 .text.setupResponse
                0x08006aa8       0x20 CMakeFiles/NUCLEO-F429ZI.elf.dir/salt/state-machines/module-manager/modmgr.c.obj
 .text.startDelay
                0x08006ac8       0x20 CMakeFiles/NUCLEO-F429ZI.elf.dir/salt/state-machines/module-manager/modmgr.c.obj
 .text.noResponse
                0x08006ae8       0x28 CMakeFiles/NUCLEO-F429ZI.elf.dir/salt/state-machines/module-manager/modmgr.c.obj
 .text.sendResponse
                0x08006b10       0x12 CMakeFiles/NUCLEO-F429ZI.elf.dir/salt/state-machines/module-manager/modmgr.c.obj
 *fill*         0x08006b22        0x2 
 .text.moreCmd  0x08006b24       0x1c CMakeFiles/NUCLEO-F429ZI.elf.dir/salt/state-machines/module-manager/modmgr.c.obj
 .text.connack_response_callback
                0x08006b40       0x24 CMakeFiles/NUCLEO-F429ZI.elf.dir/salt/state-machines/mqtt-protocol/mqttProt.c.obj
 .text.initSendOk
                0x08006b64        0x2 CMakeFiles/NUCLEO-F429ZI.elf.dir/salt/state-machines/mqtt-protocol/mqttProt.c.obj
 *fill*         0x08006b66        0x2 
 .text.activateSync
                0x08006b68       0x14 CMakeFiles/NUCLEO-F429ZI.elf.dir/salt/state-machines/mqtt-protocol/mqttProt.c.obj
 .text.releaseUse
                0x08006b7c       0x14 CMakeFiles/NUCLEO-F429ZI.elf.dir/salt/state-machines/mqtt-protocol/mqttProt.c.obj
 .text.deactivateSync
                0x08006b90       0x14 CMakeFiles/NUCLEO-F429ZI.elf.dir/salt/state-machines/mqtt-protocol/mqttProt.c.obj
 .text.reconnect
                0x08006ba4       0x1c CMakeFiles/NUCLEO-F429ZI.elf.dir/salt/state-machines/mqtt-protocol/mqttProt.c.obj
 .text.reconnectSync
                0x08006bc0       0x14 CMakeFiles/NUCLEO-F429ZI.elf.dir/salt/state-machines/mqtt-protocol/mqttProt.c.obj
 .text.recvAll  0x08006bd4       0x1c CMakeFiles/NUCLEO-F429ZI.elf.dir/salt/state-machines/mqtt-protocol/mqttProt.c.obj
 .text.isConnectOk
                0x08006bf0       0x10 CMakeFiles/NUCLEO-F429ZI.elf.dir/salt/state-machines/mqtt-protocol/mqttProt.c.obj
 .text.isNotResend
                0x08006c00       0x10 CMakeFiles/NUCLEO-F429ZI.elf.dir/salt/state-machines/mqtt-protocol/mqttProt.c.obj
 .text.isLocked
                0x08006c10       0x30 CMakeFiles/NUCLEO-F429ZI.elf.dir/salt/state-machines/mqtt-protocol/mqttProt.c.obj
 .text.exWaitSync
                0x08006c40        0xa CMakeFiles/NUCLEO-F429ZI.elf.dir/salt/state-machines/mqtt-protocol/mqttProt.c.obj
 .text.exWaitToPublish
                0x08006c4a        0xa CMakeFiles/NUCLEO-F429ZI.elf.dir/salt/state-machines/mqtt-protocol/mqttProt.c.obj
 .text.enWaitSync
                0x08006c54       0x3c CMakeFiles/NUCLEO-F429ZI.elf.dir/salt/state-machines/mqtt-protocol/mqttProt.c.obj
 .text.enWaitToPublish
                0x08006c90       0x3c CMakeFiles/NUCLEO-F429ZI.elf.dir/salt/state-machines/mqtt-protocol/mqttProt.c.obj
 .text.initRecvAll
                0x08006ccc        0x8 CMakeFiles/NUCLEO-F429ZI.elf.dir/salt/state-machines/mqtt-protocol/mqttProt.c.obj
 .text.isReconnect
                0x08006cd4        0xc CMakeFiles/NUCLEO-F429ZI.elf.dir/salt/state-machines/mqtt-protocol/mqttProt.c.obj
 .text.recvFail
                0x08006ce0       0x1c CMakeFiles/NUCLEO-F429ZI.elf.dir/salt/state-machines/mqtt-protocol/mqttProt.c.obj
 .text.sendAll  0x08006cfc       0x34 CMakeFiles/NUCLEO-F429ZI.elf.dir/salt/state-machines/mqtt-protocol/mqttProt.c.obj
 .text.parseRecv
                0x08006d30       0x2c CMakeFiles/NUCLEO-F429ZI.elf.dir/salt/state-machines/mqtt-protocol/mqttProt.c.obj
 .text.brokerConnect
                0x08006d5c       0x68 CMakeFiles/NUCLEO-F429ZI.elf.dir/salt/state-machines/mqtt-protocol/mqttProt.c.obj
 .text.publish  0x08006dc4       0x8c CMakeFiles/NUCLEO-F429ZI.elf.dir/salt/state-machines/mqtt-protocol/mqttProt.c.obj
 .text.noConsumed
                0x08006e50       0x14 CMakeFiles/NUCLEO-F429ZI.elf.dir/salt/state-machines/mqtt-protocol/mqttProt.c.obj
 .text.parseError
                0x08006e64       0x14 CMakeFiles/NUCLEO-F429ZI.elf.dir/salt/state-machines/mqtt-protocol/mqttProt.c.obj
 .text.isUnpackError
                0x08006e78       0x10 CMakeFiles/NUCLEO-F429ZI.elf.dir/salt/state-machines/mqtt-protocol/mqttProt.c.obj
 .text.handleRecvMsg
                0x08006e88       0x14 CMakeFiles/NUCLEO-F429ZI.elf.dir/salt/state-machines/mqtt-protocol/mqttProt.c.obj
 .text.isConsumed
                0x08006e9c       0x10 CMakeFiles/NUCLEO-F429ZI.elf.dir/salt/state-machines/mqtt-protocol/mqttProt.c.obj
 .text.recvMsgError
                0x08006eac       0x14 CMakeFiles/NUCLEO-F429ZI.elf.dir/salt/state-machines/mqtt-protocol/mqttProt.c.obj
 .text.cleanBuf
                0x08006ec0       0x14 CMakeFiles/NUCLEO-F429ZI.elf.dir/salt/state-machines/mqtt-protocol/mqttProt.c.obj
 .text.isNotError
                0x08006ed4       0x10 CMakeFiles/NUCLEO-F429ZI.elf.dir/salt/state-machines/mqtt-protocol/mqttProt.c.obj
 .text.initSendAll
                0x08006ee4       0x14 CMakeFiles/NUCLEO-F429ZI.elf.dir/salt/state-machines/mqtt-protocol/mqttProt.c.obj
 .text.isRecvBufFull
                0x08006ef8       0x10 CMakeFiles/NUCLEO-F429ZI.elf.dir/salt/state-machines/mqtt-protocol/mqttProt.c.obj
 .text.isInitOk
                0x08006f08       0x10 CMakeFiles/NUCLEO-F429ZI.elf.dir/salt/state-machines/mqtt-protocol/mqttProt.c.obj
 .text.endSendAll
                0x08006f18        0xc CMakeFiles/NUCLEO-F429ZI.elf.dir/salt/state-machines/mqtt-protocol/mqttProt.c.obj
 .text.sendOneMsg
                0x08006f24       0x14 CMakeFiles/NUCLEO-F429ZI.elf.dir/salt/state-machines/mqtt-protocol/mqttProt.c.obj
 .text.isThereMsg
                0x08006f38       0x10 CMakeFiles/NUCLEO-F429ZI.elf.dir/salt/state-machines/mqtt-protocol/mqttProt.c.obj
 .text.nextSend
                0x08006f48       0x10 CMakeFiles/NUCLEO-F429ZI.elf.dir/salt/state-machines/mqtt-protocol/mqttProt.c.obj
 .text.setMsgState
                0x08006f58       0x14 CMakeFiles/NUCLEO-F429ZI.elf.dir/salt/state-machines/mqtt-protocol/mqttProt.c.obj
 .text.sendMsgFail
                0x08006f6c       0x1c CMakeFiles/NUCLEO-F429ZI.elf.dir/salt/state-machines/mqtt-protocol/mqttProt.c.obj
 .text.isSetMsgStateOk
                0x08006f88       0x10 CMakeFiles/NUCLEO-F429ZI.elf.dir/salt/state-machines/mqtt-protocol/mqttProt.c.obj
 .text.init     0x08006f98      0x1d4 CMakeFiles/NUCLEO-F429ZI.elf.dir/salt/state-machines/mqtt-protocol/mqttProt.c.obj
 .text.pubDft   0x0800716c       0x54 CMakeFiles/NUCLEO-F429ZI.elf.dir/salt/state-machines/mqtt-protocol/mqttProt.c.obj
 .text.dispatch
                0x080071c0       0x16 CMakeFiles/NUCLEO-F429ZI.elf.dir/salt/state-machines/mqtt-protocol/mqttProt.c.obj
 *fill*         0x080071d6        0x2 
 .text.configMqttClient
                0x080071d8       0x38 CMakeFiles/NUCLEO-F429ZI.elf.dir/salt/state-machines/mqtt-protocol/mqttProt.c.obj
 .text.MQTTProt_ctor
                0x08007210       0x64 CMakeFiles/NUCLEO-F429ZI.elf.dir/salt/state-machines/mqtt-protocol/mqttProt.c.obj
                0x08007210                MQTTProt_ctor
 .text.GregorianDay
                0x08007274       0x88 CMakeFiles/NUCLEO-F429ZI.elf.dir/salt/utilities/date/date.c.obj
 .text.mk_date  0x080072fc       0xc0 CMakeFiles/NUCLEO-F429ZI.elf.dir/salt/utilities/date/date.c.obj
                0x080072fc                mk_date
 .text.str_time
                0x080073bc       0x2c CMakeFiles/NUCLEO-F429ZI.elf.dir/salt/utilities/date/date.c.obj
                0x080073bc                str_time
 .text.epoch_get
                0x080073e8        0xc CMakeFiles/NUCLEO-F429ZI.elf.dir/salt/utilities/epoch/epoch.c.obj
                0x080073e8                epoch_get
 .text.jsmn_alloc_token
                0x080073f4       0x26 CMakeFiles/NUCLEO-F429ZI.elf.dir/salt/utilities/parser/salt-command/saltCmd.c.obj
 .text.jsmn_fill_token
                0x0800741a        0xc CMakeFiles/NUCLEO-F429ZI.elf.dir/salt/utilities/parser/salt-command/saltCmd.c.obj
 *fill*         0x08007426        0x2 
 .text.jsmn_parse_primitive
                0x08007428       0xa0 CMakeFiles/NUCLEO-F429ZI.elf.dir/salt/utilities/parser/salt-command/saltCmd.c.obj
 .text.jsmn_parse_string
                0x080074c8       0xec CMakeFiles/NUCLEO-F429ZI.elf.dir/salt/utilities/parser/salt-command/saltCmd.c.obj
 .text.jsmn_parse
                0x080075b4      0x20c CMakeFiles/NUCLEO-F429ZI.elf.dir/salt/utilities/parser/salt-command/saltCmd.c.obj
                0x080075b4                jsmn_parse
 .text.jsmn_init
                0x080077c0        0xe CMakeFiles/NUCLEO-F429ZI.elf.dir/salt/utilities/parser/salt-command/saltCmd.c.obj
                0x080077c0                jsmn_init
 *fill*         0x080077ce        0x2 
 .text.saltCmdParse
                0x080077d0      0x384 CMakeFiles/NUCLEO-F429ZI.elf.dir/salt/utilities/parser/salt-command/saltCmd.c.obj
                0x080077d0                saltCmdParse
 .text.isURC_set
                0x08007b54        0xc CMakeFiles/NUCLEO-F429ZI.elf.dir/salt/utilities/parser/sim900/sim900parser.c.obj
 .text.data_collect
                0x08007b60       0x24 CMakeFiles/NUCLEO-F429ZI.elf.dir/salt/utilities/parser/sim900/sim900parser.c.obj
 .text.lTimeInit
                0x08007b84       0x24 CMakeFiles/NUCLEO-F429ZI.elf.dir/salt/utilities/parser/sim900/sim900parser.c.obj
 .text.yearCollect
                0x08007ba8       0x1c CMakeFiles/NUCLEO-F429ZI.elf.dir/salt/utilities/parser/sim900/sim900parser.c.obj
 .text.imeiInit
                0x08007bc4       0x10 CMakeFiles/NUCLEO-F429ZI.elf.dir/salt/utilities/parser/sim900/sim900parser.c.obj
 .text.imeiCollect
                0x08007bd4       0x1c CMakeFiles/NUCLEO-F429ZI.elf.dir/salt/utilities/parser/sim900/sim900parser.c.obj
 .text.copsInit
                0x08007bf0       0x10 CMakeFiles/NUCLEO-F429ZI.elf.dir/salt/utilities/parser/sim900/sim900parser.c.obj
 .text.copsCollect