Archive member included to satisfy reference by file (symbol)

/usr/lib/gcc/arm-none-eabi/10.3.1/thumb/v7e-m/nofp/libgcc.a(_arm_muldf3.o)
                              CMakeFiles/NUCLEO-F429ZI.elf.dir/mqttc-v116-sync/mqttc_v116_sync.c.obj (__aeabi_dmul)
/usr/lib/gcc/arm-none-eabi/10.3.1/thumb/v7e-m/nofp/libgcc.a(_arm_mulsf3.o)
                              CMakeFiles/NUCLEO-F429ZI.elf.dir/salt/peripherals/pulse-counter/pulseCounter.c.obj (__aeabi_fmul)
/usr/lib/gcc/arm-none-eabi/10.3.1/thumb/v7e-m/nofp/libgcc.a(_arm_addsubdf3.o)
                              CMakeFiles/NUCLEO-F429ZI.elf.dir/third-party/jWrite/jWrite/jWrite.c.obj (__aeabi_dsub)
/usr/lib/gcc/arm-none-eabi/10.3.1/thumb/v7e-m/nofp/libgcc.a(_arm_muldivdf3.o)
                              CMakeFiles/NUCLEO-F429ZI.elf.dir/salt/state-machines/logic/logic.c.obj (__aeabi_ddiv)
/usr/lib/gcc/arm-none-eabi/10.3.1/thumb/v7e-m/nofp/libgcc.a(_arm_cmpdf2.o)
                              CMakeFiles/NUCLEO-F429ZI.elf.dir/third-party/jWrite/jWrite/jWrite.c.obj (__aeabi_dcmpeq)
/usr/lib/gcc/arm-none-eabi/10.3.1/thumb/v7e-m/nofp/libgcc.a(_arm_fixdfsi.o)
                              CMakeFiles/NUCLEO-F429ZI.elf.dir/third-party/jWrite/jWrite/jWrite.c.obj (__aeabi_d2iz)
/usr/lib/gcc/arm-none-eabi/10.3.1/thumb/v7e-m/nofp/libgcc.a(_arm_fixunsdfsi.o)
                              CMakeFiles/NUCLEO-F429ZI.elf.dir/mqttc-v116-sync/mqttc_v116_sync.c.obj (__aeabi_d2uiz)
/usr/lib/gcc/arm-none-eabi/10.3.1/thumb/v7e-m/nofp/libgcc.a(_arm_truncdfsf2.o)
                              CMakeFiles/NUCLEO-F429ZI.elf.dir/mqttc-v116-sync/mqttc_v116_sync.c.obj (__aeabi_d2f)
/usr/lib/gcc/arm-none-eabi/10.3.1/thumb/v7e-m/nofp/libgcc.a(_arm_addsubsf3.o)
                              CMakeFiles/NUCLEO-F429ZI.elf.dir/third-party/MQTT-C/source/mqttc.c.obj (__aeabi_fadd)
/usr/lib/gcc/arm-none-eabi/10.3.1/thumb/v7e-m/nofp/libgcc.a(_arm_cmpsf2.o)
                              CMakeFiles/NUCLEO-F429ZI.elf.dir/salt/state-machines/logic/logic.c.obj (__aeabi_fcmplt)
/usr/lib/gcc/arm-none-eabi/10.3.1/thumb/v7e-m/nofp/libgcc.a(_aeabi_uldivmod.o)
                              CMakeFiles/NUCLEO-F429ZI.elf.dir/Drivers/STM32F4xx_HAL_Driver/Src/stm32f4xx_hal_rcc.c.obj (__aeabi_uldivmod)
/usr/lib/gcc/arm-none-eabi/10.3.1/thumb/v7e-m/nofp/libgcc.a(_udivmoddi4.o)
                              /usr/lib/gcc/arm-none-eabi/10.3.1/thumb/v7e-m/nofp/libgcc.a(_aeabi_uldivmod.o) (__udivmoddi4)
/usr/lib/gcc/arm-none-eabi/10.3.1/thumb/v7e-m/nofp/libgcc.a(_dvmd_tls.o)
                              /usr/lib/gcc/arm-none-eabi/10.3.1/thumb/v7e-m/nofp/libgcc.a(_aeabi_uldivmod.o) (__aeabi_ldiv0)
/usr/lib/gcc/arm-none-eabi/10.3.1/../../../arm-none-eabi/lib/thumb/v7e-m/nofp/libg.a(lib_a-atexit.o)
                              /usr/lib/gcc/arm-none-eabi/10.3.1/../../../arm-none-eabi/lib/thumb/v7e-m/nofp/crt0.o (atexit)
/usr/lib/gcc/arm-none-eabi/10.3.1/../../../arm-none-eabi/lib/thumb/v7e-m/nofp/libg.a(lib_a-atof.o)
                              CMakeFiles/NUCLEO-F429ZI.elf.dir/salt/utilities/parser/sim900/sim900parser.c.obj (atof)
/usr/lib/gcc/arm-none-eabi/10.3.1/../../../arm-none-eabi/lib/thumb/v7e-m/nofp/libg.a(lib_a-atoi.o)
                              CMakeFiles/NUCLEO-F429ZI.elf.dir/Middlewares/Third_Party/LwIP/src/core/netif.c.obj (atoi)
/usr/lib/gcc/arm-none-eabi/10.3.1/../../../arm-none-eabi/lib/thumb/v7e-m/nofp/libg.a(lib_a-ctype_.o)
                              CMakeFiles/NUCLEO-F429ZI.elf.dir/Middlewares/Third_Party/LwIP/src/core/ipv4/ip4_addr.c.obj (_ctype_)
/usr/lib/gcc/arm-none-eabi/10.3.1/../../../arm-none-eabi/lib/thumb/v7e-m/nofp/libg.a(lib_a-exit.o)
                              /usr/lib/gcc/arm-none-eabi/10.3.1/../../../arm-none-eabi/lib/thumb/v7e-m/nofp/crt0.o (exit)
/usr/lib/gcc/arm-none-eabi/10.3.1/../../../arm-none-eabi/lib/thumb/v7e-m/nofp/libg.a(lib_a-fini.o)
                              /usr/lib/gcc/arm-none-eabi/10.3.1/../../../arm-none-eabi/lib/thumb/v7e-m/nofp/crt0.o (__libc_fini_array)
/usr/lib/gcc/arm-none-eabi/10.3.1/../../../arm-none-eabi/lib/thumb/v7e-m/nofp/libg.a(lib_a-impure.o)
                              /usr/lib/gcc/arm-none-eabi/10.3.1/../../../arm-none-eabi/lib/thumb/v7e-m/nofp/libg.a(lib_a-exit.o) (_global_impure_ptr)
/usr/lib/gcc/arm-none-eabi/10.3.1/../../../arm-none-eabi/lib/thumb/v7e-m/nofp/libg.a(lib_a-init.o)
                              /usr/lib/gcc/arm-none-eabi/10.3.1/../../../arm-none-eabi/lib/thumb/v7e-m/nofp/crt0.o (__libc_init_array)
/usr/lib/gcc/arm-none-eabi/10.3.1/../../../arm-none-eabi/lib/thumb/v7e-m/nofp/libg.a(lib_a-memcmp.o)
                              CMakeFiles/NUCLEO-F429ZI.elf.dir/Middlewares/Third_Party/LwIP/src/netif/bridgeif_fdb.c.obj (memcmp)
/usr/lib/gcc/arm-none-eabi/10.3.1/../../../arm-none-eabi/lib/thumb/v7e-m/nofp/libg.a(lib_a-memcpy.o)
                              CMakeFiles/NUCLEO-F429ZI.elf.dir/Core/Src/main.c.obj (memcpy)
/usr/lib/gcc/arm-none-eabi/10.3.1/../../../arm-none-eabi/lib/thumb/v7e-m/nofp/libg.a(lib_a-memmove.o)
[...]
Memory Configuration

Name             Origin             Length             Attributes
CCMRAM           0x0000000010000000 0x0000000000010000 xrw
RAM              0x0000000020000000 0x0000000000030000 xrw
FLASH            0x0000000008000000 0x0000000000200000 xr
*default*        0x0000000000000000 0xffffffffffffffff

Linker script and memory map

LOAD /usr/lib/gcc/arm-none-eabi/10.3.1/thumb/v7e-m/nofp/crti.o
LOAD /usr/lib/gcc/arm-none-eabi/10.3.1/thumb/v7e-m/nofp/crtbegin.o
LOAD /usr/lib/gcc/arm-none-eabi/10.3.1/../../../arm-none-eabi/lib/thumb/v7e-m/nofp/crt0.o
LOAD CMakeFiles/NUCLEO-F429ZI.elf.dir/Core/Src/gpio.c.obj
LOAD CMakeFiles/NUCLEO-F429ZI.elf.dir/Core/Src/main.c.obj
LOAD CMakeFiles/NUCLEO-F429ZI.elf.dir/Core/Src/spi.c.obj
LOAD CMakeFiles/NUCLEO-F429ZI.elf.dir/Core/Src/stm32f4xx_hal_msp.c.obj
LOAD CMakeFiles/NUCLEO-F429ZI.elf.dir/Core/Src/stm32f4xx_it.c.obj
LOAD CMakeFiles/NUCLEO-F429ZI.elf.dir/Core/Src/syscalls.c.obj
LOAD CMakeFiles/NUCLEO-F429ZI.elf.dir/Core/Src/sysmem.c.obj
LOAD CMakeFiles/NUCLEO-F429ZI.elf.dir/Core/Src/system_stm32f4xx.c.obj
LOAD CMakeFiles/NUCLEO-F429ZI.elf.dir/Core/Src/tcp-echo-server.c.obj
LOAD CMakeFiles/NUCLEO-F429ZI.elf.dir/Core/Src/usart.c.obj
LOAD CMakeFiles/NUCLEO-F429ZI.elf.dir/Core/Src/usb_otg.c.obj
LOAD CMakeFiles/NUCLEO-F429ZI.elf.dir/Core/Startup/startup_stm32f429zitx.s.obj
LOAD CMakeFiles/NUCLEO-F429ZI.elf.dir/Drivers/BSP/Components/lan8742/lan8742.c.obj
LOAD CMakeFiles/NUCLEO-F429ZI.elf.dir/Drivers/STM32F4xx_HAL_Driver/Src/stm32f4xx_hal.c.obj
LOAD CMakeFiles/NUCLEO-F429ZI.elf.dir/Drivers/STM32F4xx_HAL_Driver/Src/stm32f4xx_hal_cortex.c.obj
LOAD CMakeFiles/NUCLEO-F429ZI.elf.dir/Drivers/STM32F4xx_HAL_Driver/Src/stm32f4xx_hal_dma.c.obj
LOAD CMakeFiles/NUCLEO-F429ZI.elf.dir/Drivers/STM32F4xx_HAL_Driver/Src/stm32f4xx_hal_dma_ex.c.obj
LOAD CMakeFiles/NUCLEO-F429ZI.elf.dir/Drivers/STM32F4xx_HAL_Driver/Src/stm32f4xx_hal_eth.c.obj
LOAD CMakeFiles/NUCLEO-F429ZI.elf.dir/Drivers/STM32F4xx_HAL_Driver/Src/stm32f4xx_hal_exti.c.obj
LOAD CMakeFiles/NUCLEO-F429ZI.elf.dir/Drivers/STM32F4xx_HAL_Driver/Src/stm32f4xx_hal_flash.c.obj
LOAD CMakeFiles/NUCLEO-F429ZI.elf.dir/Drivers/STM32F4xx_HAL_Driver/Src/stm32f4xx_hal_flash_ex.c.obj
LOAD CMakeFiles/NUCLEO-F429ZI.elf.dir/Drivers/STM32F4xx_HAL_Driver/Src/stm32f4xx_hal_flash_ramfunc.c.obj
LOAD CMakeFiles/NUCLEO-F429ZI.elf.dir/Drivers/STM32F4xx_HAL_Driver/Src/stm32f4xx_hal_gpio.c.obj
LOAD CMakeFiles/NUCLEO-F429ZI.elf.dir/Drivers/STM32F4xx_HAL_Driver/Src/stm32f4xx_hal_pcd.c.obj
LOAD CMakeFiles/NUCLEO-F429ZI.elf.dir/Drivers/STM32F4xx_HAL_Driver/Src/stm32f4xx_hal_pcd_ex.c.obj
LOAD CMakeFiles/NUCLEO-F429ZI.elf.dir/Drivers/STM32F4xx_HAL_Driver/Src/stm32f4xx_hal_pwr.c.obj
LOAD CMakeFiles/NUCLEO-F429ZI.elf.dir/Drivers/STM32F4xx_HAL_Driver/Src/stm32f4xx_hal_pwr_ex.c.obj
LOAD CMakeFiles/NUCLEO-F429ZI.elf.dir/Drivers/STM32F4xx_HAL_Driver/Src/stm32f4xx_hal_rcc.c.obj
LOAD CMakeFiles/NUCLEO-F429ZI.elf.dir/Drivers/STM32F4xx_HAL_Driver/Src/stm32f4xx_hal_rcc_ex.c.obj
LOAD CMakeFiles/NUCLEO-F429ZI.elf.dir/Drivers/STM32F4xx_HAL_Driver/Src/stm32f4xx_hal_spi.c.obj
LOAD CMakeFiles/NUCLEO-F429ZI.elf.dir/Drivers/STM32F4xx_HAL_Driver/Src/stm32f4xx_hal_tim.c.obj
LOAD CMakeFiles/NUCLEO-F429ZI.elf.dir/Drivers/STM32F4xx_HAL_Driver/Src/stm32f4xx_hal_tim_ex.c.obj
LOAD CMakeFiles/NUCLEO-F429ZI.elf.dir/Drivers/STM32F4xx_HAL_Driver/Src/stm32f4xx_hal_uart.c.obj
LOAD CMakeFiles/NUCLEO-F429ZI.elf.dir/Drivers/STM32F4xx_HAL_Driver/Src/stm32f4xx_ll_usb.c.obj
LOAD CMakeFiles/NUCLEO-F429ZI.elf.dir/LWIP/App/lwip.c.obj
LOAD CMakeFiles/NUCLEO-F429ZI.elf.dir/LWIP/Target/ethernetif.c.obj
LOAD CMakeFiles/NUCLEO-F429ZI.elf.dir/Middlewares/Third_Party/LwIP/src/api/api_lib.c.obj
LOAD CMakeFiles/NUCLEO-F429ZI.elf.dir/Middlewares/Third_Party/LwIP/src/api/api_msg.c.obj
LOAD CMakeFiles/NUCLEO-F429ZI.elf.dir/Middlewares/Third_Party/LwIP/src/api/err.c.obj
LOAD CMakeFiles/NUCLEO-F429ZI.elf.dir/Middlewares/Third_Party/LwIP/src/api/if_api.c.obj
LOAD CMakeFiles/NUCLEO-F429ZI.elf.dir/Middlewares/Third_Party/LwIP/src/api/netbuf.c.obj
LOAD CMakeFiles/NUCLEO-F429ZI.elf.dir/Middlewares/Third_Party/LwIP/src/api/netdb.c.obj
LOAD CMakeFiles/NUCLEO-F429ZI.elf.dir/Middlewares/Third_Party/LwIP/src/api/netifapi.c.obj
LOAD CMakeFiles/NUCLEO-F429ZI.elf.dir/Middlewares/Third_Party/LwIP/src/api/sockets.c.obj
LOAD CMakeFiles/NUCLEO-F429ZI.elf.dir/Middlewares/Third_Party/LwIP/src/api/tcpip.c.obj
LOAD CMakeFiles/NUCLEO-F429ZI.elf.dir/Middlewares/Third_Party/LwIP/src/apps/mqtt/mqtt.c.obj
LOAD CMakeFiles/NUCLEO-F429ZI.elf.dir/Middlewares/Third_Party/LwIP/src/core/altcp.c.obj
LOAD CMakeFiles/NUCLEO-F429ZI.elf.dir/Middlewares/Third_Party/LwIP/src/core/altcp_alloc.c.obj
LOAD CMakeFiles/NUCLEO-F429ZI.elf.dir/Middlewares/Third_Party/LwIP/src/core/altcp_tcp.c.obj
LOAD CMakeFiles/NUCLEO-F429ZI.elf.dir/Middlewares/Third_Party/LwIP/src/core/def.c.obj
LOAD CMakeFiles/NUCLEO-F429ZI.elf.dir/Middlewares/Third_Party/LwIP/src/core/dns.c.obj
LOAD CMakeFiles/NUCLEO-F429ZI.elf.dir/Middlewares/Third_Party/LwIP/src/core/inet_chksum.c.obj
LOAD CMakeFiles/NUCLEO-F429ZI.elf.dir/Middlewares/Third_Party/LwIP/src/core/init.c.obj
LOAD CMakeFiles/NUCLEO-F429ZI.elf.dir/Middlewares/Third_Party/LwIP/src/core/ip.c.obj
LOAD CMakeFiles/NUCLEO-F429ZI.elf.dir/Middlewares/Third_Party/LwIP/src/core/ipv4/autoip.c.obj
LOAD CMakeFiles/NUCLEO-F429ZI.elf.dir/Middlewares/Third_Party/LwIP/src/core/ipv4/dhcp.c.obj
LOAD CMakeFiles/NUCLEO-F429ZI.elf.dir/Middlewares/Third_Party/LwIP/src/core/ipv4/etharp.c.obj
LOAD CMakeFiles/NUCLEO-F429ZI.elf.dir/Middlewares/Third_Party/LwIP/src/core/ipv4/icmp.c.obj
LOAD CMakeFiles/NUCLEO-F429ZI.elf.dir/Middlewares/Third_Party/LwIP/src/core/ipv4/igmp.c.obj
LOAD CMakeFiles/NUCLEO-F429ZI.elf.dir/Middlewares/Third_Party/LwIP/src/core/ipv4/ip4.c.obj
LOAD CMakeFiles/NUCLEO-F429ZI.elf.dir/Middlewares/Third_Party/LwIP/src/core/ipv4/ip4_addr.c.obj
LOAD CMakeFiles/NUCLEO-F429ZI.elf.dir/Middlewares/Third_Party/LwIP/src/core/ipv4/ip4_frag.c.obj
LOAD CMakeFiles/NUCLEO-F429ZI.elf.dir/Middlewares/Third_Party/LwIP/src/core/ipv6/dhcp6.c.obj
LOAD CMakeFiles/NUCLEO-F429ZI.elf.dir/Middlewares/Third_Party/LwIP/src/core/ipv6/ethip6.c.obj
LOAD CMakeFiles/NUCLEO-F429ZI.elf.dir/Middlewares/Third_Party/LwIP/src/core/ipv6/icmp6.c.obj
LOAD CMakeFiles/NUCLEO-F429ZI.elf.dir/Middlewares/Third_Party/LwIP/src/core/ipv6/inet6.c.obj
LOAD CMakeFiles/NUCLEO-F429ZI.elf.dir/Middlewares/Third_Party/LwIP/src/core/ipv6/ip6.c.obj
LOAD CMakeFiles/NUCLEO-F429ZI.elf.dir/Middlewares/Third_Party/LwIP/src/core/ipv6/ip6_addr.c.obj
LOAD CMakeFiles/NUCLEO-F429ZI.elf.dir/Middlewares/Third_Party/LwIP/src/core/ipv6/ip6_frag.c.obj
LOAD CMakeFiles/NUCLEO-F429ZI.elf.dir/Middlewares/Third_Party/LwIP/src/core/ipv6/mld6.c.obj
LOAD CMakeFiles/NUCLEO-F429ZI.elf.dir/Middlewares/Third_Party/LwIP/src/core/ipv6/nd6.c.obj
LOAD CMakeFiles/NUCLEO-F429ZI.elf.dir/Middlewares/Third_Party/LwIP/src/core/mem.c.obj
LOAD CMakeFiles/NUCLEO-F429ZI.elf.dir/Middlewares/Third_Party/LwIP/src/core/memp.c.obj
LOAD CMakeFiles/NUCLEO-F429ZI.elf.dir/Middlewares/Third_Party/LwIP/src/core/netif.c.obj
LOAD CMakeFiles/NUCLEO-F429ZI.elf.dir/Middlewares/Third_Party/LwIP/src/core/pbuf.c.obj
LOAD CMakeFiles/NUCLEO-F429ZI.elf.dir/Middlewares/Third_Party/LwIP/src/core/raw.c.obj
LOAD CMakeFiles/NUCLEO-F429ZI.elf.dir/Middlewares/Third_Party/LwIP/src/core/stats.c.obj
LOAD CMakeFiles/NUCLEO-F429ZI.elf.dir/Middlewares/Third_Party/LwIP/src/core/sys.c.obj
LOAD CMakeFiles/NUCLEO-F429ZI.elf.dir/Middlewares/Third_Party/LwIP/src/core/tcp.c.obj
LOAD CMakeFiles/NUCLEO-F429ZI.elf.dir/Middlewares/Third_Party/LwIP/src/core/tcp_in.c.obj
LOAD CMakeFiles/NUCLEO-F429ZI.elf.dir/Middlewares/Third_Party/LwIP/src/core/tcp_out.c.obj
LOAD CMakeFiles/NUCLEO-F429ZI.elf.dir/Middlewares/Third_Party/LwIP/src/core/timeouts.c.obj
LOAD CMakeFiles/NUCLEO-F429ZI.elf.dir/Middlewares/Third_Party/LwIP/src/core/udp.c.obj
LOAD CMakeFiles/NUCLEO-F429ZI.elf.dir/Middlewares/Third_Party/LwIP/src/netif/bridgeif.c.obj
LOAD CMakeFiles/NUCLEO-F429ZI.elf.dir/Middlewares/Third_Party/LwIP/src/netif/bridgeif_fdb.c.obj
LOAD CMakeFiles/NUCLEO-F429ZI.elf.dir/Middlewares/Third_Party/LwIP/src/netif/ethernet.c.obj
LOAD CMakeFiles/NUCLEO-F429ZI.elf.dir/Middlewares/Third_Party/LwIP/src/netif/lowpan6.c.obj
LOAD CMakeFiles/NUCLEO-F429ZI.elf.dir/Middlewares/Third_Party/LwIP/src/netif/lowpan6_ble.c.obj
LOAD CMakeFiles/NUCLEO-F429ZI.elf.dir/Middlewares/Third_Party/LwIP/src/netif/lowpan6_common.c.obj
LOAD CMakeFiles/NUCLEO-F429ZI.elf.dir/Middlewares/Third_Party/LwIP/src/netif/ppp/auth.c.obj
LOAD CMakeFiles/NUCLEO-F429ZI.elf.dir/Middlewares/Third_Party/LwIP/src/netif/ppp/ccp.c.obj
LOAD CMakeFiles/NUCLEO-F429ZI.elf.dir/Middlewares/Third_Party/LwIP/src/netif/ppp/chap-md5.c.obj
LOAD CMakeFiles/NUCLEO-F429ZI.elf.dir/Middlewares/Third_Party/LwIP/src/netif/ppp/chap-new.c.obj
LOAD CMakeFiles/NUCLEO-F429ZI.elf.dir/Middlewares/Third_Party/LwIP/src/netif/ppp/chap_ms.c.obj
LOAD CMakeFiles/NUCLEO-F429ZI.elf.dir/Middlewares/Third_Party/LwIP/src/netif/ppp/demand.c.obj
LOAD CMakeFiles/NUCLEO-F429ZI.elf.dir/Middlewares/Third_Party/LwIP/src/netif/ppp/eap.c.obj
LOAD CMakeFiles/NUCLEO-F429ZI.elf.dir/Middlewares/Third_Party/LwIP/src/netif/ppp/ecp.c.obj
LOAD CMakeFiles/NUCLEO-F429ZI.elf.dir/Middlewares/Third_Party/LwIP/src/netif/ppp/eui64.c.obj
LOAD CMakeFiles/NUCLEO-F429ZI.elf.dir/Middlewares/Third_Party/LwIP/src/netif/ppp/fsm.c.obj
LOAD CMakeFiles/NUCLEO-F429ZI.elf.dir/Middlewares/Third_Party/LwIP/src/netif/ppp/ipcp.c.obj
LOAD CMakeFiles/NUCLEO-F429ZI.elf.dir/Middlewares/Third_Party/LwIP/src/netif/ppp/ipv6cp.c.obj
LOAD CMakeFiles/NUCLEO-F429ZI.elf.dir/Middlewares/Third_Party/LwIP/src/netif/ppp/lcp.c.obj
LOAD CMakeFiles/NUCLEO-F429ZI.elf.dir/Middlewares/Third_Party/LwIP/src/netif/ppp/magic.c.obj
LOAD CMakeFiles/NUCLEO-F429ZI.elf.dir/Middlewares/Third_Party/LwIP/src/netif/ppp/mppe.c.obj
LOAD CMakeFiles/NUCLEO-F429ZI.elf.dir/Middlewares/Third_Party/LwIP/src/netif/ppp/multilink.c.obj
LOAD CMakeFiles/NUCLEO-F429ZI.elf.dir/Middlewares/Third_Party/LwIP/src/netif/ppp/ppp.c.obj
LOAD CMakeFiles/NUCLEO-F429ZI.elf.dir/Middlewares/Third_Party/LwIP/src/netif/ppp/pppapi.c.obj
LOAD CMakeFiles/NUCLEO-F429ZI.elf.dir/Middlewares/Third_Party/LwIP/src/netif/ppp/pppcrypt.c.obj
LOAD CMakeFiles/NUCLEO-F429ZI.elf.dir/Middlewares/Third_Party/LwIP/src/netif/ppp/pppoe.c.obj
LOAD CMakeFiles/NUCLEO-F429ZI.elf.dir/Middlewares/Third_Party/LwIP/src/netif/ppp/pppol2tp.c.obj
LOAD CMakeFiles/NUCLEO-F429ZI.elf.dir/Middlewares/Third_Party/LwIP/src/netif/ppp/pppos.c.obj
LOAD CMakeFiles/NUCLEO-F429ZI.elf.dir/Middlewares/Third_Party/LwIP/src/netif/ppp/upap.c.obj
LOAD CMakeFiles/NUCLEO-F429ZI.elf.dir/Middlewares/Third_Party/LwIP/src/netif/ppp/utils.c.obj
LOAD CMakeFiles/NUCLEO-F429ZI.elf.dir/Middlewares/Third_Party/LwIP/src/netif/ppp/vj.c.obj
LOAD CMakeFiles/NUCLEO-F429ZI.elf.dir/Middlewares/Third_Party/LwIP/src/netif/slipif.c.obj
LOAD CMakeFiles/NUCLEO-F429ZI.elf.dir/Middlewares/Third_Party/LwIP/src/netif/zepif.c.obj
LOAD CMakeFiles/NUCLEO-F429ZI.elf.dir/blinkySysTick/blinkySysTick.c.obj
LOAD CMakeFiles/NUCLEO-F429ZI.elf.dir/blinkySysTick/hook.c.obj
LOAD CMakeFiles/NUCLEO-F429ZI.elf.dir/bsp/stm32f4xx_nucleo_144.c.obj
LOAD CMakeFiles/NUCLEO-F429ZI.elf.dir/mTime/mTime.c.obj
LOAD CMakeFiles/NUCLEO-F429ZI.elf.dir/mTime/mTimeTbl.c.obj
LOAD CMakeFiles/NUCLEO-F429ZI.elf.dir/mqttc-v116-sync/mqttc_v116_sync.c.obj
LOAD CMakeFiles/NUCLEO-F429ZI.elf.dir/network/network.c.obj
LOAD CMakeFiles/NUCLEO-F429ZI.elf.dir/rkh-mqttc/src/rkh_mqttc.c.obj
LOAD CMakeFiles/NUCLEO-F429ZI.elf.dir/rkh-mqttc/src/rkh_mqttc_pal.c.obj
LOAD CMakeFiles/NUCLEO-F429ZI.elf.dir/salt/bsp/assert.c.obj
LOAD CMakeFiles/NUCLEO-F429ZI.elf.dir/salt/bsp/bsp-salt.c.obj
LOAD CMakeFiles/NUCLEO-F429ZI.elf.dir/salt/configuration/saltCfg.c.obj
LOAD CMakeFiles/NUCLEO-F429ZI.elf.dir/salt/files-to-review/main-salt-firmware-nxp.c.obj
LOAD CMakeFiles/NUCLEO-F429ZI.elf.dir/salt/files-to-review/trace_io.c.obj
LOAD CMakeFiles/NUCLEO-F429ZI.elf.dir/salt/peripherals/analog-inputs/anIn.c.obj
LOAD CMakeFiles/NUCLEO-F429ZI.elf.dir/salt/peripherals/ihm/buzzer.c.obj
LOAD CMakeFiles/NUCLEO-F429ZI.elf.dir/salt/peripherals/ihm/onSwitch.c.obj
LOAD CMakeFiles/NUCLEO-F429ZI.elf.dir/salt/peripherals/ledPanel/as1116.c.obj
LOAD CMakeFiles/NUCLEO-F429ZI.elf.dir/salt/peripherals/ledPanel/ledPanel.c.obj
LOAD CMakeFiles/NUCLEO-F429ZI.elf.dir/salt/peripherals/module-command/modcmdSim900.c.obj
LOAD CMakeFiles/NUCLEO-F429ZI.elf.dir/salt/peripherals/module-power/modpwr.c.obj
LOAD CMakeFiles/NUCLEO-F429ZI.elf.dir/salt/peripherals/pulse-counter/pulseCounter.c.obj
LOAD CMakeFiles/NUCLEO-F429ZI.elf.dir/salt/peripherals/pulse-counter/pulseCounterFromEduCiaaBsp.c.obj
LOAD CMakeFiles/NUCLEO-F429ZI.elf.dir/salt/peripherals/relay-control/relay.c.obj
LOAD CMakeFiles/NUCLEO-F429ZI.elf.dir/salt/peripherals/relay-control/relayFromEduCiaaBsp.c.obj
LOAD CMakeFiles/NUCLEO-F429ZI.elf.dir/salt/peripherals/serial/serial.c.obj
LOAD CMakeFiles/NUCLEO-F429ZI.elf.dir/salt/peripherals/sim808/sim808.c.obj
LOAD CMakeFiles/NUCLEO-F429ZI.elf.dir/salt/peripherals/teloc/teloc.c.obj
LOAD CMakeFiles/NUCLEO-F429ZI.elf.dir/salt/state-machines/connector-manager/conmgr.c.obj
LOAD CMakeFiles/NUCLEO-F429ZI.elf.dir/salt/state-machines/logic/logic.c.obj
LOAD CMakeFiles/NUCLEO-F429ZI.elf.dir/salt/state-machines/module-manager/modmgr.c.obj
LOAD CMakeFiles/NUCLEO-F429ZI.elf.dir/salt/state-machines/mqtt-protocol/mqttProt.c.obj
LOAD CMakeFiles/NUCLEO-F429ZI.elf.dir/salt/state-machines/tcp-conmgr/tcp-conmgr.c.obj
LOAD CMakeFiles/NUCLEO-F429ZI.elf.dir/salt/state-machines/tcp-mqttprot/tcp-mqttprot.c.obj
LOAD CMakeFiles/NUCLEO-F429ZI.elf.dir/salt/utilities/aes/aes.c.obj
LOAD CMakeFiles/NUCLEO-F429ZI.elf.dir/salt/utilities/date/date.c.obj
LOAD CMakeFiles/NUCLEO-F429ZI.elf.dir/salt/utilities/emaFilter/emaFilter.c.obj
LOAD CMakeFiles/NUCLEO-F429ZI.elf.dir/salt/utilities/epoch/epoch.c.obj
LOAD CMakeFiles/NUCLEO-F429ZI.elf.dir/salt/utilities/parser/salt-command/saltCmd.c.obj
LOAD CMakeFiles/NUCLEO-F429ZI.elf.dir/salt/utilities/parser/sim900/sim900parser.c.obj
LOAD CMakeFiles/NUCLEO-F429ZI.elf.dir/salt/utilities/publisher/publisher.c.obj
LOAD CMakeFiles/NUCLEO-F429ZI.elf.dir/salt/utilities/rtime/rtime.c.obj
LOAD CMakeFiles/NUCLEO-F429ZI.elf.dir/salt/utilities/ssp/ssp.c.obj
LOAD CMakeFiles/NUCLEO-F429ZI.elf.dir/third-party/MQTT-C/source/mqttc.c.obj
LOAD CMakeFiles/NUCLEO-F429ZI.elf.dir/third-party/MQTT-C/source/mqttc_pal.c.obj
LOAD CMakeFiles/NUCLEO-F429ZI.elf.dir/third-party/jWrite/jWrite/jWrite.c.obj
LOAD CMakeFiles/NUCLEO-F429ZI.elf.dir/third-party/jWrite/jWrite/main.c.obj
LOAD CMakeFiles/NUCLEO-F429ZI.elf.dir/third-party/rkh/source/fwk/src/rkhfwk_bittbl.c.obj
LOAD CMakeFiles/NUCLEO-F429ZI.elf.dir/third-party/rkh/source/fwk/src/rkhfwk_dynevt.c.obj
LOAD CMakeFiles/NUCLEO-F429ZI.elf.dir/third-party/rkh/source/fwk/src/rkhfwk_evtpool.c.obj
LOAD CMakeFiles/NUCLEO-F429ZI.elf.dir/third-party/rkh/source/fwk/src/rkhfwk_pubsub.c.obj
LOAD CMakeFiles/NUCLEO-F429ZI.elf.dir/third-party/rkh/source/fwk/src/rkhfwk_rdygrp.c.obj
LOAD CMakeFiles/NUCLEO-F429ZI.elf.dir/third-party/rkh/source/fwk/src/rkhfwk_sched.c.obj
LOAD CMakeFiles/NUCLEO-F429ZI.elf.dir/third-party/rkh/source/fwk/src/rkhfwk_version.c.obj
LOAD CMakeFiles/NUCLEO-F429ZI.elf.dir/third-party/rkh/source/mempool/src/rkhmempool.c.obj
LOAD CMakeFiles/NUCLEO-F429ZI.elf.dir/third-party/rkh/source/portable/arm-cortex/rkhs/arm_cm4f/stm32/rkhport.c.obj
LOAD CMakeFiles/NUCLEO-F429ZI.elf.dir/third-party/rkh/source/queue/src/rkhqueue.c.obj
LOAD CMakeFiles/NUCLEO-F429ZI.elf.dir/third-party/rkh/source/sm/src/rkhsm.c.obj
LOAD CMakeFiles/NUCLEO-F429ZI.elf.dir/third-party/rkh/source/sma/src/rkhsma.c.obj
LOAD CMakeFiles/NUCLEO-F429ZI.elf.dir/third-party/rkh/source/sma/src/rkhsma_prio.c.obj
LOAD CMakeFiles/NUCLEO-F429ZI.elf.dir/third-party/rkh/source/sma/src/rkhsma_sync.c.obj
LOAD CMakeFiles/NUCLEO-F429ZI.elf.dir/third-party/rkh/source/tmr/src/rkhtmr.c.obj
LOAD CMakeFiles/NUCLEO-F429ZI.elf.dir/third-party/rkh/source/trc/src/rkhtrc_filter.c.obj
LOAD CMakeFiles/NUCLEO-F429ZI.elf.dir/third-party/rkh/source/trc/src/rkhtrc_record.c.obj
LOAD CMakeFiles/NUCLEO-F429ZI.elf.dir/third-party/rkh/source/trc/src/rkhtrc_stream.c.obj
LOAD CMakeFiles/NUCLEO-F429ZI.elf.dir/third-party/stm32-sapi/src/sapi_datatypes.c.obj
LOAD CMakeFiles/NUCLEO-F429ZI.elf.dir/third-party/stm32-sapi/src/sapi_gpio.c.obj
LOAD CMakeFiles/NUCLEO-F429ZI.elf.dir/third-party/stm32-sapi/src/sapi_tick.c.obj
LOAD CMakeFiles/NUCLEO-F429ZI.elf.dir/utilities/htons.c.obj
START GROUP
LOAD /usr/lib/gcc/arm-none-eabi/10.3.1/thumb/v7e-m/nofp/libgcc.a
LOAD /usr/lib/gcc/arm-none-eabi/10.3.1/../../../arm-none-eabi/lib/thumb/v7e-m/nofp/libg.a
LOAD /usr/lib/gcc/arm-none-eabi/10.3.1/../../../arm-none-eabi/lib/thumb/v7e-m/nofp/libc.a
END GROUP
LOAD /usr/lib/gcc/arm-none-eabi/10.3.1/thumb/v7e-m/nofp/crtend.o
LOAD /usr/lib/gcc/arm-none-eabi/10.3.1/thumb/v7e-m/nofp/crtn.o
                0x0000000020030000                _estack = (ORIGIN (RAM) + LENGTH (RAM))
                0x0000000000000200                _Min_Heap_Size = 0x200
                0x0000000000000400                _Min_Stack_Size = 0x400

.isr_vector     0x0000000008000000      0x1ac
                0x0000000008000000                . = ALIGN (0x4)
 *(.isr_vector)
 .isr_vector    0x0000000008000000      0x1ac CMakeFiles/NUCLEO-F429ZI.elf.dir/Core/Startup/startup_stm32f429zitx.s.obj
                0x0000000008000000                g_pfnVectors
                0x00000000080001ac                . = ALIGN (0x4)

.text           0x00000000080001c0    0x18604
                0x00000000080001c0                . = ALIGN (0x4)
 *(.text)
 .text          0x00000000080001c0       0x88 /usr/lib/gcc/arm-none-eabi/10.3.1/thumb/v7e-m/nofp/crtbegin.o
 .text          0x0000000008000248      0x168 /usr/lib/gcc/arm-none-eabi/10.3.1/thumb/v7e-m/nofp/libgcc.a(_arm_mulsf3.o)
                0x0000000008000248                __mulsf3
                0x0000000008000248                __aeabi_fmul
 .text          0x00000000080003b0      0x378 /usr/lib/gcc/arm-none-eabi/10.3.1/thumb/v7e-m/nofp/libgcc.a(_arm_addsubdf3.o)
                0x00000000080003b0                __aeabi_drsub
                0x00000000080003b8                __aeabi_dsub
                0x00000000080003b8                __subdf3
                0x00000000080003bc                __adddf3
                0x00000000080003bc                __aeabi_dadd
                0x0000000008000634                __aeabi_ui2d
                0x0000000008000634                __floatunsidf
                0x0000000008000654                __floatsidf
                0x0000000008000654                __aeabi_i2d
                0x0000000008000678                __extendsfdf2
                0x0000000008000678                __aeabi_f2d
                0x00000000080006bc                __aeabi_ul2d
                0x00000000080006bc                __floatundidf
                0x00000000080006cc                __floatdidf
                0x00000000080006cc                __aeabi_l2d
 .text          0x0000000008000728      0x424 /usr/lib/gcc/arm-none-eabi/10.3.1/thumb/v7e-m/nofp/libgcc.a(_arm_muldivdf3.o)
                0x0000000008000728                __aeabi_dmul
                0x0000000008000728                __muldf3
                0x000000000800097c                __aeabi_ddiv
                0x000000000800097c                __divdf3
 .text          0x0000000008000b4c      0x110 /usr/lib/gcc/arm-none-eabi/10.3.1/thumb/v7e-m/nofp/libgcc.a(_arm_cmpdf2.o)
                0x0000000008000b4c                __gtdf2
                0x0000000008000b4c                __gedf2
                0x0000000008000b54                __ltdf2
                0x0000000008000b54                __ledf2
                0x0000000008000b5c                __cmpdf2
                0x0000000008000b5c                __eqdf2
                0x0000000008000b5c                __nedf2
                0x0000000008000bd8                __aeabi_cdrcmple
                0x0000000008000be8                __aeabi_cdcmple
                0x0000000008000be8                __aeabi_cdcmpeq
                0x0000000008000bf8                __aeabi_dcmpeq
                0x0000000008000c0c                __aeabi_dcmplt
                0x0000000008000c20                __aeabi_dcmple
                0x0000000008000c34                __aeabi_dcmpge
                0x0000000008000c48                __aeabi_dcmpgt
 .text          0x0000000008000c5c       0x50 /usr/lib/gcc/arm-none-eabi/10.3.1/thumb/v7e-m/nofp/libgcc.a(_arm_fixdfsi.o)
                0x0000000008000c5c                __fixdfsi
                0x0000000008000c5c                __aeabi_d2iz
 .text          0x0000000008000cac       0x40 /usr/lib/gcc/arm-none-eabi/10.3.1/thumb/v7e-m/nofp/libgcc.a(_arm_fixunsdfsi.o)
                0x0000000008000cac                __fixunsdfsi
                0x0000000008000cac                __aeabi_d2uiz
 .text          0x0000000008000cec       0xa0 /usr/lib/gcc/arm-none-eabi/10.3.1/thumb/v7e-m/nofp/libgcc.a(_arm_truncdfsf2.o)
                0x0000000008000cec                __aeabi_d2f
                0x0000000008000cec                __truncdfsf2
 .text          0x0000000008000d8c      0x21c /usr/lib/gcc/arm-none-eabi/10.3.1/thumb/v7e-m/nofp/libgcc.a(_arm_addsubsf3.o)
                0x0000000008000d8c                __aeabi_frsub
                0x0000000008000d94                __subsf3
                0x0000000008000d94                __aeabi_fsub
                0x0000000008000d98                __aeabi_fadd
                0x0000000008000d98                __addsf3
                0x0000000008000ef8                __aeabi_ui2f
                0x0000000008000ef8                __floatunsisf
                0x0000000008000f00                __aeabi_i2f
                0x0000000008000f00                __floatsisf
                0x0000000008000f1c                __floatundisf
                0x0000000008000f1c                __aeabi_ul2f
                0x0000000008000f2c                __floatdisf
                0x0000000008000f2c                __aeabi_l2f
 .text          0x0000000008000fa8       0x30 /usr/lib/gcc/arm-none-eabi/10.3.1/thumb/v7e-m/nofp/libgcc.a(_aeabi_uldivmod.o)
                0x0000000008000fa8                __aeabi_uldivmod
 .text          0x0000000008000fd8      0x2d0 /usr/lib/gcc/arm-none-eabi/10.3.1/thumb/v7e-m/nofp/libgcc.a(_udivmoddi4.o)
                0x0000000008000fd8                __udivmoddi4
 .text          0x00000000080012a8        0x4 /usr/lib/gcc/arm-none-eabi/10.3.1/thumb/v7e-m/nofp/libgcc.a(_dvmd_tls.o)
                0x00000000080012a8                __aeabi_ldiv0
                0x00000000080012a8                __aeabi_idiv0
 .text          0x00000000080012ac        0xc /usr/lib/gcc/arm-none-eabi/10.3.1/../../../arm-none-eabi/lib/thumb/v7e-m/nofp/libg.a(lib_a-atexit.o)
                0x00000000080012ac                atexit
 .text          0x00000000080012b8       0x2c /usr/lib/gcc/arm-none-eabi/10.3.1/../../../arm-none-eabi/lib/thumb/v7e-m/nofp/libg.a(lib_a-fini.o)
                0x00000000080012b8                __libc_fini_array
 .text          0x00000000080012e4       0x48 /usr/lib/gcc/arm-none-eabi/10.3.1/../../../arm-none-eabi/lib/thumb/v7e-m/nofp/libg.a(lib_a-init.o)
                0x00000000080012e4                __libc_init_array
 .text          0x000000000800132c       0x68 /usr/lib/gcc/arm-none-eabi/10.3.1/../../../arm-none-eabi/lib/thumb/v7e-m/nofp/libg.a(lib_a-memcmp.o)
                0x000000000800132c                memcmp
 .text          0x0000000008001394      0x134 /usr/lib/gcc/arm-none-eabi/10.3.1/../../../arm-none-eabi/lib/thumb/v7e-m/nofp/libg.a(lib_a-memcpy.o)
                0x0000000008001394                memcpy
 .text          0x00000000080014c8       0xf8 /usr/lib/gcc/arm-none-eabi/10.3.1/../../../arm-none-eabi/lib/thumb/v7e-m/nofp/libg.a(lib_a-memmove.o)
                0x00000000080014c8                memmove
 .text          0x00000000080015c0       0xa4 /usr/lib/gcc/arm-none-eabi/10.3.1/../../../arm-none-eabi/lib/thumb/v7e-m/nofp/libg.a(lib_a-memset.o)
                0x00000000080015c0                memset
 .text          0x0000000008001664       0x48 /usr/lib/gcc/arm-none-eabi/10.3.1/../../../arm-none-eabi/lib/thumb/v7e-m/nofp/libg.a(lib_a-printf.o)
                0x0000000008001664                _printf_r
                0x0000000008001684                printf
 .text          0x00000000080016ac       0x78 /usr/lib/gcc/arm-none-eabi/10.3.1/../../../arm-none-eabi/lib/thumb/v7e-m/nofp/libg.a(lib_a-puts.o)
                0x00000000080016ac                _puts_r
                0x0000000008001714                puts
 .text          0x0000000008001724       0x48 /usr/lib/gcc/arm-none-eabi/10.3.1/../../../arm-none-eabi/lib/thumb/v7e-m/nofp/libg.a(lib_a-rand.o)
                0x0000000008001724                srand
                0x0000000008001734                rand
 .text          0x000000000800176c      0x108 /usr/lib/gcc/arm-none-eabi/10.3.1/../../../arm-none-eabi/lib/thumb/v7e-m/nofp/libg.a(lib_a-snprintf.o)
                0x000000000800176c                _snprintf_r
                0x00000000080017ec                snprintf
 .text          0x0000000008001874       0x78 /usr/lib/gcc/arm-none-eabi/10.3.1/../../../arm-none-eabi/lib/thumb/v7e-m/nofp/libg.a(lib_a-sprintf.o)
                0x0000000008001874                _sprintf_r
                0x00000000080018ac                sprintf
 *fill*         0x00000000080018ec       0x14 
 .text          0x0000000008001900       0xdc /usr/lib/gcc/arm-none-eabi/10.3.1/../../../arm-none-eabi/lib/thumb/v7e-m/nofp/libg.a(lib_a-strlen.o)
                0x0000000008001900                strlen
 .text          0x00000000080019dc     0x1458 /usr/lib/gcc/arm-none-eabi/10.3.1/../../../arm-none-eabi/lib/thumb/v7e-m/nofp/libg.a(lib_a-svfprintf.o)
                0x00000000080019dc                _svfprintf_r
 .text          0x0000000008002e34     0x1524 /usr/lib/gcc/arm-none-eabi/10.3.1/../../../arm-none-eabi/lib/thumb/v7e-m/nofp/libg.a(lib_a-vfprintf.o)
                0x0000000008002e34                _vfprintf_r
                0x00000000080042d4                vfprintf
 .text          0x0000000008004358       0xd4 /usr/lib/gcc/arm-none-eabi/10.3.1/../../../arm-none-eabi/lib/thumb/v7e-m/nofp/libg.a(lib_a-wsetup.o)
                0x0000000008004358                __swsetup_r
 .text          0x000000000800442c       0x68 /usr/lib/gcc/arm-none-eabi/10.3.1/../../../arm-none-eabi/lib/thumb/v7e-m/nofp/libg.a(lib_a-__atexit.o)
                0x000000000800442c                __register_exitproc
 *fill*         0x0000000008004494        0x4 
 .text          0x0000000008004498      0xfe4 /usr/lib/gcc/arm-none-eabi/10.3.1/../../../arm-none-eabi/lib/thumb/v7e-m/nofp/libg.a(lib_a-dtoa.o)
                0x00000000080045bc                _dtoa_r
 .text          0x000000000800547c      0x19c /usr/lib/gcc/arm-none-eabi/10.3.1/../../../arm-none-eabi/lib/thumb/v7e-m/nofp/libg.a(lib_a-fflush.o)
                0x000000000800547c                __sflush_r
                0x000000000800559c                _fflush_r
                0x00000000080055c8                fflush
 .text          0x0000000008005618      0x218 /usr/lib/gcc/arm-none-eabi/10.3.1/../../../arm-none-eabi/lib/thumb/v7e-m/nofp/libg.a(lib_a-findfp.o)
                0x000000000800561c                _cleanup_r
                0x0000000008005704                __sfmoreglue
                0x0000000008005734                __sfp
                0x00000000080057dc                _cleanup
                0x00000000080057f0                __sinit
                0x00000000080057f8                __sfp_lock_acquire
                0x00000000080057fc                __sfp_lock_release
                0x0000000008005800                __sinit_lock_acquire
                0x0000000008005804                __sinit_lock_release
                0x0000000008005808                __fp_lock_all
                0x000000000800581c                __fp_unlock_all
 .text          0x0000000008005830      0x2ac /usr/lib/gcc/arm-none-eabi/10.3.1/../../../arm-none-eabi/lib/thumb/v7e-m/nofp/libg.a(lib_a-freer.o)
                0x0000000008005830                _malloc_trim_r
                0x00000000080058d0                _free_r
 .text          0x0000000008005adc      0x2e8 /usr/lib/gcc/arm-none-eabi/10.3.1/../../../arm-none-eabi/lib/thumb/v7e-m/nofp/libg.a(lib_a-fvwrite.o)
                0x0000000008005adc                __sfvwrite_r
 .text          0x0000000008005dc4       0x88 /usr/lib/gcc/arm-none-eabi/10.3.1/../../../arm-none-eabi/lib/thumb/v7e-m/nofp/libg.a(lib_a-fwalk.o)
                0x0000000008005dc4                _fwalk
                0x0000000008005e04                _fwalk_reent
 .text          0x0000000008005e4c       0x8c /usr/lib/gcc/arm-none-eabi/10.3.1/../../../arm-none-eabi/lib/thumb/v7e-m/nofp/libg.a(lib_a-locale.o)
                0x0000000008005e4c                _setlocale_r
                0x0000000008005e8c                __locale_mb_cur_max
                0x0000000008005e98                setlocale
 .text          0x0000000008005ed8       0x14 /usr/lib/gcc/arm-none-eabi/10.3.1/../../../arm-none-eabi/lib/thumb/v7e-m/nofp/libg.a(lib_a-localeconv.o)
                0x0000000008005ed8                __localeconv_l
                0x0000000008005edc                _localeconv_r
                0x0000000008005ee4                localeconv
 .text          0x0000000008005eec      0x140 /usr/lib/gcc/arm-none-eabi/10.3.1/../../../arm-none-eabi/lib/thumb/v7e-m/nofp/libg.a(lib_a-makebuf.o)
                0x0000000008005eec                __smakebuf_r
                0x0000000008005fcc                __swhatbuf_r
 .text          0x000000000800602c      0x554 /usr/lib/gcc/arm-none-eabi/10.3.1/../../../arm-none-eabi/lib/thumb/v7e-m/nofp/libg.a(lib_a-mallocr.o)
                0x000000000800602c                _malloc_r
 .text          0x0000000008006580       0x40 /usr/lib/gcc/arm-none-eabi/10.3.1/../../../arm-none-eabi/lib/thumb/v7e-m/nofp/libg.a(lib_a-mbtowc_r.o)
                0x0000000008006580                _mbtowc_r
                0x0000000008006594                __ascii_mbtowc
 .text          0x00000000080065c0       0xa0 /usr/lib/gcc/arm-none-eabi/10.3.1/../../../arm-none-eabi/lib/thumb/v7e-m/nofp/libg.a(lib_a-memchr.o)
                0x00000000080065c0                memchr
 .text          0x0000000008006660        0x8 /usr/lib/gcc/arm-none-eabi/10.3.1/../../../arm-none-eabi/lib/thumb/v7e-m/nofp/libg.a(lib_a-mlock.o)
                0x0000000008006660                __malloc_lock
                0x0000000008006664                __malloc_unlock
 .text          0x0000000008006668      0xa6c /usr/lib/gcc/arm-none-eabi/10.3.1/../../../arm-none-eabi/lib/thumb/v7e-m/nofp/libg.a(lib_a-mprec.o)
                0x0000000008006668                _Balloc
                0x00000000080066b4                _Bfree
                0x00000000080066c8                __multadd
                0x0000000008006768                __s2b
                0x000000000800681c                __hi0bits
                0x000000000800685c                __lo0bits
                0x00000000080068b8                __i2b
                0x0000000008006914                __multiply
                0x0000000008006a70                __pow5mult
                0x0000000008006b30                __lshift
                0x0000000008006c20                __mcmp
                0x0000000008006c60                __mdiff
                0x0000000008006dac                __ulp
                0x0000000008006df0                __b2d
                0x0000000008006ec0                __d2b
                0x0000000008006f84                __ratio
                0x0000000008006fe0                _mprec_log10
                0x0000000008007018                __copybits
                0x0000000008007074                __any_on
 .text          0x00000000080070d4      0x3d8 /usr/lib/gcc/arm-none-eabi/10.3.1/../../../arm-none-eabi/lib/thumb/v7e-m/nofp/libg.a(lib_a-reallocr.o)
                0x00000000080070d4                _realloc_r
 .text          0x00000000080074ac       0x24 /usr/lib/gcc/arm-none-eabi/10.3.1/../../../arm-none-eabi/lib/thumb/v7e-m/nofp/libg.a(lib_a-sbrkr.o)
                0x00000000080074ac                _sbrk_r
 .text          0x00000000080074d0       0x90 /usr/lib/gcc/arm-none-eabi/10.3.1/../../../arm-none-eabi/lib/thumb/v7e-m/nofp/libg.a(lib_a-stdio.o)
                0x00000000080074d0                __sread
                0x00000000080074f4                __seofread
                0x00000000080074f8                __swrite
                0x0000000008007538                __sseek
                0x0000000008007558                __sclose
 .text          0x0000000008007560      0x2dc /usr/lib/gcc/arm-none-eabi/10.3.1/../../../arm-none-eabi/lib/thumb/v7e-m/nofp/libg.a(lib_a-strcmp.o)
                0x0000000008007568                strcmp
 .text          0x000000000800783c      0xb54 /usr/lib/gcc/arm-none-eabi/10.3.1/../../../arm-none-eabi/lib/thumb/v7e-m/nofp/libg.a(lib_a-svfiprintf.o)
                0x000000000800783c                __ssprint_r
                0x0000000008007934                _svfiprintf_r
 .text          0x0000000008008390      0xd40 /usr/lib/gcc/arm-none-eabi/10.3.1/../../../arm-none-eabi/lib/thumb/v7e-m/nofp/libg.a(lib_a-vfiprintf.o)
                0x0000000008008408                __sprint_r
                0x000000000800841c                _vfiprintf_r
                0x000000000800904c                vfiprintf
 .text          0x00000000080090d0       0xc8 /usr/lib/gcc/arm-none-eabi/10.3.1/../../../arm-none-eabi/lib/thumb/v7e-m/nofp/libg.a(lib_a-wbuf.o)
                0x00000000080090d0                __swbuf_r
                0x0000000008009180                __swbuf
 .text          0x0000000008009198       0x30 /usr/lib/gcc/arm-none-eabi/10.3.1/../../../arm-none-eabi/lib/thumb/v7e-m/nofp/libg.a(lib_a-wctomb_r.o)
                0x0000000008009198                _wctomb_r
                0x00000000080091ac                __ascii_wctomb
 .text          0x00000000080091c8       0x2c /usr/lib/gcc/arm-none-eabi/10.3.1/../../../arm-none-eabi/lib/thumb/v7e-m/nofp/libg.a(lib_a-writer.o)
                0x00000000080091c8                _write_r
 .text          0x00000000080091f4       0x4c /usr/lib/gcc/arm-none-eabi/10.3.1/../../../arm-none-eabi/lib/thumb/v7e-m/nofp/libg.a(lib_a-assert.o)
                0x00000000080091f4                __assert_func
                0x0000000008009234                __assert
 .text          0x0000000008009240       0x60 /usr/lib/gcc/arm-none-eabi/10.3.1/../../../arm-none-eabi/lib/thumb/v7e-m/nofp/libg.a(lib_a-callocr.o)
                0x0000000008009240                _calloc_r
 .text          0x00000000080092a0       0x24 /usr/lib/gcc/arm-none-eabi/10.3.1/../../../arm-none-eabi/lib/thumb/v7e-m/nofp/libg.a(lib_a-closer.o)
                0x00000000080092a0                _close_r
 .text          0x00000000080092c4       0xd4 /usr/lib/gcc/arm-none-eabi/10.3.1/../../../arm-none-eabi/lib/thumb/v7e-m/nofp/libg.a(lib_a-fclose.o)
                0x0000000008009328                _fclose_r
                0x000000000800935c                fclose
 .text          0x0000000008009398       0x44 /usr/lib/gcc/arm-none-eabi/10.3.1/../../../arm-none-eabi/lib/thumb/v7e-m/nofp/libg.a(lib_a-fiprintf.o)
                0x0000000008009398                _fiprintf_r
                0x00000000080093b4                fiprintf
 .text          0x00000000080093dc      0x10c /usr/lib/gcc/arm-none-eabi/10.3.1/../../../arm-none-eabi/lib/thumb/v7e-m/nofp/libg.a(lib_a-fputwc.o)
                0x00000000080093dc                __fputwc
                0x0000000008009484                _fputwc_r
                0x00000000080094a8                fputwc
 .text          0x00000000080094e8       0x2c /usr/lib/gcc/arm-none-eabi/10.3.1/../../../arm-none-eabi/lib/thumb/v7e-m/nofp/libg.a(lib_a-fstatr.o)
                0x00000000080094e8                _fstat_r
 .text          0x0000000008009514       0x24 /usr/lib/gcc/arm-none-eabi/10.3.1/../../../arm-none-eabi/lib/thumb/v7e-m/nofp/libg.a(lib_a-isattyr.o)
                0x0000000008009514                _isatty_r
 .text          0x0000000008009538       0x2c /usr/lib/gcc/arm-none-eabi/10.3.1/../../../arm-none-eabi/lib/thumb/v7e-m/nofp/libg.a(lib_a-lseekr.o)
                0x0000000008009538                _lseek_r
 .text          0x0000000008009564       0x2c /usr/lib/gcc/arm-none-eabi/10.3.1/../../../arm-none-eabi/lib/thumb/v7e-m/nofp/libg.a(lib_a-readr.o)
                0x0000000008009564                _read_r
 .text          0x0000000008009590       0x8c /usr/lib/gcc/arm-none-eabi/10.3.1/../../../arm-none-eabi/lib/thumb/v7e-m/nofp/libg.a(lib_a-wcrtomb.o)
                0x0000000008009590                _wcrtomb_r
                0x00000000080095cc                wcrtomb
 .text          0x000000000800961c       0x10 /usr/lib/gcc/arm-none-eabi/10.3.1/../../../arm-none-eabi/lib/thumb/v7e-m/nofp/libg.a(lib_a-abort.o)
                0x000000000800961c                abort
 .text          0x000000000800962c      0x288 /usr/lib/gcc/arm-none-eabi/10.3.1/../../../arm-none-eabi/lib/thumb/v7e-m/nofp/libg.a(lib_a-signal.o)
                0x000000000800962c                _init_signal_r
                0x000000000800965c                _signal_r
                0x00000000080096a8                _raise_r
                0x0000000008009700                __sigtramp_r
                0x0000000008009764                raise
                0x00000000080097c0                signal
                0x0000000008009814                _init_signal
                0x000000000800984c                __sigtramp
 .text          0x00000000080098b4       0x30 /usr/lib/gcc/arm-none-eabi/10.3.1/../../../arm-none-eabi/lib/thumb/v7e-m/nofp/libg.a(lib_a-signalr.o)
                0x00000000080098b4                _kill_r
                0x00000000080098e0                _getpid_r
 .text          0x00000000080098e4       0x2c /usr/lib/gcc/arm-none-eabi/10.3.1/thumb/v7e-m/nofp/libgcc.a(_arm_unorddf2.o)
                0x00000000080098e4                __aeabi_dcmpun
                0x00000000080098e4                __unorddf2
 *(.text*)
 .text.MX_GPIO_Init
                0x0000000008009910      0x108 CMakeFiles/NUCLEO-F429ZI.elf.dir/Core/Src/gpio.c.obj
                0x0000000008009910                MX_GPIO_Init
 .text.mqtt_callback
                0x0000000008009a18       0x14 CMakeFiles/NUCLEO-F429ZI.elf.dir/Core/Src/main.c.obj
 .text.__io_putchar
                0x0000000008009a2c       0x20 CMakeFiles/NUCLEO-F429ZI.elf.dir/Core/Src/main.c.obj
                0x0000000008009a2c                __io_putchar
 .text.Error_Handler
                0x0000000008009a4c        0x4 CMakeFiles/NUCLEO-F429ZI.elf.dir/Core/Src/main.c.obj
                0x0000000008009a4c                Error_Handler
 .text.SystemClock_Config
                0x0000000008009a50       0xa8 CMakeFiles/NUCLEO-F429ZI.elf.dir/Core/Src/main.c.obj
                0x0000000008009a50                SystemClock_Config
 .text.main     0x0000000008009af8      0x11c CMakeFiles/NUCLEO-F429ZI.elf.dir/Core/Src/main.c.obj
                0x0000000008009af8                main
 .text.MX_SPI1_Init
                0x0000000008009c14       0x40 CMakeFiles/NUCLEO-F429ZI.elf.dir/Core/Src/spi.c.obj
                0x0000000008009c14                MX_SPI1_Init
 .text.HAL_SPI_MspInit
                0x0000000008009c54       0x98 CMakeFiles/NUCLEO-F429ZI.elf.dir/Core/Src/spi.c.obj
                0x0000000008009c54                HAL_SPI_MspInit
 .text.HAL_MspInit
                0x0000000008009cec       0x38 CMakeFiles/NUCLEO-F429ZI.elf.dir/Core/Src/stm32f4xx_hal_msp.c.obj
                0x0000000008009cec                HAL_MspInit
 .text.NMI_Handler
                0x0000000008009d24        0x2 CMakeFiles/NUCLEO-F429ZI.elf.dir/Core/Src/stm32f4xx_it.c.obj
                0x0000000008009d24                NMI_Handler
 .text.HardFault_Handler
                0x0000000008009d26        0x2 CMakeFiles/NUCLEO-F429ZI.elf.dir/Core/Src/stm32f4xx_it.c.obj
                0x0000000008009d26                HardFault_Handler
 .text.MemManage_Handler
                0x0000000008009d28        0x2 CMakeFiles/NUCLEO-F429ZI.elf.dir/Core/Src/stm32f4xx_it.c.obj
                0x0000000008009d28                MemManage_Handler
 .text.BusFault_Handler
                0x0000000008009d2a        0x2 CMakeFiles/NUCLEO-F429ZI.elf.dir/Core/Src/stm32f4xx_it.c.obj
                0x0000000008009d2a                BusFault_Handler
 .text.UsageFault_Handler
                0x0000000008009d2c        0x2 CMakeFiles/NUCLEO-F429ZI.elf.dir/Core/Src/stm32f4xx_it.c.obj
                0x0000000008009d2c                UsageFault_Handler
 .text.SVC_Handler
                0x0000000008009d2e        0x2 CMakeFiles/NUCLEO-F429ZI.elf.dir/Core/Src/stm32f4xx_it.c.obj
                0x0000000008009d2e                SVC_Handler
 .text.DebugMon_Handler
                0x0000000008009d30        0x2 CMakeFiles/NUCLEO-F429ZI.elf.dir/Core/Src/stm32f4xx_it.c.obj
                0x0000000008009d30                DebugMon_Handler
 .text.PendSV_Handler
                0x0000000008009d32        0x2 CMakeFiles/NUCLEO-F429ZI.elf.dir/Core/Src/stm32f4xx_it.c.obj
                0x0000000008009d32                PendSV_Handler
 .text.SysTick_Handler
                0x0000000008009d34        0x8 CMakeFiles/NUCLEO-F429ZI.elf.dir/Core/Src/stm32f4xx_it.c.obj
                0x0000000008009d34                SysTick_Handler
 .text._getpid  0x0000000008009d3c        0x4 CMakeFiles/NUCLEO-F429ZI.elf.dir/Core/Src/syscalls.c.obj
                0x0000000008009d3c                _getpid
 .text._kill    0x0000000008009d40       0x10 CMakeFiles/NUCLEO-F429ZI.elf.dir/Core/Src/syscalls.c.obj
                0x0000000008009d40                _kill
 .text._exit    0x0000000008009d50        0xc CMakeFiles/NUCLEO-F429ZI.elf.dir/Core/Src/syscalls.c.obj
                0x0000000008009d50                _exit
 .text._read    0x0000000008009d5c       0x20 CMakeFiles/NUCLEO-F429ZI.elf.dir/Core/Src/syscalls.c.obj
                0x0000000008009d5c                _read
 .text._write   0x0000000008009d7c       0x1c CMakeFiles/NUCLEO-F429ZI.elf.dir/Core/Src/syscalls.c.obj
                0x0000000008009d7c                _write
 .text._close   0x0000000008009d98        0x6 CMakeFiles/NUCLEO-F429ZI.elf.dir/Core/Src/syscalls.c.obj
                0x0000000008009d98                _close
 .text._fstat   0x0000000008009d9e        0xa CMakeFiles/NUCLEO-F429ZI.elf.dir/Core/Src/syscalls.c.obj
                0x0000000008009d9e                _fstat
 .text._isatty  0x0000000008009da8        0x4 CMakeFiles/NUCLEO-F429ZI.elf.dir/Core/Src/syscalls.c.obj
                0x0000000008009da8                _isatty
 .text._lseek   0x0000000008009dac        0x4 CMakeFiles/NUCLEO-F429ZI.elf.dir/Core/Src/syscalls.c.obj
                0x0000000008009dac                _lseek
 .text._sbrk    0x0000000008009db0       0x4c CMakeFiles/NUCLEO-F429ZI.elf.dir/Core/Src/sysmem.c.obj
                0x0000000008009db0                _sbrk
 .text.SystemInit
                0x0000000008009dfc        0x2 CMakeFiles/NUCLEO-F429ZI.elf.dir/Core/Src/system_stm32f4xx.c.obj
                0x0000000008009dfc                SystemInit
 *fill*         0x0000000008009dfe        0x2 
 .text.MX_USART3_UART_Init
                0x0000000008009e00       0x34 CMakeFiles/NUCLEO-F429ZI.elf.dir/Core/Src/usart.c.obj
                0x0000000008009e00                MX_USART3_UART_Init
 .text.HAL_UART_MspInit
                0x0000000008009e34       0x70 CMakeFiles/NUCLEO-F429ZI.elf.dir/Core/Src/usart.c.obj
                0x0000000008009e34                HAL_UART_MspInit
 .text.MX_USB_OTG_FS_PCD_Init
                0x0000000008009ea4       0x38 CMakeFiles/NUCLEO-F429ZI.elf.dir/Core/Src/usb_otg.c.obj
                0x0000000008009ea4                MX_USB_OTG_FS_PCD_Init
 .text.HAL_PCD_MspInit
                0x0000000008009edc       0x88 CMakeFiles/NUCLEO-F429ZI.elf.dir/Core/Src/usb_otg.c.obj
                0x0000000008009edc                HAL_PCD_MspInit
 .text.Reset_Handler
                0x0000000008009f64       0x50 CMakeFiles/NUCLEO-F429ZI.elf.dir/Core/Startup/startup_stm32f429zitx.s.obj
                0x0000000008009f64                Reset_Handler
 .text.Default_Handler
                0x0000000008009fb4        0x2 CMakeFiles/NUCLEO-F429ZI.elf.dir/Core/Startup/startup_stm32f429zitx.s.obj
                0x0000000008009fb4                RTC_Alarm_IRQHandler
                0x0000000008009fb4                HASH_RNG_IRQHandler
                0x0000000008009fb4                EXTI2_IRQHandler
                0x0000000008009fb4                TIM8_CC_IRQHandler
                0x0000000008009fb4                UART8_IRQHandler
                0x0000000008009fb4                SPI4_IRQHandler
                0x0000000008009fb4                TIM1_CC_IRQHandler
                0x0000000008009fb4                DMA2_Stream5_IRQHandler
                0x0000000008009fb4                DMA1_Stream5_IRQHandler
                0x0000000008009fb4                PVD_IRQHandler
                0x0000000008009fb4                SDIO_IRQHandler
                0x0000000008009fb4                TAMP_STAMP_IRQHandler
                0x0000000008009fb4                CAN2_RX1_IRQHandler
                0x0000000008009fb4                EXTI3_IRQHandler
                0x0000000008009fb4                TIM8_TRG_COM_TIM14_IRQHandler
                0x0000000008009fb4                TIM1_UP_TIM10_IRQHandler
                0x0000000008009fb4                TIM8_UP_TIM13_IRQHandler
                0x0000000008009fb4                I2C3_ER_IRQHandler
                0x0000000008009fb4                I2C2_EV_IRQHandler
                0x0000000008009fb4                DMA1_Stream2_IRQHandler
                0x0000000008009fb4                CAN1_RX0_IRQHandler
                0x0000000008009fb4                FPU_IRQHandler
                0x0000000008009fb4                OTG_HS_WKUP_IRQHandler
                0x0000000008009fb4                LTDC_ER_IRQHandler
                0x0000000008009fb4                CAN2_SCE_IRQHandler
                0x0000000008009fb4                DMA2_Stream2_IRQHandler
                0x0000000008009fb4                SPI1_IRQHandler
                0x0000000008009fb4                TIM6_DAC_IRQHandler
                0x0000000008009fb4                TIM1_BRK_TIM9_IRQHandler
                0x0000000008009fb4                DCMI_IRQHandler
                0x0000000008009fb4                CAN2_RX0_IRQHandler
                0x0000000008009fb4                DMA2_Stream3_IRQHandler
                0x0000000008009fb4                USART6_IRQHandler
                0x0000000008009fb4                CAN1_RX1_IRQHandler
                0x0000000008009fb4                UART5_IRQHandler
                0x0000000008009fb4                DMA2_Stream0_IRQHandler
                0x0000000008009fb4                TIM4_IRQHandler
                0x0000000008009fb4                I2C1_EV_IRQHandler
                0x0000000008009fb4                DMA1_Stream6_IRQHandler
                0x0000000008009fb4                DMA1_Stream1_IRQHandler
                0x0000000008009fb4                TIM3_IRQHandler
                0x0000000008009fb4                RCC_IRQHandler
                0x0000000008009fb4                TIM8_BRK_TIM12_IRQHandler
                0x0000000008009fb4                Default_Handler
                0x0000000008009fb4                ADC_IRQHandler
                0x0000000008009fb4                DMA1_Stream7_IRQHandler
                0x0000000008009fb4                SPI5_IRQHandler
                0x0000000008009fb4                TIM7_IRQHandler
                0x0000000008009fb4                CAN2_TX_IRQHandler
                0x0000000008009fb4                TIM5_IRQHandler
                0x0000000008009fb4                DMA2_Stream7_IRQHandler
                0x0000000008009fb4                I2C3_EV_IRQHandler
                0x0000000008009fb4                EXTI9_5_IRQHandler
                0x0000000008009fb4                RTC_WKUP_IRQHandler
                0x0000000008009fb4                LTDC_IRQHandler
                0x0000000008009fb4                ETH_WKUP_IRQHandler
                0x0000000008009fb4                SPI2_IRQHandler
                0x0000000008009fb4                OTG_HS_EP1_IN_IRQHandler
                0x0000000008009fb4                DMA1_Stream0_IRQHandler
                0x0000000008009fb4                CAN1_TX_IRQHandler
                0x0000000008009fb4                EXTI4_IRQHandler
                0x0000000008009fb4                ETH_IRQHandler
                0x0000000008009fb4                OTG_HS_EP1_OUT_IRQHandler
                0x0000000008009fb4                WWDG_IRQHandler
                0x0000000008009fb4                SPI6_IRQHandler
                0x0000000008009fb4                TIM2_IRQHandler
                0x0000000008009fb4                OTG_FS_WKUP_IRQHandler
                0x0000000008009fb4                TIM1_TRG_COM_TIM11_IRQHandler
                0x0000000008009fb4                OTG_HS_IRQHandler
                0x0000000008009fb4                DMA2D_IRQHandler
                0x0000000008009fb4                UART7_IRQHandler
                0x0000000008009fb4                I2C2_ER_IRQHandler
                0x0000000008009fb4                DMA2_Stream1_IRQHandler
                0x0000000008009fb4                CAN1_SCE_IRQHandler
                0x0000000008009fb4                FLASH_IRQHandler
                0x0000000008009fb4                DMA2_Stream4_IRQHandler
                0x0000000008009fb4                OTG_FS_IRQHandler
                0x0000000008009fb4                SPI3_IRQHandler
                0x0000000008009fb4                DMA1_Stream4_IRQHandler
                0x0000000008009fb4                I2C1_ER_IRQHandler
                0x0000000008009fb4                FMC_IRQHandler
                0x0000000008009fb4                DMA2_Stream6_IRQHandler
                0x0000000008009fb4                SAI1_IRQHandler
                0x0000000008009fb4                DMA1_Stream3_IRQHandler
 .text.LAN8742_RegisterBusIO
                0x0000000008009fb6       0x3e CMakeFiles/NUCLEO-F429ZI.elf.dir/Drivers/BSP/Components/lan8742/lan8742.c.obj
                0x0000000008009fb6                LAN8742_RegisterBusIO
 .text.LAN8742_Init
                0x0000000008009ff4       0x5e CMakeFiles/NUCLEO-F429ZI.elf.dir/Drivers/BSP/Components/lan8742/lan8742.c.obj
                0x0000000008009ff4                LAN8742_Init
 .text.LAN8742_GetLinkState
                0x000000000800a052       0xc2 CMakeFiles/NUCLEO-F429ZI.elf.dir/Drivers/BSP/Components/lan8742/lan8742.c.obj
                0x000000000800a052                LAN8742_GetLinkState
 .text.HAL_InitTick
                0x000000000800a114       0x4c CMakeFiles/NUCLEO-F429ZI.elf.dir/Drivers/STM32F4xx_HAL_Driver/Src/stm32f4xx_hal.c.obj
                0x000000000800a114                HAL_InitTick
 .text.HAL_Init
                0x000000000800a160       0x34 CMakeFiles/NUCLEO-F429ZI.elf.dir/Drivers/STM32F4xx_HAL_Driver/Src/stm32f4xx_hal.c.obj
                0x000000000800a160                HAL_Init
 .text.HAL_IncTick
                0x000000000800a194       0x18 CMakeFiles/NUCLEO-F429ZI.elf.dir/Drivers/STM32F4xx_HAL_Driver/Src/stm32f4xx_hal.c.obj
                0x000000000800a194                HAL_IncTick
 .text.HAL_GetTick
                0x000000000800a1ac        0xc CMakeFiles/NUCLEO-F429ZI.elf.dir/Drivers/STM32F4xx_HAL_Driver/Src/stm32f4xx_hal.c.obj
                0x000000000800a1ac                HAL_GetTick
 .text.HAL_Delay
                0x000000000800a1b8       0x28 CMakeFiles/NUCLEO-F429ZI.elf.dir/Drivers/STM32F4xx_HAL_Driver/Src/stm32f4xx_hal.c.obj
                0x000000000800a1b8                HAL_Delay
 .text.HAL_NVIC_SetPriorityGrouping
                0x000000000800a1e0       0x24 CMakeFiles/NUCLEO-F429ZI.elf.dir/Drivers/STM32F4xx_HAL_Driver/Src/stm32f4xx_hal_cortex.c.obj
                0x000000000800a1e0                HAL_NVIC_SetPriorityGrouping
 .text.HAL_NVIC_SetPriority
                0x000000000800a204       0x70 CMakeFiles/NUCLEO-F429ZI.elf.dir/Drivers/STM32F4xx_HAL_Driver/Src/stm32f4xx_hal_cortex.c.obj
                0x000000000800a204                HAL_NVIC_SetPriority
 .text.HAL_SYSTICK_Config
                0x000000000800a274       0x28 CMakeFiles/NUCLEO-F429ZI.elf.dir/Drivers/STM32F4xx_HAL_Driver/Src/stm32f4xx_hal_cortex.c.obj
                0x000000000800a274                HAL_SYSTICK_Config
 .text.HAL_DMA_Abort
                0x000000000800a29c       0x94 CMakeFiles/NUCLEO-F429ZI.elf.dir/Drivers/STM32F4xx_HAL_Driver/Src/stm32f4xx_hal_dma.c.obj
                0x000000000800a29c                HAL_DMA_Abort
 .text.HAL_DMA_Abort_IT
                0x000000000800a330       0x26 CMakeFiles/NUCLEO-F429ZI.elf.dir/Drivers/STM32F4xx_HAL_Driver/Src/stm32f4xx_hal_dma.c.obj
                0x000000000800a330                HAL_DMA_Abort_IT
 .text.ETH_UpdateDescriptor
                0x000000000800a356       0xae CMakeFiles/NUCLEO-F429ZI.elf.dir/Drivers/STM32F4xx_HAL_Driver/Src/stm32f4xx_hal_eth.c.obj
 .text.ETH_MACAddressConfig
                0x000000000800a404       0x30 CMakeFiles/NUCLEO-F429ZI.elf.dir/Drivers/STM32F4xx_HAL_Driver/Src/stm32f4xx_hal_eth.c.obj
 .text.ETH_DMATxDescListInit
                0x000000000800a434       0x6e CMakeFiles/NUCLEO-F429ZI.elf.dir/Drivers/STM32F4xx_HAL_Driver/Src/stm32f4xx_hal_eth.c.obj
 .text.ETH_DMARxDescListInit
                0x000000000800a4a2       0x7c CMakeFiles/NUCLEO-F429ZI.elf.dir/Drivers/STM32F4xx_HAL_Driver/Src/stm32f4xx_hal_eth.c.obj
 .text.ETH_Prepare_Tx_Descriptors
                0x000000000800a51e      0x18a CMakeFiles/NUCLEO-F429ZI.elf.dir/Drivers/STM32F4xx_HAL_Driver/Src/stm32f4xx_hal_eth.c.obj
 .text.ETH_SetMACConfig
                0x000000000800a6a8      0x100 CMakeFiles/NUCLEO-F429ZI.elf.dir/Drivers/STM32F4xx_HAL_Driver/Src/stm32f4xx_hal_eth.c.obj
 .text.ETH_SetDMAConfig
                0x000000000800a7a8       0xc0 CMakeFiles/NUCLEO-F429ZI.elf.dir/Drivers/STM32F4xx_HAL_Driver/Src/stm32f4xx_hal_eth.c.obj
 .text.ETH_MACDMAConfig
                0x000000000800a868       0xa6 CMakeFiles/NUCLEO-F429ZI.elf.dir/Drivers/STM32F4xx_HAL_Driver/Src/stm32f4xx_hal_eth.c.obj
 .text.ETH_FlushTransmitFIFO
                0x000000000800a90e       0x36 CMakeFiles/NUCLEO-F429ZI.elf.dir/Drivers/STM32F4xx_HAL_Driver/Src/stm32f4xx_hal_eth.c.obj
 .text.HAL_ETH_Init
                0x000000000800a944       0xec CMakeFiles/NUCLEO-F429ZI.elf.dir/Drivers/STM32F4xx_HAL_Driver/Src/stm32f4xx_hal_eth.c.obj
                0x000000000800a944                HAL_ETH_Init
 .text.HAL_ETH_Start
                0x000000000800aa30       0x78 CMakeFiles/NUCLEO-F429ZI.elf.dir/Drivers/STM32F4xx_HAL_Driver/Src/stm32f4xx_hal_eth.c.obj
                0x000000000800aa30                HAL_ETH_Start
 .text.HAL_ETH_Stop
                0x000000000800aaa8       0x70 CMakeFiles/NUCLEO-F429ZI.elf.dir/Drivers/STM32F4xx_HAL_Driver/Src/stm32f4xx_hal_eth.c.obj
                0x000000000800aaa8                HAL_ETH_Stop
 .text.HAL_ETH_Transmit
                0x000000000800ab18       0xca CMakeFiles/NUCLEO-F429ZI.elf.dir/Drivers/STM32F4xx_HAL_Driver/Src/stm32f4xx_hal_eth.c.obj
                0x000000000800ab18                HAL_ETH_Transmit
 .text.HAL_ETH_ReadData
                0x000000000800abe2       0xf2 CMakeFiles/NUCLEO-F429ZI.elf.dir/Drivers/STM32F4xx_HAL_Driver/Src/stm32f4xx_hal_eth.c.obj
                0x000000000800abe2                HAL_ETH_ReadData
 .text.HAL_ETH_ReadPHYRegister
                0x000000000800acd4       0x52 CMakeFiles/NUCLEO-F429ZI.elf.dir/Drivers/STM32F4xx_HAL_Driver/Src/stm32f4xx_hal_eth.c.obj
                0x000000000800acd4                HAL_ETH_ReadPHYRegister
 .text.HAL_ETH_WritePHYRegister
                0x000000000800ad26       0x4e CMakeFiles/NUCLEO-F429ZI.elf.dir/Drivers/STM32F4xx_HAL_Driver/Src/stm32f4xx_hal_eth.c.obj
                0x000000000800ad26                HAL_ETH_WritePHYRegister
 .text.HAL_ETH_GetMACConfig
                0x000000000800ad74       0xfc CMakeFiles/NUCLEO-F429ZI.elf.dir/Drivers/STM32F4xx_HAL_Driver/Src/stm32f4xx_hal_eth.c.obj
                0x000000000800ad74                HAL_ETH_GetMACConfig
 .text.HAL_ETH_SetMACConfig
                0x000000000800ae70       0x1c CMakeFiles/NUCLEO-F429ZI.elf.dir/Drivers/STM32F4xx_HAL_Driver/Src/stm32f4xx_hal_eth.c.obj
                0x000000000800ae70                HAL_ETH_SetMACConfig
 .text.HAL_ETH_SetMDIOClockRange
                0x000000000800ae8c       0x54 CMakeFiles/NUCLEO-F429ZI.elf.dir/Drivers/STM32F4xx_HAL_Driver/Src/stm32f4xx_hal_eth.c.obj
                0x000000000800ae8c                HAL_ETH_SetMDIOClockRange
 .text.HAL_GPIO_Init
                0x000000000800aee0      0x1fc CMakeFiles/NUCLEO-F429ZI.elf.dir/Drivers/STM32F4xx_HAL_Driver/Src/stm32f4xx_hal_gpio.c.obj
                0x000000000800aee0                HAL_GPIO_Init
 .text.HAL_GPIO_ReadPin
                0x000000000800b0dc        0xe CMakeFiles/NUCLEO-F429ZI.elf.dir/Drivers/STM32F4xx_HAL_Driver/Src/stm32f4xx_hal_gpio.c.obj
                0x000000000800b0dc                HAL_GPIO_ReadPin
 .text.HAL_GPIO_WritePin
                0x000000000800b0ea        0xc CMakeFiles/NUCLEO-F429ZI.elf.dir/Drivers/STM32F4xx_HAL_Driver/Src/stm32f4xx_hal_gpio.c.obj
                0x000000000800b0ea                HAL_GPIO_WritePin
 *fill*         0x000000000800b0f6        0x2 
 .text.HAL_GPIO_EXTI_IRQHandler
                0x000000000800b0f8       0x1c CMakeFiles/NUCLEO-F429ZI.elf.dir/Drivers/STM32F4xx_HAL_Driver/Src/stm32f4xx_hal_gpio.c.obj
                0x000000000800b0f8                HAL_GPIO_EXTI_IRQHandler
 .text.HAL_PCD_Init
                0x000000000800b114      0x102 CMakeFiles/NUCLEO-F429ZI.elf.dir/Drivers/STM32F4xx_HAL_Driver/Src/stm32f4xx_hal_pcd.c.obj
                0x000000000800b114                HAL_PCD_Init
 *fill*         0x000000000800b216        0x2 
 .text.HAL_RCC_OscConfig
                0x000000000800b218      0x3f8 CMakeFiles/NUCLEO-F429ZI.elf.dir/Drivers/STM32F4xx_HAL_Driver/Src/stm32f4xx_hal_rcc.c.obj
                0x000000000800b218                HAL_RCC_OscConfig
 .text.HAL_RCC_GetSysClockFreq
                0x000000000800b610       0xd4 CMakeFiles/NUCLEO-F429ZI.elf.dir/Drivers/STM32F4xx_HAL_Driver/Src/stm32f4xx_hal_rcc.c.obj
                0x000000000800b610                HAL_RCC_GetSysClockFreq
 .text.HAL_RCC_ClockConfig
                0x000000000800b6e4      0x160 CMakeFiles/NUCLEO-F429ZI.elf.dir/Drivers/STM32F4xx_HAL_Driver/Src/stm32f4xx_hal_rcc.c.obj
                0x000000000800b6e4                HAL_RCC_ClockConfig
 .text.HAL_RCC_GetHCLKFreq
                0x000000000800b844        0xc CMakeFiles/NUCLEO-F429ZI.elf.dir/Drivers/STM32F4xx_HAL_Driver/Src/stm32f4xx_hal_rcc.c.obj
                0x000000000800b844                HAL_RCC_GetHCLKFreq
 .text.HAL_RCC_GetPCLK1Freq
                0x000000000800b850       0x20 CMakeFiles/NUCLEO-F429ZI.elf.dir/Drivers/STM32F4xx_HAL_Driver/Src/stm32f4xx_hal_rcc.c.obj
                0x000000000800b850                HAL_RCC_GetPCLK1Freq
 .text.HAL_RCC_GetPCLK2Freq
                0x000000000800b870       0x20 CMakeFiles/NUCLEO-F429ZI.elf.dir/Drivers/STM32F4xx_HAL_Driver/Src/stm32f4xx_hal_rcc.c.obj
                0x000000000800b870                HAL_RCC_GetPCLK2Freq
 .text.HAL_SPI_Init
                0x000000000800b890       0xbe CMakeFiles/NUCLEO-F429ZI.elf.dir/Drivers/STM32F4xx_HAL_Driver/Src/stm32f4xx_hal_spi.c.obj
                0x000000000800b890                HAL_SPI_Init
 .text.UART_EndRxTransfer
                0x000000000800b94e       0x5c CMakeFiles/NUCLEO-F429ZI.elf.dir/Drivers/STM32F4xx_HAL_Driver/Src/stm32f4xx_hal_uart.c.obj
 .text.UART_Transmit_IT
                0x000000000800b9aa       0x60 CMakeFiles/NUCLEO-F429ZI.elf.dir/Drivers/STM32F4xx_HAL_Driver/Src/stm32f4xx_hal_uart.c.obj
 *fill*         0x000000000800ba0a        0x2 
 .text.UART_SetConfig
                0x000000000800ba0c      0x110 CMakeFiles/NUCLEO-F429ZI.elf.dir/Drivers/STM32F4xx_HAL_Driver/Src/stm32f4xx_hal_uart.c.obj
 .text.UART_WaitOnFlagUntilTimeout
                0x000000000800bb1c       0x8a CMakeFiles/NUCLEO-F429ZI.elf.dir/Drivers/STM32F4xx_HAL_Driver/Src/stm32f4xx_hal_uart.c.obj
 .text.HAL_UART_Init
                0x000000000800bba6       0x60 CMakeFiles/NUCLEO-F429ZI.elf.dir/Drivers/STM32F4xx_HAL_Driver/Src/stm32f4xx_hal_uart.c.obj
                0x000000000800bba6                HAL_UART_Init
 .text.HAL_UART_Transmit
                0x000000000800bc06       0xcc CMakeFiles/NUCLEO-F429ZI.elf.dir/Drivers/STM32F4xx_HAL_Driver/Src/stm32f4xx_hal_uart.c.obj
                0x000000000800bc06                HAL_UART_Transmit
 .text.HAL_UART_TxCpltCallback
                0x000000000800bcd2        0x2 CMakeFiles/NUCLEO-F429ZI.elf.dir/Drivers/STM32F4xx_HAL_Driver/Src/stm32f4xx_hal_uart.c.obj
                0x000000000800bcd2                HAL_UART_TxCpltCallback
 .text.UART_EndTransmit_IT
                0x000000000800bcd4       0x1a CMakeFiles/NUCLEO-F429ZI.elf.dir/Drivers/STM32F4xx_HAL_Driver/Src/stm32f4xx_hal_uart.c.obj
 .text.HAL_UART_RxCpltCallback
                0x000000000800bcee        0x2 CMakeFiles/NUCLEO-F429ZI.elf.dir/Drivers/STM32F4xx_HAL_Driver/Src/stm32f4xx_hal_uart.c.obj
                0x000000000800bcee                HAL_UART_RxCpltCallback
 .text.HAL_UART_ErrorCallback
                0x000000000800bcf0        0x2 CMakeFiles/NUCLEO-F429ZI.elf.dir/Drivers/STM32F4xx_HAL_Driver/Src/stm32f4xx_hal_uart.c.obj
                0x000000000800bcf0                HAL_UART_ErrorCallback
 .text.UART_DMAAbortOnError
                0x000000000800bcf2       0x10 CMakeFiles/NUCLEO-F429ZI.elf.dir/Drivers/STM32F4xx_HAL_Driver/Src/stm32f4xx_hal_uart.c.obj
 .text.HAL_UARTEx_RxEventCallback
                0x000000000800bd02        0x2 CMakeFiles/NUCLEO-F429ZI.elf.dir/Drivers/STM32F4xx_HAL_Driver/Src/stm32f4xx_hal_uart.c.obj
                0x000000000800bd02                HAL_UARTEx_RxEventCallback
 .text.UART_Receive_IT
                0x000000000800bd04       0xe6 CMakeFiles/NUCLEO-F429ZI.elf.dir/Drivers/STM32F4xx_HAL_Driver/Src/stm32f4xx_hal_uart.c.obj
 *fill*         0x000000000800bdea        0x2 
 .text.HAL_UART_IRQHandler
                0x000000000800bdec      0x288 CMakeFiles/NUCLEO-F429ZI.elf.dir/Drivers/STM32F4xx_HAL_Driver/Src/stm32f4xx_hal_uart.c.obj
                0x000000000800bdec                HAL_UART_IRQHandler
 .text.USB_CoreReset
                0x000000000800c074       0x4a CMakeFiles/NUCLEO-F429ZI.elf.dir/Drivers/STM32F4xx_HAL_Driver/Src/stm32f4xx_ll_usb.c.obj
 .text.USB_CoreInit
                0x000000000800c0be       0x92 CMakeFiles/NUCLEO-F429ZI.elf.dir/Drivers/STM32F4xx_HAL_Driver/Src/stm32f4xx_ll_usb.c.obj
                0x000000000800c0be                USB_CoreInit
 .text.USB_DisableGlobalInt
                0x000000000800c150        0xc CMakeFiles/NUCLEO-F429ZI.elf.dir/Drivers/STM32F4xx_HAL_Driver/Src/stm32f4xx_ll_usb.c.obj
                0x000000000800c150                USB_DisableGlobalInt
 .text.USB_FlushTxFifo
                0x000000000800c15c       0x4a CMakeFiles/NUCLEO-F429ZI.elf.dir/Drivers/STM32F4xx_HAL_Driver/Src/stm32f4xx_ll_usb.c.obj
                0x000000000800c15c                USB_FlushTxFifo
 .text.USB_FlushRxFifo
                0x000000000800c1a6       0x46 CMakeFiles/NUCLEO-F429ZI.elf.dir/Drivers/STM32F4xx_HAL_Driver/Src/stm32f4xx_ll_usb.c.obj
                0x000000000800c1a6                USB_FlushRxFifo
 .text.USB_SetDevSpeed
                0x000000000800c1ec        0xe CMakeFiles/NUCLEO-F429ZI.elf.dir/Drivers/STM32F4xx_HAL_Driver/Src/stm32f4xx_ll_usb.c.obj
                0x000000000800c1ec                USB_SetDevSpeed
 *fill*         0x000000000800c1fa        0x2 
 .text.USB_DevInit
                0x000000000800c1fc      0x194 CMakeFiles/NUCLEO-F429ZI.elf.dir/Drivers/STM32F4xx_HAL_Driver/Src/stm32f4xx_ll_usb.c.obj
                0x000000000800c1fc                USB_DevInit
 .text.USB_DevDisconnect
                0x000000000800c390       0x1c CMakeFiles/NUCLEO-F429ZI.elf.dir/Drivers/STM32F4xx_HAL_Driver/Src/stm32f4xx_ll_usb.c.obj
                0x000000000800c390                USB_DevDisconnect
 .text.USB_GetMode
                0x000000000800c3ac        0x8 CMakeFiles/NUCLEO-F429ZI.elf.dir/Drivers/STM32F4xx_HAL_Driver/Src/stm32f4xx_ll_usb.c.obj
                0x000000000800c3ac                USB_GetMode
 .text.USB_SetCurrentMode
                0x000000000800c3b4       0x62 CMakeFiles/NUCLEO-F429ZI.elf.dir/Drivers/STM32F4xx_HAL_Driver/Src/stm32f4xx_ll_usb.c.obj
                0x000000000800c3b4                USB_SetCurrentMode
 .text.ethernet_link_status_updated
                0x000000000800c416        0x2 CMakeFiles/NUCLEO-F429ZI.elf.dir/LWIP/App/lwip.c.obj
 .text.Ethernet_Link_Periodic_Handle
                0x000000000800c418       0x28 CMakeFiles/NUCLEO-F429ZI.elf.dir/LWIP/App/lwip.c.obj
 .text.MX_LWIP_Init
                0x000000000800c440      0x110 CMakeFiles/NUCLEO-F429ZI.elf.dir/LWIP/App/lwip.c.obj
                0x000000000800c440                MX_LWIP_Init
 .text.MX_LWIP_Process
                0x000000000800c550       0x1c CMakeFiles/NUCLEO-F429ZI.elf.dir/LWIP/App/lwip.c.obj
                0x000000000800c550                MX_LWIP_Process
 .text.ETH_PHY_IO_DeInit
                0x000000000800c56c        0x4 CMakeFiles/NUCLEO-F429ZI.elf.dir/LWIP/Target/ethernetif.c.obj
                0x000000000800c56c                ETH_PHY_IO_DeInit
 .text.low_level_input
                0x000000000800c570       0x28 CMakeFiles/NUCLEO-F429ZI.elf.dir/LWIP/Target/ethernetif.c.obj
 .text.low_level_output
                0x000000000800c598       0x9c CMakeFiles/NUCLEO-F429ZI.elf.dir/LWIP/Target/ethernetif.c.obj
 .text.pbuf_free_custom
                0x000000000800c634       0x24 CMakeFiles/NUCLEO-F429ZI.elf.dir/LWIP/Target/ethernetif.c.obj
                0x000000000800c634                pbuf_free_custom
 .text.ETH_PHY_IO_GetTick
                0x000000000800c658        0x8 CMakeFiles/NUCLEO-F429ZI.elf.dir/LWIP/Target/ethernetif.c.obj
                0x000000000800c658                ETH_PHY_IO_GetTick
 .text.ETH_PHY_IO_Init
                0x000000000800c660       0x10 CMakeFiles/NUCLEO-F429ZI.elf.dir/LWIP/Target/ethernetif.c.obj
                0x000000000800c660                ETH_PHY_IO_Init
 .text.ETH_PHY_IO_ReadReg
                0x000000000800c670       0x1c CMakeFiles/NUCLEO-F429ZI.elf.dir/LWIP/Target/ethernetif.c.obj
                0x000000000800c670                ETH_PHY_IO_ReadReg
 .text.ETH_PHY_IO_WriteReg
                0x000000000800c68c       0x1c CMakeFiles/NUCLEO-F429ZI.elf.dir/LWIP/Target/ethernetif.c.obj
                0x000000000800c68c                ETH_PHY_IO_WriteReg
 .text.ethernetif_input
                0x000000000800c6a8       0x28 CMakeFiles/NUCLEO-F429ZI.elf.dir/LWIP/Target/ethernetif.c.obj
                0x000000000800c6a8                ethernetif_input
 .text.sys_now  0x000000000800c6d0        0x8 CMakeFiles/NUCLEO-F429ZI.elf.dir/LWIP/Target/ethernetif.c.obj
                0x000000000800c6d0                sys_now
 .text.HAL_ETH_MspInit
                0x000000000800c6d8      0x11c CMakeFiles/NUCLEO-F429ZI.elf.dir/LWIP/Target/ethernetif.c.obj
                0x000000000800c6d8                HAL_ETH_MspInit
 .text.ethernet_link_check_state
                0x000000000800c7f4       0xb8 CMakeFiles/NUCLEO-F429ZI.elf.dir/LWIP/Target/ethernetif.c.obj
                0x000000000800c7f4                ethernet_link_check_state
 .text.low_level_init
                0x000000000800c8ac       0xf0 CMakeFiles/NUCLEO-F429ZI.elf.dir/LWIP/Target/ethernetif.c.obj
 .text.ethernetif_init
                0x000000000800c99c       0x48 CMakeFiles/NUCLEO-F429ZI.elf.dir/LWIP/Target/ethernetif.c.obj
                0x000000000800c99c                ethernetif_init
 .text.HAL_ETH_RxAllocateCallback
                0x000000000800c9e4       0x4c CMakeFiles/NUCLEO-F429ZI.elf.dir/LWIP/Target/ethernetif.c.obj
                0x000000000800c9e4                HAL_ETH_RxAllocateCallback
 .text.HAL_ETH_RxLinkCallback
                0x000000000800ca30       0x36 CMakeFiles/NUCLEO-F429ZI.elf.dir/LWIP/Target/ethernetif.c.obj
                0x000000000800ca30                HAL_ETH_RxLinkCallback
 .text.lwip_htons
                0x000000000800ca66        0xa CMakeFiles/NUCLEO-F429ZI.elf.dir/Middlewares/Third_Party/LwIP/src/core/def.c.obj
                0x000000000800ca66                lwip_htons
 .text.lwip_htonl
                0x000000000800ca70       0x18 CMakeFiles/NUCLEO-F429ZI.elf.dir/Middlewares/Third_Party/LwIP/src/core/def.c.obj
                0x000000000800ca70                lwip_htonl
 .text.lwip_init
                0x000000000800ca88       0x1c CMakeFiles/NUCLEO-F429ZI.elf.dir/Middlewares/Third_Party/LwIP/src/core/init.c.obj
                0x000000000800ca88                lwip_init
 .text.etharp_free_entry
                0x000000000800caa4       0x34 CMakeFiles/NUCLEO-F429ZI.elf.dir/Middlewares/Third_Party/LwIP/src/core/ipv4/etharp.c.obj
 .text.etharp_find_entry
                0x000000000800cad8      0x1c0 CMakeFiles/NUCLEO-F429ZI.elf.dir/Middlewares/Third_Party/LwIP/src/core/ipv4/etharp.c.obj
 .text.etharp_update_arp_entry
                0x000000000800cc98       0xc4 CMakeFiles/NUCLEO-F429ZI.elf.dir/Middlewares/Third_Party/LwIP/src/core/ipv4/etharp.c.obj
 .text.etharp_raw
                0x000000000800cd5c       0xe8 CMakeFiles/NUCLEO-F429ZI.elf.dir/Middlewares/Third_Party/LwIP/src/core/ipv4/etharp.c.obj
 .text.etharp_request_dst
                0x000000000800ce44       0x24 CMakeFiles/NUCLEO-F429ZI.elf.dir/Middlewares/Third_Party/LwIP/src/core/ipv4/etharp.c.obj
 .text.etharp_cleanup_netif
                0x000000000800ce68       0x3c CMakeFiles/NUCLEO-F429ZI.elf.dir/Middlewares/Third_Party/LwIP/src/core/ipv4/etharp.c.obj
                0x000000000800ce68                etharp_cleanup_netif
 .text.etharp_input
                0x000000000800cea4       0xb8 CMakeFiles/NUCLEO-F429ZI.elf.dir/Middlewares/Third_Party/LwIP/src/core/ipv4/etharp.c.obj
                0x000000000800cea4                etharp_input
 .text.etharp_request
                0x000000000800cf5c       0x10 CMakeFiles/NUCLEO-F429ZI.elf.dir/Middlewares/Third_Party/LwIP/src/core/ipv4/etharp.c.obj
                0x000000000800cf5c                etharp_request
 .text.etharp_tmr
                0x000000000800cf6c       0x88 CMakeFiles/NUCLEO-F429ZI.elf.dir/Middlewares/Third_Party/LwIP/src/core/ipv4/etharp.c.obj
                0x000000000800cf6c                etharp_tmr
 .text.etharp_output_to_arp_index
                0x000000000800cff4       0xdc CMakeFiles/NUCLEO-F429ZI.elf.dir/Middlewares/Third_Party/LwIP/src/core/ipv4/etharp.c.obj
 .text.etharp_query
                0x000000000800d0d0      0x1b4 CMakeFiles/NUCLEO-F429ZI.elf.dir/Middlewares/Third_Party/LwIP/src/core/ipv4/etharp.c.obj
                0x000000000800d0d0                etharp_query
 .text.etharp_output
                0x000000000800d284      0x168 CMakeFiles/NUCLEO-F429ZI.elf.dir/Middlewares/Third_Party/LwIP/src/core/ipv4/etharp.c.obj
                0x000000000800d284                etharp_output
 .text.icmp_send_response
                0x000000000800d3ec       0xa8 CMakeFiles/NUCLEO-F429ZI.elf.dir/Middlewares/Third_Party/LwIP/src/core/ipv4/icmp.c.obj
 .text.icmp_input
                0x000000000800d494      0x148 CMakeFiles/NUCLEO-F429ZI.elf.dir/Middlewares/Third_Party/LwIP/src/core/ipv4/icmp.c.obj
                0x000000000800d494                icmp_input
 .text.icmp_dest_unreach
                0x000000000800d5dc        0xc CMakeFiles/NUCLEO-F429ZI.elf.dir/Middlewares/Third_Party/LwIP/src/core/ipv4/icmp.c.obj
                0x000000000800d5dc                icmp_dest_unreach
 .text.icmp_time_exceeded
                0x000000000800d5e8        0xc CMakeFiles/NUCLEO-F429ZI.elf.dir/Middlewares/Third_Party/LwIP/src/core/ipv4/icmp.c.obj
                0x000000000800d5e8                icmp_time_exceeded
 .text.ip4_input_accept
                0x000000000800d5f4       0x34 CMakeFiles/NUCLEO-F429ZI.elf.dir/Middlewares/Third_Party/LwIP/src/core/ipv4/ip4.c.obj
 .text.ip4_route
                0x000000000800d628       0xb0 CMakeFiles/NUCLEO-F429ZI.elf.dir/Middlewares/Third_Party/LwIP/src/core/ipv4/ip4.c.obj
                0x000000000800d628                ip4_route
 .text.ip4_input
                0x000000000800d6d8      0x1a0 CMakeFiles/NUCLEO-F429ZI.elf.dir/Middlewares/Third_Party/LwIP/src/core/ipv4/ip4.c.obj
                0x000000000800d6d8                ip4_input
 .text.ip4_output_if_src
                0x000000000800d878      0x100 CMakeFiles/NUCLEO-F429ZI.elf.dir/Middlewares/Third_Party/LwIP/src/core/ipv4/ip4.c.obj
                0x000000000800d878                ip4_output_if_src
 .text.ip4_output_if
                0x000000000800d978       0x2a CMakeFiles/NUCLEO-F429ZI.elf.dir/Middlewares/Third_Party/LwIP/src/core/ipv4/ip4.c.obj
                0x000000000800d978                ip4_output_if
 .text.ip4_addr_isbroadcast_u32
                0x000000000800d9a2       0x40 CMakeFiles/NUCLEO-F429ZI.elf.dir/Middlewares/Third_Party/LwIP/src/core/ipv4/ip4_addr.c.obj
                0x000000000800d9a2                ip4_addr_isbroadcast_u32
 *fill*         0x000000000800d9e2        0x2 
 .text.ip4addr_ntoa_r
                0x000000000800d9e4       0x98 CMakeFiles/NUCLEO-F429ZI.elf.dir/Middlewares/Third_Party/LwIP/src/core/ipv4/ip4_addr.c.obj
                0x000000000800d9e4                ip4addr_ntoa_r
 .text.ip4addr_ntoa
                0x000000000800da7c       0x10 CMakeFiles/NUCLEO-F429ZI.elf.dir/Middlewares/Third_Party/LwIP/src/core/ipv4/ip4_addr.c.obj
                0x000000000800da7c                ip4addr_ntoa
 .text.ip_reass_dequeue_datagram
                0x000000000800da8c       0x48 CMakeFiles/NUCLEO-F429ZI.elf.dir/Middlewares/Third_Party/LwIP/src/core/ipv4/ip4_frag.c.obj
 .text.ip_reass_free_complete_datagram
                0x000000000800dad4       0xfc CMakeFiles/NUCLEO-F429ZI.elf.dir/Middlewares/Third_Party/LwIP/src/core/ipv4/ip4_frag.c.obj
 .text.ip_reass_remove_oldest_datagram
                0x000000000800dbd0       0x78 CMakeFiles/NUCLEO-F429ZI.elf.dir/Middlewares/Third_Party/LwIP/src/core/ipv4/ip4_frag.c.obj
 .text.ip_frag_free_pbuf_custom_ref
                0x000000000800dc48       0x2c CMakeFiles/NUCLEO-F429ZI.elf.dir/Middlewares/Third_Party/LwIP/src/core/ipv4/ip4_frag.c.obj
 .text.ipfrag_free_pbuf_custom
                0x000000000800dc74       0x34 CMakeFiles/NUCLEO-F429ZI.elf.dir/Middlewares/Third_Party/LwIP/src/core/ipv4/ip4_frag.c.obj
 .text.ip_reass_chain_frag_into_datagram_and_validate
                0x000000000800dca8      0x1a0 CMakeFiles/NUCLEO-F429ZI.elf.dir/Middlewares/Third_Party/LwIP/src/core/ipv4/ip4_frag.c.obj
 .text.ip_frag_alloc_pbuf_custom_ref
                0x000000000800de48        0xa CMakeFiles/NUCLEO-F429ZI.elf.dir/Middlewares/Third_Party/LwIP/src/core/ipv4/ip4_frag.c.obj
 *fill*         0x000000000800de52        0x2 
 .text.ip_reass_enqueue_new_datagram
                0x000000000800de54       0x60 CMakeFiles/NUCLEO-F429ZI.elf.dir/Middlewares/Third_Party/LwIP/src/core/ipv4/ip4_frag.c.obj
 .text.ip_reass_tmr
                0x000000000800deb4       0x2c CMakeFiles/NUCLEO-F429ZI.elf.dir/Middlewares/Third_Party/LwIP/src/core/ipv4/ip4_frag.c.obj
                0x000000000800deb4                ip_reass_tmr
 .text.ip4_reass
                0x000000000800dee0      0x210 CMakeFiles/NUCLEO-F429ZI.elf.dir/Middlewares/Third_Party/LwIP/src/core/ipv4/ip4_frag.c.obj
                0x000000000800dee0                ip4_reass
 .text.ip4_frag
                0x000000000800e0f0      0x1f0 CMakeFiles/NUCLEO-F429ZI.elf.dir/Middlewares/Third_Party/LwIP/src/core/ipv4/ip4_frag.c.obj
                0x000000000800e0f0                ip4_frag
 .text.ptr_to_mem
                0x000000000800e2e0        0xc CMakeFiles/NUCLEO-F429ZI.elf.dir/Middlewares/Third_Party/LwIP/src/core/mem.c.obj
 .text.mem_to_ptr
                0x000000000800e2ec       0x10 CMakeFiles/NUCLEO-F429ZI.elf.dir/Middlewares/Third_Party/LwIP/src/core/mem.c.obj
 .text.mem_link_valid
                0x000000000800e2fc       0x5c CMakeFiles/NUCLEO-F429ZI.elf.dir/Middlewares/Third_Party/LwIP/src/core/mem.c.obj
 .text.plug_holes
                0x000000000800e358      0x100 CMakeFiles/NUCLEO-F429ZI.elf.dir/Middlewares/Third_Party/LwIP/src/core/mem.c.obj
 .text.mem_init
                0x000000000800e458       0x40 CMakeFiles/NUCLEO-F429ZI.elf.dir/Middlewares/Third_Party/LwIP/src/core/mem.c.obj
                0x000000000800e458                mem_init
 .text.mem_free
                0x000000000800e498       0xb4 CMakeFiles/NUCLEO-F429ZI.elf.dir/Middlewares/Third_Party/LwIP/src/core/mem.c.obj
                0x000000000800e498                mem_free
 .text.mem_trim
                0x000000000800e54c      0x17c CMakeFiles/NUCLEO-F429ZI.elf.dir/Middlewares/Third_Party/LwIP/src/core/mem.c.obj
                0x000000000800e54c                mem_trim
 .text.mem_malloc
                0x000000000800e6c8      0x168 CMakeFiles/NUCLEO-F429ZI.elf.dir/Middlewares/Third_Party/LwIP/src/core/mem.c.obj
                0x000000000800e6c8                mem_malloc
 .text.do_memp_malloc_pool
                0x000000000800e830       0x34 CMakeFiles/NUCLEO-F429ZI.elf.dir/Middlewares/Third_Party/LwIP/src/core/memp.c.obj
 .text.do_memp_free_pool
                0x000000000800e864       0x34 CMakeFiles/NUCLEO-F429ZI.elf.dir/Middlewares/Third_Party/LwIP/src/core/memp.c.obj
 .text.memp_init_pool
                0x000000000800e898       0x28 CMakeFiles/NUCLEO-F429ZI.elf.dir/Middlewares/Third_Party/LwIP/src/core/memp.c.obj
                0x000000000800e898                memp_init_pool
 .text.memp_init
                0x000000000800e8c0       0x20 CMakeFiles/NUCLEO-F429ZI.elf.dir/Middlewares/Third_Party/LwIP/src/core/memp.c.obj
                0x000000000800e8c0                memp_init
 .text.memp_malloc_pool
                0x000000000800e8e0       0x30 CMakeFiles/NUCLEO-F429ZI.elf.dir/Middlewares/Third_Party/LwIP/src/core/memp.c.obj
                0x000000000800e8e0                memp_malloc_pool
 .text.memp_malloc
                0x000000000800e910       0x34 CMakeFiles/NUCLEO-F429ZI.elf.dir/Middlewares/Third_Party/LwIP/src/core/memp.c.obj
                0x000000000800e910                memp_malloc
 .text.memp_free_pool
                0x000000000800e944       0x34 CMakeFiles/NUCLEO-F429ZI.elf.dir/Middlewares/Third_Party/LwIP/src/core/memp.c.obj
                0x000000000800e944                memp_free_pool
 .text.memp_free
                0x000000000800e978       0x34 CMakeFiles/NUCLEO-F429ZI.elf.dir/Middlewares/Third_Party/LwIP/src/core/memp.c.obj
                0x000000000800e978                memp_free
 .text.netif_do_set_netmask
                0x000000000800e9ac       0x18 CMakeFiles/NUCLEO-F429ZI.elf.dir/Middlewares/Third_Party/LwIP/src/core/netif.c.obj
 .text.netif_do_set_gw
                0x000000000800e9c4       0x18 CMakeFiles/NUCLEO-F429ZI.elf.dir/Middlewares/Third_Party/LwIP/src/core/netif.c.obj
 .text.netif_null_output_ip4
                0x000000000800e9dc        0x6 CMakeFiles/NUCLEO-F429ZI.elf.dir/Middlewares/Third_Party/LwIP/src/core/netif.c.obj
 .text.netif_do_ip_addr_changed
                0x000000000800e9e2       0x14 CMakeFiles/NUCLEO-F429ZI.elf.dir/Middlewares/Third_Party/LwIP/src/core/netif.c.obj
 *fill*         0x000000000800e9f6        0x2 
 .text.netif_issue_reports
                0x000000000800e9f8       0x4c CMakeFiles/NUCLEO-F429ZI.elf.dir/Middlewares/Third_Party/LwIP/src/core/netif.c.obj
 .text.netif_do_set_ipaddr
                0x000000000800ea44       0x6c CMakeFiles/NUCLEO-F429ZI.elf.dir/Middlewares/Third_Party/LwIP/src/core/netif.c.obj
 .text.netif_init
                0x000000000800eab0        0x2 CMakeFiles/NUCLEO-F429ZI.elf.dir/Middlewares/Third_Party/LwIP/src/core/netif.c.obj
                0x000000000800eab0                netif_init
 *fill*         0x000000000800eab2        0x2 
 .text.netif_set_addr
                0x000000000800eab4       0x6c CMakeFiles/NUCLEO-F429ZI.elf.dir/Middlewares/Third_Party/LwIP/src/core/netif.c.obj
                0x000000000800eab4                netif_set_addr
 .text.netif_add
                0x000000000800eb20      0x124 CMakeFiles/NUCLEO-F429ZI.elf.dir/Middlewares/Third_Party/LwIP/src/core/netif.c.obj
                0x000000000800eb20                netif_add
 .text.netif_set_default
                0x000000000800ec44        0xc CMakeFiles/NUCLEO-F429ZI.elf.dir/Middlewares/Third_Party/LwIP/src/core/netif.c.obj
                0x000000000800ec44                netif_set_default
 .text.netif_set_up
                0x000000000800ec50       0x3c CMakeFiles/NUCLEO-F429ZI.elf.dir/Middlewares/Third_Party/LwIP/src/core/netif.c.obj
                0x000000000800ec50                netif_set_up
 .text.netif_set_down
                0x000000000800ec8c       0x40 CMakeFiles/NUCLEO-F429ZI.elf.dir/Middlewares/Third_Party/LwIP/src/core/netif.c.obj
                0x000000000800ec8c                netif_set_down
 .text.netif_set_link_up
                0x000000000800eccc       0x48 CMakeFiles/NUCLEO-F429ZI.elf.dir/Middlewares/Third_Party/LwIP/src/core/netif.c.obj
                0x000000000800eccc                netif_set_link_up
 .text.netif_set_link_down
                0x000000000800ed14       0x3c CMakeFiles/NUCLEO-F429ZI.elf.dir/Middlewares/Third_Party/LwIP/src/core/netif.c.obj
                0x000000000800ed14                netif_set_link_down
 .text.netif_set_link_callback
                0x000000000800ed50        0x6 CMakeFiles/NUCLEO-F429ZI.elf.dir/Middlewares/Third_Party/LwIP/src/core/netif.c.obj
                0x000000000800ed50                netif_set_link_callback
 *fill*         0x000000000800ed56        0x2 
 .text.netif_get_by_index
                0x000000000800ed58       0x24 CMakeFiles/NUCLEO-F429ZI.elf.dir/Middlewares/Third_Party/LwIP/src/core/netif.c.obj
                0x000000000800ed58                netif_get_by_index
 .text.pbuf_pool_is_empty
                0x000000000800ed7c        0xc CMakeFiles/NUCLEO-F429ZI.elf.dir/Middlewares/Third_Party/LwIP/src/core/pbuf.c.obj
 .text.pbuf_init_alloced_pbuf
                0x000000000800ed88       0x22 CMakeFiles/NUCLEO-F429ZI.elf.dir/Middlewares/Third_Party/LwIP/src/core/pbuf.c.obj
 *fill*         0x000000000800edaa        0x2 
 .text.pbuf_add_header_impl
                0x000000000800edac       0x7c CMakeFiles/NUCLEO-F429ZI.elf.dir/Middlewares/Third_Party/LwIP/src/core/pbuf.c.obj
 .text.pbuf_free_ooseq
                0x000000000800ee28       0x28 CMakeFiles/NUCLEO-F429ZI.elf.dir/Middlewares/Third_Party/LwIP/src/core/pbuf.c.obj
                0x000000000800ee28                pbuf_free_ooseq
 .text.pbuf_alloc_reference
                0x000000000800ee50       0x50 CMakeFiles/NUCLEO-F429ZI.elf.dir/Middlewares/Third_Party/LwIP/src/core/pbuf.c.obj
                0x000000000800ee50                pbuf_alloc_reference
 .text.pbuf_alloced_custom
                0x000000000800eea0       0x3e CMakeFiles/NUCLEO-F429ZI.elf.dir/Middlewares/Third_Party/LwIP/src/core/pbuf.c.obj
                0x000000000800eea0                pbuf_alloced_custom
 .text.pbuf_add_header
                0x000000000800eede        0xa CMakeFiles/NUCLEO-F429ZI.elf.dir/Middlewares/Third_Party/LwIP/src/core/pbuf.c.obj
                0x000000000800eede                pbuf_add_header
 .text.pbuf_remove_header
                0x000000000800eee8       0x6c CMakeFiles/NUCLEO-F429ZI.elf.dir/Middlewares/Third_Party/LwIP/src/core/pbuf.c.obj
                0x000000000800eee8                pbuf_remove_header
 .text.pbuf_header_impl
                0x000000000800ef54       0x14 CMakeFiles/NUCLEO-F429ZI.elf.dir/Middlewares/Third_Party/LwIP/src/core/pbuf.c.obj
 .text.pbuf_header_force
                0x000000000800ef68        0xa CMakeFiles/NUCLEO-F429ZI.elf.dir/Middlewares/Third_Party/LwIP/src/core/pbuf.c.obj
                0x000000000800ef68                pbuf_header_force
 *fill*         0x000000000800ef72        0x2 
 .text.pbuf_free
                0x000000000800ef74       0xc4 CMakeFiles/NUCLEO-F429ZI.elf.dir/Middlewares/Third_Party/LwIP/src/core/pbuf.c.obj
                0x000000000800ef74                pbuf_free
 .text.pbuf_alloc
                0x000000000800f038      0x188 CMakeFiles/NUCLEO-F429ZI.elf.dir/Middlewares/Third_Party/LwIP/src/core/pbuf.c.obj
                0x000000000800f038                pbuf_alloc
 .text.pbuf_realloc
                0x000000000800f1c0       0xa8 CMakeFiles/NUCLEO-F429ZI.elf.dir/Middlewares/Third_Party/LwIP/src/core/pbuf.c.obj
                0x000000000800f1c0                pbuf_realloc
 .text.pbuf_clen
                0x000000000800f268       0x12 CMakeFiles/NUCLEO-F429ZI.elf.dir/Middlewares/Third_Party/LwIP/src/core/pbuf.c.obj
                0x000000000800f268                pbuf_clen
 *fill*         0x000000000800f27a        0x2 
 .text.pbuf_ref
                0x000000000800f27c       0x30 CMakeFiles/NUCLEO-F429ZI.elf.dir/Middlewares/Third_Party/LwIP/src/core/pbuf.c.obj
                0x000000000800f27c                pbuf_ref
 .text.pbuf_cat
                0x000000000800f2ac       0x74 CMakeFiles/NUCLEO-F429ZI.elf.dir/Middlewares/Third_Party/LwIP/src/core/pbuf.c.obj
                0x000000000800f2ac                pbuf_cat
 .text.pbuf_copy
                0x000000000800f320      0x120 CMakeFiles/NUCLEO-F429ZI.elf.dir/Middlewares/Third_Party/LwIP/src/core/pbuf.c.obj
                0x000000000800f320                pbuf_copy
 .text.pbuf_copy_partial
                0x000000000800f440       0x94 CMakeFiles/NUCLEO-F429ZI.elf.dir/Middlewares/Third_Party/LwIP/src/core/pbuf.c.obj
                0x000000000800f440                pbuf_copy_partial
 .text.pbuf_clone
                0x000000000800f4d4       0x38 CMakeFiles/NUCLEO-F429ZI.elf.dir/Middlewares/Third_Party/LwIP/src/core/pbuf.c.obj
                0x000000000800f4d4                pbuf_clone
 .text.tcp_new_port
                0x000000000800f50c       0x68 CMakeFiles/NUCLEO-F429ZI.elf.dir/Middlewares/Third_Party/LwIP/src/core/tcp.c.obj
 .text.tcp_remove_listener
                0x000000000800f574       0x34 CMakeFiles/NUCLEO-F429ZI.elf.dir/Middlewares/Third_Party/LwIP/src/core/tcp.c.obj
 .text.tcp_listen_closed
                0x000000000800f5a8       0x5c CMakeFiles/NUCLEO-F429ZI.elf.dir/Middlewares/Third_Party/LwIP/src/core/tcp.c.obj
 .text.tcp_free_listen
                0x000000000800f604       0x30 CMakeFiles/NUCLEO-F429ZI.elf.dir/Middlewares/Third_Party/LwIP/src/core/tcp.c.obj
 .text.tcp_close_shutdown_fin
                0x000000000800f634       0x84 CMakeFiles/NUCLEO-F429ZI.elf.dir/Middlewares/Third_Party/LwIP/src/core/tcp.c.obj
 .text.tcp_handle_closepend
                0x000000000800f6b8       0x2c CMakeFiles/NUCLEO-F429ZI.elf.dir/Middlewares/Third_Party/LwIP/src/core/tcp.c.obj
 .text.tcp_init
                0x000000000800f6e4       0x18 CMakeFiles/NUCLEO-F429ZI.elf.dir/Middlewares/Third_Party/LwIP/src/core/tcp.c.obj
                0x000000000800f6e4                tcp_init
 .text.tcp_free
                0x000000000800f6fc       0x30 CMakeFiles/NUCLEO-F429ZI.elf.dir/Middlewares/Third_Party/LwIP/src/core/tcp.c.obj
                0x000000000800f6fc                tcp_free
 .text.tcp_update_rcv_ann_wnd
                0x000000000800f72c       0x78 CMakeFiles/NUCLEO-F429ZI.elf.dir/Middlewares/Third_Party/LwIP/src/core/tcp.c.obj
                0x000000000800f72c                tcp_update_rcv_ann_wnd
 .text.tcp_recved
                0x000000000800f7a4       0x78 CMakeFiles/NUCLEO-F429ZI.elf.dir/Middlewares/Third_Party/LwIP/src/core/tcp.c.obj
                0x000000000800f7a4                tcp_recved
 .text.tcp_seg_free
                0x000000000800f81c       0x1a CMakeFiles/NUCLEO-F429ZI.elf.dir/Middlewares/Third_Party/LwIP/src/core/tcp.c.obj
                0x000000000800f81c                tcp_seg_free
 .text.tcp_segs_free
                0x000000000800f836       0x14 CMakeFiles/NUCLEO-F429ZI.elf.dir/Middlewares/Third_Party/LwIP/src/core/tcp.c.obj
                0x000000000800f836                tcp_segs_free
 *fill*         0x000000000800f84a        0x2 
 .text.tcp_seg_copy
                0x000000000800f84c       0x48 CMakeFiles/NUCLEO-F429ZI.elf.dir/Middlewares/Third_Party/LwIP/src/core/tcp.c.obj
                0x000000000800f84c                tcp_seg_copy
 .text.tcp_arg  0x000000000800f894        0x6 CMakeFiles/NUCLEO-F429ZI.elf.dir/Middlewares/Third_Party/LwIP/src/core/tcp.c.obj
                0x000000000800f894                tcp_arg
 *fill*         0x000000000800f89a        0x2 
 .text.tcp_recv
                0x000000000800f89c       0x34 CMakeFiles/NUCLEO-F429ZI.elf.dir/Middlewares/Third_Party/LwIP/src/core/tcp.c.obj
                0x000000000800f89c                tcp_recv
 .text.tcp_sent
                0x000000000800f8d0       0x34 CMakeFiles/NUCLEO-F429ZI.elf.dir/Middlewares/Third_Party/LwIP/src/core/tcp.c.obj
                0x000000000800f8d0                tcp_sent
 .text.tcp_err  0x000000000800f904       0x34 CMakeFiles/NUCLEO-F429ZI.elf.dir/Middlewares/Third_Party/LwIP/src/core/tcp.c.obj
                0x000000000800f904                tcp_err
 .text.tcp_next_iss
                0x000000000800f938       0x38 CMakeFiles/NUCLEO-F429ZI.elf.dir/Middlewares/Third_Party/LwIP/src/core/tcp.c.obj
                0x000000000800f938                tcp_next_iss
 .text.tcp_eff_send_mss_netif
                0x000000000800f970       0x40 CMakeFiles/NUCLEO-F429ZI.elf.dir/Middlewares/Third_Party/LwIP/src/core/tcp.c.obj
                0x000000000800f970                tcp_eff_send_mss_netif
 .text.tcp_connect
                0x000000000800f9b0      0x154 CMakeFiles/NUCLEO-F429ZI.elf.dir/Middlewares/Third_Party/LwIP/src/core/tcp.c.obj
                0x000000000800f9b0                tcp_connect
 .text.tcp_free_ooseq
                0x000000000800fb04       0x12 CMakeFiles/NUCLEO-F429ZI.elf.dir/Middlewares/Third_Party/LwIP/src/core/tcp.c.obj
                0x000000000800fb04                tcp_free_ooseq
 *fill*         0x000000000800fb16        0x2 
 .text.tcp_pcb_purge
                0x000000000800fb18       0x64 CMakeFiles/NUCLEO-F429ZI.elf.dir/Middlewares/Third_Party/LwIP/src/core/tcp.c.obj
                0x000000000800fb18                tcp_pcb_purge
 .text.tcp_pcb_remove
                0x000000000800fb7c       0xd0 CMakeFiles/NUCLEO-F429ZI.elf.dir/Middlewares/Third_Party/LwIP/src/core/tcp.c.obj
                0x000000000800fb7c                tcp_pcb_remove
 .text.tcp_abandon
                0x000000000800fc4c      0x10c CMakeFiles/NUCLEO-F429ZI.elf.dir/Middlewares/Third_Party/LwIP/src/core/tcp.c.obj
                0x000000000800fc4c                tcp_abandon
 .text.tcp_abort
                0x000000000800fd58        0xa CMakeFiles/NUCLEO-F429ZI.elf.dir/Middlewares/Third_Party/LwIP/src/core/tcp.c.obj
                0x000000000800fd58                tcp_abort
 *fill*         0x000000000800fd62        0x2 
 .text.tcp_kill_timewait
                0x000000000800fd64       0x34 CMakeFiles/NUCLEO-F429ZI.elf.dir/Middlewares/Third_Party/LwIP/src/core/tcp.c.obj
 .text.tcp_kill_prio
                0x000000000800fd98       0x5c CMakeFiles/NUCLEO-F429ZI.elf.dir/Middlewares/Third_Party/LwIP/src/core/tcp.c.obj
 .text.tcp_netif_ip_addr_changed_pcblist
                0x000000000800fdf4       0x40 CMakeFiles/NUCLEO-F429ZI.elf.dir/Middlewares/Third_Party/LwIP/src/core/tcp.c.obj
 .text.tcp_netif_ip_addr_changed
                0x000000000800fe34       0x54 CMakeFiles/NUCLEO-F429ZI.elf.dir/Middlewares/Third_Party/LwIP/src/core/tcp.c.obj
                0x000000000800fe34                tcp_netif_ip_addr_changed
 .text.tcp_kill_state
                0x000000000800fe88       0x64 CMakeFiles/NUCLEO-F429ZI.elf.dir/Middlewares/Third_Party/LwIP/src/core/tcp.c.obj
 .text.tcp_alloc
                0x000000000800feec       0xc4 CMakeFiles/NUCLEO-F429ZI.elf.dir/Middlewares/Third_Party/LwIP/src/core/tcp.c.obj
                0x000000000800feec                tcp_alloc
 .text.tcp_new  0x000000000800ffb0        0xa CMakeFiles/NUCLEO-F429ZI.elf.dir/Middlewares/Third_Party/LwIP/src/core/tcp.c.obj
                0x000000000800ffb0                tcp_new
 *fill*         0x000000000800ffba        0x2 
 .text.tcp_close_shutdown
                0x000000000800ffbc      0x14c CMakeFiles/NUCLEO-F429ZI.elf.dir/Middlewares/Third_Party/LwIP/src/core/tcp.c.obj
 .text.tcp_close
                0x0000000008010108       0x40 CMakeFiles/NUCLEO-F429ZI.elf.dir/Middlewares/Third_Party/LwIP/src/core/tcp.c.obj
                0x0000000008010108                tcp_close
 .text.tcp_recv_null
                0x0000000008010148       0x48 CMakeFiles/NUCLEO-F429ZI.elf.dir/Middlewares/Third_Party/LwIP/src/core/tcp.c.obj
                0x0000000008010148                tcp_recv_null
 .text.tcp_process_refused_data
                0x0000000008010190       0x8c CMakeFiles/NUCLEO-F429ZI.elf.dir/Middlewares/Third_Party/LwIP/src/core/tcp.c.obj
                0x0000000008010190                tcp_process_refused_data
 .text.tcp_fasttmr
                0x000000000801021c       0x80 CMakeFiles/NUCLEO-F429ZI.elf.dir/Middlewares/Third_Party/LwIP/src/core/tcp.c.obj
                0x000000000801021c                tcp_fasttmr
 .text.tcp_slowtmr
                0x000000000801029c      0x4ac CMakeFiles/NUCLEO-F429ZI.elf.dir/Middlewares/Third_Party/LwIP/src/core/tcp.c.obj
                0x000000000801029c                tcp_slowtmr
 .text.tcp_tmr  0x0000000008010748       0x24 CMakeFiles/NUCLEO-F429ZI.elf.dir/Middlewares/Third_Party/LwIP/src/core/tcp.c.obj
                0x0000000008010748                tcp_tmr
 .text.tcp_get_next_optbyte
                0x000000000801076c       0x3c CMakeFiles/NUCLEO-F429ZI.elf.dir/Middlewares/Third_Party/LwIP/src/core/tcp_in.c.obj
 .text.tcp_parseopt
                0x00000000080107a8       0xa4 CMakeFiles/NUCLEO-F429ZI.elf.dir/Middlewares/Third_Party/LwIP/src/core/tcp_in.c.obj
 .text.tcp_input_delayed_close
                0x000000000801084c       0x60 CMakeFiles/NUCLEO-F429ZI.elf.dir/Middlewares/Third_Party/LwIP/src/core/tcp_in.c.obj
 .text.tcp_timewait_input
                0x00000000080108ac       0xb8 CMakeFiles/NUCLEO-F429ZI.elf.dir/Middlewares/Third_Party/LwIP/src/core/tcp_in.c.obj
 .text.tcp_listen_input