Archive member included to satisfy reference by file (symbol)

/usr/lib/gcc/arm-none-eabi/10.3.1/thumb/v7e-m/nofp/libgcc.a(_arm_muldf3.o)
                              CMakeFiles/NUCLEO-F429ZI.elf.dir/salt/peripherals/analog-inputs/anIn.c.obj (__aeabi_dmul)
/usr/lib/gcc/arm-none-eabi/10.3.1/thumb/v7e-m/nofp/libgcc.a(_arm_mulsf3.o)
                              CMakeFiles/NUCLEO-F429ZI.elf.dir/salt/peripherals/pulse-counter/pulseCounter.c.obj (__aeabi_fmul)
/usr/lib/gcc/arm-none-eabi/10.3.1/thumb/v7e-m/nofp/libgcc.a(_arm_addsubdf3.o)
                              CMakeFiles/NUCLEO-F429ZI.elf.dir/third-party/jWrite/jWrite/jWrite.c.obj (__aeabi_dsub)
/usr/lib/gcc/arm-none-eabi/10.3.1/thumb/v7e-m/nofp/libgcc.a(_arm_muldivdf3.o)
                              CMakeFiles/NUCLEO-F429ZI.elf.dir/salt/state-machines/logic/logic.c.obj (__aeabi_ddiv)
/usr/lib/gcc/arm-none-eabi/10.3.1/thumb/v7e-m/nofp/libgcc.a(_arm_cmpdf2.o)
                              CMakeFiles/NUCLEO-F429ZI.elf.dir/third-party/jWrite/jWrite/jWrite.c.obj (__aeabi_dcmpeq)
/usr/lib/gcc/arm-none-eabi/10.3.1/thumb/v7e-m/nofp/libgcc.a(_arm_fixdfsi.o)
                              CMakeFiles/NUCLEO-F429ZI.elf.dir/third-party/jWrite/jWrite/jWrite.c.obj (__aeabi_d2iz)
/usr/lib/gcc/arm-none-eabi/10.3.1/thumb/v7e-m/nofp/libgcc.a(_arm_fixunsdfsi.o)
                              CMakeFiles/NUCLEO-F429ZI.elf.dir/salt/state-machines/logic/logic.c.obj (__aeabi_d2uiz)
/usr/lib/gcc/arm-none-eabi/10.3.1/thumb/v7e-m/nofp/libgcc.a(_arm_truncdfsf2.o)
                              CMakeFiles/NUCLEO-F429ZI.elf.dir/salt/utilities/parser/sim900/sim900parser.c.obj (__aeabi_d2f)
/usr/lib/gcc/arm-none-eabi/10.3.1/thumb/v7e-m/nofp/libgcc.a(_arm_addsubsf3.o)
                              CMakeFiles/NUCLEO-F429ZI.elf.dir/salt/peripherals/pulse-counter/pulseCounter.c.obj (__aeabi_ui2f)
/usr/lib/gcc/arm-none-eabi/10.3.1/thumb/v7e-m/nofp/libgcc.a(_arm_cmpsf2.o)
                              CMakeFiles/NUCLEO-F429ZI.elf.dir/salt/state-machines/logic/logic.c.obj (__aeabi_fcmplt)
/usr/lib/gcc/arm-none-eabi/10.3.1/thumb/v7e-m/nofp/libgcc.a(_aeabi_uldivmod.o)
                              CMakeFiles/NUCLEO-F429ZI.elf.dir/Drivers/STM32F4xx_HAL_Driver/Src/stm32f4xx_hal_rcc.c.obj (__aeabi_uldivmod)
/usr/lib/gcc/arm-none-eabi/10.3.1/thumb/v7e-m/nofp/libgcc.a(_fixdfdi.o)
                              CMakeFiles/NUCLEO-F429ZI.elf.dir/third-party/MQTT-C/source/mqttc.c.obj (__aeabi_d2lz)
/usr/lib/gcc/arm-none-eabi/10.3.1/thumb/v7e-m/nofp/libgcc.a(_fixunsdfdi.o)
                              /usr/lib/gcc/arm-none-eabi/10.3.1/thumb/v7e-m/nofp/libgcc.a(_fixdfdi.o) (__aeabi_d2ulz)
/usr/lib/gcc/arm-none-eabi/10.3.1/thumb/v7e-m/nofp/libgcc.a(_udivmoddi4.o)
                              /usr/lib/gcc/arm-none-eabi/10.3.1/thumb/v7e-m/nofp/libgcc.a(_aeabi_uldivmod.o) (__udivmoddi4)
/usr/lib/gcc/arm-none-eabi/10.3.1/thumb/v7e-m/nofp/libgcc.a(_dvmd_tls.o)
                              /usr/lib/gcc/arm-none-eabi/10.3.1/thumb/v7e-m/nofp/libgcc.a(_aeabi_uldivmod.o) (__aeabi_ldiv0)
/usr/lib/gcc/arm-none-eabi/10.3.1/../../../arm-none-eabi/lib/thumb/v7e-m/nofp/libg.a(lib_a-atexit.o)
                              /usr/lib/gcc/arm-none-eabi/10.3.1/../../../arm-none-eabi/lib/thumb/v7e-m/nofp/crt0.o (atexit)
/usr/lib/gcc/arm-none-eabi/10.3.1/../../../arm-none-eabi/lib/thumb/v7e-m/nofp/libg.a(lib_a-atof.o)
                              CMakeFiles/NUCLEO-F429ZI.elf.dir/salt/utilities/parser/sim900/sim900parser.c.obj (atof)
/usr/lib/gcc/arm-none-eabi/10.3.1/../../../arm-none-eabi/lib/thumb/v7e-m/nofp/libg.a(lib_a-atoi.o)
                              CMakeFiles/NUCLEO-F429ZI.elf.dir/salt/utilities/parser/sim900/sim900parser.c.obj (atoi)
/usr/lib/gcc/arm-none-eabi/10.3.1/../../../arm-none-eabi/lib/thumb/v7e-m/nofp/libg.a(lib_a-errno.o)
                              CMakeFiles/NUCLEO-F429ZI.elf.dir/Core/Src/syscalls.c.obj (__errno)
/usr/lib/gcc/arm-none-eabi/10.3.1/../../../arm-none-eabi/lib/thumb/v7e-m/nofp/libg.a(lib_a-exit.o)
                              /usr/lib/gcc/arm-none-eabi/10.3.1/../../../arm-none-eabi/lib/thumb/v7e-m/nofp/crt0.o (exit)
/usr/lib/gcc/arm-none-eabi/10.3.1/../../../arm-none-eabi/lib/thumb/v7e-m/nofp/libg.a(lib_a-fini.o)
                              /usr/lib/gcc/arm-none-eabi/10.3.1/../../../arm-none-eabi/lib/thumb/v7e-m/nofp/crt0.o (__libc_fini_array)
/usr/lib/gcc/arm-none-eabi/10.3.1/../../../arm-none-eabi/lib/thumb/v7e-m/nofp/libg.a(lib_a-impure.o)
                              /usr/lib/gcc/arm-none-eabi/10.3.1/../../../arm-none-eabi/lib/thumb/v7e-m/nofp/libg.a(lib_a-exit.o) (_global_impure_ptr)
/usr/lib/gcc/arm-none-eabi/10.3.1/../../../arm-none-eabi/lib/thumb/v7e-m/nofp/libg.a(lib_a-init.o)
                              /usr/lib/gcc/arm-none-eabi/10.3.1/../../../arm-none-eabi/lib/thumb/v7e-m/nofp/crt0.o (__libc_init_array)
/usr/lib/gcc/arm-none-eabi/10.3.1/../../../arm-none-eabi/lib/thumb/v7e-m/nofp/libg.a(lib_a-memcpy.o)
[...]
Memory Configuration

Name             Origin             Length             Attributes
CCMRAM           0x0000000010000000 0x0000000000010000 xrw
RAM              0x0000000020000000 0x0000000000030000 xrw
FLASH            0x0000000008000000 0x0000000000200000 xr
*default*        0x0000000000000000 0xffffffffffffffff

Linker script and memory map

LOAD /usr/lib/gcc/arm-none-eabi/10.3.1/thumb/v7e-m/nofp/crti.o
LOAD /usr/lib/gcc/arm-none-eabi/10.3.1/thumb/v7e-m/nofp/crtbegin.o
LOAD /usr/lib/gcc/arm-none-eabi/10.3.1/../../../arm-none-eabi/lib/thumb/v7e-m/nofp/crt0.o
LOAD CMakeFiles/NUCLEO-F429ZI.elf.dir/Core/Src/eth.c.obj
LOAD CMakeFiles/NUCLEO-F429ZI.elf.dir/Core/Src/gpio.c.obj
LOAD CMakeFiles/NUCLEO-F429ZI.elf.dir/Core/Src/main.c.obj
LOAD CMakeFiles/NUCLEO-F429ZI.elf.dir/Core/Src/spi.c.obj
LOAD CMakeFiles/NUCLEO-F429ZI.elf.dir/Core/Src/stm32f4xx_hal_msp.c.obj
LOAD CMakeFiles/NUCLEO-F429ZI.elf.dir/Core/Src/stm32f4xx_it.c.obj
LOAD CMakeFiles/NUCLEO-F429ZI.elf.dir/Core/Src/syscalls.c.obj
LOAD CMakeFiles/NUCLEO-F429ZI.elf.dir/Core/Src/sysmem.c.obj
LOAD CMakeFiles/NUCLEO-F429ZI.elf.dir/Core/Src/system_stm32f4xx.c.obj
LOAD CMakeFiles/NUCLEO-F429ZI.elf.dir/Core/Src/usart.c.obj
LOAD CMakeFiles/NUCLEO-F429ZI.elf.dir/Core/Src/usb_otg.c.obj
LOAD CMakeFiles/NUCLEO-F429ZI.elf.dir/Core/Startup/startup_stm32f429zitx.s.obj
LOAD CMakeFiles/NUCLEO-F429ZI.elf.dir/Drivers/STM32F4xx_HAL_Driver/Src/stm32f4xx_hal.c.obj
LOAD CMakeFiles/NUCLEO-F429ZI.elf.dir/Drivers/STM32F4xx_HAL_Driver/Src/stm32f4xx_hal_cortex.c.obj
LOAD CMakeFiles/NUCLEO-F429ZI.elf.dir/Drivers/STM32F4xx_HAL_Driver/Src/stm32f4xx_hal_dma.c.obj
LOAD CMakeFiles/NUCLEO-F429ZI.elf.dir/Drivers/STM32F4xx_HAL_Driver/Src/stm32f4xx_hal_dma_ex.c.obj
LOAD CMakeFiles/NUCLEO-F429ZI.elf.dir/Drivers/STM32F4xx_HAL_Driver/Src/stm32f4xx_hal_eth.c.obj
LOAD CMakeFiles/NUCLEO-F429ZI.elf.dir/Drivers/STM32F4xx_HAL_Driver/Src/stm32f4xx_hal_exti.c.obj
LOAD CMakeFiles/NUCLEO-F429ZI.elf.dir/Drivers/STM32F4xx_HAL_Driver/Src/stm32f4xx_hal_flash.c.obj
LOAD CMakeFiles/NUCLEO-F429ZI.elf.dir/Drivers/STM32F4xx_HAL_Driver/Src/stm32f4xx_hal_flash_ex.c.obj
LOAD CMakeFiles/NUCLEO-F429ZI.elf.dir/Drivers/STM32F4xx_HAL_Driver/Src/stm32f4xx_hal_flash_ramfunc.c.obj
LOAD CMakeFiles/NUCLEO-F429ZI.elf.dir/Drivers/STM32F4xx_HAL_Driver/Src/stm32f4xx_hal_gpio.c.obj
LOAD CMakeFiles/NUCLEO-F429ZI.elf.dir/Drivers/STM32F4xx_HAL_Driver/Src/stm32f4xx_hal_pcd.c.obj
LOAD CMakeFiles/NUCLEO-F429ZI.elf.dir/Drivers/STM32F4xx_HAL_Driver/Src/stm32f4xx_hal_pcd_ex.c.obj
LOAD CMakeFiles/NUCLEO-F429ZI.elf.dir/Drivers/STM32F4xx_HAL_Driver/Src/stm32f4xx_hal_pwr.c.obj
LOAD CMakeFiles/NUCLEO-F429ZI.elf.dir/Drivers/STM32F4xx_HAL_Driver/Src/stm32f4xx_hal_pwr_ex.c.obj
LOAD CMakeFiles/NUCLEO-F429ZI.elf.dir/Drivers/STM32F4xx_HAL_Driver/Src/stm32f4xx_hal_rcc.c.obj
LOAD CMakeFiles/NUCLEO-F429ZI.elf.dir/Drivers/STM32F4xx_HAL_Driver/Src/stm32f4xx_hal_rcc_ex.c.obj
LOAD CMakeFiles/NUCLEO-F429ZI.elf.dir/Drivers/STM32F4xx_HAL_Driver/Src/stm32f4xx_hal_spi.c.obj
LOAD CMakeFiles/NUCLEO-F429ZI.elf.dir/Drivers/STM32F4xx_HAL_Driver/Src/stm32f4xx_hal_tim.c.obj
LOAD CMakeFiles/NUCLEO-F429ZI.elf.dir/Drivers/STM32F4xx_HAL_Driver/Src/stm32f4xx_hal_tim_ex.c.obj
LOAD CMakeFiles/NUCLEO-F429ZI.elf.dir/Drivers/STM32F4xx_HAL_Driver/Src/stm32f4xx_hal_uart.c.obj
LOAD CMakeFiles/NUCLEO-F429ZI.elf.dir/Drivers/STM32F4xx_HAL_Driver/Src/stm32f4xx_ll_usb.c.obj
LOAD CMakeFiles/NUCLEO-F429ZI.elf.dir/blinkySysTick/blinkySysTick.c.obj
LOAD CMakeFiles/NUCLEO-F429ZI.elf.dir/blinkySysTick/hook.c.obj
LOAD CMakeFiles/NUCLEO-F429ZI.elf.dir/bsp/stm32f4xx_nucleo_144.c.obj
LOAD CMakeFiles/NUCLEO-F429ZI.elf.dir/mTime/mTime.c.obj
LOAD CMakeFiles/NUCLEO-F429ZI.elf.dir/mTime/mTimeTbl.c.obj
LOAD CMakeFiles/NUCLEO-F429ZI.elf.dir/salt/bsp/assert.c.obj
LOAD CMakeFiles/NUCLEO-F429ZI.elf.dir/salt/bsp/bsp-salt.c.obj
LOAD CMakeFiles/NUCLEO-F429ZI.elf.dir/salt/configuration/saltCfg.c.obj
LOAD CMakeFiles/NUCLEO-F429ZI.elf.dir/salt/files-to-review/main-salt-firmware-nxp.c.obj
LOAD CMakeFiles/NUCLEO-F429ZI.elf.dir/salt/files-to-review/trace_io.c.obj
LOAD CMakeFiles/NUCLEO-F429ZI.elf.dir/salt/peripherals/analog-inputs/anIn.c.obj
LOAD CMakeFiles/NUCLEO-F429ZI.elf.dir/salt/peripherals/ihm/buzzer.c.obj
LOAD CMakeFiles/NUCLEO-F429ZI.elf.dir/salt/peripherals/ihm/onSwitch.c.obj
LOAD CMakeFiles/NUCLEO-F429ZI.elf.dir/salt/peripherals/ledPanel/as1116.c.obj
LOAD CMakeFiles/NUCLEO-F429ZI.elf.dir/salt/peripherals/ledPanel/ledPanel.c.obj
LOAD CMakeFiles/NUCLEO-F429ZI.elf.dir/salt/peripherals/module-command/modcmdSim900.c.obj
LOAD CMakeFiles/NUCLEO-F429ZI.elf.dir/salt/peripherals/module-power/modpwr.c.obj
LOAD CMakeFiles/NUCLEO-F429ZI.elf.dir/salt/peripherals/pulse-counter/pulseCounter.c.obj
LOAD CMakeFiles/NUCLEO-F429ZI.elf.dir/salt/peripherals/pulse-counter/pulseCounterFromEduCiaaBsp.c.obj
LOAD CMakeFiles/NUCLEO-F429ZI.elf.dir/salt/peripherals/relay-control/relay.c.obj
LOAD CMakeFiles/NUCLEO-F429ZI.elf.dir/salt/peripherals/relay-control/relayFromEduCiaaBsp.c.obj
LOAD CMakeFiles/NUCLEO-F429ZI.elf.dir/salt/peripherals/serial/serial.c.obj
LOAD CMakeFiles/NUCLEO-F429ZI.elf.dir/salt/peripherals/sim808/sim808.c.obj
LOAD CMakeFiles/NUCLEO-F429ZI.elf.dir/salt/peripherals/teloc/teloc.c.obj
LOAD CMakeFiles/NUCLEO-F429ZI.elf.dir/salt/state-machines/connector-manager/conmgr.c.obj
LOAD CMakeFiles/NUCLEO-F429ZI.elf.dir/salt/state-machines/logic/logic.c.obj
LOAD CMakeFiles/NUCLEO-F429ZI.elf.dir/salt/state-machines/module-manager/modmgr.c.obj
LOAD CMakeFiles/NUCLEO-F429ZI.elf.dir/salt/state-machines/mqtt-protocol/mqttProt.c.obj
LOAD CMakeFiles/NUCLEO-F429ZI.elf.dir/salt/utilities/aes/aes.c.obj
LOAD CMakeFiles/NUCLEO-F429ZI.elf.dir/salt/utilities/date/date.c.obj
LOAD CMakeFiles/NUCLEO-F429ZI.elf.dir/salt/utilities/emaFilter/emaFilter.c.obj
LOAD CMakeFiles/NUCLEO-F429ZI.elf.dir/salt/utilities/epoch/epoch.c.obj
LOAD CMakeFiles/NUCLEO-F429ZI.elf.dir/salt/utilities/parser/salt-command/saltCmd.c.obj
LOAD CMakeFiles/NUCLEO-F429ZI.elf.dir/salt/utilities/parser/sim900/sim900parser.c.obj
LOAD CMakeFiles/NUCLEO-F429ZI.elf.dir/salt/utilities/publisher/publisher.c.obj
LOAD CMakeFiles/NUCLEO-F429ZI.elf.dir/salt/utilities/rtime/rtime.c.obj
LOAD CMakeFiles/NUCLEO-F429ZI.elf.dir/salt/utilities/ssp/ssp.c.obj
LOAD CMakeFiles/NUCLEO-F429ZI.elf.dir/third-party/MQTT-C/source/mqttc.c.obj
LOAD CMakeFiles/NUCLEO-F429ZI.elf.dir/third-party/MQTT-C/source/mqttc_pal.c.obj
LOAD CMakeFiles/NUCLEO-F429ZI.elf.dir/third-party/jWrite/jWrite/jWrite.c.obj
LOAD CMakeFiles/NUCLEO-F429ZI.elf.dir/third-party/jWrite/jWrite/main.c.obj
LOAD CMakeFiles/NUCLEO-F429ZI.elf.dir/third-party/rkh/source/fwk/src/rkhfwk_bittbl.c.obj
LOAD CMakeFiles/NUCLEO-F429ZI.elf.dir/third-party/rkh/source/fwk/src/rkhfwk_dynevt.c.obj
LOAD CMakeFiles/NUCLEO-F429ZI.elf.dir/third-party/rkh/source/fwk/src/rkhfwk_evtpool.c.obj
LOAD CMakeFiles/NUCLEO-F429ZI.elf.dir/third-party/rkh/source/fwk/src/rkhfwk_pubsub.c.obj
LOAD CMakeFiles/NUCLEO-F429ZI.elf.dir/third-party/rkh/source/fwk/src/rkhfwk_rdygrp.c.obj
LOAD CMakeFiles/NUCLEO-F429ZI.elf.dir/third-party/rkh/source/fwk/src/rkhfwk_sched.c.obj
LOAD CMakeFiles/NUCLEO-F429ZI.elf.dir/third-party/rkh/source/fwk/src/rkhfwk_version.c.obj
LOAD CMakeFiles/NUCLEO-F429ZI.elf.dir/third-party/rkh/source/mempool/src/rkhmempool.c.obj
LOAD CMakeFiles/NUCLEO-F429ZI.elf.dir/third-party/rkh/source/portable/arm-cortex/rkhs/arm_cm4f/stm32/rkhport.c.obj
LOAD CMakeFiles/NUCLEO-F429ZI.elf.dir/third-party/rkh/source/queue/src/rkhqueue.c.obj
LOAD CMakeFiles/NUCLEO-F429ZI.elf.dir/third-party/rkh/source/sm/src/rkhsm.c.obj
LOAD CMakeFiles/NUCLEO-F429ZI.elf.dir/third-party/rkh/source/sma/src/rkhsma.c.obj
LOAD CMakeFiles/NUCLEO-F429ZI.elf.dir/third-party/rkh/source/sma/src/rkhsma_prio.c.obj
LOAD CMakeFiles/NUCLEO-F429ZI.elf.dir/third-party/rkh/source/sma/src/rkhsma_sync.c.obj
LOAD CMakeFiles/NUCLEO-F429ZI.elf.dir/third-party/rkh/source/tmr/src/rkhtmr.c.obj
LOAD CMakeFiles/NUCLEO-F429ZI.elf.dir/third-party/rkh/source/trc/src/rkhtrc_filter.c.obj
LOAD CMakeFiles/NUCLEO-F429ZI.elf.dir/third-party/rkh/source/trc/src/rkhtrc_record.c.obj
LOAD CMakeFiles/NUCLEO-F429ZI.elf.dir/third-party/rkh/source/trc/src/rkhtrc_stream.c.obj
LOAD CMakeFiles/NUCLEO-F429ZI.elf.dir/third-party/stm32-sapi/src/sapi_datatypes.c.obj
LOAD CMakeFiles/NUCLEO-F429ZI.elf.dir/third-party/stm32-sapi/src/sapi_gpio.c.obj
LOAD CMakeFiles/NUCLEO-F429ZI.elf.dir/third-party/stm32-sapi/src/sapi_tick.c.obj
LOAD CMakeFiles/NUCLEO-F429ZI.elf.dir/utilities/htons.c.obj
START GROUP
LOAD /usr/lib/gcc/arm-none-eabi/10.3.1/thumb/v7e-m/nofp/libgcc.a
LOAD /usr/lib/gcc/arm-none-eabi/10.3.1/../../../arm-none-eabi/lib/thumb/v7e-m/nofp/libg.a
LOAD /usr/lib/gcc/arm-none-eabi/10.3.1/../../../arm-none-eabi/lib/thumb/v7e-m/nofp/libc.a
END GROUP
LOAD /usr/lib/gcc/arm-none-eabi/10.3.1/thumb/v7e-m/nofp/crtend.o
LOAD /usr/lib/gcc/arm-none-eabi/10.3.1/thumb/v7e-m/nofp/crtn.o
                0x0000000020030000                _estack = (ORIGIN (RAM) + LENGTH (RAM))
                0x0000000000000200                _Min_Heap_Size = 0x200
                0x0000000000000400                _Min_Stack_Size = 0x400

.isr_vector     0x0000000008000000      0x1ac
                0x0000000008000000                . = ALIGN (0x4)
 *(.isr_vector)
 .isr_vector    0x0000000008000000      0x1ac CMakeFiles/NUCLEO-F429ZI.elf.dir/Core/Startup/startup_stm32f429zitx.s.obj
                0x0000000008000000                g_pfnVectors
                0x00000000080001ac                . = ALIGN (0x4)

.text           0x00000000080001c0    0x14488
                0x00000000080001c0                . = ALIGN (0x4)
 *(.text)
 .text          0x00000000080001c0       0x88 /usr/lib/gcc/arm-none-eabi/10.3.1/thumb/v7e-m/nofp/crtbegin.o
 .text          0x0000000008000248      0x168 /usr/lib/gcc/arm-none-eabi/10.3.1/thumb/v7e-m/nofp/libgcc.a(_arm_mulsf3.o)
                0x0000000008000248                __mulsf3
                0x0000000008000248                __aeabi_fmul
 .text          0x00000000080003b0      0x378 /usr/lib/gcc/arm-none-eabi/10.3.1/thumb/v7e-m/nofp/libgcc.a(_arm_addsubdf3.o)
                0x00000000080003b0                __aeabi_drsub
                0x00000000080003b8                __aeabi_dsub
                0x00000000080003b8                __subdf3
                0x00000000080003bc                __adddf3
                0x00000000080003bc                __aeabi_dadd
                0x0000000008000634                __aeabi_ui2d
                0x0000000008000634                __floatunsidf
                0x0000000008000654                __floatsidf
                0x0000000008000654                __aeabi_i2d
                0x0000000008000678                __extendsfdf2
                0x0000000008000678                __aeabi_f2d
                0x00000000080006bc                __aeabi_ul2d
                0x00000000080006bc                __floatundidf
                0x00000000080006cc                __floatdidf
                0x00000000080006cc                __aeabi_l2d
 .text          0x0000000008000728      0x424 /usr/lib/gcc/arm-none-eabi/10.3.1/thumb/v7e-m/nofp/libgcc.a(_arm_muldivdf3.o)
                0x0000000008000728                __aeabi_dmul
                0x0000000008000728                __muldf3
                0x000000000800097c                __aeabi_ddiv
                0x000000000800097c                __divdf3
 .text          0x0000000008000b4c      0x110 /usr/lib/gcc/arm-none-eabi/10.3.1/thumb/v7e-m/nofp/libgcc.a(_arm_cmpdf2.o)
                0x0000000008000b4c                __gtdf2
                0x0000000008000b4c                __gedf2
                0x0000000008000b54                __ltdf2
                0x0000000008000b54                __ledf2
                0x0000000008000b5c                __cmpdf2
                0x0000000008000b5c                __eqdf2
                0x0000000008000b5c                __nedf2
                0x0000000008000bd8                __aeabi_cdrcmple
                0x0000000008000be8                __aeabi_cdcmple
                0x0000000008000be8                __aeabi_cdcmpeq
                0x0000000008000bf8                __aeabi_dcmpeq
                0x0000000008000c0c                __aeabi_dcmplt
                0x0000000008000c20                __aeabi_dcmple
                0x0000000008000c34                __aeabi_dcmpge
                0x0000000008000c48                __aeabi_dcmpgt
 .text          0x0000000008000c5c       0x50 /usr/lib/gcc/arm-none-eabi/10.3.1/thumb/v7e-m/nofp/libgcc.a(_arm_fixdfsi.o)
                0x0000000008000c5c                __fixdfsi
                0x0000000008000c5c                __aeabi_d2iz
 .text          0x0000000008000cac       0x40 /usr/lib/gcc/arm-none-eabi/10.3.1/thumb/v7e-m/nofp/libgcc.a(_arm_fixunsdfsi.o)
                0x0000000008000cac                __fixunsdfsi
                0x0000000008000cac                __aeabi_d2uiz
 .text          0x0000000008000cec       0xa0 /usr/lib/gcc/arm-none-eabi/10.3.1/thumb/v7e-m/nofp/libgcc.a(_arm_truncdfsf2.o)
                0x0000000008000cec                __aeabi_d2f
                0x0000000008000cec                __truncdfsf2
 .text          0x0000000008000d8c      0x21c /usr/lib/gcc/arm-none-eabi/10.3.1/thumb/v7e-m/nofp/libgcc.a(_arm_addsubsf3.o)
                0x0000000008000d8c                __aeabi_frsub
                0x0000000008000d94                __subsf3
                0x0000000008000d94                __aeabi_fsub
                0x0000000008000d98                __aeabi_fadd
                0x0000000008000d98                __addsf3
                0x0000000008000ef8                __aeabi_ui2f
                0x0000000008000ef8                __floatunsisf
                0x0000000008000f00                __aeabi_i2f
                0x0000000008000f00                __floatsisf
                0x0000000008000f1c                __floatundisf
                0x0000000008000f1c                __aeabi_ul2f
                0x0000000008000f2c                __floatdisf
                0x0000000008000f2c                __aeabi_l2f
 .text          0x0000000008000fa8       0xec /usr/lib/gcc/arm-none-eabi/10.3.1/thumb/v7e-m/nofp/libgcc.a(_arm_cmpsf2.o)
                0x0000000008000fa8                __gtsf2
                0x0000000008000fa8                __gesf2
                0x0000000008000fb0                __lesf2
                0x0000000008000fb0                __ltsf2
                0x0000000008000fb8                __nesf2
                0x0000000008000fb8                __eqsf2
                0x0000000008000fb8                __cmpsf2
                0x0000000008001018                __aeabi_cfrcmple
                0x0000000008001020                __aeabi_cfcmple
                0x0000000008001020                __aeabi_cfcmpeq
                0x0000000008001030                __aeabi_fcmpeq
                0x0000000008001044                __aeabi_fcmplt
                0x0000000008001058                __aeabi_fcmple
                0x000000000800106c                __aeabi_fcmpge
                0x0000000008001080                __aeabi_fcmpgt
 .text          0x0000000008001094       0x30 /usr/lib/gcc/arm-none-eabi/10.3.1/thumb/v7e-m/nofp/libgcc.a(_aeabi_uldivmod.o)
                0x0000000008001094                __aeabi_uldivmod
 .text          0x00000000080010c4       0x34 /usr/lib/gcc/arm-none-eabi/10.3.1/thumb/v7e-m/nofp/libgcc.a(_fixdfdi.o)
                0x00000000080010c4                __aeabi_d2lz
                0x00000000080010c4                __fixdfdi
 .text          0x00000000080010f8       0x3c /usr/lib/gcc/arm-none-eabi/10.3.1/thumb/v7e-m/nofp/libgcc.a(_fixunsdfdi.o)
                0x00000000080010f8                __aeabi_d2ulz
                0x00000000080010f8                __fixunsdfdi
 .text          0x0000000008001134      0x2d0 /usr/lib/gcc/arm-none-eabi/10.3.1/thumb/v7e-m/nofp/libgcc.a(_udivmoddi4.o)
                0x0000000008001134                __udivmoddi4
 .text          0x0000000008001404        0x4 /usr/lib/gcc/arm-none-eabi/10.3.1/thumb/v7e-m/nofp/libgcc.a(_dvmd_tls.o)
                0x0000000008001404                __aeabi_ldiv0
                0x0000000008001404                __aeabi_idiv0
 .text          0x0000000008001408        0xc /usr/lib/gcc/arm-none-eabi/10.3.1/../../../arm-none-eabi/lib/thumb/v7e-m/nofp/libg.a(lib_a-atexit.o)
                0x0000000008001408                atexit
 .text          0x0000000008001414        0x8 /usr/lib/gcc/arm-none-eabi/10.3.1/../../../arm-none-eabi/lib/thumb/v7e-m/nofp/libg.a(lib_a-atof.o)
                0x0000000008001414                atof
 .text          0x000000000800141c       0x10 /usr/lib/gcc/arm-none-eabi/10.3.1/../../../arm-none-eabi/lib/thumb/v7e-m/nofp/libg.a(lib_a-atoi.o)
                0x000000000800141c                atoi
                0x0000000008001424                _atoi_r
 .text          0x000000000800142c        0xc /usr/lib/gcc/arm-none-eabi/10.3.1/../../../arm-none-eabi/lib/thumb/v7e-m/nofp/libg.a(lib_a-errno.o)
                0x000000000800142c                __errno
 .text          0x0000000008001438       0x2c /usr/lib/gcc/arm-none-eabi/10.3.1/../../../arm-none-eabi/lib/thumb/v7e-m/nofp/libg.a(lib_a-fini.o)
                0x0000000008001438                __libc_fini_array
 .text          0x0000000008001464       0x48 /usr/lib/gcc/arm-none-eabi/10.3.1/../../../arm-none-eabi/lib/thumb/v7e-m/nofp/libg.a(lib_a-init.o)
                0x0000000008001464                __libc_init_array
 .text          0x00000000080014ac      0x134 /usr/lib/gcc/arm-none-eabi/10.3.1/../../../arm-none-eabi/lib/thumb/v7e-m/nofp/libg.a(lib_a-memcpy.o)
                0x00000000080014ac                memcpy
 .text          0x00000000080015e0       0xf8 /usr/lib/gcc/arm-none-eabi/10.3.1/../../../arm-none-eabi/lib/thumb/v7e-m/nofp/libg.a(lib_a-memmove.o)
                0x00000000080015e0                memmove
 .text          0x00000000080016d8       0xa4 /usr/lib/gcc/arm-none-eabi/10.3.1/../../../arm-none-eabi/lib/thumb/v7e-m/nofp/libg.a(lib_a-memset.o)
                0x00000000080016d8                memset
 .text          0x000000000800177c       0x78 /usr/lib/gcc/arm-none-eabi/10.3.1/../../../arm-none-eabi/lib/thumb/v7e-m/nofp/libg.a(lib_a-puts.o)
                0x000000000800177c                _puts_r
                0x00000000080017e4                puts
 .text          0x00000000080017f4      0x108 /usr/lib/gcc/arm-none-eabi/10.3.1/../../../arm-none-eabi/lib/thumb/v7e-m/nofp/libg.a(lib_a-snprintf.o)
                0x00000000080017f4                _snprintf_r
                0x0000000008001874                snprintf
 .text          0x00000000080018fc       0x78 /usr/lib/gcc/arm-none-eabi/10.3.1/../../../arm-none-eabi/lib/thumb/v7e-m/nofp/libg.a(lib_a-sprintf.o)
                0x00000000080018fc                _sprintf_r
                0x0000000008001934                sprintf
 *fill*         0x0000000008001974        0xc 
 .text          0x0000000008001980      0x2dc /usr/lib/gcc/arm-none-eabi/10.3.1/../../../arm-none-eabi/lib/thumb/v7e-m/nofp/libg.a(lib_a-strcmp.o)
                0x0000000008001988                strcmp
 .text          0x0000000008001c5c       0xbc /usr/lib/gcc/arm-none-eabi/10.3.1/../../../arm-none-eabi/lib/thumb/v7e-m/nofp/libg.a(lib_a-strcpy.o)
                0x0000000008001c5c                strcpy
 *fill*         0x0000000008001d18       0x28 
 .text          0x0000000008001d40       0xdc /usr/lib/gcc/arm-none-eabi/10.3.1/../../../arm-none-eabi/lib/thumb/v7e-m/nofp/libg.a(lib_a-strlen.o)
                0x0000000008001d40                strlen
 .text          0x0000000008001e1c       0x80 /usr/lib/gcc/arm-none-eabi/10.3.1/../../../arm-none-eabi/lib/thumb/v7e-m/nofp/libg.a(lib_a-strncmp.o)
                0x0000000008001e1c                strncmp
 .text          0x0000000008001e9c       0x64 /usr/lib/gcc/arm-none-eabi/10.3.1/../../../arm-none-eabi/lib/thumb/v7e-m/nofp/libg.a(lib_a-strncpy.o)
                0x0000000008001e9c                strncpy
 .text          0x0000000008001f00     0x10ac /usr/lib/gcc/arm-none-eabi/10.3.1/../../../arm-none-eabi/lib/thumb/v7e-m/nofp/libg.a(lib_a-strtod.o)
                0x0000000008001f00                _strtod_l
                0x0000000008002e30                _strtod_r
                0x0000000008002e3c                strtod_l
                0x0000000008002e54                strtod
                0x0000000008002e70                strtof_l
                0x0000000008002f0c                strtof
 .text          0x0000000008002fac      0x188 /usr/lib/gcc/arm-none-eabi/10.3.1/../../../arm-none-eabi/lib/thumb/v7e-m/nofp/libg.a(lib_a-strtol.o)
                0x00000000080030cc                _strtol_r
                0x00000000080030e4                strtol_l
                0x000000000800310c                strtol
 .text          0x0000000008003134     0x1458 /usr/lib/gcc/arm-none-eabi/10.3.1/../../../arm-none-eabi/lib/thumb/v7e-m/nofp/libg.a(lib_a-svfprintf.o)
                0x0000000008003134                _svfprintf_r
 .text          0x000000000800458c       0xd4 /usr/lib/gcc/arm-none-eabi/10.3.1/../../../arm-none-eabi/lib/thumb/v7e-m/nofp/libg.a(lib_a-wsetup.o)
                0x000000000800458c                __swsetup_r
 .text          0x0000000008004660       0x68 /usr/lib/gcc/arm-none-eabi/10.3.1/../../../arm-none-eabi/lib/thumb/v7e-m/nofp/libg.a(lib_a-__atexit.o)
                0x0000000008004660                __register_exitproc
 .text          0x00000000080046c8      0xfe4 /usr/lib/gcc/arm-none-eabi/10.3.1/../../../arm-none-eabi/lib/thumb/v7e-m/nofp/libg.a(lib_a-dtoa.o)
                0x00000000080047ec                _dtoa_r
 .text          0x00000000080056ac      0x19c /usr/lib/gcc/arm-none-eabi/10.3.1/../../../arm-none-eabi/lib/thumb/v7e-m/nofp/libg.a(lib_a-fflush.o)
                0x00000000080056ac                __sflush_r
                0x00000000080057cc                _fflush_r
                0x00000000080057f8                fflush
 .text          0x0000000008005848      0x218 /usr/lib/gcc/arm-none-eabi/10.3.1/../../../arm-none-eabi/lib/thumb/v7e-m/nofp/libg.a(lib_a-findfp.o)
                0x000000000800584c                _cleanup_r
                0x0000000008005934                __sfmoreglue
                0x0000000008005964                __sfp
                0x0000000008005a0c                _cleanup
                0x0000000008005a20                __sinit
                0x0000000008005a28                __sfp_lock_acquire
                0x0000000008005a2c                __sfp_lock_release
                0x0000000008005a30                __sinit_lock_acquire
                0x0000000008005a34                __sinit_lock_release
                0x0000000008005a38                __fp_lock_all
                0x0000000008005a4c                __fp_unlock_all
 .text          0x0000000008005a60      0x2ac /usr/lib/gcc/arm-none-eabi/10.3.1/../../../arm-none-eabi/lib/thumb/v7e-m/nofp/libg.a(lib_a-freer.o)
                0x0000000008005a60                _malloc_trim_r
                0x0000000008005b00                _free_r
 .text          0x0000000008005d0c      0x2e8 /usr/lib/gcc/arm-none-eabi/10.3.1/../../../arm-none-eabi/lib/thumb/v7e-m/nofp/libg.a(lib_a-fvwrite.o)
                0x0000000008005d0c                __sfvwrite_r
 .text          0x0000000008005ff4       0x88 /usr/lib/gcc/arm-none-eabi/10.3.1/../../../arm-none-eabi/lib/thumb/v7e-m/nofp/libg.a(lib_a-fwalk.o)
                0x0000000008005ff4                _fwalk
                0x0000000008006034                _fwalk_reent
 .text          0x000000000800607c      0x660 /usr/lib/gcc/arm-none-eabi/10.3.1/../../../arm-none-eabi/lib/thumb/v7e-m/nofp/libg.a(lib_a-gdtoa-gethex.o)
                0x0000000008006120                __gethex
 .text          0x00000000080066dc      0x1e0 /usr/lib/gcc/arm-none-eabi/10.3.1/../../../arm-none-eabi/lib/thumb/v7e-m/nofp/libg.a(lib_a-gdtoa-hexnan.o)
                0x00000000080066dc                __match
                0x0000000008006710                __hexnan
 .text          0x00000000080068bc       0x8c /usr/lib/gcc/arm-none-eabi/10.3.1/../../../arm-none-eabi/lib/thumb/v7e-m/nofp/libg.a(lib_a-locale.o)
                0x00000000080068bc                _setlocale_r
                0x00000000080068fc                __locale_mb_cur_max
                0x0000000008006908                setlocale
 .text          0x0000000008006948       0x14 /usr/lib/gcc/arm-none-eabi/10.3.1/../../../arm-none-eabi/lib/thumb/v7e-m/nofp/libg.a(lib_a-localeconv.o)
                0x0000000008006948                __localeconv_l
                0x000000000800694c                _localeconv_r
                0x0000000008006954                localeconv
 .text          0x000000000800695c      0x140 /usr/lib/gcc/arm-none-eabi/10.3.1/../../../arm-none-eabi/lib/thumb/v7e-m/nofp/libg.a(lib_a-makebuf.o)
                0x000000000800695c                __smakebuf_r
                0x0000000008006a3c                __swhatbuf_r
 .text          0x0000000008006a9c      0x554 /usr/lib/gcc/arm-none-eabi/10.3.1/../../../arm-none-eabi/lib/thumb/v7e-m/nofp/libg.a(lib_a-mallocr.o)
                0x0000000008006a9c                _malloc_r
 .text          0x0000000008006ff0       0x40 /usr/lib/gcc/arm-none-eabi/10.3.1/../../../arm-none-eabi/lib/thumb/v7e-m/nofp/libg.a(lib_a-mbtowc_r.o)
                0x0000000008006ff0                _mbtowc_r
                0x0000000008007004                __ascii_mbtowc
 .text          0x0000000008007030       0xa0 /usr/lib/gcc/arm-none-eabi/10.3.1/../../../arm-none-eabi/lib/thumb/v7e-m/nofp/libg.a(lib_a-memchr.o)
                0x0000000008007030                memchr
 .text          0x00000000080070d0        0x8 /usr/lib/gcc/arm-none-eabi/10.3.1/../../../arm-none-eabi/lib/thumb/v7e-m/nofp/libg.a(lib_a-mlock.o)
                0x00000000080070d0                __malloc_lock
                0x00000000080070d4                __malloc_unlock
 .text          0x00000000080070d8      0xa6c /usr/lib/gcc/arm-none-eabi/10.3.1/../../../arm-none-eabi/lib/thumb/v7e-m/nofp/libg.a(lib_a-mprec.o)
                0x00000000080070d8                _Balloc
                0x0000000008007124                _Bfree
                0x0000000008007138                __multadd
                0x00000000080071d8                __s2b
                0x000000000800728c                __hi0bits
                0x00000000080072cc                __lo0bits
                0x0000000008007328                __i2b
                0x0000000008007384                __multiply
                0x00000000080074e0                __pow5mult
                0x00000000080075a0                __lshift
                0x0000000008007690                __mcmp
                0x00000000080076d0                __mdiff
                0x000000000800781c                __ulp
                0x0000000008007860                __b2d
                0x0000000008007930                __d2b
                0x00000000080079f4                __ratio
                0x0000000008007a50                _mprec_log10
                0x0000000008007a88                __copybits
                0x0000000008007ae4                __any_on
 .text          0x0000000008007b44      0x3d8 /usr/lib/gcc/arm-none-eabi/10.3.1/../../../arm-none-eabi/lib/thumb/v7e-m/nofp/libg.a(lib_a-reallocr.o)
                0x0000000008007b44                _realloc_r
 .text          0x0000000008007f1c        0xc /usr/lib/gcc/arm-none-eabi/10.3.1/../../../arm-none-eabi/lib/thumb/v7e-m/nofp/libg.a(lib_a-s_nan.o)
                0x0000000008007f1c                nan
 .text          0x0000000008007f28       0x24 /usr/lib/gcc/arm-none-eabi/10.3.1/../../../arm-none-eabi/lib/thumb/v7e-m/nofp/libg.a(lib_a-sbrkr.o)
                0x0000000008007f28                _sbrk_r
 .text          0x0000000008007f4c        0x8 /usr/lib/gcc/arm-none-eabi/10.3.1/../../../arm-none-eabi/lib/thumb/v7e-m/nofp/libg.a(lib_a-sf_nan.o)
                0x0000000008007f4c                nanf
 .text          0x0000000008007f54       0x90 /usr/lib/gcc/arm-none-eabi/10.3.1/../../../arm-none-eabi/lib/thumb/v7e-m/nofp/libg.a(lib_a-stdio.o)
                0x0000000008007f54                __sread
                0x0000000008007f78                __seofread
                0x0000000008007f7c                __swrite
                0x0000000008007fbc                __sseek
                0x0000000008007fdc                __sclose
 .text          0x0000000008007fe4      0xb54 /usr/lib/gcc/arm-none-eabi/10.3.1/../../../arm-none-eabi/lib/thumb/v7e-m/nofp/libg.a(lib_a-svfiprintf.o)
                0x0000000008007fe4                __ssprint_r
                0x00000000080080dc                _svfiprintf_r
 .text          0x0000000008008b38      0xd40 /usr/lib/gcc/arm-none-eabi/10.3.1/../../../arm-none-eabi/lib/thumb/v7e-m/nofp/libg.a(lib_a-vfiprintf.o)
                0x0000000008008bb0                __sprint_r
                0x0000000008008bc4                _vfiprintf_r
                0x00000000080097f4                vfiprintf
 .text          0x0000000008009878       0x30 /usr/lib/gcc/arm-none-eabi/10.3.1/../../../arm-none-eabi/lib/thumb/v7e-m/nofp/libg.a(lib_a-wctomb_r.o)
                0x0000000008009878                _wctomb_r
                0x000000000800988c                __ascii_wctomb
 .text          0x00000000080098a8       0x2c /usr/lib/gcc/arm-none-eabi/10.3.1/../../../arm-none-eabi/lib/thumb/v7e-m/nofp/libg.a(lib_a-writer.o)
                0x00000000080098a8                _write_r
 .text          0x00000000080098d4       0x4c /usr/lib/gcc/arm-none-eabi/10.3.1/../../../arm-none-eabi/lib/thumb/v7e-m/nofp/libg.a(lib_a-assert.o)
                0x00000000080098d4                __assert_func
                0x0000000008009914                __assert
 .text          0x0000000008009920       0x60 /usr/lib/gcc/arm-none-eabi/10.3.1/../../../arm-none-eabi/lib/thumb/v7e-m/nofp/libg.a(lib_a-callocr.o)
                0x0000000008009920                _calloc_r
 .text          0x0000000008009980       0x24 /usr/lib/gcc/arm-none-eabi/10.3.1/../../../arm-none-eabi/lib/thumb/v7e-m/nofp/libg.a(lib_a-closer.o)
                0x0000000008009980                _close_r
 .text          0x00000000080099a4       0xd4 /usr/lib/gcc/arm-none-eabi/10.3.1/../../../arm-none-eabi/lib/thumb/v7e-m/nofp/libg.a(lib_a-fclose.o)
                0x0000000008009a08                _fclose_r
                0x0000000008009a3c                fclose
 .text          0x0000000008009a78       0x44 /usr/lib/gcc/arm-none-eabi/10.3.1/../../../arm-none-eabi/lib/thumb/v7e-m/nofp/libg.a(lib_a-fiprintf.o)
                0x0000000008009a78                _fiprintf_r
                0x0000000008009a94                fiprintf
 .text          0x0000000008009abc      0x10c /usr/lib/gcc/arm-none-eabi/10.3.1/../../../arm-none-eabi/lib/thumb/v7e-m/nofp/libg.a(lib_a-fputwc.o)
                0x0000000008009abc                __fputwc
                0x0000000008009b64                _fputwc_r
                0x0000000008009b88                fputwc
 .text          0x0000000008009bc8       0x2c /usr/lib/gcc/arm-none-eabi/10.3.1/../../../arm-none-eabi/lib/thumb/v7e-m/nofp/libg.a(lib_a-fstatr.o)
                0x0000000008009bc8                _fstat_r
 .text          0x0000000008009bf4       0x24 /usr/lib/gcc/arm-none-eabi/10.3.1/../../../arm-none-eabi/lib/thumb/v7e-m/nofp/libg.a(lib_a-isattyr.o)
                0x0000000008009bf4                _isatty_r
 .text          0x0000000008009c18       0x2c /usr/lib/gcc/arm-none-eabi/10.3.1/../../../arm-none-eabi/lib/thumb/v7e-m/nofp/libg.a(lib_a-lseekr.o)
                0x0000000008009c18                _lseek_r
 .text          0x0000000008009c44       0x2c /usr/lib/gcc/arm-none-eabi/10.3.1/../../../arm-none-eabi/lib/thumb/v7e-m/nofp/libg.a(lib_a-readr.o)
                0x0000000008009c44                _read_r
 .text          0x0000000008009c70       0xc8 /usr/lib/gcc/arm-none-eabi/10.3.1/../../../arm-none-eabi/lib/thumb/v7e-m/nofp/libg.a(lib_a-wbuf.o)
                0x0000000008009c70                __swbuf_r
                0x0000000008009d20                __swbuf
 .text          0x0000000008009d38       0x8c /usr/lib/gcc/arm-none-eabi/10.3.1/../../../arm-none-eabi/lib/thumb/v7e-m/nofp/libg.a(lib_a-wcrtomb.o)
                0x0000000008009d38                _wcrtomb_r
                0x0000000008009d74                wcrtomb
 .text          0x0000000008009dc4       0x10 /usr/lib/gcc/arm-none-eabi/10.3.1/../../../arm-none-eabi/lib/thumb/v7e-m/nofp/libg.a(lib_a-abort.o)
                0x0000000008009dc4                abort
 .text          0x0000000008009dd4      0x288 /usr/lib/gcc/arm-none-eabi/10.3.1/../../../arm-none-eabi/lib/thumb/v7e-m/nofp/libg.a(lib_a-signal.o)
                0x0000000008009dd4                _init_signal_r
                0x0000000008009e04                _signal_r
                0x0000000008009e50                _raise_r
                0x0000000008009ea8                __sigtramp_r
                0x0000000008009f0c                raise
                0x0000000008009f68                signal
                0x0000000008009fbc                _init_signal
                0x0000000008009ff4                __sigtramp
 .text          0x000000000800a05c       0x30 /usr/lib/gcc/arm-none-eabi/10.3.1/../../../arm-none-eabi/lib/thumb/v7e-m/nofp/libg.a(lib_a-signalr.o)
                0x000000000800a05c                _kill_r
                0x000000000800a088                _getpid_r
 .text          0x000000000800a08c       0x2c /usr/lib/gcc/arm-none-eabi/10.3.1/thumb/v7e-m/nofp/libgcc.a(_arm_unorddf2.o)
                0x000000000800a08c                __aeabi_dcmpun
                0x000000000800a08c                __unorddf2
 .text          0x000000000800a0b8       0x2c /usr/lib/gcc/arm-none-eabi/10.3.1/thumb/v7e-m/nofp/libgcc.a(_arm_unordsf2.o)
                0x000000000800a0b8                __aeabi_fcmpun
                0x000000000800a0b8                __unordsf2
 *(.text*)
 .text.MX_ETH_Init
                0x000000000800a0e4       0x70 CMakeFiles/NUCLEO-F429ZI.elf.dir/Core/Src/eth.c.obj
                0x000000000800a0e4                MX_ETH_Init
 .text.HAL_ETH_MspInit
                0x000000000800a154      0x11c CMakeFiles/NUCLEO-F429ZI.elf.dir/Core/Src/eth.c.obj
                0x000000000800a154                HAL_ETH_MspInit
 .text.MX_GPIO_Init
                0x000000000800a270      0x108 CMakeFiles/NUCLEO-F429ZI.elf.dir/Core/Src/gpio.c.obj
                0x000000000800a270                MX_GPIO_Init
 .text.onSwitchCb
                0x000000000800a378       0x44 CMakeFiles/NUCLEO-F429ZI.elf.dir/Core/Src/main.c.obj
 .text.simACb   0x000000000800a3bc       0x18 CMakeFiles/NUCLEO-F429ZI.elf.dir/Core/Src/main.c.obj
 .text.simBCb   0x000000000800a3d4        0x2 CMakeFiles/NUCLEO-F429ZI.elf.dir/Core/Src/main.c.obj
 *fill*         0x000000000800a3d6        0x2 
 .text.onMQTTCb
                0x000000000800a3d8       0xf4 CMakeFiles/NUCLEO-F429ZI.elf.dir/Core/Src/main.c.obj
                0x000000000800a3d8                onMQTTCb
 .text.saltConfig
                0x000000000800a4cc       0x84 CMakeFiles/NUCLEO-F429ZI.elf.dir/Core/Src/main.c.obj
 .text.onAnInCb
                0x000000000800a550       0x9c CMakeFiles/NUCLEO-F429ZI.elf.dir/Core/Src/main.c.obj
 .text.onRelayErrorCb
                0x000000000800a5ec       0x48 CMakeFiles/NUCLEO-F429ZI.elf.dir/Core/Src/main.c.obj
 .text.setupTraceFilters
                0x000000000800a634       0x34 CMakeFiles/NUCLEO-F429ZI.elf.dir/Core/Src/main.c.obj
 .text.__io_putchar
                0x000000000800a668       0x20 CMakeFiles/NUCLEO-F429ZI.elf.dir/Core/Src/main.c.obj
                0x000000000800a668                __io_putchar
 .text.Error_Handler
                0x000000000800a688        0x4 CMakeFiles/NUCLEO-F429ZI.elf.dir/Core/Src/main.c.obj
                0x000000000800a688                Error_Handler
 .text.SystemClock_Config
                0x000000000800a68c       0xa8 CMakeFiles/NUCLEO-F429ZI.elf.dir/Core/Src/main.c.obj
                0x000000000800a68c                SystemClock_Config
 .text.main     0x000000000800a734      0x140 CMakeFiles/NUCLEO-F429ZI.elf.dir/Core/Src/main.c.obj
                0x000000000800a734                main
 .text.MX_SPI1_Init
                0x000000000800a874       0x40 CMakeFiles/NUCLEO-F429ZI.elf.dir/Core/Src/spi.c.obj
                0x000000000800a874                MX_SPI1_Init
 .text.HAL_SPI_MspInit
                0x000000000800a8b4       0x98 CMakeFiles/NUCLEO-F429ZI.elf.dir/Core/Src/spi.c.obj
                0x000000000800a8b4                HAL_SPI_MspInit
 .text.HAL_MspInit
                0x000000000800a94c       0x38 CMakeFiles/NUCLEO-F429ZI.elf.dir/Core/Src/stm32f4xx_hal_msp.c.obj
                0x000000000800a94c                HAL_MspInit
 .text.NMI_Handler
                0x000000000800a984        0x2 CMakeFiles/NUCLEO-F429ZI.elf.dir/Core/Src/stm32f4xx_it.c.obj
                0x000000000800a984                NMI_Handler
 .text.HardFault_Handler
                0x000000000800a986        0x2 CMakeFiles/NUCLEO-F429ZI.elf.dir/Core/Src/stm32f4xx_it.c.obj
                0x000000000800a986                HardFault_Handler
 .text.MemManage_Handler
                0x000000000800a988        0x2 CMakeFiles/NUCLEO-F429ZI.elf.dir/Core/Src/stm32f4xx_it.c.obj
                0x000000000800a988                MemManage_Handler
 .text.BusFault_Handler
                0x000000000800a98a        0x2 CMakeFiles/NUCLEO-F429ZI.elf.dir/Core/Src/stm32f4xx_it.c.obj
                0x000000000800a98a                BusFault_Handler
 .text.UsageFault_Handler
                0x000000000800a98c        0x2 CMakeFiles/NUCLEO-F429ZI.elf.dir/Core/Src/stm32f4xx_it.c.obj
                0x000000000800a98c                UsageFault_Handler
 .text.SVC_Handler
                0x000000000800a98e        0x2 CMakeFiles/NUCLEO-F429ZI.elf.dir/Core/Src/stm32f4xx_it.c.obj
                0x000000000800a98e                SVC_Handler
 .text.DebugMon_Handler
                0x000000000800a990        0x2 CMakeFiles/NUCLEO-F429ZI.elf.dir/Core/Src/stm32f4xx_it.c.obj
                0x000000000800a990                DebugMon_Handler
 .text.PendSV_Handler
                0x000000000800a992        0x2 CMakeFiles/NUCLEO-F429ZI.elf.dir/Core/Src/stm32f4xx_it.c.obj
                0x000000000800a992                PendSV_Handler
 .text.SysTick_Handler
                0x000000000800a994       0x24 CMakeFiles/NUCLEO-F429ZI.elf.dir/Core/Src/stm32f4xx_it.c.obj
                0x000000000800a994                SysTick_Handler
 .text._getpid  0x000000000800a9b8        0x4 CMakeFiles/NUCLEO-F429ZI.elf.dir/Core/Src/syscalls.c.obj
                0x000000000800a9b8                _getpid
 .text._kill    0x000000000800a9bc       0x10 CMakeFiles/NUCLEO-F429ZI.elf.dir/Core/Src/syscalls.c.obj
                0x000000000800a9bc                _kill
 .text._exit    0x000000000800a9cc        0xc CMakeFiles/NUCLEO-F429ZI.elf.dir/Core/Src/syscalls.c.obj
                0x000000000800a9cc                _exit
 .text._read    0x000000000800a9d8       0x20 CMakeFiles/NUCLEO-F429ZI.elf.dir/Core/Src/syscalls.c.obj
                0x000000000800a9d8                _read
 .text._write   0x000000000800a9f8       0x1c CMakeFiles/NUCLEO-F429ZI.elf.dir/Core/Src/syscalls.c.obj
                0x000000000800a9f8                _write
 .text._close   0x000000000800aa14        0x6 CMakeFiles/NUCLEO-F429ZI.elf.dir/Core/Src/syscalls.c.obj
                0x000000000800aa14                _close
 .text._fstat   0x000000000800aa1a        0xa CMakeFiles/NUCLEO-F429ZI.elf.dir/Core/Src/syscalls.c.obj
                0x000000000800aa1a                _fstat
 .text._isatty  0x000000000800aa24        0x4 CMakeFiles/NUCLEO-F429ZI.elf.dir/Core/Src/syscalls.c.obj
                0x000000000800aa24                _isatty
 .text._lseek   0x000000000800aa28        0x4 CMakeFiles/NUCLEO-F429ZI.elf.dir/Core/Src/syscalls.c.obj
                0x000000000800aa28                _lseek
 .text._sbrk    0x000000000800aa2c       0x48 CMakeFiles/NUCLEO-F429ZI.elf.dir/Core/Src/sysmem.c.obj
                0x000000000800aa2c                _sbrk
 .text.SystemInit
                0x000000000800aa74        0x2 CMakeFiles/NUCLEO-F429ZI.elf.dir/Core/Src/system_stm32f4xx.c.obj
                0x000000000800aa74                SystemInit
 *fill*         0x000000000800aa76        0x2 
 .text.SystemCoreClockUpdate
                0x000000000800aa78       0xa0 CMakeFiles/NUCLEO-F429ZI.elf.dir/Core/Src/system_stm32f4xx.c.obj
                0x000000000800aa78                SystemCoreClockUpdate
 .text.MX_USART3_UART_Init
                0x000000000800ab18       0x34 CMakeFiles/NUCLEO-F429ZI.elf.dir/Core/Src/usart.c.obj
                0x000000000800ab18                MX_USART3_UART_Init
 .text.HAL_UART_MspInit
                0x000000000800ab4c       0x70 CMakeFiles/NUCLEO-F429ZI.elf.dir/Core/Src/usart.c.obj
                0x000000000800ab4c                HAL_UART_MspInit
 .text.MX_USB_OTG_FS_PCD_Init
                0x000000000800abbc       0x38 CMakeFiles/NUCLEO-F429ZI.elf.dir/Core/Src/usb_otg.c.obj
                0x000000000800abbc                MX_USB_OTG_FS_PCD_Init
 .text.HAL_PCD_MspInit
                0x000000000800abf4       0x88 CMakeFiles/NUCLEO-F429ZI.elf.dir/Core/Src/usb_otg.c.obj
                0x000000000800abf4                HAL_PCD_MspInit
 .text.Reset_Handler
                0x000000000800ac7c       0x50 CMakeFiles/NUCLEO-F429ZI.elf.dir/Core/Startup/startup_stm32f429zitx.s.obj
                0x000000000800ac7c                Reset_Handler
 .text.Default_Handler
                0x000000000800accc        0x2 CMakeFiles/NUCLEO-F429ZI.elf.dir/Core/Startup/startup_stm32f429zitx.s.obj
                0x000000000800accc                RTC_Alarm_IRQHandler
                0x000000000800accc                HASH_RNG_IRQHandler
                0x000000000800accc                EXTI2_IRQHandler
                0x000000000800accc                TIM8_CC_IRQHandler
                0x000000000800accc                UART8_IRQHandler
                0x000000000800accc                SPI4_IRQHandler
                0x000000000800accc                TIM1_CC_IRQHandler
                0x000000000800accc                DMA2_Stream5_IRQHandler
                0x000000000800accc                DMA1_Stream5_IRQHandler
                0x000000000800accc                PVD_IRQHandler
                0x000000000800accc                SDIO_IRQHandler
                0x000000000800accc                TAMP_STAMP_IRQHandler
                0x000000000800accc                CAN2_RX1_IRQHandler
                0x000000000800accc                EXTI3_IRQHandler
                0x000000000800accc                TIM8_TRG_COM_TIM14_IRQHandler
                0x000000000800accc                TIM1_UP_TIM10_IRQHandler
                0x000000000800accc                TIM8_UP_TIM13_IRQHandler
                0x000000000800accc                I2C3_ER_IRQHandler
                0x000000000800accc                I2C2_EV_IRQHandler
                0x000000000800accc                DMA1_Stream2_IRQHandler
                0x000000000800accc                CAN1_RX0_IRQHandler
                0x000000000800accc                FPU_IRQHandler
                0x000000000800accc                OTG_HS_WKUP_IRQHandler
                0x000000000800accc                LTDC_ER_IRQHandler
                0x000000000800accc                CAN2_SCE_IRQHandler
                0x000000000800accc                DMA2_Stream2_IRQHandler
                0x000000000800accc                SPI1_IRQHandler
                0x000000000800accc                TIM6_DAC_IRQHandler
                0x000000000800accc                TIM1_BRK_TIM9_IRQHandler
                0x000000000800accc                DCMI_IRQHandler
                0x000000000800accc                CAN2_RX0_IRQHandler
                0x000000000800accc                DMA2_Stream3_IRQHandler
                0x000000000800accc                USART6_IRQHandler
                0x000000000800accc                CAN1_RX1_IRQHandler
                0x000000000800accc                UART5_IRQHandler
                0x000000000800accc                DMA2_Stream0_IRQHandler
                0x000000000800accc                TIM4_IRQHandler
                0x000000000800accc                I2C1_EV_IRQHandler
                0x000000000800accc                DMA1_Stream6_IRQHandler
                0x000000000800accc                DMA1_Stream1_IRQHandler
                0x000000000800accc                TIM3_IRQHandler
                0x000000000800accc                RCC_IRQHandler
                0x000000000800accc                TIM8_BRK_TIM12_IRQHandler
                0x000000000800accc                Default_Handler
                0x000000000800accc                ADC_IRQHandler
                0x000000000800accc                DMA1_Stream7_IRQHandler
                0x000000000800accc                SPI5_IRQHandler
                0x000000000800accc                TIM7_IRQHandler
                0x000000000800accc                CAN2_TX_IRQHandler
                0x000000000800accc                TIM5_IRQHandler
                0x000000000800accc                DMA2_Stream7_IRQHandler
                0x000000000800accc                I2C3_EV_IRQHandler
                0x000000000800accc                EXTI9_5_IRQHandler
                0x000000000800accc                RTC_WKUP_IRQHandler
                0x000000000800accc                LTDC_IRQHandler
                0x000000000800accc                ETH_WKUP_IRQHandler
                0x000000000800accc                SPI2_IRQHandler
                0x000000000800accc                OTG_HS_EP1_IN_IRQHandler
                0x000000000800accc                DMA1_Stream0_IRQHandler
                0x000000000800accc                CAN1_TX_IRQHandler
                0x000000000800accc                EXTI4_IRQHandler
                0x000000000800accc                ETH_IRQHandler
                0x000000000800accc                OTG_HS_EP1_OUT_IRQHandler
                0x000000000800accc                WWDG_IRQHandler
                0x000000000800accc                SPI6_IRQHandler
                0x000000000800accc                TIM2_IRQHandler
                0x000000000800accc                OTG_FS_WKUP_IRQHandler
                0x000000000800accc                TIM1_TRG_COM_TIM11_IRQHandler
                0x000000000800accc                OTG_HS_IRQHandler
                0x000000000800accc                DMA2D_IRQHandler
                0x000000000800accc                UART7_IRQHandler
                0x000000000800accc                I2C2_ER_IRQHandler
                0x000000000800accc                DMA2_Stream1_IRQHandler
                0x000000000800accc                CAN1_SCE_IRQHandler
                0x000000000800accc                FLASH_IRQHandler
                0x000000000800accc                DMA2_Stream4_IRQHandler
                0x000000000800accc                OTG_FS_IRQHandler
                0x000000000800accc                SPI3_IRQHandler
                0x000000000800accc                DMA1_Stream4_IRQHandler
                0x000000000800accc                I2C1_ER_IRQHandler
                0x000000000800accc                FMC_IRQHandler
                0x000000000800accc                DMA2_Stream6_IRQHandler
                0x000000000800accc                SAI1_IRQHandler
                0x000000000800accc                DMA1_Stream3_IRQHandler
 *fill*         0x000000000800acce        0x2 
 .text.HAL_InitTick
                0x000000000800acd0       0x4c CMakeFiles/NUCLEO-F429ZI.elf.dir/Drivers/STM32F4xx_HAL_Driver/Src/stm32f4xx_hal.c.obj
                0x000000000800acd0                HAL_InitTick
 .text.HAL_Init
                0x000000000800ad1c       0x34 CMakeFiles/NUCLEO-F429ZI.elf.dir/Drivers/STM32F4xx_HAL_Driver/Src/stm32f4xx_hal.c.obj
                0x000000000800ad1c                HAL_Init
 .text.HAL_IncTick
                0x000000000800ad50       0x18 CMakeFiles/NUCLEO-F429ZI.elf.dir/Drivers/STM32F4xx_HAL_Driver/Src/stm32f4xx_hal.c.obj
                0x000000000800ad50                HAL_IncTick
 .text.HAL_GetTick
                0x000000000800ad68        0xc CMakeFiles/NUCLEO-F429ZI.elf.dir/Drivers/STM32F4xx_HAL_Driver/Src/stm32f4xx_hal.c.obj
                0x000000000800ad68                HAL_GetTick
 .text.HAL_Delay
                0x000000000800ad74       0x28 CMakeFiles/NUCLEO-F429ZI.elf.dir/Drivers/STM32F4xx_HAL_Driver/Src/stm32f4xx_hal.c.obj
                0x000000000800ad74                HAL_Delay
 .text.HAL_NVIC_SetPriorityGrouping
                0x000000000800ad9c       0x24 CMakeFiles/NUCLEO-F429ZI.elf.dir/Drivers/STM32F4xx_HAL_Driver/Src/stm32f4xx_hal_cortex.c.obj
                0x000000000800ad9c                HAL_NVIC_SetPriorityGrouping
 .text.HAL_NVIC_SetPriority
                0x000000000800adc0       0x70 CMakeFiles/NUCLEO-F429ZI.elf.dir/Drivers/STM32F4xx_HAL_Driver/Src/stm32f4xx_hal_cortex.c.obj
                0x000000000800adc0                HAL_NVIC_SetPriority
 .text.HAL_NVIC_EnableIRQ
                0x000000000800ae30       0x1c CMakeFiles/NUCLEO-F429ZI.elf.dir/Drivers/STM32F4xx_HAL_Driver/Src/stm32f4xx_hal_cortex.c.obj
                0x000000000800ae30                HAL_NVIC_EnableIRQ
 .text.HAL_NVIC_DisableIRQ
                0x000000000800ae4c       0x24 CMakeFiles/NUCLEO-F429ZI.elf.dir/Drivers/STM32F4xx_HAL_Driver/Src/stm32f4xx_hal_cortex.c.obj
                0x000000000800ae4c                HAL_NVIC_DisableIRQ
 .text.HAL_SYSTICK_Config
                0x000000000800ae70       0x28 CMakeFiles/NUCLEO-F429ZI.elf.dir/Drivers/STM32F4xx_HAL_Driver/Src/stm32f4xx_hal_cortex.c.obj
                0x000000000800ae70                HAL_SYSTICK_Config
 .text.HAL_SYSTICK_CLKSourceConfig
                0x000000000800ae98       0x20 CMakeFiles/NUCLEO-F429ZI.elf.dir/Drivers/STM32F4xx_HAL_Driver/Src/stm32f4xx_hal_cortex.c.obj
                0x000000000800ae98                HAL_SYSTICK_CLKSourceConfig
 .text.HAL_DMA_Abort
                0x000000000800aeb8       0x94 CMakeFiles/NUCLEO-F429ZI.elf.dir/Drivers/STM32F4xx_HAL_Driver/Src/stm32f4xx_hal_dma.c.obj
                0x000000000800aeb8                HAL_DMA_Abort
 .text.HAL_DMA_Abort_IT
                0x000000000800af4c       0x26 CMakeFiles/NUCLEO-F429ZI.elf.dir/Drivers/STM32F4xx_HAL_Driver/Src/stm32f4xx_hal_dma.c.obj
                0x000000000800af4c                HAL_DMA_Abort_IT
 *fill*         0x000000000800af72        0x2 
 .text.ETH_MACAddressConfig
                0x000000000800af74       0x30 CMakeFiles/NUCLEO-F429ZI.elf.dir/Drivers/STM32F4xx_HAL_Driver/Src/stm32f4xx_hal_eth.c.obj
 .text.ETH_DMATxDescListInit
                0x000000000800afa4       0x6e CMakeFiles/NUCLEO-F429ZI.elf.dir/Drivers/STM32F4xx_HAL_Driver/Src/stm32f4xx_hal_eth.c.obj
 .text.ETH_DMARxDescListInit
                0x000000000800b012       0x84 CMakeFiles/NUCLEO-F429ZI.elf.dir/Drivers/STM32F4xx_HAL_Driver/Src/stm32f4xx_hal_eth.c.obj
 *fill*         0x000000000800b096        0x2 
 .text.ETH_SetMACConfig
                0x000000000800b098       0xfc CMakeFiles/NUCLEO-F429ZI.elf.dir/Drivers/STM32F4xx_HAL_Driver/Src/stm32f4xx_hal_eth.c.obj
 .text.ETH_SetDMAConfig
                0x000000000800b194       0xc0 CMakeFiles/NUCLEO-F429ZI.elf.dir/Drivers/STM32F4xx_HAL_Driver/Src/stm32f4xx_hal_eth.c.obj
 .text.ETH_MACDMAConfig
                0x000000000800b254       0xa2 CMakeFiles/NUCLEO-F429ZI.elf.dir/Drivers/STM32F4xx_HAL_Driver/Src/stm32f4xx_hal_eth.c.obj
 *fill*         0x000000000800b2f6        0x2 
 .text.HAL_ETH_Init
                0x000000000800b2f8       0xc0 CMakeFiles/NUCLEO-F429ZI.elf.dir/Drivers/STM32F4xx_HAL_Driver/Src/stm32f4xx_hal_eth.c.obj
                0x000000000800b2f8                HAL_ETH_Init
 .text.HAL_GPIO_Init
                0x000000000800b3b8      0x1fc CMakeFiles/NUCLEO-F429ZI.elf.dir/Drivers/STM32F4xx_HAL_Driver/Src/stm32f4xx_hal_gpio.c.obj
                0x000000000800b3b8                HAL_GPIO_Init
 .text.HAL_GPIO_ReadPin
                0x000000000800b5b4        0xe CMakeFiles/NUCLEO-F429ZI.elf.dir/Drivers/STM32F4xx_HAL_Driver/Src/stm32f4xx_hal_gpio.c.obj
                0x000000000800b5b4                HAL_GPIO_ReadPin
 .text.HAL_GPIO_WritePin
                0x000000000800b5c2        0xc CMakeFiles/NUCLEO-F429ZI.elf.dir/Drivers/STM32F4xx_HAL_Driver/Src/stm32f4xx_hal_gpio.c.obj
                0x000000000800b5c2                HAL_GPIO_WritePin
 *fill*         0x000000000800b5ce        0x2 
 .text.HAL_GPIO_EXTI_IRQHandler
                0x000000000800b5d0       0x1c CMakeFiles/NUCLEO-F429ZI.elf.dir/Drivers/STM32F4xx_HAL_Driver/Src/stm32f4xx_hal_gpio.c.obj
                0x000000000800b5d0                HAL_GPIO_EXTI_IRQHandler
 .text.HAL_PCD_Init
                0x000000000800b5ec      0x12e CMakeFiles/NUCLEO-F429ZI.elf.dir/Drivers/STM32F4xx_HAL_Driver/Src/stm32f4xx_hal_pcd.c.obj
                0x000000000800b5ec                HAL_PCD_Init
 *fill*         0x000000000800b71a        0x2 
 .text.HAL_RCC_OscConfig
                0x000000000800b71c      0x3f8 CMakeFiles/NUCLEO-F429ZI.elf.dir/Drivers/STM32F4xx_HAL_Driver/Src/stm32f4xx_hal_rcc.c.obj
                0x000000000800b71c                HAL_RCC_OscConfig
 .text.HAL_RCC_GetSysClockFreq
                0x000000000800bb14       0xd4 CMakeFiles/NUCLEO-F429ZI.elf.dir/Drivers/STM32F4xx_HAL_Driver/Src/stm32f4xx_hal_rcc.c.obj
                0x000000000800bb14                HAL_RCC_GetSysClockFreq
 .text.HAL_RCC_ClockConfig
                0x000000000800bbe8      0x160 CMakeFiles/NUCLEO-F429ZI.elf.dir/Drivers/STM32F4xx_HAL_Driver/Src/stm32f4xx_hal_rcc.c.obj
                0x000000000800bbe8                HAL_RCC_ClockConfig
 .text.HAL_RCC_GetHCLKFreq
                0x000000000800bd48        0xc CMakeFiles/NUCLEO-F429ZI.elf.dir/Drivers/STM32F4xx_HAL_Driver/Src/stm32f4xx_hal_rcc.c.obj
                0x000000000800bd48                HAL_RCC_GetHCLKFreq
 .text.HAL_RCC_GetPCLK1Freq
                0x000000000800bd54       0x20 CMakeFiles/NUCLEO-F429ZI.elf.dir/Drivers/STM32F4xx_HAL_Driver/Src/stm32f4xx_hal_rcc.c.obj
                0x000000000800bd54                HAL_RCC_GetPCLK1Freq
 .text.HAL_RCC_GetPCLK2Freq
                0x000000000800bd74       0x20 CMakeFiles/NUCLEO-F429ZI.elf.dir/Drivers/STM32F4xx_HAL_Driver/Src/stm32f4xx_hal_rcc.c.obj
                0x000000000800bd74                HAL_RCC_GetPCLK2Freq
 .text.HAL_SPI_Init
                0x000000000800bd94       0xbe CMakeFiles/NUCLEO-F429ZI.elf.dir/Drivers/STM32F4xx_HAL_Driver/Src/stm32f4xx_hal_spi.c.obj
                0x000000000800bd94                HAL_SPI_Init
 .text.UART_EndRxTransfer
                0x000000000800be52       0x5c CMakeFiles/NUCLEO-F429ZI.elf.dir/Drivers/STM32F4xx_HAL_Driver/Src/stm32f4xx_hal_uart.c.obj
 .text.UART_Transmit_IT
                0x000000000800beae       0x60 CMakeFiles/NUCLEO-F429ZI.elf.dir/Drivers/STM32F4xx_HAL_Driver/Src/stm32f4xx_hal_uart.c.obj
 *fill*         0x000000000800bf0e        0x2 
 .text.UART_SetConfig
                0x000000000800bf10      0x110 CMakeFiles/NUCLEO-F429ZI.elf.dir/Drivers/STM32F4xx_HAL_Driver/Src/stm32f4xx_hal_uart.c.obj
 .text.UART_WaitOnFlagUntilTimeout
                0x000000000800c020       0x88 CMakeFiles/NUCLEO-F429ZI.elf.dir/Drivers/STM32F4xx_HAL_Driver/Src/stm32f4xx_hal_uart.c.obj
 .text.HAL_UART_Init
                0x000000000800c0a8       0x5e CMakeFiles/NUCLEO-F429ZI.elf.dir/Drivers/STM32F4xx_HAL_Driver/Src/stm32f4xx_hal_uart.c.obj
                0x000000000800c0a8                HAL_UART_Init
 .text.HAL_UART_Transmit
                0x000000000800c106       0xd8 CMakeFiles/NUCLEO-F429ZI.elf.dir/Drivers/STM32F4xx_HAL_Driver/Src/stm32f4xx_hal_uart.c.obj
                0x000000000800c106                HAL_UART_Transmit
 .text.HAL_UART_TxCpltCallback
                0x000000000800c1de        0x2 CMakeFiles/NUCLEO-F429ZI.elf.dir/Drivers/STM32F4xx_HAL_Driver/Src/stm32f4xx_hal_uart.c.obj
                0x000000000800c1de                HAL_UART_TxCpltCallback
 .text.UART_EndTransmit_IT
                0x000000000800c1e0       0x1a CMakeFiles/NUCLEO-F429ZI.elf.dir/Drivers/STM32F4xx_HAL_Driver/Src/stm32f4xx_hal_uart.c.obj
 .text.HAL_UART_RxCpltCallback
                0x000000000800c1fa        0x2 CMakeFiles/NUCLEO-F429ZI.elf.dir/Drivers/STM32F4xx_HAL_Driver/Src/stm32f4xx_hal_uart.c.obj
                0x000000000800c1fa                HAL_UART_RxCpltCallback
 .text.HAL_UART_ErrorCallback
                0x000000000800c1fc        0x2 CMakeFiles/NUCLEO-F429ZI.elf.dir/Drivers/STM32F4xx_HAL_Driver/Src/stm32f4xx_hal_uart.c.obj
                0x000000000800c1fc                HAL_UART_ErrorCallback
 .text.UART_DMAAbortOnError
                0x000000000800c1fe       0x10 CMakeFiles/NUCLEO-F429ZI.elf.dir/Drivers/STM32F4xx_HAL_Driver/Src/stm32f4xx_hal_uart.c.obj
 .text.HAL_UARTEx_RxEventCallback
                0x000000000800c20e        0x2 CMakeFiles/NUCLEO-F429ZI.elf.dir/Drivers/STM32F4xx_HAL_Driver/Src/stm32f4xx_hal_uart.c.obj
                0x000000000800c20e                HAL_UARTEx_RxEventCallback
 .text.UART_Receive_IT
                0x000000000800c210       0xe2 CMakeFiles/NUCLEO-F429ZI.elf.dir/Drivers/STM32F4xx_HAL_Driver/Src/stm32f4xx_hal_uart.c.obj
 *fill*         0x000000000800c2f2        0x2 
 .text.HAL_UART_IRQHandler
                0x000000000800c2f4      0x280 CMakeFiles/NUCLEO-F429ZI.elf.dir/Drivers/STM32F4xx_HAL_Driver/Src/stm32f4xx_hal_uart.c.obj
                0x000000000800c2f4                HAL_UART_IRQHandler
 .text.USB_CoreReset
                0x000000000800c574       0x50 CMakeFiles/NUCLEO-F429ZI.elf.dir/Drivers/STM32F4xx_HAL_Driver/Src/stm32f4xx_ll_usb.c.obj
 .text.USB_CoreInit
                0x000000000800c5c4       0x8a CMakeFiles/NUCLEO-F429ZI.elf.dir/Drivers/STM32F4xx_HAL_Driver/Src/stm32f4xx_ll_usb.c.obj
                0x000000000800c5c4                USB_CoreInit
 .text.USB_DisableGlobalInt
                0x000000000800c64e        0xc CMakeFiles/NUCLEO-F429ZI.elf.dir/Drivers/STM32F4xx_HAL_Driver/Src/stm32f4xx_ll_usb.c.obj
                0x000000000800c64e                USB_DisableGlobalInt
 *fill*         0x000000000800c65a        0x2 
 .text.USB_FlushTxFifo
                0x000000000800c65c       0x50 CMakeFiles/NUCLEO-F429ZI.elf.dir/Drivers/STM32F4xx_HAL_Driver/Src/stm32f4xx_ll_usb.c.obj
                0x000000000800c65c                USB_FlushTxFifo
 .text.USB_FlushRxFifo
                0x000000000800c6ac       0x4c CMakeFiles/NUCLEO-F429ZI.elf.dir/Drivers/STM32F4xx_HAL_Driver/Src/stm32f4xx_ll_usb.c.obj
                0x000000000800c6ac                USB_FlushRxFifo
 .text.USB_SetDevSpeed
                0x000000000800c6f8        0xe CMakeFiles/NUCLEO-F429ZI.elf.dir/Drivers/STM32F4xx_HAL_Driver/Src/stm32f4xx_ll_usb.c.obj
                0x000000000800c6f8                USB_SetDevSpeed
 *fill*         0x000000000800c706        0x2 
 .text.USB_DevInit
                0x000000000800c708      0x190 CMakeFiles/NUCLEO-F429ZI.elf.dir/Drivers/STM32F4xx_HAL_Driver/Src/stm32f4xx_ll_usb.c.obj
                0x000000000800c708                USB_DevInit
 .text.USB_DevDisconnect
                0x000000000800c898       0x1c CMakeFiles/NUCLEO-F429ZI.elf.dir/Drivers/STM32F4xx_HAL_Driver/Src/stm32f4xx_ll_usb.c.obj
                0x000000000800c898                USB_DevDisconnect
 .text.USB_GetMode
                0x000000000800c8b4        0x8 CMakeFiles/NUCLEO-F429ZI.elf.dir/Drivers/STM32F4xx_HAL_Driver/Src/stm32f4xx_ll_usb.c.obj
                0x000000000800c8b4                USB_GetMode
 .text.USB_SetCurrentMode
                0x000000000800c8bc       0x62 CMakeFiles/NUCLEO-F429ZI.elf.dir/Drivers/STM32F4xx_HAL_Driver/Src/stm32f4xx_ll_usb.c.obj
                0x000000000800c8bc                USB_SetCurrentMode
 *fill*         0x000000000800c91e        0x2 
 .text.rkh_hook_start
                0x000000000800c920       0x18 CMakeFiles/NUCLEO-F429ZI.elf.dir/blinkySysTick/hook.c.obj
                0x000000000800c920                rkh_hook_start
 .text.rkh_hook_timetick
                0x000000000800c938        0x8 CMakeFiles/NUCLEO-F429ZI.elf.dir/blinkySysTick/hook.c.obj
                0x000000000800c938                rkh_hook_timetick
 .text.rkh_hook_idle
                0x000000000800c940        0xa CMakeFiles/NUCLEO-F429ZI.elf.dir/blinkySysTick/hook.c.obj
                0x000000000800c940                rkh_hook_idle
 *fill*         0x000000000800c94a        0x2 
 .text.BSP_LED_On
                0x000000000800c94c       0x20 CMakeFiles/NUCLEO-F429ZI.elf.dir/bsp/stm32f4xx_nucleo_144.c.obj
                0x000000000800c94c                BSP_LED_On
 .text.execute_list
                0x000000000800c96c       0x12 CMakeFiles/NUCLEO-F429ZI.elf.dir/mTime/mTime.c.obj
 *fill*         0x000000000800c97e        0x2 
 .text.mTime_init
                0x000000000800c980       0x18 CMakeFiles/NUCLEO-F429ZI.elf.dir/mTime/mTime.c.obj
                0x000000000800c980                mTime_init
 .text.mTime_tick
                0x000000000800c998       0x5c CMakeFiles/NUCLEO-F429ZI.elf.dir/mTime/mTime.c.obj
                0x000000000800c998                mTime_tick
 .text.rkh_assert
                0x000000000800c9f4       0x32 CMakeFiles/NUCLEO-F429ZI.elf.dir/salt/bsp/assert.c.obj
                0x000000000800c9f4                rkh_assert
 .text.bsp_init
                0x000000000800ca26       0x98 CMakeFiles/NUCLEO-F429ZI.elf.dir/salt/bsp/bsp-salt.c.obj
                0x000000000800ca26                bsp_init
 *fill*         0x000000000800cabe        0x2 
 .text.bsp_timeTick
                0x000000000800cac0       0x14 CMakeFiles/NUCLEO-F429ZI.elf.dir/salt/bsp/bsp-salt.c.obj
                0x000000000800cac0                bsp_timeTick
 .text.bsp_regStatus
                0x000000000800cad4        0xa CMakeFiles/NUCLEO-F429ZI.elf.dir/salt/bsp/bsp-salt.c.obj
                0x000000000800cad4                bsp_regStatus
 .text.bsp_netStatus
                0x000000000800cade        0xa CMakeFiles/NUCLEO-F429ZI.elf.dir/salt/bsp/bsp-salt.c.obj
                0x000000000800cade                bsp_netStatus
 .text.bsp_modStatusToggle
                0x000000000800cae8        0xa CMakeFiles/NUCLEO-F429ZI.elf.dir/salt/bsp/bsp-salt.c.obj
                0x000000000800cae8                bsp_modStatusToggle
 *fill*         0x000000000800caf2        0x2 
 .text.saltCfg_clientId
                0x000000000800caf4       0x10 CMakeFiles/NUCLEO-F429ZI.elf.dir/salt/configuration/saltCfg.c.obj
                0x000000000800caf4                saltCfg_clientId
 .text.saltCfg_topic
                0x000000000800cb04       0x2c CMakeFiles/NUCLEO-F429ZI.elf.dir/salt/configuration/saltCfg.c.obj
                0x000000000800cb04                saltCfg_topic
 .text.rkh_trc_close
                0x000000000800cb30        0x2 CMakeFiles/NUCLEO-F429ZI.elf.dir/salt/files-to-review/trace_io.c.obj
                0x000000000800cb30                rkh_trc_close
 *fill*         0x000000000800cb32        0x2 
 .text.rkh_trc_flush
                0x000000000800cb34       0x64 CMakeFiles/NUCLEO-F429ZI.elf.dir/salt/files-to-review/trace_io.c.obj
                0x000000000800cb34                rkh_trc_flush
 .text.rkh_trc_open
                0x000000000800cb98       0x7c CMakeFiles/NUCLEO-F429ZI.elf.dir/salt/files-to-review/trace_io.c.obj
                0x000000000800cb98                rkh_trc_open
 *fill*         0x000000000800cc14        0x4 
 .text.convertToSampleValue
                0x000000000800cc18       0x2c CMakeFiles/NUCLEO-F429ZI.elf.dir/salt/peripherals/analog-inputs/anIn.c.obj
                0x000000000800cc18                convertToSampleValue
 .text.anInInit
                0x000000000800cc44       0x14 CMakeFiles/NUCLEO-F429ZI.elf.dir/salt/peripherals/analog-inputs/anIn.c.obj
                0x000000000800cc44                anInInit
 .text.anInGet  0x000000000800cc58       0x14 CMakeFiles/NUCLEO-F429ZI.elf.dir/salt/peripherals/analog-inputs/anIn.c.obj
                0x000000000800cc58                anInGet
 .text.anInGetSample
                0x000000000800cc6c        0xc CMakeFiles/NUCLEO-F429ZI.elf.dir/salt/peripherals/analog-inputs/anIn.c.obj
                0x000000000800cc6c                anInGetSample
 .text.buzzerSetMode
                0x000000000800cc78        0xc CMakeFiles/NUCLEO-F429ZI.elf.dir/salt/peripherals/ihm/buzzer.c.obj
                0x000000000800cc78                buzzerSetMode
 .text.buzzerInit
                0x000000000800cc84        0xa CMakeFiles/NUCLEO-F429ZI.elf.dir/salt/peripherals/ihm/buzzer.c.obj
                0x000000000800cc84                buzzerInit
 *fill*         0x000000000800cc8e        0x2 
 .text.onSwitchGet
                0x000000000800cc90       0x18 CMakeFiles/NUCLEO-F429ZI.elf.dir/salt/peripherals/ihm/onSwitch.c.obj
                0x000000000800cc90                onSwitchGet
 .text.onSwitchSetIntCb
                0x000000000800cca8        0xc CMakeFiles/NUCLEO-F429ZI.elf.dir/salt/peripherals/ihm/onSwitch.c.obj
                0x000000000800cca8                onSwitchSetIntCb
 .text.onSwitchInit
                0x000000000800ccb4       0x60 CMakeFiles/NUCLEO-F429ZI.elf.dir/salt/peripherals/ihm/onSwitch.c.obj
                0x000000000800ccb4                onSwitchInit
 .text.HAL_GPIO_EXTI_Callback
                0x000000000800cd14       0x1c CMakeFiles/NUCLEO-F429ZI.elf.dir/salt/peripherals/ihm/onSwitch.c.obj
                0x000000000800cd14                HAL_GPIO_EXTI_Callback
 .text.EXTI15_10_IRQHandler
                0x000000000800cd30        0xc CMakeFiles/NUCLEO-F429ZI.elf.dir/salt/peripherals/ihm/onSwitch.c.obj
                0x000000000800cd30                EXTI15_10_IRQHandler
 .text.AS1116_CS_Deselect
                0x000000000800cd3c       0x14 CMakeFiles/NUCLEO-F429ZI.elf.dir/salt/peripherals/ledPanel/as1116.c.obj
 .text.AS1116_CS_Select
                0x000000000800cd50       0x14 CMakeFiles/NUCLEO-F429ZI.elf.dir/salt/peripherals/ledPanel/as1116.c.obj
 .text.as1116WriteReg
                0x000000000800cd64       0x2c CMakeFiles/NUCLEO-F429ZI.elf.dir/salt/peripherals/ledPanel/as1116.c.obj
 .text.as1116Init
                0x000000000800cd90       0xb4 CMakeFiles/NUCLEO-F429ZI.elf.dir/salt/peripherals/ledPanel/as1116.c.obj
                0x000000000800cd90                as1116Init
 .text.as1116SetDigit
                0x000000000800ce44        0x2 CMakeFiles/NUCLEO-F429ZI.elf.dir/salt/peripherals/ledPanel/as1116.c.obj
                0x000000000800ce44                as1116SetDigit
 *fill*         0x000000000800ce46        0x2 
 .text.LED_Init
                0x000000000800ce48       0x48 CMakeFiles/NUCLEO-F429ZI.elf.dir/salt/peripherals/ledPanel/ledPanel.c.obj
 .text.ledPanelSetCfgInt
                0x000000000800ce90      0x100 CMakeFiles/NUCLEO-F429ZI.elf.dir/salt/peripherals/ledPanel/ledPanel.c.obj
 .text.ledPanelSetCfg
                0x000000000800cf90       0x50 CMakeFiles/NUCLEO-F429ZI.elf.dir/salt/peripherals/ledPanel/ledPanel.c.obj
                0x000000000800cf90                ledPanelSetCfg
 .text.ledPanelInit
                0x000000000800cfe0       0x44 CMakeFiles/NUCLEO-F429ZI.elf.dir/salt/peripherals/ledPanel/ledPanel.c.obj
                0x000000000800cfe0                ledPanelInit
 .text.postFIFOEvtCmd
                0x000000000800d024       0x30 CMakeFiles/NUCLEO-F429ZI.elf.dir/salt/peripherals/module-command/modcmdSim900.c.obj
 .text.doSearch
                0x000000000800d054       0x18 CMakeFiles/NUCLEO-F429ZI.elf.dir/salt/peripherals/module-command/modcmdSim900.c.obj
 .text.sendModCmd_noArgs
                0x000000000800d06c       0x2a CMakeFiles/NUCLEO-F429ZI.elf.dir/salt/peripherals/module-command/modcmdSim900.c.obj
 .text.sendModCmd_rui16
                0x000000000800d096       0x2e CMakeFiles/NUCLEO-F429ZI.elf.dir/salt/peripherals/module-command/modcmdSim900.c.obj
 .text.sendModCmd_3StrArgs
                0x000000000800d0c4       0x40 CMakeFiles/NUCLEO-F429ZI.elf.dir/salt/peripherals/module-command/modcmdSim900.c.obj
 .text.ModCmd_init
                0x000000000800d104       0x48 CMakeFiles/NUCLEO-F429ZI.elf.dir/salt/peripherals/module-command/modcmdSim900.c.obj
                0x000000000800d104                ModCmd_init
 .text.ModCmd_getRegStatus
                0x000000000800d14c       0x10 CMakeFiles/NUCLEO-F429ZI.elf.dir/salt/peripherals/module-command/modcmdSim900.c.obj
                0x000000000800d14c                ModCmd_getRegStatus
 .text.ModCmd_requestIP
                0x000000000800d15c       0x10 CMakeFiles/NUCLEO-F429ZI.elf.dir/salt/peripherals/module-command/modcmdSim900.c.obj
                0x000000000800d15c                ModCmd_requestIP
 .text.ModCmd_connect
                0x000000000800d16c       0x14 CMakeFiles/NUCLEO-F429ZI.elf.dir/salt/peripherals/module-command/modcmdSim900.c.obj
                0x000000000800d16c                ModCmd_connect
 .text.ModCmd_disconnect
                0x000000000800d180       0x10 CMakeFiles/NUCLEO-F429ZI.elf.dir/salt/peripherals/module-command/modcmdSim900.c.obj
                0x000000000800d180                ModCmd_disconnect
 .text.ModCmd_sendDataRequest
                0x000000000800d190       0x10 CMakeFiles/NUCLEO-F429ZI.elf.dir/salt/peripherals/module-command/modcmdSim900.c.obj
                0x000000000800d190                ModCmd_sendDataRequest
 .text.ModCmd_sendData
                0x000000000800d1a0       0x2c CMakeFiles/NUCLEO-F429ZI.elf.dir/salt/peripherals/module-command/modcmdSim900.c.obj
                0x000000000800d1a0                ModCmd_sendData
 .text.ModCmd_readData
                0x000000000800d1cc       0x10 CMakeFiles/NUCLEO-F429ZI.elf.dir/salt/peripherals/module-command/modcmdSim900.c.obj
                0x000000000800d1cc                ModCmd_readData
 .text.pulseCounterInit
                0x000000000800d1dc       0x28 CMakeFiles/NUCLEO-F429ZI.elf.dir/salt/peripherals/pulse-counter/pulseCounter.c.obj
                0x000000000800d1dc                pulseCounterInit
 .text.GPIO_Init
                0x000000000800d204       0x70 CMakeFiles/NUCLEO-F429ZI.elf.dir/salt/peripherals/pulse-counter/pulseCounterFromEduCiaaBsp.c.obj
 .text.pulseCounterEnableInt
                0x000000000800d274       0x20 CMakeFiles/NUCLEO-F429ZI.elf.dir/salt/peripherals/pulse-counter/pulseCounterFromEduCiaaBsp.c.obj
                0x000000000800d274                pulseCounterEnableInt
 .text.pulseCounterInitBsp
                0x000000000800d294       0x2c CMakeFiles/NUCLEO-F429ZI.elf.dir/salt/peripherals/pulse-counter/pulseCounterFromEduCiaaBsp.c.obj
                0x000000000800d294                pulseCounterInitBsp
 .text.EXTI0_IRQHandler
                0x000000000800d2c0        0xa CMakeFiles/NUCLEO-F429ZI.elf.dir/salt/peripherals/pulse-counter/pulseCounterFromEduCiaaBsp.c.obj
                0x000000000800d2c0                EXTI0_IRQHandler
 .text.EXTI1_IRQHandler
                0x000000000800d2ca        0xa CMakeFiles/NUCLEO-F429ZI.elf.dir/salt/peripherals/pulse-counter/pulseCounterFromEduCiaaBsp.c.obj
                0x000000000800d2ca                EXTI1_IRQHandler
 .text.relayInit
                0x000000000800d2d4       0x24 CMakeFiles/NUCLEO-F429ZI.elf.dir/salt/peripherals/relay-control/relay.c.obj
                0x000000000800d2d4                relayInit
 .text.relaySetAlEnable
                0x000000000800d2f8       0x2e CMakeFiles/NUCLEO-F429ZI.elf.dir/salt/peripherals/relay-control/relay.c.obj
                0x000000000800d2f8                relaySetAlEnable
 .text.relaySetCTActive
                0x000000000800d326       0x3a CMakeFiles/NUCLEO-F429ZI.elf.dir/salt/peripherals/relay-control/relay.c.obj
                0x000000000800d326                relaySetCTActive
 .text.relaySetFEActive
                0x000000000800d360       0x3a CMakeFiles/NUCLEO-F429ZI.elf.dir/salt/peripherals/relay-control/relay.c.obj
                0x000000000800d360                relaySetFEActive
 .text.relaySetRemoteMode
                0x000000000800d39a        0xc CMakeFiles/NUCLEO-F429ZI.elf.dir/salt/peripherals/relay-control/relay.c.obj
                0x000000000800d39a                relaySetRemoteMode
 *fill*         0x000000000800d3a6        0x2 
 .text.GPIO_Clock_Enable
                0x000000000800d3a8       0x38 CMakeFiles/NUCLEO-F429ZI.elf.dir/salt/peripherals/relay-control/relayFromEduCiaaBsp.c.obj
 .text.relaySetActivated
                0x000000000800d3e0       0x28 CMakeFiles/NUCLEO-F429ZI.elf.dir/salt/peripherals/relay-control/relayFromEduCiaaBsp.c.obj
                0x000000000800d3e0                relaySetActivated
 .text.relayInitBsp
                0x000000000800d408       0x5c CMakeFiles/NUCLEO-F429ZI.elf.dir/salt/peripherals/relay-control/relayFromEduCiaaBsp.c.obj
                0x000000000800d408                relayInitBsp
 .text.relayGetActivated
                0x000000000800d464       0x20 CMakeFiles/NUCLEO-F429ZI.elf.dir/salt/peripherals/relay-control/relayFromEduCiaaBsp.c.obj
                0x000000000800d464                relayGetActivated
 .text.USART1_IRQHandler
                0x000000000800d484       0x30 CMakeFiles/NUCLEO-F429ZI.elf.dir/salt/peripherals/serial/serial.c.obj
                0x000000000800d484                USART1_IRQHandler
 .text.USART2_IRQHandler
                0x000000000800d4b4       0x40 CMakeFiles/NUCLEO-F429ZI.elf.dir/salt/peripherals/serial/serial.c.obj
                0x000000000800d4b4                USART2_IRQHandler
 .text.USART3_IRQHandler
                0x000000000800d4f4       0x2c CMakeFiles/NUCLEO-F429ZI.elf.dir/salt/peripherals/serial/serial.c.obj
                0x000000000800d4f4                USART3_IRQHandler
 .text.UART4_IRQHandler
                0x000000000800d520       0x30 CMakeFiles/NUCLEO-F429ZI.elf.dir/salt/peripherals/serial/serial.c.obj
                0x000000000800d520                UART4_IRQHandler
 .text.serialInit
                0x000000000800d550       0xd0 CMakeFiles/NUCLEO-F429ZI.elf.dir/salt/peripherals/serial/serial.c.obj
                0x000000000800d550                serialInit
 .text.serialSetIntCb
                0x000000000800d620       0x34 CMakeFiles/NUCLEO-F429ZI.elf.dir/salt/peripherals/serial/serial.c.obj
                0x000000000800d620                serialSetIntCb
 .text.serialPutByte
                0x000000000800d654       0x28 CMakeFiles/NUCLEO-F429ZI.elf.dir/salt/peripherals/serial/serial.c.obj
                0x000000000800d654                serialPutByte
 .text.serialPutString
                0x000000000800d67c       0x18 CMakeFiles/NUCLEO-F429ZI.elf.dir/salt/peripherals/serial/serial.c.obj
                0x000000000800d67c                serialPutString
 .text.serialPutChars
                0x000000000800d694       0x2c CMakeFiles/NUCLEO-F429ZI.elf.dir/salt/peripherals/serial/serial.c.obj
                0x000000000800d694                serialPutChars
 .text.GPIO_Clock_Enable
                0x000000000800d6c0       0x60 CMakeFiles/NUCLEO-F429ZI.elf.dir/salt/peripherals/sim808/sim808.c.obj
 .text.UART_Init
                0x000000000800d720       0x3c CMakeFiles/NUCLEO-F429ZI.elf.dir/salt/peripherals/sim808/sim808.c.obj
 .text.sim808SetControlPin
                0x000000000800d75c       0xb0 CMakeFiles/NUCLEO-F429ZI.elf.dir/salt/peripherals/sim808/sim808.c.obj
                0x000000000800d75c                sim808SetControlPin
 .text.sim808Init
                0x000000000800d80c       0x88 CMakeFiles/NUCLEO-F429ZI.elf.dir/salt/peripherals/sim808/sim808.c.obj
                0x000000000800d80c                sim808Init
 .text.crc16    0x000000000800d894       0x38 CMakeFiles/NUCLEO-F429ZI.elf.dir/salt/peripherals/teloc/teloc.c.obj
                0x000000000800d894                crc16
 .text.telocParse
                0x000000000800d8cc       0xc0 CMakeFiles/NUCLEO-F429ZI.elf.dir/salt/peripherals/teloc/teloc.c.obj
                0x000000000800d8cc                telocParse
 .text.telocInit
                0x000000000800d98c       0x38 CMakeFiles/NUCLEO-F429ZI.elf.dir/salt/peripherals/teloc/teloc.c.obj
                0x000000000800d98c                telocInit
 .text.velEvGpsCallback
                0x000000000800d9c4       0x4c CMakeFiles/NUCLEO-F429ZI.elf.dir/salt/state-machines/connector-manager/conmgr.c.obj
 .text.open     0x000000000800da10       0x20 CMakeFiles/NUCLEO-F429ZI.elf.dir/salt/state-machines/connector-manager/conmgr.c.obj
 .text.close    0x000000000800da30       0x20 CMakeFiles/NUCLEO-F429ZI.elf.dir/salt/state-machines/connector-manager/conmgr.c.obj
 .text.setSigLevel
                0x000000000800da50        0x6 CMakeFiles/NUCLEO-F429ZI.elf.dir/salt/state-machines/connector-manager/conmgr.c.obj
 .text.initializeInit
                0x000000000800da56        0x8 CMakeFiles/NUCLEO-F429ZI.elf.dir/salt/state-machines/connector-manager/conmgr.c.obj
 .text.localTimeGet
                0x000000000800da5e        0x2 CMakeFiles/NUCLEO-F429ZI.elf.dir/salt/state-machines/connector-manager/conmgr.c.obj
 .text.rtimeSync
                0x000000000800da60        0x2 CMakeFiles/NUCLEO-F429ZI.elf.dir/salt/state-machines/connector-manager/conmgr.c.obj
 .text.connectInit
                0x000000000800da62        0x8 CMakeFiles/NUCLEO-F429ZI.elf.dir/salt/state-machines/connector-manager/conmgr.c.obj
 .text.connectTry
                0x000000000800da6a        0xc CMakeFiles/NUCLEO-F429ZI.elf.dir/salt/state-machines/connector-manager/conmgr.c.obj
 *fill*         0x000000000800da76        0x2 
 .text.sendOk   0x000000000800da78       0x24 CMakeFiles/NUCLEO-F429ZI.elf.dir/salt/state-machines/connector-manager/conmgr.c.obj
 .text.recvOk   0x000000000800da9c       0x24 CMakeFiles/NUCLEO-F429ZI.elf.dir/salt/state-machines/connector-manager/conmgr.c.obj
 .text.setGpsData
                0x000000000800dac0       0x16 CMakeFiles/NUCLEO-F429ZI.elf.dir/salt/state-machines/connector-manager/conmgr.c.obj
 .text.isConnected
                0x000000000800dad6        0x8 CMakeFiles/NUCLEO-F429ZI.elf.dir/salt/state-machines/connector-manager/conmgr.c.obj
 .text.waitNetClockSyncExit
                0x000000000800dade        0x2 CMakeFiles/NUCLEO-F429ZI.elf.dir/salt/state-machines/connector-manager/conmgr.c.obj
 .text.checkSyncTry
                0x000000000800dae0       0x10 CMakeFiles/NUCLEO-F429ZI.elf.dir/salt/state-machines/connector-manager/conmgr.c.obj
                0x000000000800dae0                checkSyncTry
 .text.checkConfigTry
                0x000000000800daf0       0x10 CMakeFiles/NUCLEO-F429ZI.elf.dir/salt/state-machines/connector-manager/conmgr.c.obj
                0x000000000800daf0                checkConfigTry
 .text.checkConnectTry
                0x000000000800db00       0x10 CMakeFiles/NUCLEO-F429ZI.elf.dir/salt/state-machines/connector-manager/conmgr.c.obj
                0x000000000800db00                checkConnectTry
 .text.checkConnectedFailCounter
                0x000000000800db10       0x10 CMakeFiles/NUCLEO-F429ZI.elf.dir/salt/state-machines/connector-manager/conmgr.c.obj
                0x000000000800db10                checkConnectedFailCounter
 .text.init     0x000000000800db20       0x40 CMakeFiles/NUCLEO-F429ZI.elf.dir/salt/state-machines/connector-manager/conmgr.c.obj
 .text.recvFail
                0x000000000800db60       0x24 CMakeFiles/NUCLEO-F429ZI.elf.dir/salt/state-machines/connector-manager/conmgr.c.obj
 .text.sendFail
                0x000000000800db84       0x24 CMakeFiles/NUCLEO-F429ZI.elf.dir/salt/state-machines/connector-manager/conmgr.c.obj
 .text.configTry
                0x000000000800dba8       0x12 CMakeFiles/NUCLEO-F429ZI.elf.dir/salt/state-machines/connector-manager/conmgr.c.obj
 .text.tryGetStatus
                0x000000000800dbba       0x12 CMakeFiles/NUCLEO-F429ZI.elf.dir/salt/state-machines/connector-manager/conmgr.c.obj
 .text.sendSync
                0x000000000800dbcc       0x30 CMakeFiles/NUCLEO-F429ZI.elf.dir/salt/state-machines/connector-manager/conmgr.c.obj
 .text.sendInit
                0x000000000800dbfc       0x24 CMakeFiles/NUCLEO-F429ZI.elf.dir/salt/state-machines/connector-manager/conmgr.c.obj
 .text.errorReport
                0x000000000800dc20       0x24 CMakeFiles/NUCLEO-F429ZI.elf.dir/salt/state-machines/connector-manager/conmgr.c.obj
 .text.initGps  0x000000000800dc44       0x24 CMakeFiles/NUCLEO-F429ZI.elf.dir/salt/state-machines/connector-manager/conmgr.c.obj
 .text.checkPin
                0x000000000800dc68       0x24 CMakeFiles/NUCLEO-F429ZI.elf.dir/salt/state-machines/connector-manager/conmgr.c.obj
 .text.setPin   0x000000000800dc8c       0x24 CMakeFiles/NUCLEO-F429ZI.elf.dir/salt/state-machines/connector-manager/conmgr.c.obj
 .text.netTimeEnable
                0x000000000800dcb0       0x24 CMakeFiles/NUCLEO-F429ZI.elf.dir/salt/state-machines/connector-manager/conmgr.c.obj
 .text.getImei  0x000000000800dcd4       0x24 CMakeFiles/NUCLEO-F429ZI.elf.dir/salt/state-machines/connector-manager/conmgr.c.obj
 .text.cipShutdown
                0x000000000800dcf8       0x24 CMakeFiles/NUCLEO-F429ZI.elf.dir/salt/state-machines/connector-manager/conmgr.c.obj
 .text.setupManualGet
                0x000000000800dd1c       0x24 CMakeFiles/NUCLEO-F429ZI.elf.dir/salt/state-machines/connector-manager/conmgr.c.obj
 .text.unregExit
                0x000000000800dd40       0x10 CMakeFiles/NUCLEO-F429ZI.elf.dir/salt/state-machines/connector-manager/conmgr.c.obj
 .text.unregEntry
                0x000000000800dd50       0x24 CMakeFiles/NUCLEO-F429ZI.elf.dir/salt/state-machines/connector-manager/conmgr.c.obj
 .text.waitNetClockSyncEntry
                0x000000000800dd74       0x24 CMakeFiles/NUCLEO-F429ZI.elf.dir/salt/state-machines/connector-manager/conmgr.c.obj
 .text.setLocalTime
                0x000000000800dd98       0x10 CMakeFiles/NUCLEO-F429ZI.elf.dir/salt/state-machines/connector-manager/conmgr.c.obj
 .text.configureInit
                0x000000000800dda8       0x18 CMakeFiles/NUCLEO-F429ZI.elf.dir/salt/state-machines/connector-manager/conmgr.c.obj
 .text.getOper  0x000000000800ddc0       0x24 CMakeFiles/NUCLEO-F429ZI.elf.dir/salt/state-machines/connector-manager/conmgr.c.obj
 .text.startGPRS
                0x000000000800dde4       0x24 CMakeFiles/NUCLEO-F429ZI.elf.dir/salt/state-machines/connector-manager/conmgr.c.obj
 .text.getConnStatus
                0x000000000800de08       0x24 CMakeFiles/NUCLEO-F429ZI.elf.dir/salt/state-machines/connector-manager/conmgr.c.obj
 .text.setInitTimeOut
                0x000000000800de2c       0x44 CMakeFiles/NUCLEO-F429ZI.elf.dir/salt/state-machines/connector-manager/conmgr.c.obj
 .text.startRegStatus
                0x000000000800de70       0x10 CMakeFiles/NUCLEO-F429ZI.elf.dir/salt/state-machines/connector-manager/conmgr.c.obj
 .text.failureEntry
                0x000000000800de80       0x30 CMakeFiles/NUCLEO-F429ZI.elf.dir/salt/state-machines/connector-manager/conmgr.c.obj
 .text.waitRetryConfigEntry
                0x000000000800deb0       0x20 CMakeFiles/NUCLEO-F429ZI.elf.dir/salt/state-machines/connector-manager/conmgr.c.obj
 .text.connectingEntry
                0x000000000800ded0       0x20 CMakeFiles/NUCLEO-F429ZI.elf.dir/salt/state-machines/connector-manager/conmgr.c.obj
 .text.idleEntry
                0x000000000800def0       0x20 CMakeFiles/NUCLEO-F429ZI.elf.dir/salt/state-machines/connector-manager/conmgr.c.obj
 .text.wReopenEntry
                0x000000000800df10       0x20 CMakeFiles/NUCLEO-F429ZI.elf.dir/salt/state-machines/connector-manager/conmgr.c.obj
 .text.waitRetryConnEntry
                0x000000000800df30       0x20 CMakeFiles/NUCLEO-F429ZI.elf.dir/salt/state-machines/connector-manager/conmgr.c.obj
 .text.storeOper
                0x000000000800df50        0xc CMakeFiles/NUCLEO-F429ZI.elf.dir/salt/state-machines/connector-manager/conmgr.c.obj
 .text.storeImei
                0x000000000800df5c       0x1c CMakeFiles/NUCLEO-F429ZI.elf.dir/salt/state-machines/connector-manager/conmgr.c.obj
 .text.regExit  0x000000000800df78       0x14 CMakeFiles/NUCLEO-F429ZI.elf.dir/salt/state-machines/connector-manager/conmgr.c.obj
 .text.regEntry
                0x000000000800df8c       0x14 CMakeFiles/NUCLEO-F429ZI.elf.dir/salt/state-machines/connector-manager/conmgr.c.obj
 .text.checkRegStatus
                0x000000000800dfa0        0x8 CMakeFiles/NUCLEO-F429ZI.elf.dir/salt/state-machines/connector-manager/conmgr.c.obj
 .text.failureExit
                0x000000000800dfa8       0x1c CMakeFiles/NUCLEO-F429ZI.elf.dir/salt/state-machines/connector-manager/conmgr.c.obj
 .text.connectingExit
                0x000000000800dfc4        0xa CMakeFiles/NUCLEO-F429ZI.elf.dir/salt/state-machines/connector-manager/conmgr.c.obj
 .text.idleExit
                0x000000000800dfce        0xa CMakeFiles/NUCLEO-F429ZI.elf.dir/salt/state-machines/connector-manager/conmgr.c.obj
 .text.wReopenExit
                0x000000000800dfd8        0xa CMakeFiles/NUCLEO-F429ZI.elf.dir/salt/state-machines/connector-manager/conmgr.c.obj
 .text.waitRetryConnExit
                0x000000000800dfe2       0x12 CMakeFiles/NUCLEO-F429ZI.elf.dir/salt/state-machines/connector-manager/conmgr.c.obj
 .text.getAPNbyOper
                0x000000000800dff4       0x28 CMakeFiles/NUCLEO-F429ZI.elf.dir/salt/state-machines/connector-manager/conmgr.c.obj
 .text.setupAPN
                0x000000000800e01c       0x2c CMakeFiles/NUCLEO-F429ZI.elf.dir/salt/state-machines/connector-manager/conmgr.c.obj
 .text.requestIp
                0x000000000800e048        0x8 CMakeFiles/NUCLEO-F429ZI.elf.dir/salt/state-machines/connector-manager/conmgr.c.obj
 .text.socketOpen
                0x000000000800e050       0x1c CMakeFiles/NUCLEO-F429ZI.elf.dir/salt/state-machines/connector-manager/conmgr.c.obj
 .text.socketClose
                0x000000000800e06c        0x8 CMakeFiles/NUCLEO-F429ZI.elf.dir/salt/state-machines/connector-manager/conmgr.c.obj
 .text.socketDisconnected
                0x000000000800e074       0x24 CMakeFiles/NUCLEO-F429ZI.elf.dir/salt/state-machines/connector-manager/conmgr.c.obj
 .text.socketConnected
                0x000000000800e098       0x2c CMakeFiles/NUCLEO-F429ZI.elf.dir/salt/state-machines/connector-manager/conmgr.c.obj
 .text.readData
                0x000000000800e0c4       0x18 CMakeFiles/NUCLEO-F429ZI.elf.dir/salt/state-machines/connector-manager/conmgr.c.obj
 .text.sendRequest
                0x000000000800e0dc        0xe CMakeFiles/NUCLEO-F429ZI.elf.dir/salt/state-machines/connector-manager/conmgr.c.obj
 *fill*         0x000000000800e0ea        0x2 
 .text.getStatusExit
                0x000000000800e0ec       0x10 CMakeFiles/NUCLEO-F429ZI.elf.dir/salt/state-machines/connector-manager/conmgr.c.obj
 .text.defer    0x000000000800e0fc       0x20 CMakeFiles/NUCLEO-F429ZI.elf.dir/salt/state-machines/connector-manager/conmgr.c.obj
 .text.flushData
                0x000000000800e11c       0x10 CMakeFiles/NUCLEO-F429ZI.elf.dir/salt/state-machines/connector-manager/conmgr.c.obj
 .text.ConMgr_ReceiveDataGetRef
                0x000000000800e12c        0x8 CMakeFiles/NUCLEO-F429ZI.elf.dir/salt/state-machines/connector-manager/conmgr.c.obj
                0x000000000800e12c                ConMgr_ReceiveDataGetRef
 .text.ConMgr_imei
                0x000000000800e134        0x8 CMakeFiles/NUCLEO-F429ZI.elf.dir/salt/state-machines/connector-manager/conmgr.c.obj
                0x000000000800e134                ConMgr_imei
 .text.effect_enable
                0x000000000800e13c        0x2 CMakeFiles/NUCLEO-F429ZI.elf.dir/salt/state-machines/logic/logic.c.obj
 .text.effect_disable
                0x000000000800e13e        0x2 CMakeFiles/NUCLEO-F429ZI.elf.dir/salt/state-machines/logic/logic.c.obj
 .text.effect_cmdTOut
                0x000000000800e140        0x8 CMakeFiles/NUCLEO-F429ZI.elf.dir/salt/state-machines/logic/logic.c.obj
 .text.entry_missing
                0x000000000800e148       0x20 CMakeFiles/NUCLEO-F429ZI.elf.dir/salt/state-machines/logic/logic.c.obj
 .text.exit_disable
                0x000000000800e168        0x2 CMakeFiles/NUCLEO-F429ZI.elf.dir/salt/state-machines/logic/logic.c.obj
 .text.exit_controlAutomatic
                0x000000000800e16a        0x2 CMakeFiles/NUCLEO-F429ZI.elf.dir/salt/state-machines/logic/logic.c.obj
 .text.exit_controlBlink
                0x000000000800e16c        0x2 CMakeFiles/NUCLEO-F429ZI.elf.dir/salt/state-machines/logic/logic.c.obj
 .text.exit_controlAutomaticEnable
                0x000000000800e16e        0x2 CMakeFiles/NUCLEO-F429ZI.elf.dir/salt/state-machines/logic/logic.c.obj
 .text.exit_controlBlinkEnable
                0x000000000800e170        0x2 CMakeFiles/NUCLEO-F429ZI.elf.dir/salt/state-machines/logic/logic.c.obj
 .text.exit_controlBlinkDisable
                0x000000000800e172        0x2 CMakeFiles/NUCLEO-F429ZI.elf.dir/salt/state-machines/logic/logic.c.obj
 .text.exit_controlBlinkBrake
                0x000000000800e174        0x2 CMakeFiles/NUCLEO-F429ZI.elf.dir/salt/state-machines/logic/logic.c.obj
 .text.exit_hasler
                0x000000000800e176        0x2 CMakeFiles/NUCLEO-F429ZI.elf.dir/salt/state-machines/logic/logic.c.obj
 .text.exit_external
                0x000000000800e178        0x2 CMakeFiles/NUCLEO-F429ZI.elf.dir/salt/state-machines/logic/logic.c.obj
 .text.exit_gps
                0x000000000800e17a        0x2 CMakeFiles/NUCLEO-F429ZI.elf.dir/salt/state-machines/logic/logic.c.obj
 .text.exit_missing
                0x000000000800e17c        0x2 CMakeFiles/NUCLEO-F429ZI.elf.dir/salt/state-machines/logic/logic.c.obj
 .text.guard_cmdEnable
                0x000000000800e17e       0x10 CMakeFiles/NUCLEO-F429ZI.elf.dir/salt/state-machines/logic/logic.c.obj
                0x000000000800e17e                guard_cmdEnable
 .text.guard_cmdAutomatic
                0x000000000800e18e        0xe CMakeFiles/NUCLEO-F429ZI.elf.dir/salt/state-machines/logic/logic.c.obj
                0x000000000800e18e                guard_cmdAutomatic
 .text.guard_cmdAutomaticNot
                0x000000000800e19c       0x16 CMakeFiles/NUCLEO-F429ZI.elf.dir/salt/state-machines/logic/logic.c.obj
                0x000000000800e19c                guard_cmdAutomaticNot
 .text.guard_currentCmdStop
                0x000000000800e1b2        0xc CMakeFiles/NUCLEO-F429ZI.elf.dir/salt/state-machines/logic/logic.c.obj
                0x000000000800e1b2                guard_currentCmdStop
 .text.guard_currentCmdDrift
                0x000000000800e1be        0xe CMakeFiles/NUCLEO-F429ZI.elf.dir/salt/state-machines/logic/logic.c.obj
                0x000000000800e1be                guard_currentCmdDrift
 .text.guard_currentCmdIsolated
                0x000000000800e1cc        0xe CMakeFiles/NUCLEO-F429ZI.elf.dir/salt/state-machines/logic/logic.c.obj
                0x000000000800e1cc                guard_currentCmdIsolated
 .text.guard_cmdStopNot
                0x000000000800e1da       0x14 CMakeFiles/NUCLEO-F429ZI.elf.dir/salt/state-machines/logic/logic.c.obj
                0x000000000800e1da                guard_cmdStopNot
 .text.guard_cmdDriftNot
                0x000000000800e1ee       0x16 CMakeFiles/NUCLEO-F429ZI.elf.dir/salt/state-machines/logic/logic.c.obj
                0x000000000800e1ee                guard_cmdDriftNot
 .text.guard_cmdIsolatedNot
                0x000000000800e204       0x16 CMakeFiles/NUCLEO-F429ZI.elf.dir/salt/state-machines/logic/logic.c.obj
                0x000000000800e204                guard_cmdIsolatedNot
 .text.guard_VelAboveCTon
                0x000000000800e21a       0x1c CMakeFiles/NUCLEO-F429ZI.elf.dir/salt/state-machines/logic/logic.c.obj
                0x000000000800e21a                guard_VelAboveCTon
 .text.guard_currentVelAboveCTon
                0x000000000800e236        0xc CMakeFiles/NUCLEO-F429ZI.elf.dir/salt/state-machines/logic/logic.c.obj
                0x000000000800e236                guard_currentVelAboveCTon
 .text.guard_VelBelowCToff
                0x000000000800e242       0x1c CMakeFiles/NUCLEO-F429ZI.elf.dir/salt/state-machines/logic/logic.c.obj
                0x000000000800e242                guard_VelBelowCToff
 .text.guard_VelAboveFEon
                0x000000000800e25e       0x1c CMakeFiles/NUCLEO-F429ZI.elf.dir/salt/state-machines/logic/logic.c.obj
                0x000000000800e25e                guard_VelAboveFEon
 .text.guard_currentVelAboveFEon
                0x000000000800e27a        0xc CMakeFiles/NUCLEO-F429ZI.elf.dir/salt/state-machines/logic/logic.c.obj
                0x000000000800e27a                guard_currentVelAboveFEon
 .text.guard_nextBlinkBrake
                0x000000000800e286       0x22 CMakeFiles/NUCLEO-F429ZI.elf.dir/salt/state-machines/logic/logic.c.obj
                0x000000000800e286                guard_nextBlinkBrake
 .text.guard_velRightVel
                0x000000000800e2a8       0x1c CMakeFiles/NUCLEO-F429ZI.elf.dir/salt/state-machines/logic/logic.c.obj
                0x000000000800e2a8                guard_velRightVel
 .text.guard_velRight
                0x000000000800e2c4        0xa CMakeFiles/NUCLEO-F429ZI.elf.dir/salt/state-machines/logic/logic.c.obj
                0x000000000800e2c4                guard_velRight
 .text.guard_velDisp
                0x000000000800e2ce        0xc CMakeFiles/NUCLEO-F429ZI.elf.dir/salt/state-machines/logic/logic.c.obj
                0x000000000800e2ce                guard_velDisp
 .text.guard_velWrongVel
                0x000000000800e2da        0xe CMakeFiles/NUCLEO-F429ZI.elf.dir/salt/state-machines/logic/logic.c.obj
                0x000000000800e2da                guard_velWrongVel
 .text.guard_velWrong
                0x000000000800e2e8        0xa CMakeFiles/NUCLEO-F429ZI.elf.dir/salt/state-machines/logic/logic.c.obj
                0x000000000800e2e8                guard_velWrong
 .text.effect_gpsTout
                0x000000000800e2f2       0x10 CMakeFiles/NUCLEO-F429ZI.elf.dir/salt/state-machines/logic/logic.c.obj
 .text.configAlCtFe
                0x000000000800e302       0x62 CMakeFiles/NUCLEO-F429ZI.elf.dir/salt/state-machines/logic/logic.c.obj
 .text.exit_preventiveStop
                0x000000000800e364        0xe CMakeFiles/NUCLEO-F429ZI.elf.dir/salt/state-machines/logic/logic.c.obj
 .text.exit_remoteStop
                0x000000000800e372        0xe CMakeFiles/NUCLEO-F429ZI.elf.dir/salt/state-machines/logic/logic.c.obj
 .text.entry_remoteStop
                0x000000000800e380        0xe CMakeFiles/NUCLEO-F429ZI.elf.dir/salt/state-machines/logic/logic.c.obj
 .text.exit_remoteDrift
                0x000000000800e38e        0xe CMakeFiles/NUCLEO-F429ZI.elf.dir/salt/state-machines/logic/logic.c.obj