Archive member included to satisfy reference by file (symbol)

/usr/lib/gcc/arm-none-eabi/10.3.1/thumb/v7e-m+fp/hard/libgcc.a(_aeabi_uldivmod.o)
                              CMakeFiles/NUCLEO-F429ZI.elf.dir/Drivers/STM32F4xx_HAL_Driver/Src/stm32f4xx_hal_rcc.c.obj (__aeabi_uldivmod)
/usr/lib/gcc/arm-none-eabi/10.3.1/thumb/v7e-m+fp/hard/libgcc.a(_udivmoddi4.o)
                              /usr/lib/gcc/arm-none-eabi/10.3.1/thumb/v7e-m+fp/hard/libgcc.a(_aeabi_uldivmod.o) (__udivmoddi4)
/usr/lib/gcc/arm-none-eabi/10.3.1/thumb/v7e-m+fp/hard/libgcc.a(_dvmd_tls.o)
                              /usr/lib/gcc/arm-none-eabi/10.3.1/thumb/v7e-m+fp/hard/libgcc.a(_aeabi_uldivmod.o) (__aeabi_ldiv0)
/usr/lib/gcc/arm-none-eabi/10.3.1/../../../arm-none-eabi/lib/thumb/v7e-m+fp/hard/libg.a(lib_a-atexit.o)
                              /usr/lib/gcc/arm-none-eabi/10.3.1/../../../arm-none-eabi/lib/thumb/v7e-m+fp/hard/crt0.o (atexit)
/usr/lib/gcc/arm-none-eabi/10.3.1/../../../arm-none-eabi/lib/thumb/v7e-m+fp/hard/libg.a(lib_a-errno.o)
                              CMakeFiles/NUCLEO-F429ZI.elf.dir/Core/Src/syscalls.c.obj (__errno)
/usr/lib/gcc/arm-none-eabi/10.3.1/../../../arm-none-eabi/lib/thumb/v7e-m+fp/hard/libg.a(lib_a-exit.o)
                              /usr/lib/gcc/arm-none-eabi/10.3.1/../../../arm-none-eabi/lib/thumb/v7e-m+fp/hard/crt0.o (exit)
/usr/lib/gcc/arm-none-eabi/10.3.1/../../../arm-none-eabi/lib/thumb/v7e-m+fp/hard/libg.a(lib_a-fini.o)
                              /usr/lib/gcc/arm-none-eabi/10.3.1/../../../arm-none-eabi/lib/thumb/v7e-m+fp/hard/crt0.o (__libc_fini_array)
/usr/lib/gcc/arm-none-eabi/10.3.1/../../../arm-none-eabi/lib/thumb/v7e-m+fp/hard/libg.a(lib_a-fprintf.o)
                              CMakeFiles/NUCLEO-F429ZI.elf.dir/blinky/bsp/assert.c.obj (fprintf)
/usr/lib/gcc/arm-none-eabi/10.3.1/../../../arm-none-eabi/lib/thumb/v7e-m+fp/hard/libg.a(lib_a-impure.o)
                              /usr/lib/gcc/arm-none-eabi/10.3.1/../../../arm-none-eabi/lib/thumb/v7e-m+fp/hard/libg.a(lib_a-exit.o) (_global_impure_ptr)
/usr/lib/gcc/arm-none-eabi/10.3.1/../../../arm-none-eabi/lib/thumb/v7e-m+fp/hard/libg.a(lib_a-init.o)
                              /usr/lib/gcc/arm-none-eabi/10.3.1/../../../arm-none-eabi/lib/thumb/v7e-m+fp/hard/crt0.o (__libc_init_array)
/usr/lib/gcc/arm-none-eabi/10.3.1/../../../arm-none-eabi/lib/thumb/v7e-m+fp/hard/libg.a(lib_a-memcpy.o)
                              CMakeFiles/NUCLEO-F429ZI.elf.dir/third-party/rkh/source/trc/src/rkhtrc_stream.c.obj (memcpy)
/usr/lib/gcc/arm-none-eabi/10.3.1/../../../arm-none-eabi/lib/thumb/v7e-m+fp/hard/libg.a(lib_a-memset.o)
                              /usr/lib/gcc/arm-none-eabi/10.3.1/../../../arm-none-eabi/lib/thumb/v7e-m+fp/hard/crt0.o (memset)
/usr/lib/gcc/arm-none-eabi/10.3.1/../../../arm-none-eabi/lib/thumb/v7e-m+fp/hard/libg.a(lib_a-printf.o)
                              CMakeFiles/NUCLEO-F429ZI.elf.dir/blinky/bsp/bsp_blinky.c.obj (printf)
/usr/lib/gcc/arm-none-eabi/10.3.1/../../../arm-none-eabi/lib/thumb/v7e-m+fp/hard/libg.a(lib_a-puts.o)
                              CMakeFiles/NUCLEO-F429ZI.elf.dir/blinky/bsp/bsp_blinky.c.obj (puts)
/usr/lib/gcc/arm-none-eabi/10.3.1/../../../arm-none-eabi/lib/thumb/v7e-m+fp/hard/libg.a(lib_a-strlen.o)
                              /usr/lib/gcc/arm-none-eabi/10.3.1/../../../arm-none-eabi/lib/thumb/v7e-m+fp/hard/libg.a(lib_a-puts.o) (strlen)
/usr/lib/gcc/arm-none-eabi/10.3.1/../../../arm-none-eabi/lib/thumb/v7e-m+fp/hard/libg.a(lib_a-vfprintf.o)
                              /usr/lib/gcc/arm-none-eabi/10.3.1/../../../arm-none-eabi/lib/thumb/v7e-m+fp/hard/libg.a(lib_a-fprintf.o) (_vfprintf_r)
/usr/lib/gcc/arm-none-eabi/10.3.1/../../../arm-none-eabi/lib/thumb/v7e-m+fp/hard/libg.a(lib_a-wsetup.o)
                              /usr/lib/gcc/arm-none-eabi/10.3.1/../../../arm-none-eabi/lib/thumb/v7e-m+fp/hard/libg.a(lib_a-vfprintf.o) (__swsetup_r)
/usr/lib/gcc/arm-none-eabi/10.3.1/../../../arm-none-eabi/lib/thumb/v7e-m+fp/hard/libg.a(lib_a-__atexit.o)
                              /usr/lib/gcc/arm-none-eabi/10.3.1/../../../arm-none-eabi/lib/thumb/v7e-m+fp/hard/libg.a(lib_a-atexit.o) (__register_exitproc)
/usr/lib/gcc/arm-none-eabi/10.3.1/../../../arm-none-eabi/lib/thumb/v7e-m+fp/hard/libg.a(lib_a-__call_atexit.o)
                              /usr/lib/gcc/arm-none-eabi/10.3.1/../../../arm-none-eabi/lib/thumb/v7e-m+fp/hard/libg.a(lib_a-exit.o) (__call_exitprocs)
/usr/lib/gcc/arm-none-eabi/10.3.1/../../../arm-none-eabi/lib/thumb/v7e-m+fp/hard/libg.a(lib_a-dtoa.o)
                              /usr/lib/gcc/arm-none-eabi/10.3.1/../../../arm-none-eabi/lib/thumb/v7e-m+fp/hard/libg.a(lib_a-vfprintf.o) (_dtoa_r)
/usr/lib/gcc/arm-none-eabi/10.3.1/../../../arm-none-eabi/lib/thumb/v7e-m+fp/hard/libg.a(lib_a-fflush.o)
                              /usr/lib/gcc/arm-none-eabi/10.3.1/../../../arm-none-eabi/lib/thumb/v7e-m+fp/hard/libg.a(lib_a-vfprintf.o) (_fflush_r)
[...]
Memory Configuration

Name             Origin             Length             Attributes
CCMRAM           0x0000000010000000 0x0000000000010000 xrw
RAM              0x0000000020000000 0x0000000000030000 xrw
FLASH            0x0000000008000000 0x0000000000200000 xr
*default*        0x0000000000000000 0xffffffffffffffff

Linker script and memory map

LOAD /usr/lib/gcc/arm-none-eabi/10.3.1/thumb/v7e-m+fp/hard/crti.o
LOAD /usr/lib/gcc/arm-none-eabi/10.3.1/thumb/v7e-m+fp/hard/crtbegin.o
LOAD /usr/lib/gcc/arm-none-eabi/10.3.1/../../../arm-none-eabi/lib/thumb/v7e-m+fp/hard/crt0.o
LOAD CMakeFiles/NUCLEO-F429ZI.elf.dir/Core/Src/eth.c.obj
LOAD CMakeFiles/NUCLEO-F429ZI.elf.dir/Core/Src/gpio.c.obj
LOAD CMakeFiles/NUCLEO-F429ZI.elf.dir/Core/Src/main.c.obj
LOAD CMakeFiles/NUCLEO-F429ZI.elf.dir/Core/Src/stm32f4xx_hal_msp.c.obj
LOAD CMakeFiles/NUCLEO-F429ZI.elf.dir/Core/Src/stm32f4xx_it.c.obj
LOAD CMakeFiles/NUCLEO-F429ZI.elf.dir/Core/Src/syscalls.c.obj
LOAD CMakeFiles/NUCLEO-F429ZI.elf.dir/Core/Src/sysmem.c.obj
LOAD CMakeFiles/NUCLEO-F429ZI.elf.dir/Core/Src/system_stm32f4xx.c.obj
LOAD CMakeFiles/NUCLEO-F429ZI.elf.dir/Core/Src/usart.c.obj
LOAD CMakeFiles/NUCLEO-F429ZI.elf.dir/Core/Src/usb_otg.c.obj
LOAD CMakeFiles/NUCLEO-F429ZI.elf.dir/Core/Startup/startup_stm32f429zitx.s.obj
LOAD CMakeFiles/NUCLEO-F429ZI.elf.dir/Drivers/STM32F4xx_HAL_Driver/Src/stm32f4xx_hal.c.obj
LOAD CMakeFiles/NUCLEO-F429ZI.elf.dir/Drivers/STM32F4xx_HAL_Driver/Src/stm32f4xx_hal_cortex.c.obj
LOAD CMakeFiles/NUCLEO-F429ZI.elf.dir/Drivers/STM32F4xx_HAL_Driver/Src/stm32f4xx_hal_dma.c.obj
LOAD CMakeFiles/NUCLEO-F429ZI.elf.dir/Drivers/STM32F4xx_HAL_Driver/Src/stm32f4xx_hal_dma_ex.c.obj
LOAD CMakeFiles/NUCLEO-F429ZI.elf.dir/Drivers/STM32F4xx_HAL_Driver/Src/stm32f4xx_hal_eth.c.obj
LOAD CMakeFiles/NUCLEO-F429ZI.elf.dir/Drivers/STM32F4xx_HAL_Driver/Src/stm32f4xx_hal_exti.c.obj
LOAD CMakeFiles/NUCLEO-F429ZI.elf.dir/Drivers/STM32F4xx_HAL_Driver/Src/stm32f4xx_hal_flash.c.obj
LOAD CMakeFiles/NUCLEO-F429ZI.elf.dir/Drivers/STM32F4xx_HAL_Driver/Src/stm32f4xx_hal_flash_ex.c.obj
LOAD CMakeFiles/NUCLEO-F429ZI.elf.dir/Drivers/STM32F4xx_HAL_Driver/Src/stm32f4xx_hal_flash_ramfunc.c.obj
LOAD CMakeFiles/NUCLEO-F429ZI.elf.dir/Drivers/STM32F4xx_HAL_Driver/Src/stm32f4xx_hal_gpio.c.obj
LOAD CMakeFiles/NUCLEO-F429ZI.elf.dir/Drivers/STM32F4xx_HAL_Driver/Src/stm32f4xx_hal_pcd.c.obj
LOAD CMakeFiles/NUCLEO-F429ZI.elf.dir/Drivers/STM32F4xx_HAL_Driver/Src/stm32f4xx_hal_pcd_ex.c.obj
LOAD CMakeFiles/NUCLEO-F429ZI.elf.dir/Drivers/STM32F4xx_HAL_Driver/Src/stm32f4xx_hal_pwr.c.obj
LOAD CMakeFiles/NUCLEO-F429ZI.elf.dir/Drivers/STM32F4xx_HAL_Driver/Src/stm32f4xx_hal_pwr_ex.c.obj
LOAD CMakeFiles/NUCLEO-F429ZI.elf.dir/Drivers/STM32F4xx_HAL_Driver/Src/stm32f4xx_hal_rcc.c.obj
LOAD CMakeFiles/NUCLEO-F429ZI.elf.dir/Drivers/STM32F4xx_HAL_Driver/Src/stm32f4xx_hal_rcc_ex.c.obj
LOAD CMakeFiles/NUCLEO-F429ZI.elf.dir/Drivers/STM32F4xx_HAL_Driver/Src/stm32f4xx_hal_tim.c.obj
LOAD CMakeFiles/NUCLEO-F429ZI.elf.dir/Drivers/STM32F4xx_HAL_Driver/Src/stm32f4xx_hal_tim_ex.c.obj
LOAD CMakeFiles/NUCLEO-F429ZI.elf.dir/Drivers/STM32F4xx_HAL_Driver/Src/stm32f4xx_hal_uart.c.obj
LOAD CMakeFiles/NUCLEO-F429ZI.elf.dir/Drivers/STM32F4xx_HAL_Driver/Src/stm32f4xx_ll_usb.c.obj
LOAD CMakeFiles/NUCLEO-F429ZI.elf.dir/blinky/blinky.c.obj
LOAD CMakeFiles/NUCLEO-F429ZI.elf.dir/blinky/bsp/assert.c.obj
LOAD CMakeFiles/NUCLEO-F429ZI.elf.dir/blinky/bsp/bsp_blinky.c.obj
LOAD CMakeFiles/NUCLEO-F429ZI.elf.dir/blinky/bsp/hook.c.obj
LOAD CMakeFiles/NUCLEO-F429ZI.elf.dir/blinky/bsp/trace_io.c.obj
LOAD CMakeFiles/NUCLEO-F429ZI.elf.dir/bsp/stm32f4xx_nucleo_144.c.obj
LOAD CMakeFiles/NUCLEO-F429ZI.elf.dir/epoch/src/epoch.c.obj
LOAD CMakeFiles/NUCLEO-F429ZI.elf.dir/mTime/mTime.c.obj
LOAD CMakeFiles/NUCLEO-F429ZI.elf.dir/mTime/mTimeTbl.c.obj
LOAD CMakeFiles/NUCLEO-F429ZI.elf.dir/rtime/rtime.c.obj
LOAD CMakeFiles/NUCLEO-F429ZI.elf.dir/third-party/rkh/source/fwk/src/rkhfwk_bittbl.c.obj
LOAD CMakeFiles/NUCLEO-F429ZI.elf.dir/third-party/rkh/source/fwk/src/rkhfwk_dynevt.c.obj
LOAD CMakeFiles/NUCLEO-F429ZI.elf.dir/third-party/rkh/source/fwk/src/rkhfwk_evtpool.c.obj
LOAD CMakeFiles/NUCLEO-F429ZI.elf.dir/third-party/rkh/source/fwk/src/rkhfwk_pubsub.c.obj
LOAD CMakeFiles/NUCLEO-F429ZI.elf.dir/third-party/rkh/source/fwk/src/rkhfwk_rdygrp.c.obj
LOAD CMakeFiles/NUCLEO-F429ZI.elf.dir/third-party/rkh/source/fwk/src/rkhfwk_sched.c.obj
LOAD CMakeFiles/NUCLEO-F429ZI.elf.dir/third-party/rkh/source/fwk/src/rkhfwk_version.c.obj
LOAD CMakeFiles/NUCLEO-F429ZI.elf.dir/third-party/rkh/source/mempool/src/rkhmempool.c.obj
LOAD CMakeFiles/NUCLEO-F429ZI.elf.dir/third-party/rkh/source/portable/arm-cortex/rkhs/arm_cm4f/stm32/rkhport.c.obj
LOAD CMakeFiles/NUCLEO-F429ZI.elf.dir/third-party/rkh/source/queue/src/rkhqueue.c.obj
LOAD CMakeFiles/NUCLEO-F429ZI.elf.dir/third-party/rkh/source/sm/src/rkhsm.c.obj
LOAD CMakeFiles/NUCLEO-F429ZI.elf.dir/third-party/rkh/source/sma/src/rkhsma.c.obj
LOAD CMakeFiles/NUCLEO-F429ZI.elf.dir/third-party/rkh/source/sma/src/rkhsma_prio.c.obj
LOAD CMakeFiles/NUCLEO-F429ZI.elf.dir/third-party/rkh/source/sma/src/rkhsma_sync.c.obj
LOAD CMakeFiles/NUCLEO-F429ZI.elf.dir/third-party/rkh/source/tmr/src/rkhtmr.c.obj
LOAD CMakeFiles/NUCLEO-F429ZI.elf.dir/third-party/rkh/source/trc/src/rkhtrc_filter.c.obj
LOAD CMakeFiles/NUCLEO-F429ZI.elf.dir/third-party/rkh/source/trc/src/rkhtrc_record.c.obj
LOAD CMakeFiles/NUCLEO-F429ZI.elf.dir/third-party/rkh/source/trc/src/rkhtrc_stream.c.obj
START GROUP
LOAD /usr/lib/gcc/arm-none-eabi/10.3.1/thumb/v7e-m+fp/hard/libgcc.a
LOAD /usr/lib/gcc/arm-none-eabi/10.3.1/../../../arm-none-eabi/lib/thumb/v7e-m+fp/hard/libg.a
LOAD /usr/lib/gcc/arm-none-eabi/10.3.1/../../../arm-none-eabi/lib/thumb/v7e-m+fp/hard/libc.a
END GROUP
LOAD /usr/lib/gcc/arm-none-eabi/10.3.1/thumb/v7e-m+fp/hard/crtend.o
LOAD /usr/lib/gcc/arm-none-eabi/10.3.1/thumb/v7e-m+fp/hard/crtn.o
                0x0000000020030000                _estack = (ORIGIN (RAM) + LENGTH (RAM))
                0x0000000000000200                _Min_Heap_Size = 0x200
                0x0000000000000400                _Min_Stack_Size = 0x400

.isr_vector     0x0000000008000000      0x1ac
                0x0000000008000000                . = ALIGN (0x4)
 *(.isr_vector)
 .isr_vector    0x0000000008000000      0x1ac CMakeFiles/NUCLEO-F429ZI.elf.dir/Core/Startup/startup_stm32f429zitx.s.obj
                0x0000000008000000                g_pfnVectors
                0x00000000080001ac                . = ALIGN (0x4)

.text           0x00000000080001c0     0xa734
                0x00000000080001c0                . = ALIGN (0x4)
 *(.text)
 .text          0x00000000080001c0       0x88 /usr/lib/gcc/arm-none-eabi/10.3.1/thumb/v7e-m+fp/hard/crtbegin.o
 .text          0x0000000008000248       0x30 /usr/lib/gcc/arm-none-eabi/10.3.1/thumb/v7e-m+fp/hard/libgcc.a(_aeabi_uldivmod.o)
                0x0000000008000248                __aeabi_uldivmod
 .text          0x0000000008000278      0x2d0 /usr/lib/gcc/arm-none-eabi/10.3.1/thumb/v7e-m+fp/hard/libgcc.a(_udivmoddi4.o)
                0x0000000008000278                __udivmoddi4
 .text          0x0000000008000548        0x4 /usr/lib/gcc/arm-none-eabi/10.3.1/thumb/v7e-m+fp/hard/libgcc.a(_dvmd_tls.o)
                0x0000000008000548                __aeabi_ldiv0
                0x0000000008000548                __aeabi_idiv0
 .text          0x000000000800054c        0xc /usr/lib/gcc/arm-none-eabi/10.3.1/../../../arm-none-eabi/lib/thumb/v7e-m+fp/hard/libg.a(lib_a-atexit.o)
                0x000000000800054c                atexit
 .text          0x0000000008000558        0xc /usr/lib/gcc/arm-none-eabi/10.3.1/../../../arm-none-eabi/lib/thumb/v7e-m+fp/hard/libg.a(lib_a-errno.o)
                0x0000000008000558                __errno
 .text          0x0000000008000564       0x2c /usr/lib/gcc/arm-none-eabi/10.3.1/../../../arm-none-eabi/lib/thumb/v7e-m+fp/hard/libg.a(lib_a-fini.o)
                0x0000000008000564                __libc_fini_array
 .text          0x0000000008000590       0x48 /usr/lib/gcc/arm-none-eabi/10.3.1/../../../arm-none-eabi/lib/thumb/v7e-m+fp/hard/libg.a(lib_a-init.o)
                0x0000000008000590                __libc_init_array
 .text          0x00000000080005d8      0x134 /usr/lib/gcc/arm-none-eabi/10.3.1/../../../arm-none-eabi/lib/thumb/v7e-m+fp/hard/libg.a(lib_a-memcpy.o)
                0x00000000080005d8                memcpy
 .text          0x000000000800070c       0xa4 /usr/lib/gcc/arm-none-eabi/10.3.1/../../../arm-none-eabi/lib/thumb/v7e-m+fp/hard/libg.a(lib_a-memset.o)
                0x000000000800070c                memset
 .text          0x00000000080007b0       0x48 /usr/lib/gcc/arm-none-eabi/10.3.1/../../../arm-none-eabi/lib/thumb/v7e-m+fp/hard/libg.a(lib_a-printf.o)
                0x00000000080007b0                _printf_r
                0x00000000080007d0                printf
 .text          0x00000000080007f8       0x78 /usr/lib/gcc/arm-none-eabi/10.3.1/../../../arm-none-eabi/lib/thumb/v7e-m+fp/hard/libg.a(lib_a-puts.o)
                0x00000000080007f8                _puts_r
                0x0000000008000860                puts
 *fill*         0x0000000008000870       0x10 
 .text          0x0000000008000880       0xdc /usr/lib/gcc/arm-none-eabi/10.3.1/../../../arm-none-eabi/lib/thumb/v7e-m+fp/hard/libg.a(lib_a-strlen.o)
                0x0000000008000880                strlen
 *fill*         0x000000000800095c        0x4 
 .text          0x0000000008000960     0x159c /usr/lib/gcc/arm-none-eabi/10.3.1/../../../arm-none-eabi/lib/thumb/v7e-m+fp/hard/libg.a(lib_a-vfprintf.o)
                0x0000000008000960                _vfprintf_r
                0x0000000008001e74                vfprintf
 .text          0x0000000008001efc       0xd4 /usr/lib/gcc/arm-none-eabi/10.3.1/../../../arm-none-eabi/lib/thumb/v7e-m+fp/hard/libg.a(lib_a-wsetup.o)
                0x0000000008001efc                __swsetup_r
 .text          0x0000000008001fd0       0x68 /usr/lib/gcc/arm-none-eabi/10.3.1/../../../arm-none-eabi/lib/thumb/v7e-m+fp/hard/libg.a(lib_a-__atexit.o)
                0x0000000008001fd0                __register_exitproc
 .text          0x0000000008002038     0x1064 /usr/lib/gcc/arm-none-eabi/10.3.1/../../../arm-none-eabi/lib/thumb/v7e-m+fp/hard/libg.a(lib_a-dtoa.o)
                0x0000000008002160                _dtoa_r
 .text          0x000000000800309c      0x1ac /usr/lib/gcc/arm-none-eabi/10.3.1/../../../arm-none-eabi/lib/thumb/v7e-m+fp/hard/libg.a(lib_a-fflush.o)
                0x000000000800309c                __sflush_r
                0x00000000080031cc                _fflush_r
                0x00000000080031f8                fflush
 .text          0x0000000008003248      0x218 /usr/lib/gcc/arm-none-eabi/10.3.1/../../../arm-none-eabi/lib/thumb/v7e-m+fp/hard/libg.a(lib_a-findfp.o)
                0x000000000800324c                _cleanup_r
                0x0000000008003334                __sfmoreglue
                0x0000000008003364                __sfp
                0x000000000800340c                _cleanup
                0x0000000008003420                __sinit
                0x0000000008003428                __sfp_lock_acquire
                0x000000000800342c                __sfp_lock_release
                0x0000000008003430                __sinit_lock_acquire
                0x0000000008003434                __sinit_lock_release
                0x0000000008003438                __fp_lock_all
                0x000000000800344c                __fp_unlock_all
 .text          0x0000000008003460      0x2ac /usr/lib/gcc/arm-none-eabi/10.3.1/../../../arm-none-eabi/lib/thumb/v7e-m+fp/hard/libg.a(lib_a-freer.o)
                0x0000000008003460                _malloc_trim_r
                0x0000000008003500                _free_r
 .text          0x000000000800370c      0x2f0 /usr/lib/gcc/arm-none-eabi/10.3.1/../../../arm-none-eabi/lib/thumb/v7e-m+fp/hard/libg.a(lib_a-fvwrite.o)
                0x000000000800370c                __sfvwrite_r
 .text          0x00000000080039fc       0x88 /usr/lib/gcc/arm-none-eabi/10.3.1/../../../arm-none-eabi/lib/thumb/v7e-m+fp/hard/libg.a(lib_a-fwalk.o)
                0x00000000080039fc                _fwalk
                0x0000000008003a3c                _fwalk_reent
 .text          0x0000000008003a84       0x14 /usr/lib/gcc/arm-none-eabi/10.3.1/../../../arm-none-eabi/lib/thumb/v7e-m+fp/hard/libg.a(lib_a-localeconv.o)
                0x0000000008003a84                __localeconv_l
                0x0000000008003a88                _localeconv_r
                0x0000000008003a90                localeconv
 .text          0x0000000008003a98      0x140 /usr/lib/gcc/arm-none-eabi/10.3.1/../../../arm-none-eabi/lib/thumb/v7e-m+fp/hard/libg.a(lib_a-makebuf.o)
                0x0000000008003a98                __smakebuf_r
                0x0000000008003b78                __swhatbuf_r
 .text          0x0000000008003bd8      0x554 /usr/lib/gcc/arm-none-eabi/10.3.1/../../../arm-none-eabi/lib/thumb/v7e-m+fp/hard/libg.a(lib_a-mallocr.o)
                0x0000000008003bd8                _malloc_r
 *fill*         0x000000000800412c        0x4 
 .text          0x0000000008004130       0xa0 /usr/lib/gcc/arm-none-eabi/10.3.1/../../../arm-none-eabi/lib/thumb/v7e-m+fp/hard/libg.a(lib_a-memchr.o)
                0x0000000008004130                memchr
 .text          0x00000000080041d0       0xf8 /usr/lib/gcc/arm-none-eabi/10.3.1/../../../arm-none-eabi/lib/thumb/v7e-m+fp/hard/libg.a(lib_a-memmove.o)
                0x00000000080041d0                memmove
 .text          0x00000000080042c8        0x8 /usr/lib/gcc/arm-none-eabi/10.3.1/../../../arm-none-eabi/lib/thumb/v7e-m+fp/hard/libg.a(lib_a-mlock.o)
                0x00000000080042c8                __malloc_lock
                0x00000000080042cc                __malloc_unlock
 .text          0x00000000080042d0      0xaa0 /usr/lib/gcc/arm-none-eabi/10.3.1/../../../arm-none-eabi/lib/thumb/v7e-m+fp/hard/libg.a(lib_a-mprec.o)
                0x00000000080042d0                _Balloc
                0x000000000800431c                _Bfree
                0x0000000008004330                __multadd
                0x00000000080043d8                __s2b
                0x000000000800448c                __hi0bits
                0x00000000080044cc                __lo0bits
                0x000000000800452c                __i2b
                0x0000000008004588                __multiply
                0x00000000080046e4                __pow5mult
                0x00000000080047a4                __lshift
                0x0000000008004894                __mcmp
                0x00000000080048d8                __mdiff
                0x0000000008004a24                __ulp
                0x0000000008004a84                __b2d
                0x0000000008004b44                __d2b
                0x0000000008004c14                __ratio
                0x0000000008004c70                _mprec_log10
                0x0000000008004cb0                __copybits
                0x0000000008004d0c                __any_on
 .text          0x0000000008004d70      0x3d8 /usr/lib/gcc/arm-none-eabi/10.3.1/../../../arm-none-eabi/lib/thumb/v7e-m+fp/hard/libg.a(lib_a-reallocr.o)
                0x0000000008004d70                _realloc_r
 .text          0x0000000008005148       0x24 /usr/lib/gcc/arm-none-eabi/10.3.1/../../../arm-none-eabi/lib/thumb/v7e-m+fp/hard/libg.a(lib_a-sbrkr.o)
                0x0000000008005148                _sbrk_r
 .text          0x000000000800516c       0x90 /usr/lib/gcc/arm-none-eabi/10.3.1/../../../arm-none-eabi/lib/thumb/v7e-m+fp/hard/libg.a(lib_a-stdio.o)
                0x000000000800516c                __sread
                0x0000000008005190                __seofread
                0x0000000008005194                __swrite
                0x00000000080051d4                __sseek
                0x00000000080051f4                __sclose
 .text          0x00000000080051fc      0xd44 /usr/lib/gcc/arm-none-eabi/10.3.1/../../../arm-none-eabi/lib/thumb/v7e-m+fp/hard/libg.a(lib_a-vfiprintf.o)
                0x0000000008005274                __sprint_r
                0x000000000800528c                _vfiprintf_r
                0x0000000008005eb8                vfiprintf
 .text          0x0000000008005f40       0x2c /usr/lib/gcc/arm-none-eabi/10.3.1/../../../arm-none-eabi/lib/thumb/v7e-m+fp/hard/libg.a(lib_a-writer.o)
                0x0000000008005f40                _write_r
 .text          0x0000000008005f6c       0x4c /usr/lib/gcc/arm-none-eabi/10.3.1/../../../arm-none-eabi/lib/thumb/v7e-m+fp/hard/libg.a(lib_a-assert.o)
                0x0000000008005f6c                __assert_func
                0x0000000008005fac                __assert
 .text          0x0000000008005fb8       0x60 /usr/lib/gcc/arm-none-eabi/10.3.1/../../../arm-none-eabi/lib/thumb/v7e-m+fp/hard/libg.a(lib_a-callocr.o)
                0x0000000008005fb8                _calloc_r
 .text          0x0000000008006018       0x24 /usr/lib/gcc/arm-none-eabi/10.3.1/../../../arm-none-eabi/lib/thumb/v7e-m+fp/hard/libg.a(lib_a-closer.o)
                0x0000000008006018                _close_r
 .text          0x000000000800603c       0xd4 /usr/lib/gcc/arm-none-eabi/10.3.1/../../../arm-none-eabi/lib/thumb/v7e-m+fp/hard/libg.a(lib_a-fclose.o)
                0x00000000080060a0                _fclose_r
                0x00000000080060d4                fclose
 .text          0x0000000008006110       0x44 /usr/lib/gcc/arm-none-eabi/10.3.1/../../../arm-none-eabi/lib/thumb/v7e-m+fp/hard/libg.a(lib_a-fiprintf.o)
                0x0000000008006110                _fiprintf_r
                0x000000000800612c                fiprintf
 .text          0x0000000008006154      0x118 /usr/lib/gcc/arm-none-eabi/10.3.1/../../../arm-none-eabi/lib/thumb/v7e-m+fp/hard/libg.a(lib_a-fputwc.o)
                0x0000000008006154                __fputwc
                0x00000000080061fc                _fputwc_r
                0x0000000008006224                fputwc
 .text          0x000000000800626c       0x2c /usr/lib/gcc/arm-none-eabi/10.3.1/../../../arm-none-eabi/lib/thumb/v7e-m+fp/hard/libg.a(lib_a-fstatr.o)
                0x000000000800626c                _fstat_r
 .text          0x0000000008006298       0x24 /usr/lib/gcc/arm-none-eabi/10.3.1/../../../arm-none-eabi/lib/thumb/v7e-m+fp/hard/libg.a(lib_a-isattyr.o)
                0x0000000008006298                _isatty_r
 .text          0x00000000080062bc       0x8c /usr/lib/gcc/arm-none-eabi/10.3.1/../../../arm-none-eabi/lib/thumb/v7e-m+fp/hard/libg.a(lib_a-locale.o)
                0x00000000080062bc                _setlocale_r
                0x00000000080062fc                __locale_mb_cur_max
                0x0000000008006308                setlocale
 .text          0x0000000008006348       0x2c /usr/lib/gcc/arm-none-eabi/10.3.1/../../../arm-none-eabi/lib/thumb/v7e-m+fp/hard/libg.a(lib_a-lseekr.o)
                0x0000000008006348                _lseek_r
 .text          0x0000000008006374       0x40 /usr/lib/gcc/arm-none-eabi/10.3.1/../../../arm-none-eabi/lib/thumb/v7e-m+fp/hard/libg.a(lib_a-mbtowc_r.o)
                0x0000000008006374                _mbtowc_r
                0x0000000008006388                __ascii_mbtowc
 .text          0x00000000080063b4       0x2c /usr/lib/gcc/arm-none-eabi/10.3.1/../../../arm-none-eabi/lib/thumb/v7e-m+fp/hard/libg.a(lib_a-readr.o)
                0x00000000080063b4                _read_r
 .text          0x00000000080063e0      0x2dc /usr/lib/gcc/arm-none-eabi/10.3.1/../../../arm-none-eabi/lib/thumb/v7e-m+fp/hard/libg.a(lib_a-strcmp.o)
                0x00000000080063e8                strcmp
 .text          0x00000000080066bc       0xc8 /usr/lib/gcc/arm-none-eabi/10.3.1/../../../arm-none-eabi/lib/thumb/v7e-m+fp/hard/libg.a(lib_a-wbuf.o)
                0x00000000080066bc                __swbuf_r
                0x000000000800676c                __swbuf
 .text          0x0000000008006784       0x88 /usr/lib/gcc/arm-none-eabi/10.3.1/../../../arm-none-eabi/lib/thumb/v7e-m+fp/hard/libg.a(lib_a-wcrtomb.o)
                0x0000000008006784                _wcrtomb_r
                0x00000000080067c0                wcrtomb
 .text          0x000000000800680c       0x30 /usr/lib/gcc/arm-none-eabi/10.3.1/../../../arm-none-eabi/lib/thumb/v7e-m+fp/hard/libg.a(lib_a-wctomb_r.o)
                0x000000000800680c                _wctomb_r
                0x0000000008006820                __ascii_wctomb
 .text          0x000000000800683c       0x10 /usr/lib/gcc/arm-none-eabi/10.3.1/../../../arm-none-eabi/lib/thumb/v7e-m+fp/hard/libg.a(lib_a-abort.o)
                0x000000000800683c                abort
 .text          0x000000000800684c      0x288 /usr/lib/gcc/arm-none-eabi/10.3.1/../../../arm-none-eabi/lib/thumb/v7e-m+fp/hard/libg.a(lib_a-signal.o)
                0x000000000800684c                _init_signal_r
                0x000000000800687c                _signal_r
                0x00000000080068c8                _raise_r
                0x0000000008006920                __sigtramp_r
                0x0000000008006984                raise
                0x00000000080069e0                signal
                0x0000000008006a34                _init_signal
                0x0000000008006a6c                __sigtramp
 .text          0x0000000008006ad4       0x30 /usr/lib/gcc/arm-none-eabi/10.3.1/../../../arm-none-eabi/lib/thumb/v7e-m+fp/hard/libg.a(lib_a-signalr.o)
                0x0000000008006ad4                _kill_r
                0x0000000008006b00                _getpid_r
 .text          0x0000000008006b04      0x378 /usr/lib/gcc/arm-none-eabi/10.3.1/thumb/v7e-m+fp/hard/libgcc.a(_arm_addsubdf3.o)
                0x0000000008006b04                __aeabi_drsub
                0x0000000008006b0c                __aeabi_dsub
                0x0000000008006b0c                __subdf3
                0x0000000008006b10                __adddf3
                0x0000000008006b10                __aeabi_dadd
                0x0000000008006d88                __aeabi_ui2d
                0x0000000008006d88                __floatunsidf
                0x0000000008006da8                __floatsidf
                0x0000000008006da8                __aeabi_i2d
                0x0000000008006dcc                __extendsfdf2
                0x0000000008006dcc                __aeabi_f2d
                0x0000000008006e10                __aeabi_ul2d
                0x0000000008006e10                __floatundidf
                0x0000000008006e20                __floatdidf
                0x0000000008006e20                __aeabi_l2d
 .text          0x0000000008006e7c      0x424 /usr/lib/gcc/arm-none-eabi/10.3.1/thumb/v7e-m+fp/hard/libgcc.a(_arm_muldivdf3.o)
                0x0000000008006e7c                __aeabi_dmul
                0x0000000008006e7c                __muldf3
                0x00000000080070d0                __aeabi_ddiv
                0x00000000080070d0                __divdf3
 .text          0x00000000080072a0      0x110 /usr/lib/gcc/arm-none-eabi/10.3.1/thumb/v7e-m+fp/hard/libgcc.a(_arm_cmpdf2.o)
                0x00000000080072a0                __gtdf2
                0x00000000080072a0                __gedf2
                0x00000000080072a8                __ltdf2
                0x00000000080072a8                __ledf2
                0x00000000080072b0                __cmpdf2
                0x00000000080072b0                __eqdf2
                0x00000000080072b0                __nedf2
                0x000000000800732c                __aeabi_cdrcmple
                0x000000000800733c                __aeabi_cdcmple
                0x000000000800733c                __aeabi_cdcmpeq
                0x000000000800734c                __aeabi_dcmpeq
                0x0000000008007360                __aeabi_dcmplt
                0x0000000008007374                __aeabi_dcmple
                0x0000000008007388                __aeabi_dcmpge
                0x000000000800739c                __aeabi_dcmpgt
 .text          0x00000000080073b0       0x2c /usr/lib/gcc/arm-none-eabi/10.3.1/thumb/v7e-m+fp/hard/libgcc.a(_arm_unorddf2.o)
                0x00000000080073b0                __aeabi_dcmpun
                0x00000000080073b0                __unorddf2
 .text          0x00000000080073dc       0x50 /usr/lib/gcc/arm-none-eabi/10.3.1/thumb/v7e-m+fp/hard/libgcc.a(_arm_fixdfsi.o)
                0x00000000080073dc                __fixdfsi
                0x00000000080073dc                __aeabi_d2iz
 *(.text*)
 .text.MX_ETH_Init
                0x000000000800742c       0x70 CMakeFiles/NUCLEO-F429ZI.elf.dir/Core/Src/eth.c.obj
                0x000000000800742c                MX_ETH_Init
 .text.HAL_ETH_MspInit
                0x000000000800749c      0x11c CMakeFiles/NUCLEO-F429ZI.elf.dir/Core/Src/eth.c.obj
                0x000000000800749c                HAL_ETH_MspInit
 .text.MX_GPIO_Init
                0x00000000080075b8      0x108 CMakeFiles/NUCLEO-F429ZI.elf.dir/Core/Src/gpio.c.obj
                0x00000000080075b8                MX_GPIO_Init
 .text.__io_putchar
                0x00000000080076c0       0x20 CMakeFiles/NUCLEO-F429ZI.elf.dir/Core/Src/main.c.obj
                0x00000000080076c0                __io_putchar
 .text.Error_Handler
                0x00000000080076e0        0x4 CMakeFiles/NUCLEO-F429ZI.elf.dir/Core/Src/main.c.obj
                0x00000000080076e0                Error_Handler
 .text.SystemClock_Config
                0x00000000080076e4       0xa8 CMakeFiles/NUCLEO-F429ZI.elf.dir/Core/Src/main.c.obj
                0x00000000080076e4                SystemClock_Config
 .text.main     0x000000000800778c       0x50 CMakeFiles/NUCLEO-F429ZI.elf.dir/Core/Src/main.c.obj
                0x000000000800778c                main
 .text.HAL_MspInit
                0x00000000080077dc       0x38 CMakeFiles/NUCLEO-F429ZI.elf.dir/Core/Src/stm32f4xx_hal_msp.c.obj
                0x00000000080077dc                HAL_MspInit
 .text.NMI_Handler
                0x0000000008007814        0x2 CMakeFiles/NUCLEO-F429ZI.elf.dir/Core/Src/stm32f4xx_it.c.obj
                0x0000000008007814                NMI_Handler
 .text.HardFault_Handler
                0x0000000008007816        0x2 CMakeFiles/NUCLEO-F429ZI.elf.dir/Core/Src/stm32f4xx_it.c.obj
                0x0000000008007816                HardFault_Handler
 .text.MemManage_Handler
                0x0000000008007818        0x2 CMakeFiles/NUCLEO-F429ZI.elf.dir/Core/Src/stm32f4xx_it.c.obj
                0x0000000008007818                MemManage_Handler
 .text.BusFault_Handler
                0x000000000800781a        0x2 CMakeFiles/NUCLEO-F429ZI.elf.dir/Core/Src/stm32f4xx_it.c.obj
                0x000000000800781a                BusFault_Handler
 .text.UsageFault_Handler
                0x000000000800781c        0x2 CMakeFiles/NUCLEO-F429ZI.elf.dir/Core/Src/stm32f4xx_it.c.obj
                0x000000000800781c                UsageFault_Handler
 .text.SVC_Handler
                0x000000000800781e        0x2 CMakeFiles/NUCLEO-F429ZI.elf.dir/Core/Src/stm32f4xx_it.c.obj
                0x000000000800781e                SVC_Handler
 .text.DebugMon_Handler
                0x0000000008007820        0x2 CMakeFiles/NUCLEO-F429ZI.elf.dir/Core/Src/stm32f4xx_it.c.obj
                0x0000000008007820                DebugMon_Handler
 .text.PendSV_Handler
                0x0000000008007822        0x2 CMakeFiles/NUCLEO-F429ZI.elf.dir/Core/Src/stm32f4xx_it.c.obj
                0x0000000008007822                PendSV_Handler
 .text.SysTick_Handler
                0x0000000008007824       0x14 CMakeFiles/NUCLEO-F429ZI.elf.dir/Core/Src/stm32f4xx_it.c.obj
                0x0000000008007824                SysTick_Handler
 .text.Systick_setCallback
                0x0000000008007838        0xc CMakeFiles/NUCLEO-F429ZI.elf.dir/Core/Src/stm32f4xx_it.c.obj
                0x0000000008007838                Systick_setCallback
 .text._getpid  0x0000000008007844        0x4 CMakeFiles/NUCLEO-F429ZI.elf.dir/Core/Src/syscalls.c.obj
                0x0000000008007844                _getpid
 .text._kill    0x0000000008007848       0x10 CMakeFiles/NUCLEO-F429ZI.elf.dir/Core/Src/syscalls.c.obj
                0x0000000008007848                _kill
 .text._exit    0x0000000008007858        0xc CMakeFiles/NUCLEO-F429ZI.elf.dir/Core/Src/syscalls.c.obj
                0x0000000008007858                _exit
 .text._read    0x0000000008007864       0x20 CMakeFiles/NUCLEO-F429ZI.elf.dir/Core/Src/syscalls.c.obj
                0x0000000008007864                _read
 .text._write   0x0000000008007884       0x1c CMakeFiles/NUCLEO-F429ZI.elf.dir/Core/Src/syscalls.c.obj
                0x0000000008007884                _write
 .text._close   0x00000000080078a0        0x6 CMakeFiles/NUCLEO-F429ZI.elf.dir/Core/Src/syscalls.c.obj
                0x00000000080078a0                _close
 .text._fstat   0x00000000080078a6        0xa CMakeFiles/NUCLEO-F429ZI.elf.dir/Core/Src/syscalls.c.obj
                0x00000000080078a6                _fstat
 .text._isatty  0x00000000080078b0        0x4 CMakeFiles/NUCLEO-F429ZI.elf.dir/Core/Src/syscalls.c.obj
                0x00000000080078b0                _isatty
 .text._lseek   0x00000000080078b4        0x4 CMakeFiles/NUCLEO-F429ZI.elf.dir/Core/Src/syscalls.c.obj
                0x00000000080078b4                _lseek
 .text._sbrk    0x00000000080078b8       0x48 CMakeFiles/NUCLEO-F429ZI.elf.dir/Core/Src/sysmem.c.obj
                0x00000000080078b8                _sbrk
 .text.SystemInit
                0x0000000008007900       0x14 CMakeFiles/NUCLEO-F429ZI.elf.dir/Core/Src/system_stm32f4xx.c.obj
                0x0000000008007900                SystemInit
 .text.MX_USART3_UART_Init
                0x0000000008007914       0x34 CMakeFiles/NUCLEO-F429ZI.elf.dir/Core/Src/usart.c.obj
                0x0000000008007914                MX_USART3_UART_Init
 .text.HAL_UART_MspInit
                0x0000000008007948       0x70 CMakeFiles/NUCLEO-F429ZI.elf.dir/Core/Src/usart.c.obj
                0x0000000008007948                HAL_UART_MspInit
 .text.MX_USB_OTG_FS_PCD_Init
                0x00000000080079b8       0x38 CMakeFiles/NUCLEO-F429ZI.elf.dir/Core/Src/usb_otg.c.obj
                0x00000000080079b8                MX_USB_OTG_FS_PCD_Init
 .text.HAL_PCD_MspInit
                0x00000000080079f0       0x88 CMakeFiles/NUCLEO-F429ZI.elf.dir/Core/Src/usb_otg.c.obj
                0x00000000080079f0                HAL_PCD_MspInit
 .text.Reset_Handler
                0x0000000008007a78       0x50 CMakeFiles/NUCLEO-F429ZI.elf.dir/Core/Startup/startup_stm32f429zitx.s.obj
                0x0000000008007a78                Reset_Handler
 .text.Default_Handler
                0x0000000008007ac8        0x2 CMakeFiles/NUCLEO-F429ZI.elf.dir/Core/Startup/startup_stm32f429zitx.s.obj
                0x0000000008007ac8                RTC_Alarm_IRQHandler
                0x0000000008007ac8                HASH_RNG_IRQHandler
                0x0000000008007ac8                EXTI2_IRQHandler
                0x0000000008007ac8                TIM8_CC_IRQHandler
                0x0000000008007ac8                UART8_IRQHandler
                0x0000000008007ac8                SPI4_IRQHandler
                0x0000000008007ac8                TIM1_CC_IRQHandler
                0x0000000008007ac8                DMA2_Stream5_IRQHandler
                0x0000000008007ac8                DMA1_Stream5_IRQHandler
                0x0000000008007ac8                PVD_IRQHandler
                0x0000000008007ac8                SDIO_IRQHandler
                0x0000000008007ac8                TAMP_STAMP_IRQHandler
                0x0000000008007ac8                CAN2_RX1_IRQHandler
                0x0000000008007ac8                EXTI3_IRQHandler
                0x0000000008007ac8                TIM8_TRG_COM_TIM14_IRQHandler
                0x0000000008007ac8                TIM1_UP_TIM10_IRQHandler
                0x0000000008007ac8                TIM8_UP_TIM13_IRQHandler
                0x0000000008007ac8                I2C3_ER_IRQHandler
                0x0000000008007ac8                EXTI0_IRQHandler
                0x0000000008007ac8                I2C2_EV_IRQHandler
                0x0000000008007ac8                DMA1_Stream2_IRQHandler
                0x0000000008007ac8                CAN1_RX0_IRQHandler
                0x0000000008007ac8                FPU_IRQHandler
                0x0000000008007ac8                OTG_HS_WKUP_IRQHandler
                0x0000000008007ac8                LTDC_ER_IRQHandler
                0x0000000008007ac8                CAN2_SCE_IRQHandler
                0x0000000008007ac8                DMA2_Stream2_IRQHandler
                0x0000000008007ac8                SPI1_IRQHandler
                0x0000000008007ac8                TIM6_DAC_IRQHandler
                0x0000000008007ac8                TIM1_BRK_TIM9_IRQHandler
                0x0000000008007ac8                DCMI_IRQHandler
                0x0000000008007ac8                CAN2_RX0_IRQHandler
                0x0000000008007ac8                DMA2_Stream3_IRQHandler
                0x0000000008007ac8                USART6_IRQHandler
                0x0000000008007ac8                USART3_IRQHandler
                0x0000000008007ac8                CAN1_RX1_IRQHandler
                0x0000000008007ac8                UART5_IRQHandler
                0x0000000008007ac8                DMA2_Stream0_IRQHandler
                0x0000000008007ac8                TIM4_IRQHandler
                0x0000000008007ac8                I2C1_EV_IRQHandler
                0x0000000008007ac8                DMA1_Stream6_IRQHandler
                0x0000000008007ac8                DMA1_Stream1_IRQHandler
                0x0000000008007ac8                UART4_IRQHandler
                0x0000000008007ac8                TIM3_IRQHandler
                0x0000000008007ac8                RCC_IRQHandler
                0x0000000008007ac8                TIM8_BRK_TIM12_IRQHandler
                0x0000000008007ac8                Default_Handler
                0x0000000008007ac8                EXTI15_10_IRQHandler
                0x0000000008007ac8                ADC_IRQHandler
                0x0000000008007ac8                DMA1_Stream7_IRQHandler
                0x0000000008007ac8                SPI5_IRQHandler
                0x0000000008007ac8                TIM7_IRQHandler
                0x0000000008007ac8                CAN2_TX_IRQHandler
                0x0000000008007ac8                TIM5_IRQHandler
                0x0000000008007ac8                DMA2_Stream7_IRQHandler
                0x0000000008007ac8                I2C3_EV_IRQHandler
                0x0000000008007ac8                EXTI9_5_IRQHandler
                0x0000000008007ac8                RTC_WKUP_IRQHandler
                0x0000000008007ac8                LTDC_IRQHandler
                0x0000000008007ac8                ETH_WKUP_IRQHandler
                0x0000000008007ac8                SPI2_IRQHandler
                0x0000000008007ac8                OTG_HS_EP1_IN_IRQHandler
                0x0000000008007ac8                DMA1_Stream0_IRQHandler
                0x0000000008007ac8                CAN1_TX_IRQHandler
                0x0000000008007ac8                EXTI4_IRQHandler
                0x0000000008007ac8                ETH_IRQHandler
                0x0000000008007ac8                OTG_HS_EP1_OUT_IRQHandler
                0x0000000008007ac8                WWDG_IRQHandler
                0x0000000008007ac8                SPI6_IRQHandler
                0x0000000008007ac8                TIM2_IRQHandler
                0x0000000008007ac8                OTG_FS_WKUP_IRQHandler
                0x0000000008007ac8                TIM1_TRG_COM_TIM11_IRQHandler
                0x0000000008007ac8                OTG_HS_IRQHandler
                0x0000000008007ac8                DMA2D_IRQHandler
                0x0000000008007ac8                EXTI1_IRQHandler
                0x0000000008007ac8                UART7_IRQHandler
                0x0000000008007ac8                USART2_IRQHandler
                0x0000000008007ac8                I2C2_ER_IRQHandler
                0x0000000008007ac8                DMA2_Stream1_IRQHandler
                0x0000000008007ac8                CAN1_SCE_IRQHandler
                0x0000000008007ac8                FLASH_IRQHandler
                0x0000000008007ac8                DMA2_Stream4_IRQHandler
                0x0000000008007ac8                USART1_IRQHandler
                0x0000000008007ac8                OTG_FS_IRQHandler
                0x0000000008007ac8                SPI3_IRQHandler
                0x0000000008007ac8                DMA1_Stream4_IRQHandler
                0x0000000008007ac8                I2C1_ER_IRQHandler
                0x0000000008007ac8                FMC_IRQHandler
                0x0000000008007ac8                DMA2_Stream6_IRQHandler
                0x0000000008007ac8                SAI1_IRQHandler
                0x0000000008007ac8                DMA1_Stream3_IRQHandler
 *fill*         0x0000000008007aca        0x2 
 .text.HAL_InitTick
                0x0000000008007acc       0x4c CMakeFiles/NUCLEO-F429ZI.elf.dir/Drivers/STM32F4xx_HAL_Driver/Src/stm32f4xx_hal.c.obj
                0x0000000008007acc                HAL_InitTick
 .text.HAL_Init
                0x0000000008007b18       0x34 CMakeFiles/NUCLEO-F429ZI.elf.dir/Drivers/STM32F4xx_HAL_Driver/Src/stm32f4xx_hal.c.obj
                0x0000000008007b18                HAL_Init
 .text.HAL_IncTick
                0x0000000008007b4c       0x18 CMakeFiles/NUCLEO-F429ZI.elf.dir/Drivers/STM32F4xx_HAL_Driver/Src/stm32f4xx_hal.c.obj
                0x0000000008007b4c                HAL_IncTick
 .text.HAL_GetTick
                0x0000000008007b64        0xc CMakeFiles/NUCLEO-F429ZI.elf.dir/Drivers/STM32F4xx_HAL_Driver/Src/stm32f4xx_hal.c.obj
                0x0000000008007b64                HAL_GetTick
 .text.HAL_Delay
                0x0000000008007b70       0x28 CMakeFiles/NUCLEO-F429ZI.elf.dir/Drivers/STM32F4xx_HAL_Driver/Src/stm32f4xx_hal.c.obj
                0x0000000008007b70                HAL_Delay
 .text.HAL_NVIC_SetPriorityGrouping
                0x0000000008007b98       0x24 CMakeFiles/NUCLEO-F429ZI.elf.dir/Drivers/STM32F4xx_HAL_Driver/Src/stm32f4xx_hal_cortex.c.obj
                0x0000000008007b98                HAL_NVIC_SetPriorityGrouping
 .text.HAL_NVIC_SetPriority
                0x0000000008007bbc       0x70 CMakeFiles/NUCLEO-F429ZI.elf.dir/Drivers/STM32F4xx_HAL_Driver/Src/stm32f4xx_hal_cortex.c.obj
                0x0000000008007bbc                HAL_NVIC_SetPriority
 .text.HAL_SYSTICK_Config
                0x0000000008007c2c       0x28 CMakeFiles/NUCLEO-F429ZI.elf.dir/Drivers/STM32F4xx_HAL_Driver/Src/stm32f4xx_hal_cortex.c.obj
                0x0000000008007c2c                HAL_SYSTICK_Config
 .text.ETH_MACAddressConfig
                0x0000000008007c54       0x30 CMakeFiles/NUCLEO-F429ZI.elf.dir/Drivers/STM32F4xx_HAL_Driver/Src/stm32f4xx_hal_eth.c.obj
 .text.ETH_DMATxDescListInit
                0x0000000008007c84       0x6e CMakeFiles/NUCLEO-F429ZI.elf.dir/Drivers/STM32F4xx_HAL_Driver/Src/stm32f4xx_hal_eth.c.obj
 .text.ETH_DMARxDescListInit
                0x0000000008007cf2       0x84 CMakeFiles/NUCLEO-F429ZI.elf.dir/Drivers/STM32F4xx_HAL_Driver/Src/stm32f4xx_hal_eth.c.obj
 *fill*         0x0000000008007d76        0x2 
 .text.ETH_SetMACConfig
                0x0000000008007d78       0xfc CMakeFiles/NUCLEO-F429ZI.elf.dir/Drivers/STM32F4xx_HAL_Driver/Src/stm32f4xx_hal_eth.c.obj
 .text.ETH_SetDMAConfig
                0x0000000008007e74       0xc0 CMakeFiles/NUCLEO-F429ZI.elf.dir/Drivers/STM32F4xx_HAL_Driver/Src/stm32f4xx_hal_eth.c.obj
 .text.ETH_MACDMAConfig
                0x0000000008007f34       0xa2 CMakeFiles/NUCLEO-F429ZI.elf.dir/Drivers/STM32F4xx_HAL_Driver/Src/stm32f4xx_hal_eth.c.obj
 *fill*         0x0000000008007fd6        0x2 
 .text.HAL_ETH_Init
                0x0000000008007fd8       0xc0 CMakeFiles/NUCLEO-F429ZI.elf.dir/Drivers/STM32F4xx_HAL_Driver/Src/stm32f4xx_hal_eth.c.obj
                0x0000000008007fd8                HAL_ETH_Init
 .text.HAL_GPIO_Init
                0x0000000008008098      0x1fc CMakeFiles/NUCLEO-F429ZI.elf.dir/Drivers/STM32F4xx_HAL_Driver/Src/stm32f4xx_hal_gpio.c.obj
                0x0000000008008098                HAL_GPIO_Init
 .text.HAL_GPIO_WritePin
                0x0000000008008294        0xc CMakeFiles/NUCLEO-F429ZI.elf.dir/Drivers/STM32F4xx_HAL_Driver/Src/stm32f4xx_hal_gpio.c.obj
                0x0000000008008294                HAL_GPIO_WritePin
 .text.HAL_PCD_Init
                0x00000000080082a0      0x12e CMakeFiles/NUCLEO-F429ZI.elf.dir/Drivers/STM32F4xx_HAL_Driver/Src/stm32f4xx_hal_pcd.c.obj
                0x00000000080082a0                HAL_PCD_Init
 *fill*         0x00000000080083ce        0x2 
 .text.HAL_RCC_OscConfig
                0x00000000080083d0      0x3f8 CMakeFiles/NUCLEO-F429ZI.elf.dir/Drivers/STM32F4xx_HAL_Driver/Src/stm32f4xx_hal_rcc.c.obj
                0x00000000080083d0                HAL_RCC_OscConfig
 .text.HAL_RCC_GetSysClockFreq
                0x00000000080087c8       0xd4 CMakeFiles/NUCLEO-F429ZI.elf.dir/Drivers/STM32F4xx_HAL_Driver/Src/stm32f4xx_hal_rcc.c.obj
                0x00000000080087c8                HAL_RCC_GetSysClockFreq
 .text.HAL_RCC_ClockConfig
                0x000000000800889c      0x160 CMakeFiles/NUCLEO-F429ZI.elf.dir/Drivers/STM32F4xx_HAL_Driver/Src/stm32f4xx_hal_rcc.c.obj
                0x000000000800889c                HAL_RCC_ClockConfig
 .text.HAL_RCC_GetHCLKFreq
                0x00000000080089fc        0xc CMakeFiles/NUCLEO-F429ZI.elf.dir/Drivers/STM32F4xx_HAL_Driver/Src/stm32f4xx_hal_rcc.c.obj
                0x00000000080089fc                HAL_RCC_GetHCLKFreq
 .text.HAL_RCC_GetPCLK1Freq
                0x0000000008008a08       0x20 CMakeFiles/NUCLEO-F429ZI.elf.dir/Drivers/STM32F4xx_HAL_Driver/Src/stm32f4xx_hal_rcc.c.obj
                0x0000000008008a08                HAL_RCC_GetPCLK1Freq
 .text.HAL_RCC_GetPCLK2Freq
                0x0000000008008a28       0x20 CMakeFiles/NUCLEO-F429ZI.elf.dir/Drivers/STM32F4xx_HAL_Driver/Src/stm32f4xx_hal_rcc.c.obj
                0x0000000008008a28                HAL_RCC_GetPCLK2Freq
 .text.UART_SetConfig
                0x0000000008008a48      0x110 CMakeFiles/NUCLEO-F429ZI.elf.dir/Drivers/STM32F4xx_HAL_Driver/Src/stm32f4xx_hal_uart.c.obj
 .text.UART_WaitOnFlagUntilTimeout
                0x0000000008008b58       0x88 CMakeFiles/NUCLEO-F429ZI.elf.dir/Drivers/STM32F4xx_HAL_Driver/Src/stm32f4xx_hal_uart.c.obj
 .text.HAL_UART_Init
                0x0000000008008be0       0x5e CMakeFiles/NUCLEO-F429ZI.elf.dir/Drivers/STM32F4xx_HAL_Driver/Src/stm32f4xx_hal_uart.c.obj
                0x0000000008008be0                HAL_UART_Init
 .text.HAL_UART_Transmit
                0x0000000008008c3e       0xd8 CMakeFiles/NUCLEO-F429ZI.elf.dir/Drivers/STM32F4xx_HAL_Driver/Src/stm32f4xx_hal_uart.c.obj
                0x0000000008008c3e                HAL_UART_Transmit
 *fill*         0x0000000008008d16        0x2 
 .text.USB_CoreReset
                0x0000000008008d18       0x50 CMakeFiles/NUCLEO-F429ZI.elf.dir/Drivers/STM32F4xx_HAL_Driver/Src/stm32f4xx_ll_usb.c.obj
 .text.USB_CoreInit
                0x0000000008008d68       0x8a CMakeFiles/NUCLEO-F429ZI.elf.dir/Drivers/STM32F4xx_HAL_Driver/Src/stm32f4xx_ll_usb.c.obj
                0x0000000008008d68                USB_CoreInit
 .text.USB_DisableGlobalInt
                0x0000000008008df2        0xc CMakeFiles/NUCLEO-F429ZI.elf.dir/Drivers/STM32F4xx_HAL_Driver/Src/stm32f4xx_ll_usb.c.obj
                0x0000000008008df2                USB_DisableGlobalInt
 *fill*         0x0000000008008dfe        0x2 
 .text.USB_FlushTxFifo
                0x0000000008008e00       0x50 CMakeFiles/NUCLEO-F429ZI.elf.dir/Drivers/STM32F4xx_HAL_Driver/Src/stm32f4xx_ll_usb.c.obj
                0x0000000008008e00                USB_FlushTxFifo
 .text.USB_FlushRxFifo
                0x0000000008008e50       0x4c CMakeFiles/NUCLEO-F429ZI.elf.dir/Drivers/STM32F4xx_HAL_Driver/Src/stm32f4xx_ll_usb.c.obj
                0x0000000008008e50                USB_FlushRxFifo
 .text.USB_SetDevSpeed
                0x0000000008008e9c        0xe CMakeFiles/NUCLEO-F429ZI.elf.dir/Drivers/STM32F4xx_HAL_Driver/Src/stm32f4xx_ll_usb.c.obj
                0x0000000008008e9c                USB_SetDevSpeed
 *fill*         0x0000000008008eaa        0x2 
 .text.USB_DevInit
                0x0000000008008eac      0x190 CMakeFiles/NUCLEO-F429ZI.elf.dir/Drivers/STM32F4xx_HAL_Driver/Src/stm32f4xx_ll_usb.c.obj
                0x0000000008008eac                USB_DevInit
 .text.USB_DevDisconnect
                0x000000000800903c       0x1c CMakeFiles/NUCLEO-F429ZI.elf.dir/Drivers/STM32F4xx_HAL_Driver/Src/stm32f4xx_ll_usb.c.obj
                0x000000000800903c                USB_DevDisconnect
 .text.USB_GetMode
                0x0000000008009058        0x8 CMakeFiles/NUCLEO-F429ZI.elf.dir/Drivers/STM32F4xx_HAL_Driver/Src/stm32f4xx_ll_usb.c.obj
                0x0000000008009058                USB_GetMode
 .text.USB_SetCurrentMode
                0x0000000008009060       0x62 CMakeFiles/NUCLEO-F429ZI.elf.dir/Drivers/STM32F4xx_HAL_Driver/Src/stm32f4xx_ll_usb.c.obj
                0x0000000008009060                USB_SetCurrentMode
 .text.nLedOn   0x00000000080090c2       0x32 CMakeFiles/NUCLEO-F429ZI.elf.dir/blinky/blinky.c.obj
 .text.nLedOff  0x00000000080090f4       0x26 CMakeFiles/NUCLEO-F429ZI.elf.dir/blinky/blinky.c.obj
 *fill*         0x000000000800911a        0x2 
 .text.init     0x000000000800911c       0x6c CMakeFiles/NUCLEO-F429ZI.elf.dir/blinky/blinky.c.obj
 .text.printBanner
                0x0000000008009188       0x54 CMakeFiles/NUCLEO-F429ZI.elf.dir/blinky/bsp/bsp_blinky.c.obj
 .text.bsp_init
                0x00000000080091dc       0x50 CMakeFiles/NUCLEO-F429ZI.elf.dir/blinky/bsp/bsp_blinky.c.obj
                0x00000000080091dc                bsp_init
 .text.bsp_ledOn
                0x000000000800922c       0x10 CMakeFiles/NUCLEO-F429ZI.elf.dir/blinky/bsp/bsp_blinky.c.obj
                0x000000000800922c                bsp_ledOn
 .text.bsp_ledOff
                0x000000000800923c       0x10 CMakeFiles/NUCLEO-F429ZI.elf.dir/blinky/bsp/bsp_blinky.c.obj
                0x000000000800923c                bsp_ledOff
 .text.SystickHook
                0x000000000800924c       0x28 CMakeFiles/NUCLEO-F429ZI.elf.dir/blinky/bsp/hook.c.obj
 .text.rkh_hook_start
                0x0000000008009274       0x18 CMakeFiles/NUCLEO-F429ZI.elf.dir/blinky/bsp/hook.c.obj
                0x0000000008009274                rkh_hook_start
 .text.rkh_hook_timetick
                0x000000000800928c       0x14 CMakeFiles/NUCLEO-F429ZI.elf.dir/blinky/bsp/hook.c.obj
                0x000000000800928c                rkh_hook_timetick
 .text.rkh_hook_idle
                0x00000000080092a0        0xa CMakeFiles/NUCLEO-F429ZI.elf.dir/blinky/bsp/hook.c.obj
                0x00000000080092a0                rkh_hook_idle
 *fill*         0x00000000080092aa        0x2 
 .text.rkh_trc_flush
                0x00000000080092ac       0x74 CMakeFiles/NUCLEO-F429ZI.elf.dir/blinky/bsp/trace_io.c.obj
                0x00000000080092ac                rkh_trc_flush
 .text.rkh_trc_open
                0x0000000008009320       0x7c CMakeFiles/NUCLEO-F429ZI.elf.dir/blinky/bsp/trace_io.c.obj
                0x0000000008009320                rkh_trc_open
 .text.rkh_trc_getts
                0x000000000800939c        0x8 CMakeFiles/NUCLEO-F429ZI.elf.dir/blinky/bsp/trace_io.c.obj
                0x000000000800939c                rkh_trc_getts
 .text.rkh_trc_close
                0x00000000080093a4        0x2 CMakeFiles/NUCLEO-F429ZI.elf.dir/blinky/bsp/trace_io.c.obj
                0x00000000080093a4                rkh_trc_close
 *fill*         0x00000000080093a6        0x2 
 .text.BSP_LED_On
                0x00000000080093a8       0x20 CMakeFiles/NUCLEO-F429ZI.elf.dir/bsp/stm32f4xx_nucleo_144.c.obj
                0x00000000080093a8                BSP_LED_On
 .text.BSP_LED_Off
                0x00000000080093c8       0x20 CMakeFiles/NUCLEO-F429ZI.elf.dir/bsp/stm32f4xx_nucleo_144.c.obj
                0x00000000080093c8                BSP_LED_Off
 .text.verifyTime
                0x00000000080093e8       0x5c CMakeFiles/NUCLEO-F429ZI.elf.dir/epoch/src/epoch.c.obj
 .text.updStep_calc1
                0x0000000008009444       0x60 CMakeFiles/NUCLEO-F429ZI.elf.dir/epoch/src/epoch.c.obj
 .text.updStep_calc2
                0x00000000080094a4       0x50 CMakeFiles/NUCLEO-F429ZI.elf.dir/epoch/src/epoch.c.obj
 .text.updStep_calc3
                0x00000000080094f4       0x1c CMakeFiles/NUCLEO-F429ZI.elf.dir/epoch/src/epoch.c.obj
 .text.updStep_calc4
                0x0000000008009510       0x1c CMakeFiles/NUCLEO-F429ZI.elf.dir/epoch/src/epoch.c.obj
 .text.updStep_calc5
                0x000000000800952c       0x24 CMakeFiles/NUCLEO-F429ZI.elf.dir/epoch/src/epoch.c.obj
 .text.updStep_start
                0x0000000008009550       0x3c CMakeFiles/NUCLEO-F429ZI.elf.dir/epoch/src/epoch.c.obj
 .text.epoch_mktime
                0x000000000800958c       0x88 CMakeFiles/NUCLEO-F429ZI.elf.dir/epoch/src/epoch.c.obj
                0x000000000800958c                epoch_mktime
 .text.epoch_get
                0x0000000008009614        0xc CMakeFiles/NUCLEO-F429ZI.elf.dir/epoch/src/epoch.c.obj
                0x0000000008009614                epoch_get
 .text.epoch_updateNow
                0x0000000008009620       0x28 CMakeFiles/NUCLEO-F429ZI.elf.dir/epoch/src/epoch.c.obj
                0x0000000008009620                epoch_updateNow
 .text.epoch_init
                0x0000000008009648       0x20 CMakeFiles/NUCLEO-F429ZI.elf.dir/epoch/src/epoch.c.obj
                0x0000000008009648                epoch_init
 .text.execute_list
                0x0000000008009668       0x12 CMakeFiles/NUCLEO-F429ZI.elf.dir/mTime/mTime.c.obj
 *fill*         0x000000000800967a        0x2 
 .text.mTime_init
                0x000000000800967c       0x18 CMakeFiles/NUCLEO-F429ZI.elf.dir/mTime/mTime.c.obj
                0x000000000800967c                mTime_init
 .text.mTime_tick
                0x0000000008009694       0x5c CMakeFiles/NUCLEO-F429ZI.elf.dir/mTime/mTime.c.obj
                0x0000000008009694                mTime_tick
 .text.rtime_get
                0x00000000080096f0        0x8 CMakeFiles/NUCLEO-F429ZI.elf.dir/rtime/rtime.c.obj
                0x00000000080096f0                rtime_get
 .text.rkh_bittbl_getBitMask
                0x00000000080096f8       0x14 CMakeFiles/NUCLEO-F429ZI.elf.dir/third-party/rkh/source/fwk/src/rkhfwk_bittbl.c.obj
                0x00000000080096f8                rkh_bittbl_getBitMask
 .text.rkh_bittbl_getLeastBitSetPos
                0x000000000800970c        0xc CMakeFiles/NUCLEO-F429ZI.elf.dir/third-party/rkh/source/fwk/src/rkhfwk_bittbl.c.obj
                0x000000000800970c                rkh_bittbl_getLeastBitSetPos
 .text.rkh_rdygrp_isReady
                0x0000000008009718        0xa CMakeFiles/NUCLEO-F429ZI.elf.dir/third-party/rkh/source/fwk/src/rkhfwk_rdygrp.c.obj
                0x0000000008009718                rkh_rdygrp_isReady
 .text.rkh_rdygrp_setReady
                0x0000000008009722       0x26 CMakeFiles/NUCLEO-F429ZI.elf.dir/third-party/rkh/source/fwk/src/rkhfwk_rdygrp.c.obj
                0x0000000008009722                rkh_rdygrp_setReady
 .text.rkh_rdygrp_setUnready
                0x0000000008009748       0x30 CMakeFiles/NUCLEO-F429ZI.elf.dir/third-party/rkh/source/fwk/src/rkhfwk_rdygrp.c.obj
                0x0000000008009748                rkh_rdygrp_setUnready
 .text.rkh_rdygrp_findHighest
                0x0000000008009778       0x1c CMakeFiles/NUCLEO-F429ZI.elf.dir/third-party/rkh/source/fwk/src/rkhfwk_rdygrp.c.obj
                0x0000000008009778                rkh_rdygrp_findHighest
 .text.rkh_fwk_init
                0x0000000008009794        0x2 CMakeFiles/NUCLEO-F429ZI.elf.dir/third-party/rkh/source/fwk/src/rkhfwk_sched.c.obj
                0x0000000008009794                rkh_fwk_init
 *fill*         0x0000000008009796        0x2 
 .text.rkh_fwk_enter
                0x0000000008009798       0x74 CMakeFiles/NUCLEO-F429ZI.elf.dir/third-party/rkh/source/fwk/src/rkhfwk_sched.c.obj
                0x0000000008009798                rkh_fwk_enter
 .text.rkhport_get_version
                0x000000000800980c        0x8 CMakeFiles/NUCLEO-F429ZI.elf.dir/third-party/rkh/source/portable/arm-cortex/rkhs/arm_cm4f/stm32/rkhport.c.obj
                0x000000000800980c                rkhport_get_version
 .text.rkhport_get_desc
                0x0000000008009814        0x8 CMakeFiles/NUCLEO-F429ZI.elf.dir/third-party/rkh/source/portable/arm-cortex/rkhs/arm_cm4f/stm32/rkhport.c.obj
                0x0000000008009814                rkhport_get_desc
 .text.rkh_queue_init
                0x000000000800981c       0x78 CMakeFiles/NUCLEO-F429ZI.elf.dir/third-party/rkh/source/queue/src/rkhqueue.c.obj
                0x000000000800981c                rkh_queue_init
 .text.rkh_queue_get
                0x0000000008009894       0xc4 CMakeFiles/NUCLEO-F429ZI.elf.dir/third-party/rkh/source/queue/src/rkhqueue.c.obj
                0x0000000008009894                rkh_queue_get
 .text.rkh_queue_put_fifo
                0x0000000008009958       0x9c CMakeFiles/NUCLEO-F429ZI.elf.dir/third-party/rkh/source/queue/src/rkhqueue.c.obj
                0x0000000008009958                rkh_queue_put_fifo
 .text.findCompletionTrn
                0x00000000080099f4       0x16 CMakeFiles/NUCLEO-F429ZI.elf.dir/third-party/rkh/source/sm/src/rkhsm.c.obj
 .text.isCompletionTrn
                0x0000000008009a0a       0x2c CMakeFiles/NUCLEO-F429ZI.elf.dir/third-party/rkh/source/sm/src/rkhsm.c.obj
 .text.rkh_add_tr_action
                0x0000000008009a36       0x24 CMakeFiles/NUCLEO-F429ZI.elf.dir/third-party/rkh/source/sm/src/rkhsm.c.obj
 .text.addTargetSt
                0x0000000008009a5a       0x2e CMakeFiles/NUCLEO-F429ZI.elf.dir/third-party/rkh/source/sm/src/rkhsm.c.obj
 .text.rkh_sm_dispatch
                0x0000000008009a88      0x4e4 CMakeFiles/NUCLEO-F429ZI.elf.dir/third-party/rkh/source/sm/src/rkhsm.c.obj
                0x0000000008009a88                rkh_sm_dispatch
 .text.rkh_sm_init
                0x0000000008009f6c       0x10 CMakeFiles/NUCLEO-F429ZI.elf.dir/third-party/rkh/source/sm/src/rkhsm.c.obj
                0x0000000008009f6c                rkh_sm_init
 .text.rkh_sma_register
                0x0000000008009f7c       0x70 CMakeFiles/NUCLEO-F429ZI.elf.dir/third-party/rkh/source/sma/src/rkhsma.c.obj
                0x0000000008009f7c                rkh_sma_register
 .text.rkh_sma_activate
                0x0000000008009fec       0x80 CMakeFiles/NUCLEO-F429ZI.elf.dir/third-party/rkh/source/sma/src/rkhsma.c.obj
                0x0000000008009fec                rkh_sma_activate
 .text.rkh_sma_post_fifo
                0x000000000800a06c       0x98 CMakeFiles/NUCLEO-F429ZI.elf.dir/third-party/rkh/source/sma/src/rkhsma.c.obj
                0x000000000800a06c                rkh_sma_post_fifo
 .text.rkh_sma_get
                0x000000000800a104       0x90 CMakeFiles/NUCLEO-F429ZI.elf.dir/third-party/rkh/source/sma/src/rkhsma.c.obj
                0x000000000800a104                rkh_sma_get
 .text.rkh_sma_dispatch
                0x000000000800a194        0x8 CMakeFiles/NUCLEO-F429ZI.elf.dir/third-party/rkh/source/sma/src/rkhsma.c.obj
                0x000000000800a194                rkh_sma_dispatch
 .text.rkh_smaPrio_isReady
                0x000000000800a19c       0x10 CMakeFiles/NUCLEO-F429ZI.elf.dir/third-party/rkh/source/sma/src/rkhsma_prio.c.obj
                0x000000000800a19c                rkh_smaPrio_isReady
 .text.rkh_smaPrio_setReady
                0x000000000800a1ac       0x10 CMakeFiles/NUCLEO-F429ZI.elf.dir/third-party/rkh/source/sma/src/rkhsma_prio.c.obj
                0x000000000800a1ac                rkh_smaPrio_setReady
 .text.rkh_smaPrio_setUnready
                0x000000000800a1bc       0x10 CMakeFiles/NUCLEO-F429ZI.elf.dir/third-party/rkh/source/sma/src/rkhsma_prio.c.obj
                0x000000000800a1bc                rkh_smaPrio_setUnready
 .text.rkh_smaPrio_findHighest
                0x000000000800a1cc       0x10 CMakeFiles/NUCLEO-F429ZI.elf.dir/third-party/rkh/source/sma/src/rkhsma_prio.c.obj
                0x000000000800a1cc                rkh_smaPrio_findHighest
 .text.rkh_sma_block
                0x000000000800a1dc        0x2 CMakeFiles/NUCLEO-F429ZI.elf.dir/third-party/rkh/source/sma/src/rkhsma_sync.c.obj
                0x000000000800a1dc                rkh_sma_block
 .text.rkh_sma_setReady
                0x000000000800a1de        0xc CMakeFiles/NUCLEO-F429ZI.elf.dir/third-party/rkh/source/sma/src/rkhsma_sync.c.obj
                0x000000000800a1de                rkh_sma_setReady
 .text.rkh_sma_setUnready
                0x000000000800a1ea        0xc CMakeFiles/NUCLEO-F429ZI.elf.dir/third-party/rkh/source/sma/src/rkhsma_sync.c.obj
                0x000000000800a1ea                rkh_sma_setUnready
 *fill*         0x000000000800a1f6        0x2 
 .text.rem_from_list
                0x000000000800a1f8       0x3c CMakeFiles/NUCLEO-F429ZI.elf.dir/third-party/rkh/source/tmr/src/rkhtmr.c.obj
 .text.searchAndRemove
                0x000000000800a234       0x24 CMakeFiles/NUCLEO-F429ZI.elf.dir/third-party/rkh/source/tmr/src/rkhtmr.c.obj
 .text.rkh_tmr_tick
                0x000000000800a258       0xd4 CMakeFiles/NUCLEO-F429ZI.elf.dir/third-party/rkh/source/tmr/src/rkhtmr.c.obj
                0x000000000800a258                rkh_tmr_tick
 .text.rkh_tmr_init_
                0x000000000800a32c       0x6c CMakeFiles/NUCLEO-F429ZI.elf.dir/third-party/rkh/source/tmr/src/rkhtmr.c.obj
                0x000000000800a32c                rkh_tmr_init_
 .text.rkh_tmr_start
                0x000000000800a398       0x80 CMakeFiles/NUCLEO-F429ZI.elf.dir/third-party/rkh/source/tmr/src/rkhtmr.c.obj
                0x000000000800a398                rkh_tmr_start
 .text.setAllFilters
                0x000000000800a418       0x1c CMakeFiles/NUCLEO-F429ZI.elf.dir/third-party/rkh/source/trc/src/rkhtrc_filter.c.obj
 .text.getFilterTable
                0x000000000800a434       0x14 CMakeFiles/NUCLEO-F429ZI.elf.dir/third-party/rkh/source/trc/src/rkhtrc_filter.c.obj
 .text.setOneFilter
                0x000000000800a448       0x24 CMakeFiles/NUCLEO-F429ZI.elf.dir/third-party/rkh/source/trc/src/rkhtrc_filter.c.obj
 .text.isOffFilter
                0x000000000800a46c       0x18 CMakeFiles/NUCLEO-F429ZI.elf.dir/third-party/rkh/source/trc/src/rkhtrc_filter.c.obj
 .text.rkh_trc_filter_group_
                0x000000000800a484       0x50 CMakeFiles/NUCLEO-F429ZI.elf.dir/third-party/rkh/source/trc/src/rkhtrc_filter.c.obj
                0x000000000800a484                rkh_trc_filter_group_
 .text.rkh_trc_filter_event_
                0x000000000800a4d4       0x64 CMakeFiles/NUCLEO-F429ZI.elf.dir/third-party/rkh/source/trc/src/rkhtrc_filter.c.obj
                0x000000000800a4d4                rkh_trc_filter_event_
 .text.rkh_trc_isoff_
                0x000000000800a538       0x40 CMakeFiles/NUCLEO-F429ZI.elf.dir/third-party/rkh/source/trc/src/rkhtrc_filter.c.obj
                0x000000000800a538                rkh_trc_isoff_
 .text.rkh_trc_symFil
                0x000000000800a578       0x2e CMakeFiles/NUCLEO-F429ZI.elf.dir/third-party/rkh/source/trc/src/rkhtrc_filter.c.obj
                0x000000000800a578                rkh_trc_symFil
 .text.rkh_trc_symFil_isoff
                0x000000000800a5a6       0x12 CMakeFiles/NUCLEO-F429ZI.elf.dir/third-party/rkh/source/trc/src/rkhtrc_filter.c.obj
                0x000000000800a5a6                rkh_trc_symFil_isoff
 .text.rkh_trc_init
                0x000000000800a5b8       0x1c CMakeFiles/NUCLEO-F429ZI.elf.dir/third-party/rkh/source/trc/src/rkhtrc_record.c.obj
                0x000000000800a5b8                rkh_trc_init
 .text.rkh_trc_end
                0x000000000800a5d4        0xa CMakeFiles/NUCLEO-F429ZI.elf.dir/third-party/rkh/source/trc/src/rkhtrc_record.c.obj
                0x000000000800a5d4                rkh_trc_end
 *fill*         0x000000000800a5de        0x2 
 .text.rkh_trc_clear_chk
                0x000000000800a5e0        0xc CMakeFiles/NUCLEO-F429ZI.elf.dir/third-party/rkh/source/trc/src/rkhtrc_record.c.obj
                0x000000000800a5e0                rkh_trc_clear_chk
 .text.rkh_trc_u8
                0x000000000800a5ec       0x30 CMakeFiles/NUCLEO-F429ZI.elf.dir/third-party/rkh/source/trc/src/rkhtrc_record.c.obj
                0x000000000800a5ec                rkh_trc_u8
 .text.rkh_trc_u16
                0x000000000800a61c       0x12 CMakeFiles/NUCLEO-F429ZI.elf.dir/third-party/rkh/source/trc/src/rkhtrc_record.c.obj
                0x000000000800a61c                rkh_trc_u16
 .text.rkh_trc_u32
                0x000000000800a62e       0x22 CMakeFiles/NUCLEO-F429ZI.elf.dir/third-party/rkh/source/trc/src/rkhtrc_record.c.obj
                0x000000000800a62e                rkh_trc_u32
 .text.rkh_trc_begin
                0x000000000800a650       0x2c CMakeFiles/NUCLEO-F429ZI.elf.dir/third-party/rkh/source/trc/src/rkhtrc_record.c.obj
                0x000000000800a650                rkh_trc_begin
 .text.rkh_trc_str
                0x000000000800a67c       0x18 CMakeFiles/NUCLEO-F429ZI.elf.dir/third-party/rkh/source/trc/src/rkhtrc_record.c.obj
                0x000000000800a67c                rkh_trc_str
 .text.rkh_trc_obj
                0x000000000800a694       0x4c CMakeFiles/NUCLEO-F429ZI.elf.dir/third-party/rkh/source/trc/src/rkhtrc_record.c.obj
                0x000000000800a694                rkh_trc_obj
 .text.rkh_trc_sig
                0x000000000800a6e0       0x50 CMakeFiles/NUCLEO-F429ZI.elf.dir/third-party/rkh/source/trc/src/rkhtrc_record.c.obj
                0x000000000800a6e0                rkh_trc_sig
 .text.rkh_trc_ao
                0x000000000800a730       0x50 CMakeFiles/NUCLEO-F429ZI.elf.dir/third-party/rkh/source/trc/src/rkhtrc_record.c.obj
                0x000000000800a730                rkh_trc_ao
 .text.rkh_trc_state
                0x000000000800a780       0x64 CMakeFiles/NUCLEO-F429ZI.elf.dir/third-party/rkh/source/trc/src/rkhtrc_record.c.obj
                0x000000000800a780                rkh_trc_state
 .text.rkh_trc_get_block
                0x000000000800a7e4       0x60 CMakeFiles/NUCLEO-F429ZI.elf.dir/third-party/rkh/source/trc/src/rkhtrc_stream.c.obj
                0x000000000800a7e4                rkh_trc_get_block
 .text.rkh_trc_put
                0x000000000800a844       0x50 CMakeFiles/NUCLEO-F429ZI.elf.dir/third-party/rkh/source/trc/src/rkhtrc_stream.c.obj
                0x000000000800a844                rkh_trc_put
 .text.rkh_trcStream_init
                0x000000000800a894       0x34 CMakeFiles/NUCLEO-F429ZI.elf.dir/third-party/rkh/source/trc/src/rkhtrc_stream.c.obj
                0x000000000800a894                rkh_trcStream_init
 .text.startup  0x000000000800a8c8       0x14 /usr/lib/gcc/arm-none-eabi/10.3.1/../../../arm-none-eabi/lib/thumb/v7e-m+fp/hard/libg.a(lib_a-__call_atexit.o)
 *(.glue_7)
 .glue_7        0x000000000800a8dc        0x0 linker stubs
 *(.glue_7t)
 .glue_7t       0x000000000800a8dc        0x0 linker stubs
 *(.eh_frame)
 .eh_frame      0x000000000800a8dc        0x0 /usr/lib/gcc/arm-none-eabi/10.3.1/thumb/v7e-m+fp/hard/crtbegin.o
 *(.init)
 .init          0x000000000800a8dc        0x4 /usr/lib/gcc/arm-none-eabi/10.3.1/thumb/v7e-m+fp/hard/crti.o
                0x000000000800a8dc                _init
 .init          0x000000000800a8e0        0x8 /usr/lib/gcc/arm-none-eabi/10.3.1/thumb/v7e-m+fp/hard/crtn.o
 *(.fini)
 .fini          0x000000000800a8e8        0x4 /usr/lib/gcc/arm-none-eabi/10.3.1/thumb/v7e-m+fp/hard/crti.o
                0x000000000800a8e8                _fini
 .fini          0x000000000800a8ec        0x8 /usr/lib/gcc/arm-none-eabi/10.3.1/thumb/v7e-m+fp/hard/crtn.o
                0x000000000800a8f4                . = ALIGN (0x4)
                0x000000000800a8f4                _etext = .

.vfp11_veneer   0x000000000800a8f4        0x0
 .vfp11_veneer  0x000000000800a8f4        0x0 linker stubs

.v4_bx          0x000000000800a8f4        0x0
 .v4_bx         0x000000000800a8f4        0x0 linker stubs

.iplt           0x000000000800a8f4        0x0
 .iplt          0x000000000800a8f4        0x0 /usr/lib/gcc/arm-none-eabi/10.3.1/thumb/v7e-m+fp/hard/crtbegin.o

.rodata         0x000000000800a8f8      0x82c
                0x000000000800a8f8                . = ALIGN (0x4)
 *(.rodata)
 .rodata        0x000000000800a8f8        0x4 /usr/lib/gcc/arm-none-eabi/10.3.1/../../../arm-none-eabi/lib/thumb/v7e-m+fp/hard/libg.a(lib_a-impure.o)
                0x000000000800a8f8                _global_impure_ptr
 .rodata        0x000000000800a8fc       0x20 /usr/lib/gcc/arm-none-eabi/10.3.1/../../../arm-none-eabi/lib/thumb/v7e-m+fp/hard/libg.a(lib_a-vfprintf.o)
 *fill*         0x000000000800a91c        0x4 
 .rodata        0x000000000800a920      0x128 /usr/lib/gcc/arm-none-eabi/10.3.1/../../../arm-none-eabi/lib/thumb/v7e-m+fp/hard/libg.a(lib_a-mprec.o)
                0x000000000800a930                __mprec_tens
                0x000000000800a9f8                __mprec_tinytens
                0x000000000800aa20                __mprec_bigtens
 .rodata        0x000000000800aa48       0x20 /usr/lib/gcc/arm-none-eabi/10.3.1/../../../arm-none-eabi/lib/thumb/v7e-m+fp/hard/libg.a(lib_a-vfiprintf.o)
 .rodata        0x000000000800aa68      0x101 /usr/lib/gcc/arm-none-eabi/10.3.1/../../../arm-none-eabi/lib/thumb/v7e-m+fp/hard/libg.a(lib_a-ctype_.o)
                0x000000000800aa68                _ctype_
 *(.rodata*)
 *fill*         0x000000000800ab69        0x3 
 .rodata.AHBPrescTable
                0x000000000800ab6c       0x10 CMakeFiles/NUCLEO-F429ZI.elf.dir/Core/Src/system_stm32f4xx.c.obj
                0x000000000800ab6c                AHBPrescTable
 .rodata.APBPrescTable
                0x000000000800ab7c        0x8 CMakeFiles/NUCLEO-F429ZI.elf.dir/Core/Src/system_stm32f4xx.c.obj
                0x000000000800ab7c                APBPrescTable
 .rodata.init.str1.4
                0x000000000800ab84        0xe CMakeFiles/NUCLEO-F429ZI.elf.dir/blinky/blinky.c.obj
 *fill*         0x000000000800ab92        0x2 
 .rodata.str1.4
                0x000000000800ab94       0x16 CMakeFiles/NUCLEO-F429ZI.elf.dir/blinky/blinky.c.obj
 *fill*         0x000000000800abaa        0x2 
 .rodata.__qo_n.1
                0x000000000800abac       0x23 CMakeFiles/NUCLEO-F429ZI.elf.dir/blinky/blinky.c.obj
 *fill*         0x000000000800abcf        0x1 
 .rodata.__s_n.0
                0x000000000800abd0        0x7 CMakeFiles/NUCLEO-F429ZI.elf.dir/blinky/blinky.c.obj
 *fill*         0x000000000800abd7        0x1 
 .rodata.blinky
                0x000000000800abd8        0x4 CMakeFiles/NUCLEO-F429ZI.elf.dir/blinky/blinky.c.obj
                0x000000000800abd8                blinky
 .rodata.ledOff
                0x000000000800abdc       0x18 CMakeFiles/NUCLEO-F429ZI.elf.dir/blinky/blinky.c.obj
                0x000000000800abdc                ledOff
 .rodata.ledOff_trtbl
                0x000000000800abf4       0x20 CMakeFiles/NUCLEO-F429ZI.elf.dir/blinky/blinky.c.obj
                0x000000000800abf4                ledOff_trtbl
 .rodata.ledOn  0x000000000800ac14       0x18 CMakeFiles/NUCLEO-F429ZI.elf.dir/blinky/blinky.c.obj
                0x000000000800ac14                ledOn
 .rodata.ledOn_trtbl
                0x000000000800ac2c       0x20 CMakeFiles/NUCLEO-F429ZI.elf.dir/blinky/blinky.c.obj
                0x000000000800ac2c                ledOn_trtbl
 .rodata.rs_blinky
                0x000000000800ac4c       0x10 CMakeFiles/NUCLEO-F429ZI.elf.dir/blinky/blinky.c.obj
 .rodata.printBanner.str1.4
                0x000000000800ac5c      0x209 CMakeFiles/NUCLEO-F429ZI.elf.dir/blinky/bsp/bsp_blinky.c.obj
 *fill*         0x000000000800ae65        0x3 
 .rodata.bsp_ledOn.str1.4
                0x000000000800ae68        0x7 CMakeFiles/NUCLEO-F429ZI.elf.dir/blinky/bsp/bsp_blinky.c.obj
 *fill*         0x000000000800ae6f        0x1 
 .rodata.bsp_ledOff.str1.4
                0x000000000800ae70        0x8 CMakeFiles/NUCLEO-F429ZI.elf.dir/blinky/bsp/bsp_blinky.c.obj
 .rodata.GPIO_PIN
                0x000000000800ae78        0x6 CMakeFiles/NUCLEO-F429ZI.elf.dir/bsp/stm32f4xx_nucleo_144.c.obj
                0x000000000800ae78                GPIO_PIN
 *fill*         0x000000000800ae7e        0x2 
 .rodata.dftTime
                0x000000000800ae80        0xa CMakeFiles/NUCLEO-F429ZI.elf.dir/epoch/src/epoch.c.obj
 *fill*         0x000000000800ae8a        0x2 
 .rodata.actions_100
                0x000000000800ae8c        0x4 CMakeFiles/NUCLEO-F429ZI.elf.dir/mTime/mTimeTbl.c.obj
 .rodata.actions_1000
                0x000000000800ae90        0x4 CMakeFiles/NUCLEO-F429ZI.elf.dir/mTime/mTimeTbl.c.obj
 .rodata.actions_10000
                0x000000000800ae94        0x4 CMakeFiles/NUCLEO-F429ZI.elf.dir/mTime/mTimeTbl.c.obj
 .rodata.timerChain
                0x000000000800ae98       0x18 CMakeFiles/NUCLEO-F429ZI.elf.dir/mTime/mTimeTbl.c.obj
                0x000000000800ae98                timerChain
 .rodata.bitMaskTbl
                0x000000000800aeb0        0x8 CMakeFiles/NUCLEO-F429ZI.elf.dir/third-party/rkh/source/fwk/src/rkhfwk_bittbl.c.obj
 .rodata.leastBitSetTbl
                0x000000000800aeb8      0x100 CMakeFiles/NUCLEO-F429ZI.elf.dir/third-party/rkh/source/fwk/src/rkhfwk_bittbl.c.obj
 .rodata.rkh_version
                0x000000000800afb8        0x7 CMakeFiles/NUCLEO-F429ZI.elf.dir/third-party/rkh/source/fwk/src/rkhfwk_version.c.obj
                0x000000000800afb8                rkh_version
 *fill*         0x000000000800afbf        0x1 
 .rodata.rkhport_get_version.str1.4
                0x000000000800afc0        0x5 CMakeFiles/NUCLEO-F429ZI.elf.dir/third-party/rkh/source/portable/arm-cortex/rkhs/arm_cm4f/stm32/rkhport.c.obj
 *fill*         0x000000000800afc5        0x3 
 .rodata.rkhport_get_desc.str1.4
                0x000000000800afc8       0x14 CMakeFiles/NUCLEO-F429ZI.elf.dir/third-party/rkh/source/portable/arm-cortex/rkhs/arm_cm4f/stm32/rkhport.c.obj
 .rodata.evCompletion
                0x000000000800afdc        0x3 CMakeFiles/NUCLEO-F429ZI.elf.dir/third-party/rkh/source/sm/src/rkhsm.c.obj
                0x000000000800afdc                evCompletion
 *fill*         0x000000000800afdf        0x1 
 .rodata.evCreation
                0x000000000800afe0        0x3 CMakeFiles/NUCLEO-F429ZI.elf.dir/third-party/rkh/source/sm/src/rkhsm.c.obj
                0x000000000800afe0                evCreation
 *fill*         0x000000000800afe3        0x1 
 .rodata.fsig   0x000000000800afe4        0x8 CMakeFiles/NUCLEO-F429ZI.elf.dir/third-party/rkh/source/trc/src/rkhtrc_filter.c.obj
 .rodata.fsma   0x000000000800afec        0x8 CMakeFiles/NUCLEO-F429ZI.elf.dir/third-party/rkh/source/trc/src/rkhtrc_filter.c.obj
 .rodata.trcgmtbl
                0x000000000800aff4       0x10 CMakeFiles/NUCLEO-F429ZI.elf.dir/third-party/rkh/source/trc/src/rkhtrc_filter.c.obj
 .rodata.str1.4
                0x000000000800b004       0x14 /usr/lib/gcc/arm-none-eabi/10.3.1/../../../arm-none-eabi/lib/thumb/v7e-m+fp/hard/libg.a(lib_a-puts.o)
                                          0x2 (size before relaxing)
 .rodata.str1.4
                0x000000000800b004       0x42 /usr/lib/gcc/arm-none-eabi/10.3.1/../../../arm-none-eabi/lib/thumb/v7e-m+fp/hard/libg.a(lib_a-vfprintf.o)
 *fill*         0x000000000800b046        0x2 
 .rodata.str1.4
                0x000000000800b048       0x56 /usr/lib/gcc/arm-none-eabi/10.3.1/../../../arm-none-eabi/lib/thumb/v7e-m+fp/hard/libg.a(lib_a-dtoa.o)
                                         0x5a (size before relaxing)
 *fill*         0x000000000800b09e        0x2 
 .rodata.str1.4
                0x000000000800b0a0       0x33 /usr/lib/gcc/arm-none-eabi/10.3.1/../../../arm-none-eabi/lib/thumb/v7e-m+fp/hard/libg.a(lib_a-mprec.o)
                                         0x47 (size before relaxing)
 .rodata.str1.4
                0x000000000800b0d3       0x2f /usr/lib/gcc/arm-none-eabi/10.3.1/../../../arm-none-eabi/lib/thumb/v7e-m+fp/hard/libg.a(lib_a-vfiprintf.o)
 *fill*         0x000000000800b0d3        0x1 
 .rodata.str1.4
                0x000000000800b0d4       0x3f /usr/lib/gcc/arm-none-eabi/10.3.1/../../../arm-none-eabi/lib/thumb/v7e-m+fp/hard/libg.a(lib_a-assert.o)
                                         0x43 (size before relaxing)
 *fill*         0x000000000800b113        0x1 
 .rodata.str1.4
                0x000000000800b114        0xe /usr/lib/gcc/arm-none-eabi/10.3.1/../../../arm-none-eabi/lib/thumb/v7e-m+fp/hard/libg.a(lib_a-locale.o)
                                         0x12 (size before relaxing)
                0x000000000800b124                . = ALIGN (0x4)
 *fill*         0x000000000800b122        0x2 

.ARM.extab      0x000000000800b124        0x0
                0x000000000800b124                . = ALIGN (0x4)
 *(.ARM.extab* .gnu.linkonce.armextab.*)
                0x000000000800b124                . = ALIGN (0x4)

.ARM            0x000000000800b124        0x8
                0x000000000800b124                . = ALIGN (0x4)
                0x000000000800b124                __exidx_start = .
 *(.ARM.exidx*)
 .ARM.exidx     0x000000000800b124        0x8 /usr/lib/gcc/arm-none-eabi/10.3.1/thumb/v7e-m+fp/hard/libgcc.a(_udivmoddi4.o)
                0x000000000800b12c                __exidx_end = .
                0x000000000800b12c                . = ALIGN (0x4)

.rel.dyn        0x000000000800b12c        0x0
 .rel.iplt      0x000000000800b12c        0x0 /usr/lib/gcc/arm-none-eabi/10.3.1/thumb/v7e-m+fp/hard/crtbegin.o

.preinit_array  0x000000000800b12c        0x0
                0x000000000800b12c                . = ALIGN (0x4)
                0x000000000800b12c                PROVIDE (__preinit_array_start = .)
 *(.preinit_array*)
                0x000000000800b12c                PROVIDE (__preinit_array_end = .)
                0x000000000800b12c                . = ALIGN (0x4)

.init_array     0x000000000800b12c        0x8
                0x000000000800b12c                . = ALIGN (0x4)
                0x000000000800b12c                PROVIDE (__init_array_start = .)
 *(SORT_BY_NAME(.init_array.*))
 .init_array.00000
                0x000000000800b12c        0x4 /usr/lib/gcc/arm-none-eabi/10.3.1/../../../arm-none-eabi/lib/thumb/v7e-m+fp/hard/libg.a(lib_a-__call_atexit.o)
 *(.init_array*)
 .init_array    0x000000000800b130        0x4 /usr/lib/gcc/arm-none-eabi/10.3.1/thumb/v7e-m+fp/hard/crtbegin.o
                0x000000000800b134                PROVIDE (__init_array_end = .)
                0x000000000800b134                . = ALIGN (0x4)

.fini_array     0x000000000800b134        0x4
                0x000000000800b134                . = ALIGN (0x4)
                0x000000000800b134                PROVIDE (__fini_array_start = .)
 *(SORT_BY_NAME(.fini_array.*))
 *(.fini_array*)
 .fini_array    0x000000000800b134        0x4 /usr/lib/gcc/arm-none-eabi/10.3.1/thumb/v7e-m+fp/hard/crtbegin.o
                0x000000000800b138                PROVIDE (__fini_array_end = .)
                0x000000000800b138                . = ALIGN (0x4)
                0x000000000800b138                _sidata = LOADADDR (.data)

.data           0x0000000020000000      0xa20 load address 0x000000000800b138
                0x0000000020000000                . = ALIGN (0x4)
                0x0000000020000000                _sdata = .
 *(.data)
 .data          0x0000000020000000      0x430 /usr/lib/gcc/arm-none-eabi/10.3.1/../../../arm-none-eabi/lib/thumb/v7e-m+fp/hard/libg.a(lib_a-impure.o)
                0x0000000020000000                _impure_ptr
 .data          0x0000000020000430      0x410 /usr/lib/gcc/arm-none-eabi/10.3.1/../../../arm-none-eabi/lib/thumb/v7e-m+fp/hard/libg.a(lib_a-mallocr.o)
                0x0000000020000430                __malloc_av_
                0x0000000020000838                __malloc_sbrk_base
                0x000000002000083c                __malloc_trim_threshold
 .data          0x0000000020000840      0x16c /usr/lib/gcc/arm-none-eabi/10.3.1/../../../arm-none-eabi/lib/thumb/v7e-m+fp/hard/libg.a(lib_a-locale.o)
                0x0000000020000840                __global_locale
 *(.data*)
 .data.SystemCoreClock
                0x00000000200009ac        0x4 CMakeFiles/NUCLEO-F429ZI.elf.dir/Core/Src/system_stm32f4xx.c.obj
                0x00000000200009ac                SystemCoreClock
 .data.uwTickFreq
                0x00000000200009b0        0x1 CMakeFiles/NUCLEO-F429ZI.elf.dir/Drivers/STM32F4xx_HAL_Driver/Src/stm32f4xx_hal.c.obj
                0x00000000200009b0                uwTickFreq
 *fill*         0x00000000200009b1        0x3 
 .data.uwTickPrio
                0x00000000200009b4        0x4 CMakeFiles/NUCLEO-F429ZI.elf.dir/Drivers/STM32F4xx_HAL_Driver/Src/stm32f4xx_hal.c.obj
                0x00000000200009b4                uwTickPrio
 .data.s_blinky
                0x00000000200009b8       0x40 CMakeFiles/NUCLEO-F429ZI.elf.dir/blinky/blinky.c.obj
 .data.GPIO_PORT
                0x00000000200009f8        0xc CMakeFiles/NUCLEO-F429ZI.elf.dir/bsp/stm32f4xx_nucleo_144.c.obj
                0x00000000200009f8                GPIO_PORT
 .data.updSteps
                0x0000000020000a04       0x1c CMakeFiles/NUCLEO-F429ZI.elf.dir/epoch/src/epoch.c.obj
 *(.RamFunc)
 *(.RamFunc*)
                0x0000000020000a20                . = ALIGN (0x4)
                0x0000000020000a20                _edata = .
                0x000000000800bb58                _siccmram = LOADADDR (.ccmram)

.tm_clone_table
                0x0000000020000a20        0x0 load address 0x000000000800bb58
 .tm_clone_table
                0x0000000020000a20        0x0 /usr/lib/gcc/arm-none-eabi/10.3.1/thumb/v7e-m+fp/hard/crtbegin.o
 .tm_clone_table
                0x0000000020000a20        0x0 /usr/lib/gcc/arm-none-eabi/10.3.1/thumb/v7e-m+fp/hard/crtend.o

.igot.plt       0x0000000020000a20        0x0 load address 0x000000000800bb58
 .igot.plt      0x0000000020000a20        0x0 /usr/lib/gcc/arm-none-eabi/10.3.1/thumb/v7e-m+fp/hard/crtbegin.o

.ccmram         0x0000000010000000        0x0 load address 0x000000000800bb58
                0x0000000010000000                . = ALIGN (0x4)
                0x0000000010000000                _sccmram = .
 *(.ccmram)
 *(.ccmram*)
                0x0000000010000000                . = ALIGN (0x4)
                0x0000000010000000                _eccmram = .
                0x0000000010000000                . = ALIGN (0x4)

.bss            0x0000000020000a20      0x918
                0x0000000020000a20                _sbss = .
                0x0000000020000a20                __bss_start__ = _sbss
 *(.bss)
 .bss           0x0000000020000a20       0x1c /usr/lib/gcc/arm-none-eabi/10.3.1/thumb/v7e-m+fp/hard/crtbegin.o
 .bss           0x0000000020000a3c       0x34 /usr/lib/gcc/arm-none-eabi/10.3.1/../../../arm-none-eabi/lib/thumb/v7e-m+fp/hard/libg.a(lib_a-mallocr.o)
                0x0000000020000a3c                __malloc_top_pad
                0x0000000020000a40                __malloc_current_mallinfo
                0x0000000020000a68                __malloc_max_sbrked_mem
                0x0000000020000a6c                __malloc_max_total_mem
 .bss           0x0000000020000a70        0x4 /usr/lib/gcc/arm-none-eabi/10.3.1/../../../arm-none-eabi/lib/thumb/v7e-m+fp/hard/libg.a(lib_a-reent.o)
                0x0000000020000a70                errno
 *(.bss*)
 .bss.DMARxDscrTab
                0x0000000020000a74       0xa0 CMakeFiles/NUCLEO-F429ZI.elf.dir/Core/Src/eth.c.obj
                0x0000000020000a74                DMARxDscrTab
 .bss.DMATxDscrTab
                0x0000000020000b14       0xa0 CMakeFiles/NUCLEO-F429ZI.elf.dir/Core/Src/eth.c.obj
                0x0000000020000b14                DMATxDscrTab
 .bss.MACAddr.0
                0x0000000020000bb4        0x6 CMakeFiles/NUCLEO-F429ZI.elf.dir/Core/Src/eth.c.obj
 *fill*         0x0000000020000bba        0x2 
 .bss.TxConfig  0x0000000020000bbc       0x38 CMakeFiles/NUCLEO-F429ZI.elf.dir/Core/Src/eth.c.obj
                0x0000000020000bbc                TxConfig
 .bss.heth      0x0000000020000bf4       0xb0 CMakeFiles/NUCLEO-F429ZI.elf.dir/Core/Src/eth.c.obj
                0x0000000020000bf4                heth
 .bss.qsto      0x0000000020000ca4       0x10 CMakeFiles/NUCLEO-F429ZI.elf.dir/Core/Src/main.c.obj
 .bss.userSysticCb
                0x0000000020000cb4        0x4 CMakeFiles/NUCLEO-F429ZI.elf.dir/Core/Src/stm32f4xx_it.c.obj
 .bss.__sbrk_heap_end
                0x0000000020000cb8        0x4 CMakeFiles/NUCLEO-F429ZI.elf.dir/Core/Src/sysmem.c.obj
 .bss.huart3    0x0000000020000cbc       0x44 CMakeFiles/NUCLEO-F429ZI.elf.dir/Core/Src/usart.c.obj
                0x0000000020000cbc                huart3
 .bss.hpcd_USB_OTG_FS
                0x0000000020000d00      0x50c CMakeFiles/NUCLEO-F429ZI.elf.dir/Core/Src/usb_otg.c.obj
                0x0000000020000d00                hpcd_USB_OTG_FS
 .bss.uwTick    0x000000002000120c        0x4 CMakeFiles/NUCLEO-F429ZI.elf.dir/Drivers/STM32F4xx_HAL_Driver/Src/stm32f4xx_hal.c.obj
                0x000000002000120c                uwTick
 .bss.rkhtick   0x0000000020001210        0x1 CMakeFiles/NUCLEO-F429ZI.elf.dir/blinky/bsp/hook.c.obj
 *fill*         0x0000000020001211        0x3 
 .bss.tickCounter
                0x0000000020001214        0x4 CMakeFiles/NUCLEO-F429ZI.elf.dir/blinky/bsp/hook.c.obj
 .bss.tstamp    0x0000000020001218        0x4 CMakeFiles/NUCLEO-F429ZI.elf.dir/blinky/bsp/hook.c.obj
 .bss.currEpoch
                0x000000002000121c        0x4 CMakeFiles/NUCLEO-F429ZI.elf.dir/epoch/src/epoch.c.obj
 .bss.month     0x0000000020001220        0x4 CMakeFiles/NUCLEO-F429ZI.elf.dir/epoch/src/epoch.c.obj
 .bss.nextTime  0x0000000020001224        0xa CMakeFiles/NUCLEO-F429ZI.elf.dir/epoch/src/epoch.c.obj
 *fill*         0x000000002000122e        0x2 
 .bss.pUpd      0x0000000020001230        0x4 CMakeFiles/NUCLEO-F429ZI.elf.dir/epoch/src/epoch.c.obj
 .bss.updatingEpoch
                0x0000000020001234        0x4 CMakeFiles/NUCLEO-F429ZI.elf.dir/epoch/src/epoch.c.obj
 .bss.year      0x0000000020001238        0x2 CMakeFiles/NUCLEO-F429ZI.elf.dir/epoch/src/epoch.c.obj
 .bss.counter   0x000000002000123a        0x2 CMakeFiles/NUCLEO-F429ZI.elf.dir/mTime/mTime.c.obj
 .bss.enabled   0x000000002000123c        0x4 CMakeFiles/NUCLEO-F429ZI.elf.dir/mTime/mTime.c.obj
 .bss.time      0x0000000020001240        0xa CMakeFiles/NUCLEO-F429ZI.elf.dir/rtime/rtime.c.obj
 *fill*         0x000000002000124a        0x2 
 .bss.rkh_critical_nesting
                0x000000002000124c        0x4 CMakeFiles/NUCLEO-F429ZI.elf.dir/third-party/rkh/source/portable/arm-cortex/rkhs/arm_cm4f/stm32/rkhport.c.obj
                0x000000002000124c                rkh_critical_nesting
 .bss.al.5      0x0000000020001250        0x8 CMakeFiles/NUCLEO-F429ZI.elf.dir/third-party/rkh/source/sm/src/rkhsm.c.obj
 .bss.islca.3   0x0000000020001258        0x1 CMakeFiles/NUCLEO-F429ZI.elf.dir/third-party/rkh/source/sm/src/rkhsm.c.obj
 .bss.ix_n.4    0x0000000020001259        0x1 CMakeFiles/NUCLEO-F429ZI.elf.dir/third-party/rkh/source/sm/src/rkhsm.c.obj
 .bss.ix_x.9    0x000000002000125a        0x1 CMakeFiles/NUCLEO-F429ZI.elf.dir/third-party/rkh/source/sm/src/rkhsm.c.obj
 .bss.nEntrySt.8
                0x000000002000125b        0x1 CMakeFiles/NUCLEO-F429ZI.elf.dir/third-party/rkh/source/sm/src/rkhsm.c.obj
 .bss.nal.7     0x000000002000125c        0x1 CMakeFiles/NUCLEO-F429ZI.elf.dir/third-party/rkh/source/sm/src/rkhsm.c.obj
 .bss.nn.10     0x000000002000125d        0x1 CMakeFiles/NUCLEO-F429ZI.elf.dir/third-party/rkh/source/sm/src/rkhsm.c.obj
 *fill*         0x000000002000125e        0x2 
 .bss.pal.6     0x0000000020001260        0x4 CMakeFiles/NUCLEO-F429ZI.elf.dir/third-party/rkh/source/sm/src/rkhsm.c.obj
 .bss.sentry.0  0x0000000020001264        0x8 CMakeFiles/NUCLEO-F429ZI.elf.dir/third-party/rkh/source/sm/src/rkhsm.c.obj
 .bss.snl.1     0x000000002000126c        0x4 CMakeFiles/NUCLEO-F429ZI.elf.dir/third-party/rkh/source/sm/src/rkhsm.c.obj
 .bss.stn.12    0x0000000020001270        0x4 CMakeFiles/NUCLEO-F429ZI.elf.dir/third-party/rkh/source/sm/src/rkhsm.c.obj
 .bss.stx.2     0x0000000020001274        0x4 CMakeFiles/NUCLEO-F429ZI.elf.dir/third-party/rkh/source/sm/src/rkhsm.c.obj
 .bss.trnAct.11
                0x0000000020001278        0x4 CMakeFiles/NUCLEO-F429ZI.elf.dir/third-party/rkh/source/sm/src/rkhsm.c.obj
 .bss.rkh_sptbl
                0x000000002000127c        0x8 CMakeFiles/NUCLEO-F429ZI.elf.dir/third-party/rkh/source/sma/src/rkhsma.c.obj
                0x000000002000127c                rkh_sptbl
 .bss.readyGroup
                0x0000000020001284        0x2 CMakeFiles/NUCLEO-F429ZI.elf.dir/third-party/rkh/source/sma/src/rkhsma_prio.c.obj
 *fill*         0x0000000020001286        0x2 
 .bss.thead     0x0000000020001288        0x4 CMakeFiles/NUCLEO-F429ZI.elf.dir/third-party/rkh/source/tmr/src/rkhtmr.c.obj
 .bss.trceftbl  0x000000002000128c       0x11 CMakeFiles/NUCLEO-F429ZI.elf.dir/third-party/rkh/source/trc/src/rkhtrc_filter.c.obj
 .bss.trcgfilter
                0x000000002000129d        0x1 CMakeFiles/NUCLEO-F429ZI.elf.dir/third-party/rkh/source/trc/src/rkhtrc_filter.c.obj
 *fill*         0x000000002000129e        0x2 
 .bss.trcsigftbl
                0x00000000200012a0        0x2 CMakeFiles/NUCLEO-F429ZI.elf.dir/third-party/rkh/source/trc/src/rkhtrc_filter.c.obj
 *fill*         0x00000000200012a2        0x2 
 .bss.trcsmaftbl
                0x00000000200012a4        0x1 CMakeFiles/NUCLEO-F429ZI.elf.dir/third-party/rkh/source/trc/src/rkhtrc_filter.c.obj
 .bss.chk       0x00000000200012a5        0x1 CMakeFiles/NUCLEO-F429ZI.elf.dir/third-party/rkh/source/trc/src/rkhtrc_record.c.obj
 .bss.nseq      0x00000000200012a6        0x1 CMakeFiles/NUCLEO-F429ZI.elf.dir/third-party/rkh/source/trc/src/rkhtrc_record.c.obj
 *fill*         0x00000000200012a7        0x1 
 .bss.trcend    0x00000000200012a8        0x4 CMakeFiles/NUCLEO-F429ZI.elf.dir/third-party/rkh/source/trc/src/rkhtrc_stream.c.obj
 .bss.trcin     0x00000000200012ac        0x4 CMakeFiles/NUCLEO-F429ZI.elf.dir/third-party/rkh/source/trc/src/rkhtrc_stream.c.obj
 .bss.trcout    0x00000000200012b0        0x4 CMakeFiles/NUCLEO-F429ZI.elf.dir/third-party/rkh/source/trc/src/rkhtrc_stream.c.obj
 .bss.trcqty    0x00000000200012b4        0x1 CMakeFiles/NUCLEO-F429ZI.elf.dir/third-party/rkh/source/trc/src/rkhtrc_stream.c.obj
 *fill*         0x00000000200012b5        0x3 
 .bss.trcstm    0x00000000200012b8       0x80 CMakeFiles/NUCLEO-F429ZI.elf.dir/third-party/rkh/source/trc/src/rkhtrc_stream.c.obj
 *(COMMON)
                0x0000000020001338                . = ALIGN (0x4)
                0x0000000020001338                _ebss = .
                0x0000000020001338                __bss_end__ = _ebss

._user_heap_stack
                0x0000000020001338      0x600
                0x0000000020001338                . = ALIGN (0x8)
                [!provide]                        PROVIDE (end = .)
                0x0000000020001338                PROVIDE (_end = .)
                0x0000000020001538                . = (. + _Min_Heap_Size)
 *fill*         0x0000000020001338      0x200 
                0x0000000020001938                . = (. + _Min_Stack_Size)
 *fill*         0x0000000020001538      0x400 
                0x0000000020001938                . = ALIGN (0x8)

/DISCARD/
 libc.a(*)
 libm.a(*)
 libgcc.a(*)

.ARM.attributes
                0x0000000000000000       0x30
 *(.ARM.attributes)
 .ARM.attributes
                0x0000000000000000       0x1e /usr/lib/gcc/arm-none-eabi/10.3.1/thumb/v7e-m+fp/hard/crti.o
 .ARM.attributes
                0x000000000000001e       0x34 /usr/lib/gcc/arm-none-eabi/10.3.1/thumb/v7e-m+fp/hard/crtbegin.o
 .ARM.attributes
                0x0000000000000052       0x34 CMakeFiles/NUCLEO-F429ZI.elf.dir/Core/Src/eth.c.obj
 .ARM.attributes
                0x0000000000000086       0x34 CMakeFiles/NUCLEO-F429ZI.elf.dir/Core/Src/gpio.c.obj
 .ARM.attributes
                0x00000000000000ba       0x34 CMakeFiles/NUCLEO-F429ZI.elf.dir/Core/Src/main.c.obj
 .ARM.attributes
                0x00000000000000ee       0x34 CMakeFiles/NUCLEO-F429ZI.elf.dir/Core/Src/stm32f4xx_hal_msp.c.obj
 .ARM.attributes
                0x0000000000000122       0x34 CMakeFiles/NUCLEO-F429ZI.elf.dir/Core/Src/stm32f4xx_it.c.obj
 .ARM.attributes
                0x0000000000000156       0x34 CMakeFiles/NUCLEO-F429ZI.elf.dir/Core/Src/syscalls.c.obj
 .ARM.attributes
                0x000000000000018a       0x34 CMakeFiles/NUCLEO-F429ZI.elf.dir/Core/Src/sysmem.c.obj
 .ARM.attributes
                0x00000000000001be       0x34 CMakeFiles/NUCLEO-F429ZI.elf.dir/Core/Src/system_stm32f4xx.c.obj
 .ARM.attributes
                0x00000000000001f2       0x34 CMakeFiles/NUCLEO-F429ZI.elf.dir/Core/Src/usart.c.obj
 .ARM.attributes
                0x0000000000000226       0x34 CMakeFiles/NUCLEO-F429ZI.elf.dir/Core/Src/usb_otg.c.obj
 .ARM.attributes
                0x000000000000025a       0x21 CMakeFiles/NUCLEO-F429ZI.elf.dir/Core/Startup/startup_stm32f429zitx.s.obj
 .ARM.attributes
                0x000000000000027b       0x34 CMakeFiles/NUCLEO-F429ZI.elf.dir/Drivers/STM32F4xx_HAL_Driver/Src/stm32f4xx_hal.c.obj
 .ARM.attributes
                0x00000000000002af       0x34 CMakeFiles/NUCLEO-F429ZI.elf.dir/Drivers/STM32F4xx_HAL_Driver/Src/stm32f4xx_hal_cortex.c.obj
 .ARM.attributes
                0x00000000000002e3       0x34 CMakeFiles/NUCLEO-F429ZI.elf.dir/Drivers/STM32F4xx_HAL_Driver/Src/stm32f4xx_hal_eth.c.obj
 .ARM.attributes
                0x0000000000000317       0x34 CMakeFiles/NUCLEO-F429ZI.elf.dir/Drivers/STM32F4xx_HAL_Driver/Src/stm32f4xx_hal_gpio.c.obj
 .ARM.attributes
                0x000000000000034b       0x34 CMakeFiles/NUCLEO-F429ZI.elf.dir/Drivers/STM32F4xx_HAL_Driver/Src/stm32f4xx_hal_pcd.c.obj
 .ARM.attributes
                0x000000000000037f       0x34 CMakeFiles/NUCLEO-F429ZI.elf.dir/Drivers/STM32F4xx_HAL_Driver/Src/stm32f4xx_hal_rcc.c.obj
 .ARM.attributes
                0x00000000000003b3       0x34 CMakeFiles/NUCLEO-F429ZI.elf.dir/Drivers/STM32F4xx_HAL_Driver/Src/stm32f4xx_hal_uart.c.obj
 .ARM.attributes
                0x00000000000003e7       0x34 CMakeFiles/NUCLEO-F429ZI.elf.dir/Drivers/STM32F4xx_HAL_Driver/Src/stm32f4xx_ll_usb.c.obj
 .ARM.attributes
                0x000000000000041b       0x34 CMakeFiles/NUCLEO-F429ZI.elf.dir/blinky/blinky.c.obj
 .ARM.attributes
                0x000000000000044f       0x34 CMakeFiles/NUCLEO-F429ZI.elf.dir/blinky/bsp/bsp_blinky.c.obj
 .ARM.attributes
                0x0000000000000483       0x34 CMakeFiles/NUCLEO-F429ZI.elf.dir/blinky/bsp/hook.c.obj
 .ARM.attributes
                0x00000000000004b7       0x34 CMakeFiles/NUCLEO-F429ZI.elf.dir/blinky/bsp/trace_io.c.obj
 .ARM.attributes
                0x00000000000004eb       0x34 CMakeFiles/NUCLEO-F429ZI.elf.dir/bsp/stm32f4xx_nucleo_144.c.obj
 .ARM.attributes
                0x000000000000051f       0x34 CMakeFiles/NUCLEO-F429ZI.elf.dir/epoch/src/epoch.c.obj
 .ARM.attributes
                0x0000000000000553       0x34 CMakeFiles/NUCLEO-F429ZI.elf.dir/mTime/mTime.c.obj
 .ARM.attributes
                0x0000000000000587       0x39 CMakeFiles/NUCLEO-F429ZI.elf.dir/mTime/mTimeTbl.c.obj
 .ARM.attributes
                0x00000000000005c0       0x34 CMakeFiles/NUCLEO-F429ZI.elf.dir/rtime/rtime.c.obj
 .ARM.attributes
                0x00000000000005f4       0x34 CMakeFiles/NUCLEO-F429ZI.elf.dir/third-party/rkh/source/fwk/src/rkhfwk_bittbl.c.obj
 .ARM.attributes
                0x0000000000000628       0x34 CMakeFiles/NUCLEO-F429ZI.elf.dir/third-party/rkh/source/fwk/src/rkhfwk_rdygrp.c.obj
 .ARM.attributes
                0x000000000000065c       0x34 CMakeFiles/NUCLEO-F429ZI.elf.dir/third-party/rkh/source/fwk/src/rkhfwk_sched.c.obj
 .ARM.attributes
                0x0000000000000690       0x39 CMakeFiles/NUCLEO-F429ZI.elf.dir/third-party/rkh/source/fwk/src/rkhfwk_version.c.obj
 .ARM.attributes
                0x00000000000006c9       0x34 CMakeFiles/NUCLEO-F429ZI.elf.dir/third-party/rkh/source/portable/arm-cortex/rkhs/arm_cm4f/stm32/rkhport.c.obj
 .ARM.attributes
                0x00000000000006fd       0x34 CMakeFiles/NUCLEO-F429ZI.elf.dir/third-party/rkh/source/queue/src/rkhqueue.c.obj
 .ARM.attributes
                0x0000000000000731       0x34 CMakeFiles/NUCLEO-F429ZI.elf.dir/third-party/rkh/source/sm/src/rkhsm.c.obj
 .ARM.attributes
                0x0000000000000765       0x34 CMakeFiles/NUCLEO-F429ZI.elf.dir/third-party/rkh/source/sma/src/rkhsma.c.obj
 .ARM.attributes
                0x0000000000000799       0x34 CMakeFiles/NUCLEO-F429ZI.elf.dir/third-party/rkh/source/sma/src/rkhsma_prio.c.obj
 .ARM.attributes
                0x00000000000007cd       0x34 CMakeFiles/NUCLEO-F429ZI.elf.dir/third-party/rkh/source/sma/src/rkhsma_sync.c.obj
 .ARM.attributes
                0x0000000000000801       0x34 CMakeFiles/NUCLEO-F429ZI.elf.dir/third-party/rkh/source/tmr/src/rkhtmr.c.obj
 .ARM.attributes
                0x0000000000000835       0x34 CMakeFiles/NUCLEO-F429ZI.elf.dir/third-party/rkh/source/trc/src/rkhtrc_filter.c.obj
 .ARM.attributes
                0x0000000000000869       0x34 CMakeFiles/NUCLEO-F429ZI.elf.dir/third-party/rkh/source/trc/src/rkhtrc_record.c.obj
 .ARM.attributes
                0x000000000000089d       0x34 CMakeFiles/NUCLEO-F429ZI.elf.dir/third-party/rkh/source/trc/src/rkhtrc_stream.c.obj
 .ARM.attributes
                0x00000000000008d1       0x1e /usr/lib/gcc/arm-none-eabi/10.3.1/thumb/v7e-m+fp/hard/libgcc.a(_aeabi_uldivmod.o)
 .ARM.attributes
                0x00000000000008ef       0x34 /usr/lib/gcc/arm-none-eabi/10.3.1/thumb/v7e-m+fp/hard/libgcc.a(_udivmoddi4.o)
 .ARM.attributes
                0x0000000000000923       0x1e /usr/lib/gcc/arm-none-eabi/10.3.1/thumb/v7e-m+fp/hard/libgcc.a(_dvmd_tls.o)
 .ARM.attributes
                0x0000000000000941       0x34 /usr/lib/gcc/arm-none-eabi/10.3.1/../../../arm-none-eabi/lib/thumb/v7e-m+fp/hard/libg.a(lib_a-atexit.o)
 .ARM.attributes
                0x0000000000000975       0x34 /usr/lib/gcc/arm-none-eabi/10.3.1/../../../arm-none-eabi/lib/thumb/v7e-m+fp/hard/libg.a(lib_a-errno.o)
 .ARM.attributes