Archive member included to satisfy reference by file (symbol)

/usr/local/Cellar/arm-none-eabi-gcc/10.3-2021.10/gcc/bin/../lib/gcc/arm-none-eabi/10.3.1/thumb/v7e-m+fp/hard/libgcc.a(_aeabi_uldivmod.o)
                              CMakeFiles/NUCLEO-F429ZI.elf.dir/Drivers/STM32F4xx_HAL_Driver/Src/stm32f4xx_hal_rcc.c.obj (__aeabi_uldivmod)
/usr/local/Cellar/arm-none-eabi-gcc/10.3-2021.10/gcc/bin/../lib/gcc/arm-none-eabi/10.3.1/thumb/v7e-m+fp/hard/libgcc.a(_udivmoddi4.o)
                              /usr/local/Cellar/arm-none-eabi-gcc/10.3-2021.10/gcc/bin/../lib/gcc/arm-none-eabi/10.3.1/thumb/v7e-m+fp/hard/libgcc.a(_aeabi_uldivmod.o) (__udivmoddi4)
/usr/local/Cellar/arm-none-eabi-gcc/10.3-2021.10/gcc/bin/../lib/gcc/arm-none-eabi/10.3.1/thumb/v7e-m+fp/hard/libgcc.a(_dvmd_tls.o)
                              /usr/local/Cellar/arm-none-eabi-gcc/10.3-2021.10/gcc/bin/../lib/gcc/arm-none-eabi/10.3.1/thumb/v7e-m+fp/hard/libgcc.a(_aeabi_uldivmod.o) (__aeabi_ldiv0)
/usr/local/Cellar/arm-none-eabi-gcc/10.3-2021.10/gcc/bin/../lib/gcc/arm-none-eabi/10.3.1/../../../../arm-none-eabi/lib/thumb/v7e-m+fp/hard/libg.a(lib_a-errno.o)
                              CMakeFiles/NUCLEO-F429ZI.elf.dir/Core/Src/syscalls.c.obj (__errno)
/usr/local/Cellar/arm-none-eabi-gcc/10.3-2021.10/gcc/bin/../lib/gcc/arm-none-eabi/10.3.1/../../../../arm-none-eabi/lib/thumb/v7e-m+fp/hard/libg.a(lib_a-exit.o)
                              /usr/local/Cellar/arm-none-eabi-gcc/10.3-2021.10/gcc/bin/../lib/gcc/arm-none-eabi/10.3.1/../../../../arm-none-eabi/lib/thumb/v7e-m+fp/hard/crt0.o (exit)
/usr/local/Cellar/arm-none-eabi-gcc/10.3-2021.10/gcc/bin/../lib/gcc/arm-none-eabi/10.3.1/../../../../arm-none-eabi/lib/thumb/v7e-m+fp/hard/libg.a(lib_a-fprintf.o)
                              CMakeFiles/NUCLEO-F429ZI.elf.dir/blinky/bsp/assert.c.obj (fprintf)
/usr/local/Cellar/arm-none-eabi-gcc/10.3-2021.10/gcc/bin/../lib/gcc/arm-none-eabi/10.3.1/../../../../arm-none-eabi/lib/thumb/v7e-m+fp/hard/libg.a(lib_a-impure.o)
                              /usr/local/Cellar/arm-none-eabi-gcc/10.3-2021.10/gcc/bin/../lib/gcc/arm-none-eabi/10.3.1/../../../../arm-none-eabi/lib/thumb/v7e-m+fp/hard/libg.a(lib_a-exit.o) (_global_impure_ptr)
/usr/local/Cellar/arm-none-eabi-gcc/10.3-2021.10/gcc/bin/../lib/gcc/arm-none-eabi/10.3.1/../../../../arm-none-eabi/lib/thumb/v7e-m+fp/hard/libg.a(lib_a-init.o)
                              /usr/local/Cellar/arm-none-eabi-gcc/10.3-2021.10/gcc/bin/../lib/gcc/arm-none-eabi/10.3.1/../../../../arm-none-eabi/lib/thumb/v7e-m+fp/hard/crt0.o (__libc_init_array)
/usr/local/Cellar/arm-none-eabi-gcc/10.3-2021.10/gcc/bin/../lib/gcc/arm-none-eabi/10.3.1/../../../../arm-none-eabi/lib/thumb/v7e-m+fp/hard/libg.a(lib_a-memcpy.o)
                              CMakeFiles/NUCLEO-F429ZI.elf.dir/third-party/rkh/source/trc/src/rkhtrc_stream.c.obj (memcpy)
/usr/local/Cellar/arm-none-eabi-gcc/10.3-2021.10/gcc/bin/../lib/gcc/arm-none-eabi/10.3.1/../../../../arm-none-eabi/lib/thumb/v7e-m+fp/hard/libg.a(lib_a-memset.o)
                              /usr/local/Cellar/arm-none-eabi-gcc/10.3-2021.10/gcc/bin/../lib/gcc/arm-none-eabi/10.3.1/../../../../arm-none-eabi/lib/thumb/v7e-m+fp/hard/crt0.o (memset)
/usr/local/Cellar/arm-none-eabi-gcc/10.3-2021.10/gcc/bin/../lib/gcc/arm-none-eabi/10.3.1/../../../../arm-none-eabi/lib/thumb/v7e-m+fp/hard/libg.a(lib_a-printf.o)
                              CMakeFiles/NUCLEO-F429ZI.elf.dir/blinky/bsp/bsp_blinky.c.obj (printf)
/usr/local/Cellar/arm-none-eabi-gcc/10.3-2021.10/gcc/bin/../lib/gcc/arm-none-eabi/10.3.1/../../../../arm-none-eabi/lib/thumb/v7e-m+fp/hard/libg.a(lib_a-puts.o)
                              CMakeFiles/NUCLEO-F429ZI.elf.dir/Core/Src/main.c.obj (puts)
/usr/local/Cellar/arm-none-eabi-gcc/10.3-2021.10/gcc/bin/../lib/gcc/arm-none-eabi/10.3.1/../../../../arm-none-eabi/lib/thumb/v7e-m+fp/hard/libg.a(lib_a-strlen.o)
                              /usr/local/Cellar/arm-none-eabi-gcc/10.3-2021.10/gcc/bin/../lib/gcc/arm-none-eabi/10.3.1/../../../../arm-none-eabi/lib/thumb/v7e-m+fp/hard/libg.a(lib_a-puts.o) (strlen)
/usr/local/Cellar/arm-none-eabi-gcc/10.3-2021.10/gcc/bin/../lib/gcc/arm-none-eabi/10.3.1/../../../../arm-none-eabi/lib/thumb/v7e-m+fp/hard/libg.a(lib_a-vfprintf.o)
                              /usr/local/Cellar/arm-none-eabi-gcc/10.3-2021.10/gcc/bin/../lib/gcc/arm-none-eabi/10.3.1/../../../../arm-none-eabi/lib/thumb/v7e-m+fp/hard/libg.a(lib_a-fprintf.o) (_vfprintf_r)
/usr/local/Cellar/arm-none-eabi-gcc/10.3-2021.10/gcc/bin/../lib/gcc/arm-none-eabi/10.3.1/../../../../arm-none-eabi/lib/thumb/v7e-m+fp/hard/libg.a(lib_a-wsetup.o)
                              /usr/local/Cellar/arm-none-eabi-gcc/10.3-2021.10/gcc/bin/../lib/gcc/arm-none-eabi/10.3.1/../../../../arm-none-eabi/lib/thumb/v7e-m+fp/hard/libg.a(lib_a-vfprintf.o) (__swsetup_r)
/usr/local/Cellar/arm-none-eabi-gcc/10.3-2021.10/gcc/bin/../lib/gcc/arm-none-eabi/10.3.1/../../../../arm-none-eabi/lib/thumb/v7e-m+fp/hard/libg.a(lib_a-__call_atexit.o)
[...]
Memory Configuration

Name             Origin             Length             Attributes
CCMRAM           0x0000000010000000 0x0000000000010000 xrw
RAM              0x0000000020000000 0x0000000000030000 xrw
FLASH            0x0000000008000000 0x0000000000200000 xr
*default*        0x0000000000000000 0xffffffffffffffff

Linker script and memory map

LOAD /usr/local/Cellar/arm-none-eabi-gcc/10.3-2021.10/gcc/bin/../lib/gcc/arm-none-eabi/10.3.1/thumb/v7e-m+fp/hard/crti.o
LOAD /usr/local/Cellar/arm-none-eabi-gcc/10.3-2021.10/gcc/bin/../lib/gcc/arm-none-eabi/10.3.1/thumb/v7e-m+fp/hard/crtbegin.o
LOAD /usr/local/Cellar/arm-none-eabi-gcc/10.3-2021.10/gcc/bin/../lib/gcc/arm-none-eabi/10.3.1/../../../../arm-none-eabi/lib/thumb/v7e-m+fp/hard/crt0.o
LOAD CMakeFiles/NUCLEO-F429ZI.elf.dir/Core/Src/eth.c.obj
LOAD CMakeFiles/NUCLEO-F429ZI.elf.dir/Core/Src/gpio.c.obj
LOAD CMakeFiles/NUCLEO-F429ZI.elf.dir/Core/Src/main.c.obj
LOAD CMakeFiles/NUCLEO-F429ZI.elf.dir/Core/Src/stm32f4xx_hal_msp.c.obj
LOAD CMakeFiles/NUCLEO-F429ZI.elf.dir/Core/Src/stm32f4xx_it.c.obj
LOAD CMakeFiles/NUCLEO-F429ZI.elf.dir/Core/Src/syscalls.c.obj
LOAD CMakeFiles/NUCLEO-F429ZI.elf.dir/Core/Src/sysmem.c.obj
LOAD CMakeFiles/NUCLEO-F429ZI.elf.dir/Core/Src/system_stm32f4xx.c.obj
LOAD CMakeFiles/NUCLEO-F429ZI.elf.dir/Core/Src/usart.c.obj
LOAD CMakeFiles/NUCLEO-F429ZI.elf.dir/Core/Src/usb_otg.c.obj
LOAD CMakeFiles/NUCLEO-F429ZI.elf.dir/Core/Startup/startup_stm32f429zitx.s.obj
LOAD CMakeFiles/NUCLEO-F429ZI.elf.dir/Drivers/STM32F4xx_HAL_Driver/Src/stm32f4xx_hal.c.obj
LOAD CMakeFiles/NUCLEO-F429ZI.elf.dir/Drivers/STM32F4xx_HAL_Driver/Src/stm32f4xx_hal_cortex.c.obj
LOAD CMakeFiles/NUCLEO-F429ZI.elf.dir/Drivers/STM32F4xx_HAL_Driver/Src/stm32f4xx_hal_dma.c.obj
LOAD CMakeFiles/NUCLEO-F429ZI.elf.dir/Drivers/STM32F4xx_HAL_Driver/Src/stm32f4xx_hal_dma_ex.c.obj
LOAD CMakeFiles/NUCLEO-F429ZI.elf.dir/Drivers/STM32F4xx_HAL_Driver/Src/stm32f4xx_hal_eth.c.obj
LOAD CMakeFiles/NUCLEO-F429ZI.elf.dir/Drivers/STM32F4xx_HAL_Driver/Src/stm32f4xx_hal_exti.c.obj
LOAD CMakeFiles/NUCLEO-F429ZI.elf.dir/Drivers/STM32F4xx_HAL_Driver/Src/stm32f4xx_hal_flash.c.obj
LOAD CMakeFiles/NUCLEO-F429ZI.elf.dir/Drivers/STM32F4xx_HAL_Driver/Src/stm32f4xx_hal_flash_ex.c.obj
LOAD CMakeFiles/NUCLEO-F429ZI.elf.dir/Drivers/STM32F4xx_HAL_Driver/Src/stm32f4xx_hal_flash_ramfunc.c.obj
LOAD CMakeFiles/NUCLEO-F429ZI.elf.dir/Drivers/STM32F4xx_HAL_Driver/Src/stm32f4xx_hal_gpio.c.obj
LOAD CMakeFiles/NUCLEO-F429ZI.elf.dir/Drivers/STM32F4xx_HAL_Driver/Src/stm32f4xx_hal_pcd.c.obj
LOAD CMakeFiles/NUCLEO-F429ZI.elf.dir/Drivers/STM32F4xx_HAL_Driver/Src/stm32f4xx_hal_pcd_ex.c.obj
LOAD CMakeFiles/NUCLEO-F429ZI.elf.dir/Drivers/STM32F4xx_HAL_Driver/Src/stm32f4xx_hal_pwr.c.obj
LOAD CMakeFiles/NUCLEO-F429ZI.elf.dir/Drivers/STM32F4xx_HAL_Driver/Src/stm32f4xx_hal_pwr_ex.c.obj
LOAD CMakeFiles/NUCLEO-F429ZI.elf.dir/Drivers/STM32F4xx_HAL_Driver/Src/stm32f4xx_hal_rcc.c.obj
LOAD CMakeFiles/NUCLEO-F429ZI.elf.dir/Drivers/STM32F4xx_HAL_Driver/Src/stm32f4xx_hal_rcc_ex.c.obj
LOAD CMakeFiles/NUCLEO-F429ZI.elf.dir/Drivers/STM32F4xx_HAL_Driver/Src/stm32f4xx_hal_tim.c.obj
LOAD CMakeFiles/NUCLEO-F429ZI.elf.dir/Drivers/STM32F4xx_HAL_Driver/Src/stm32f4xx_hal_tim_ex.c.obj
LOAD CMakeFiles/NUCLEO-F429ZI.elf.dir/Drivers/STM32F4xx_HAL_Driver/Src/stm32f4xx_hal_uart.c.obj
LOAD CMakeFiles/NUCLEO-F429ZI.elf.dir/Drivers/STM32F4xx_HAL_Driver/Src/stm32f4xx_ll_usb.c.obj
LOAD CMakeFiles/NUCLEO-F429ZI.elf.dir/blinky/blinky.c.obj
LOAD CMakeFiles/NUCLEO-F429ZI.elf.dir/blinky/bsp/assert.c.obj
LOAD CMakeFiles/NUCLEO-F429ZI.elf.dir/blinky/bsp/bsp_blinky.c.obj
LOAD CMakeFiles/NUCLEO-F429ZI.elf.dir/blinky/bsp/hook.c.obj
LOAD CMakeFiles/NUCLEO-F429ZI.elf.dir/bsp/stm32f4xx_nucleo_144.c.obj
LOAD CMakeFiles/NUCLEO-F429ZI.elf.dir/mTime/mTime.c.obj
LOAD CMakeFiles/NUCLEO-F429ZI.elf.dir/mTime/mTimeTbl.c.obj
LOAD CMakeFiles/NUCLEO-F429ZI.elf.dir/third-party/rkh/source/fwk/src/rkhfwk_bittbl.c.obj
LOAD CMakeFiles/NUCLEO-F429ZI.elf.dir/third-party/rkh/source/fwk/src/rkhfwk_dynevt.c.obj
LOAD CMakeFiles/NUCLEO-F429ZI.elf.dir/third-party/rkh/source/fwk/src/rkhfwk_evtpool.c.obj
LOAD CMakeFiles/NUCLEO-F429ZI.elf.dir/third-party/rkh/source/fwk/src/rkhfwk_pubsub.c.obj
LOAD CMakeFiles/NUCLEO-F429ZI.elf.dir/third-party/rkh/source/fwk/src/rkhfwk_rdygrp.c.obj
LOAD CMakeFiles/NUCLEO-F429ZI.elf.dir/third-party/rkh/source/fwk/src/rkhfwk_sched.c.obj
LOAD CMakeFiles/NUCLEO-F429ZI.elf.dir/third-party/rkh/source/fwk/src/rkhfwk_version.c.obj
LOAD CMakeFiles/NUCLEO-F429ZI.elf.dir/third-party/rkh/source/mempool/src/rkhmempool.c.obj
LOAD CMakeFiles/NUCLEO-F429ZI.elf.dir/third-party/rkh/source/portable/arm-cortex/rkhs/arm_cm4f/stm32/rkhport.c.obj
LOAD CMakeFiles/NUCLEO-F429ZI.elf.dir/third-party/rkh/source/queue/src/rkhqueue.c.obj
LOAD CMakeFiles/NUCLEO-F429ZI.elf.dir/third-party/rkh/source/sm/src/rkhsm.c.obj
LOAD CMakeFiles/NUCLEO-F429ZI.elf.dir/third-party/rkh/source/sma/src/rkhsma.c.obj
LOAD CMakeFiles/NUCLEO-F429ZI.elf.dir/third-party/rkh/source/sma/src/rkhsma_prio.c.obj
LOAD CMakeFiles/NUCLEO-F429ZI.elf.dir/third-party/rkh/source/sma/src/rkhsma_sync.c.obj
LOAD CMakeFiles/NUCLEO-F429ZI.elf.dir/third-party/rkh/source/tmr/src/rkhtmr.c.obj
LOAD CMakeFiles/NUCLEO-F429ZI.elf.dir/third-party/rkh/source/trc/src/rkhtrc_filter.c.obj
LOAD CMakeFiles/NUCLEO-F429ZI.elf.dir/third-party/rkh/source/trc/src/rkhtrc_record.c.obj
LOAD CMakeFiles/NUCLEO-F429ZI.elf.dir/third-party/rkh/source/trc/src/rkhtrc_stream.c.obj
START GROUP
LOAD /usr/local/Cellar/arm-none-eabi-gcc/10.3-2021.10/gcc/bin/../lib/gcc/arm-none-eabi/10.3.1/thumb/v7e-m+fp/hard/libgcc.a
LOAD /usr/local/Cellar/arm-none-eabi-gcc/10.3-2021.10/gcc/bin/../lib/gcc/arm-none-eabi/10.3.1/../../../../arm-none-eabi/lib/thumb/v7e-m+fp/hard/libg.a
LOAD /usr/local/Cellar/arm-none-eabi-gcc/10.3-2021.10/gcc/bin/../lib/gcc/arm-none-eabi/10.3.1/../../../../arm-none-eabi/lib/thumb/v7e-m+fp/hard/libc.a
END GROUP
LOAD /usr/local/Cellar/arm-none-eabi-gcc/10.3-2021.10/gcc/bin/../lib/gcc/arm-none-eabi/10.3.1/thumb/v7e-m+fp/hard/crtend.o
LOAD /usr/local/Cellar/arm-none-eabi-gcc/10.3-2021.10/gcc/bin/../lib/gcc/arm-none-eabi/10.3.1/thumb/v7e-m+fp/hard/crtn.o
                0x0000000020030000                _estack = (ORIGIN (RAM) + LENGTH (RAM))
                0x0000000000000200                _Min_Heap_Size = 0x200
                0x0000000000000400                _Min_Stack_Size = 0x400

.isr_vector     0x0000000008000000      0x1ac
                0x0000000008000000                . = ALIGN (0x4)
 *(.isr_vector)
 .isr_vector    0x0000000008000000      0x1ac CMakeFiles/NUCLEO-F429ZI.elf.dir/Core/Startup/startup_stm32f429zitx.s.obj
                0x0000000008000000                g_pfnVectors
                0x00000000080001ac                . = ALIGN (0x4)

.text           0x00000000080001c0     0x9768
                0x00000000080001c0                . = ALIGN (0x4)
 *(.text)
 .text          0x00000000080001c0       0x40 /usr/local/Cellar/arm-none-eabi-gcc/10.3-2021.10/gcc/bin/../lib/gcc/arm-none-eabi/10.3.1/thumb/v7e-m+fp/hard/crtbegin.o
 .text          0x0000000008000200       0x30 /usr/local/Cellar/arm-none-eabi-gcc/10.3-2021.10/gcc/bin/../lib/gcc/arm-none-eabi/10.3.1/thumb/v7e-m+fp/hard/libgcc.a(_aeabi_uldivmod.o)
                0x0000000008000200                __aeabi_uldivmod
 .text          0x0000000008000230      0x2d0 /usr/local/Cellar/arm-none-eabi-gcc/10.3-2021.10/gcc/bin/../lib/gcc/arm-none-eabi/10.3.1/thumb/v7e-m+fp/hard/libgcc.a(_udivmoddi4.o)
                0x0000000008000230                __udivmoddi4
 .text          0x0000000008000500        0x4 /usr/local/Cellar/arm-none-eabi-gcc/10.3-2021.10/gcc/bin/../lib/gcc/arm-none-eabi/10.3.1/thumb/v7e-m+fp/hard/libgcc.a(_dvmd_tls.o)
                0x0000000008000500                __aeabi_ldiv0
                0x0000000008000500                __aeabi_idiv0
 .text          0x0000000008000504      0x134 /usr/local/Cellar/arm-none-eabi-gcc/10.3-2021.10/gcc/bin/../lib/gcc/arm-none-eabi/10.3.1/../../../../arm-none-eabi/lib/thumb/v7e-m+fp/hard/libg.a(lib_a-memcpy.o)
                0x0000000008000504                memcpy
 *fill*         0x0000000008000638        0x8 
 .text          0x0000000008000640       0xdc /usr/local/Cellar/arm-none-eabi-gcc/10.3-2021.10/gcc/bin/../lib/gcc/arm-none-eabi/10.3.1/../../../../arm-none-eabi/lib/thumb/v7e-m+fp/hard/libg.a(lib_a-strlen.o)
                0x0000000008000640                strlen
 *fill*         0x000000000800071c        0x4 
 .text          0x0000000008000720       0xa0 /usr/local/Cellar/arm-none-eabi-gcc/10.3-2021.10/gcc/bin/../lib/gcc/arm-none-eabi/10.3.1/../../../../arm-none-eabi/lib/thumb/v7e-m+fp/hard/libg.a(lib_a-memchr.o)
                0x0000000008000720                memchr
 .text          0x00000000080007c0      0x378 /usr/local/Cellar/arm-none-eabi-gcc/10.3-2021.10/gcc/bin/../lib/gcc/arm-none-eabi/10.3.1/thumb/v7e-m+fp/hard/libgcc.a(_arm_addsubdf3.o)
                0x00000000080007c0                __aeabi_drsub
                0x00000000080007c8                __subdf3
                0x00000000080007c8                __aeabi_dsub
                0x00000000080007cc                __aeabi_dadd
                0x00000000080007cc                __adddf3
                0x0000000008000a44                __aeabi_ui2d
                0x0000000008000a44                __floatunsidf
                0x0000000008000a64                __floatsidf
                0x0000000008000a64                __aeabi_i2d
                0x0000000008000a88                __extendsfdf2
                0x0000000008000a88                __aeabi_f2d
                0x0000000008000acc                __aeabi_ul2d
                0x0000000008000acc                __floatundidf
                0x0000000008000adc                __aeabi_l2d
                0x0000000008000adc                __floatdidf
 .text          0x0000000008000b38      0x424 /usr/local/Cellar/arm-none-eabi-gcc/10.3-2021.10/gcc/bin/../lib/gcc/arm-none-eabi/10.3.1/thumb/v7e-m+fp/hard/libgcc.a(_arm_muldivdf3.o)
                0x0000000008000b38                __aeabi_dmul
                0x0000000008000b38                __muldf3
                0x0000000008000d8c                __aeabi_ddiv
                0x0000000008000d8c                __divdf3
 .text          0x0000000008000f5c      0x110 /usr/local/Cellar/arm-none-eabi-gcc/10.3-2021.10/gcc/bin/../lib/gcc/arm-none-eabi/10.3.1/thumb/v7e-m+fp/hard/libgcc.a(_arm_cmpdf2.o)
                0x0000000008000f5c                __gedf2
                0x0000000008000f5c                __gtdf2
                0x0000000008000f64                __ledf2
                0x0000000008000f64                __ltdf2
                0x0000000008000f6c                __cmpdf2
                0x0000000008000f6c                __eqdf2
                0x0000000008000f6c                __nedf2
                0x0000000008000fe8                __aeabi_cdrcmple
                0x0000000008000ff8                __aeabi_cdcmple
                0x0000000008000ff8                __aeabi_cdcmpeq
                0x0000000008001008                __aeabi_dcmpeq
                0x000000000800101c                __aeabi_dcmplt
                0x0000000008001030                __aeabi_dcmple
                0x0000000008001044                __aeabi_dcmpge
                0x0000000008001058                __aeabi_dcmpgt
 .text          0x000000000800106c       0x2c /usr/local/Cellar/arm-none-eabi-gcc/10.3-2021.10/gcc/bin/../lib/gcc/arm-none-eabi/10.3.1/thumb/v7e-m+fp/hard/libgcc.a(_arm_unorddf2.o)
                0x000000000800106c                __aeabi_dcmpun
                0x000000000800106c                __unorddf2
 .text          0x0000000008001098       0x50 /usr/local/Cellar/arm-none-eabi-gcc/10.3-2021.10/gcc/bin/../lib/gcc/arm-none-eabi/10.3.1/thumb/v7e-m+fp/hard/libgcc.a(_arm_fixdfsi.o)
                0x0000000008001098                __fixdfsi
                0x0000000008001098                __aeabi_d2iz
 *(.text*)
 .text.MX_ETH_Init
                0x00000000080010e8       0x70 CMakeFiles/NUCLEO-F429ZI.elf.dir/Core/Src/eth.c.obj
                0x00000000080010e8                MX_ETH_Init
 .text.HAL_ETH_MspInit
                0x0000000008001158      0x11c CMakeFiles/NUCLEO-F429ZI.elf.dir/Core/Src/eth.c.obj
                0x0000000008001158                HAL_ETH_MspInit
 .text.MX_GPIO_Init
                0x0000000008001274      0x108 CMakeFiles/NUCLEO-F429ZI.elf.dir/Core/Src/gpio.c.obj
                0x0000000008001274                MX_GPIO_Init
 .text.__io_putchar
                0x000000000800137c       0x20 CMakeFiles/NUCLEO-F429ZI.elf.dir/Core/Src/main.c.obj
                0x000000000800137c                __io_putchar
 .text.Error_Handler
                0x000000000800139c        0x4 CMakeFiles/NUCLEO-F429ZI.elf.dir/Core/Src/main.c.obj
                0x000000000800139c                Error_Handler
 .text.SystemClock_Config
                0x00000000080013a0       0xa8 CMakeFiles/NUCLEO-F429ZI.elf.dir/Core/Src/main.c.obj
                0x00000000080013a0                SystemClock_Config
 .text.main     0x0000000008001448       0x54 CMakeFiles/NUCLEO-F429ZI.elf.dir/Core/Src/main.c.obj
                0x0000000008001448                main
 .text.HAL_MspInit
                0x000000000800149c       0x38 CMakeFiles/NUCLEO-F429ZI.elf.dir/Core/Src/stm32f4xx_hal_msp.c.obj
                0x000000000800149c                HAL_MspInit
 .text.NMI_Handler
                0x00000000080014d4        0x2 CMakeFiles/NUCLEO-F429ZI.elf.dir/Core/Src/stm32f4xx_it.c.obj
                0x00000000080014d4                NMI_Handler
 .text.HardFault_Handler
                0x00000000080014d6        0x2 CMakeFiles/NUCLEO-F429ZI.elf.dir/Core/Src/stm32f4xx_it.c.obj
                0x00000000080014d6                HardFault_Handler
 .text.MemManage_Handler
                0x00000000080014d8        0x2 CMakeFiles/NUCLEO-F429ZI.elf.dir/Core/Src/stm32f4xx_it.c.obj
                0x00000000080014d8                MemManage_Handler
 .text.BusFault_Handler
                0x00000000080014da        0x2 CMakeFiles/NUCLEO-F429ZI.elf.dir/Core/Src/stm32f4xx_it.c.obj
                0x00000000080014da                BusFault_Handler
 .text.UsageFault_Handler
                0x00000000080014dc        0x2 CMakeFiles/NUCLEO-F429ZI.elf.dir/Core/Src/stm32f4xx_it.c.obj
                0x00000000080014dc                UsageFault_Handler
 .text.SVC_Handler
                0x00000000080014de        0x2 CMakeFiles/NUCLEO-F429ZI.elf.dir/Core/Src/stm32f4xx_it.c.obj
                0x00000000080014de                SVC_Handler
 .text.DebugMon_Handler
                0x00000000080014e0        0x2 CMakeFiles/NUCLEO-F429ZI.elf.dir/Core/Src/stm32f4xx_it.c.obj
                0x00000000080014e0                DebugMon_Handler
 .text.PendSV_Handler
                0x00000000080014e2        0x2 CMakeFiles/NUCLEO-F429ZI.elf.dir/Core/Src/stm32f4xx_it.c.obj
                0x00000000080014e2                PendSV_Handler
 .text.SysTick_Handler
                0x00000000080014e4       0x14 CMakeFiles/NUCLEO-F429ZI.elf.dir/Core/Src/stm32f4xx_it.c.obj
                0x00000000080014e4                SysTick_Handler
 .text.Systick_setCallback
                0x00000000080014f8       0x18 CMakeFiles/NUCLEO-F429ZI.elf.dir/Core/Src/stm32f4xx_it.c.obj
                0x00000000080014f8                Systick_setCallback
 .text._getpid  0x0000000008001510        0x4 CMakeFiles/NUCLEO-F429ZI.elf.dir/Core/Src/syscalls.c.obj
                0x0000000008001510                _getpid
 .text._kill    0x0000000008001514       0x10 CMakeFiles/NUCLEO-F429ZI.elf.dir/Core/Src/syscalls.c.obj
                0x0000000008001514                _kill
 .text._exit    0x0000000008001524        0xc CMakeFiles/NUCLEO-F429ZI.elf.dir/Core/Src/syscalls.c.obj
                0x0000000008001524                _exit
 .text._read    0x0000000008001530       0x20 CMakeFiles/NUCLEO-F429ZI.elf.dir/Core/Src/syscalls.c.obj
                0x0000000008001530                _read
 .text._write   0x0000000008001550       0x1c CMakeFiles/NUCLEO-F429ZI.elf.dir/Core/Src/syscalls.c.obj
                0x0000000008001550                _write
 .text._close   0x000000000800156c        0x6 CMakeFiles/NUCLEO-F429ZI.elf.dir/Core/Src/syscalls.c.obj
                0x000000000800156c                _close
 .text._fstat   0x0000000008001572        0xa CMakeFiles/NUCLEO-F429ZI.elf.dir/Core/Src/syscalls.c.obj
                0x0000000008001572                _fstat
 .text._isatty  0x000000000800157c        0x4 CMakeFiles/NUCLEO-F429ZI.elf.dir/Core/Src/syscalls.c.obj
                0x000000000800157c                _isatty
 .text._lseek   0x0000000008001580        0x4 CMakeFiles/NUCLEO-F429ZI.elf.dir/Core/Src/syscalls.c.obj
                0x0000000008001580                _lseek
 .text._sbrk    0x0000000008001584       0x48 CMakeFiles/NUCLEO-F429ZI.elf.dir/Core/Src/sysmem.c.obj
                0x0000000008001584                _sbrk
 .text.SystemInit
                0x00000000080015cc       0x14 CMakeFiles/NUCLEO-F429ZI.elf.dir/Core/Src/system_stm32f4xx.c.obj
                0x00000000080015cc                SystemInit
 .text.MX_USART3_UART_Init
                0x00000000080015e0       0x34 CMakeFiles/NUCLEO-F429ZI.elf.dir/Core/Src/usart.c.obj
                0x00000000080015e0                MX_USART3_UART_Init
 .text.HAL_UART_MspInit
                0x0000000008001614       0x70 CMakeFiles/NUCLEO-F429ZI.elf.dir/Core/Src/usart.c.obj
                0x0000000008001614                HAL_UART_MspInit
 .text.MX_USB_OTG_FS_PCD_Init
                0x0000000008001684       0x38 CMakeFiles/NUCLEO-F429ZI.elf.dir/Core/Src/usb_otg.c.obj
                0x0000000008001684                MX_USB_OTG_FS_PCD_Init
 .text.HAL_PCD_MspInit
                0x00000000080016bc       0x88 CMakeFiles/NUCLEO-F429ZI.elf.dir/Core/Src/usb_otg.c.obj
                0x00000000080016bc                HAL_PCD_MspInit
 .text.Reset_Handler
                0x0000000008001744       0x50 CMakeFiles/NUCLEO-F429ZI.elf.dir/Core/Startup/startup_stm32f429zitx.s.obj
                0x0000000008001744                Reset_Handler
 .text.Default_Handler
                0x0000000008001794        0x2 CMakeFiles/NUCLEO-F429ZI.elf.dir/Core/Startup/startup_stm32f429zitx.s.obj
                0x0000000008001794                DMA1_Stream3_IRQHandler
                0x0000000008001794                HASH_RNG_IRQHandler
                0x0000000008001794                EXTI2_IRQHandler
                0x0000000008001794                TIM8_CC_IRQHandler
                0x0000000008001794                UART8_IRQHandler
                0x0000000008001794                SPI4_IRQHandler
                0x0000000008001794                TIM1_CC_IRQHandler
                0x0000000008001794                DMA2_Stream5_IRQHandler
                0x0000000008001794                DMA1_Stream5_IRQHandler
                0x0000000008001794                PVD_IRQHandler
                0x0000000008001794                SDIO_IRQHandler
                0x0000000008001794                TAMP_STAMP_IRQHandler
                0x0000000008001794                CAN2_RX1_IRQHandler
                0x0000000008001794                EXTI3_IRQHandler
                0x0000000008001794                TIM8_TRG_COM_TIM14_IRQHandler
                0x0000000008001794                TIM1_UP_TIM10_IRQHandler
                0x0000000008001794                TIM8_UP_TIM13_IRQHandler
                0x0000000008001794                I2C3_ER_IRQHandler
                0x0000000008001794                EXTI0_IRQHandler
                0x0000000008001794                I2C2_EV_IRQHandler
                0x0000000008001794                DMA1_Stream2_IRQHandler
                0x0000000008001794                CAN1_RX0_IRQHandler
                0x0000000008001794                FPU_IRQHandler
                0x0000000008001794                OTG_HS_WKUP_IRQHandler
                0x0000000008001794                LTDC_ER_IRQHandler
                0x0000000008001794                CAN2_SCE_IRQHandler
                0x0000000008001794                DMA2_Stream2_IRQHandler
                0x0000000008001794                SPI1_IRQHandler
                0x0000000008001794                TIM6_DAC_IRQHandler
                0x0000000008001794                TIM1_BRK_TIM9_IRQHandler
                0x0000000008001794                DCMI_IRQHandler
                0x0000000008001794                CAN2_RX0_IRQHandler
                0x0000000008001794                DMA2_Stream3_IRQHandler
                0x0000000008001794                USART6_IRQHandler
                0x0000000008001794                USART3_IRQHandler
                0x0000000008001794                CAN1_RX1_IRQHandler
                0x0000000008001794                UART5_IRQHandler
                0x0000000008001794                DMA2_Stream0_IRQHandler
                0x0000000008001794                TIM4_IRQHandler
                0x0000000008001794                I2C1_EV_IRQHandler
                0x0000000008001794                DMA1_Stream6_IRQHandler
                0x0000000008001794                DMA1_Stream1_IRQHandler
                0x0000000008001794                UART4_IRQHandler
                0x0000000008001794                TIM3_IRQHandler
                0x0000000008001794                RCC_IRQHandler
                0x0000000008001794                TIM8_BRK_TIM12_IRQHandler
                0x0000000008001794                Default_Handler
                0x0000000008001794                EXTI15_10_IRQHandler
                0x0000000008001794                ADC_IRQHandler
                0x0000000008001794                DMA1_Stream7_IRQHandler
                0x0000000008001794                SPI5_IRQHandler
                0x0000000008001794                TIM7_IRQHandler
                0x0000000008001794                CAN2_TX_IRQHandler
                0x0000000008001794                TIM5_IRQHandler
                0x0000000008001794                DMA2_Stream7_IRQHandler
                0x0000000008001794                I2C3_EV_IRQHandler
                0x0000000008001794                EXTI9_5_IRQHandler
                0x0000000008001794                RTC_WKUP_IRQHandler
                0x0000000008001794                LTDC_IRQHandler
                0x0000000008001794                ETH_WKUP_IRQHandler
                0x0000000008001794                SPI2_IRQHandler
                0x0000000008001794                OTG_HS_EP1_IN_IRQHandler
                0x0000000008001794                DMA1_Stream0_IRQHandler
                0x0000000008001794                CAN1_TX_IRQHandler
                0x0000000008001794                EXTI4_IRQHandler
                0x0000000008001794                ETH_IRQHandler
                0x0000000008001794                OTG_HS_EP1_OUT_IRQHandler
                0x0000000008001794                WWDG_IRQHandler
                0x0000000008001794                SPI6_IRQHandler
                0x0000000008001794                TIM2_IRQHandler
                0x0000000008001794                OTG_FS_WKUP_IRQHandler
                0x0000000008001794                TIM1_TRG_COM_TIM11_IRQHandler
                0x0000000008001794                OTG_HS_IRQHandler
                0x0000000008001794                DMA2D_IRQHandler
                0x0000000008001794                EXTI1_IRQHandler
                0x0000000008001794                UART7_IRQHandler
                0x0000000008001794                USART2_IRQHandler
                0x0000000008001794                I2C2_ER_IRQHandler
                0x0000000008001794                DMA2_Stream1_IRQHandler
                0x0000000008001794                CAN1_SCE_IRQHandler
                0x0000000008001794                FLASH_IRQHandler
                0x0000000008001794                DMA2_Stream4_IRQHandler
                0x0000000008001794                USART1_IRQHandler
                0x0000000008001794                OTG_FS_IRQHandler
                0x0000000008001794                SPI3_IRQHandler
                0x0000000008001794                DMA1_Stream4_IRQHandler
                0x0000000008001794                I2C1_ER_IRQHandler
                0x0000000008001794                FMC_IRQHandler
                0x0000000008001794                DMA2_Stream6_IRQHandler
                0x0000000008001794                SAI1_IRQHandler
                0x0000000008001794                RTC_Alarm_IRQHandler
 *fill*         0x0000000008001796        0x2 
 .text.HAL_InitTick
                0x0000000008001798       0x4c CMakeFiles/NUCLEO-F429ZI.elf.dir/Drivers/STM32F4xx_HAL_Driver/Src/stm32f4xx_hal.c.obj
                0x0000000008001798                HAL_InitTick
 .text.HAL_Init
                0x00000000080017e4       0x34 CMakeFiles/NUCLEO-F429ZI.elf.dir/Drivers/STM32F4xx_HAL_Driver/Src/stm32f4xx_hal.c.obj
                0x00000000080017e4                HAL_Init
 .text.HAL_IncTick
                0x0000000008001818       0x18 CMakeFiles/NUCLEO-F429ZI.elf.dir/Drivers/STM32F4xx_HAL_Driver/Src/stm32f4xx_hal.c.obj
                0x0000000008001818                HAL_IncTick
 .text.HAL_GetTick
                0x0000000008001830        0xc CMakeFiles/NUCLEO-F429ZI.elf.dir/Drivers/STM32F4xx_HAL_Driver/Src/stm32f4xx_hal.c.obj
                0x0000000008001830                HAL_GetTick
 .text.HAL_Delay
                0x000000000800183c       0x28 CMakeFiles/NUCLEO-F429ZI.elf.dir/Drivers/STM32F4xx_HAL_Driver/Src/stm32f4xx_hal.c.obj
                0x000000000800183c                HAL_Delay
 .text.HAL_NVIC_SetPriorityGrouping
                0x0000000008001864       0x24 CMakeFiles/NUCLEO-F429ZI.elf.dir/Drivers/STM32F4xx_HAL_Driver/Src/stm32f4xx_hal_cortex.c.obj
                0x0000000008001864                HAL_NVIC_SetPriorityGrouping
 .text.HAL_NVIC_SetPriority
                0x0000000008001888       0x70 CMakeFiles/NUCLEO-F429ZI.elf.dir/Drivers/STM32F4xx_HAL_Driver/Src/stm32f4xx_hal_cortex.c.obj
                0x0000000008001888                HAL_NVIC_SetPriority
 .text.HAL_SYSTICK_Config
                0x00000000080018f8       0x28 CMakeFiles/NUCLEO-F429ZI.elf.dir/Drivers/STM32F4xx_HAL_Driver/Src/stm32f4xx_hal_cortex.c.obj
                0x00000000080018f8                HAL_SYSTICK_Config
 .text.ETH_MACAddressConfig
                0x0000000008001920       0x30 CMakeFiles/NUCLEO-F429ZI.elf.dir/Drivers/STM32F4xx_HAL_Driver/Src/stm32f4xx_hal_eth.c.obj
 .text.ETH_DMATxDescListInit
                0x0000000008001950       0x6e CMakeFiles/NUCLEO-F429ZI.elf.dir/Drivers/STM32F4xx_HAL_Driver/Src/stm32f4xx_hal_eth.c.obj
 .text.ETH_DMARxDescListInit
                0x00000000080019be       0x84 CMakeFiles/NUCLEO-F429ZI.elf.dir/Drivers/STM32F4xx_HAL_Driver/Src/stm32f4xx_hal_eth.c.obj
 *fill*         0x0000000008001a42        0x2 
 .text.ETH_SetMACConfig
                0x0000000008001a44       0xfc CMakeFiles/NUCLEO-F429ZI.elf.dir/Drivers/STM32F4xx_HAL_Driver/Src/stm32f4xx_hal_eth.c.obj
 .text.ETH_SetDMAConfig
                0x0000000008001b40       0xc0 CMakeFiles/NUCLEO-F429ZI.elf.dir/Drivers/STM32F4xx_HAL_Driver/Src/stm32f4xx_hal_eth.c.obj
 .text.ETH_MACDMAConfig
                0x0000000008001c00       0xa2 CMakeFiles/NUCLEO-F429ZI.elf.dir/Drivers/STM32F4xx_HAL_Driver/Src/stm32f4xx_hal_eth.c.obj
 *fill*         0x0000000008001ca2        0x2 
 .text.HAL_ETH_Init
                0x0000000008001ca4       0xc0 CMakeFiles/NUCLEO-F429ZI.elf.dir/Drivers/STM32F4xx_HAL_Driver/Src/stm32f4xx_hal_eth.c.obj
                0x0000000008001ca4                HAL_ETH_Init
 .text.HAL_GPIO_Init
                0x0000000008001d64      0x1fc CMakeFiles/NUCLEO-F429ZI.elf.dir/Drivers/STM32F4xx_HAL_Driver/Src/stm32f4xx_hal_gpio.c.obj
                0x0000000008001d64                HAL_GPIO_Init
 .text.HAL_GPIO_WritePin
                0x0000000008001f60        0xc CMakeFiles/NUCLEO-F429ZI.elf.dir/Drivers/STM32F4xx_HAL_Driver/Src/stm32f4xx_hal_gpio.c.obj
                0x0000000008001f60                HAL_GPIO_WritePin
 .text.HAL_PCD_Init
                0x0000000008001f6c      0x12e CMakeFiles/NUCLEO-F429ZI.elf.dir/Drivers/STM32F4xx_HAL_Driver/Src/stm32f4xx_hal_pcd.c.obj
                0x0000000008001f6c                HAL_PCD_Init
 *fill*         0x000000000800209a        0x2 
 .text.HAL_RCC_OscConfig
                0x000000000800209c      0x3f8 CMakeFiles/NUCLEO-F429ZI.elf.dir/Drivers/STM32F4xx_HAL_Driver/Src/stm32f4xx_hal_rcc.c.obj
                0x000000000800209c                HAL_RCC_OscConfig
 .text.HAL_RCC_GetSysClockFreq
                0x0000000008002494       0xd4 CMakeFiles/NUCLEO-F429ZI.elf.dir/Drivers/STM32F4xx_HAL_Driver/Src/stm32f4xx_hal_rcc.c.obj
                0x0000000008002494                HAL_RCC_GetSysClockFreq
 .text.HAL_RCC_ClockConfig
                0x0000000008002568      0x160 CMakeFiles/NUCLEO-F429ZI.elf.dir/Drivers/STM32F4xx_HAL_Driver/Src/stm32f4xx_hal_rcc.c.obj
                0x0000000008002568                HAL_RCC_ClockConfig
 .text.HAL_RCC_GetHCLKFreq
                0x00000000080026c8        0xc CMakeFiles/NUCLEO-F429ZI.elf.dir/Drivers/STM32F4xx_HAL_Driver/Src/stm32f4xx_hal_rcc.c.obj
                0x00000000080026c8                HAL_RCC_GetHCLKFreq
 .text.HAL_RCC_GetPCLK1Freq
                0x00000000080026d4       0x20 CMakeFiles/NUCLEO-F429ZI.elf.dir/Drivers/STM32F4xx_HAL_Driver/Src/stm32f4xx_hal_rcc.c.obj
                0x00000000080026d4                HAL_RCC_GetPCLK1Freq
 .text.HAL_RCC_GetPCLK2Freq
                0x00000000080026f4       0x20 CMakeFiles/NUCLEO-F429ZI.elf.dir/Drivers/STM32F4xx_HAL_Driver/Src/stm32f4xx_hal_rcc.c.obj
                0x00000000080026f4                HAL_RCC_GetPCLK2Freq
 .text.UART_SetConfig
                0x0000000008002714      0x110 CMakeFiles/NUCLEO-F429ZI.elf.dir/Drivers/STM32F4xx_HAL_Driver/Src/stm32f4xx_hal_uart.c.obj
 .text.UART_WaitOnFlagUntilTimeout
                0x0000000008002824       0x88 CMakeFiles/NUCLEO-F429ZI.elf.dir/Drivers/STM32F4xx_HAL_Driver/Src/stm32f4xx_hal_uart.c.obj
 .text.HAL_UART_Init
                0x00000000080028ac       0x5e CMakeFiles/NUCLEO-F429ZI.elf.dir/Drivers/STM32F4xx_HAL_Driver/Src/stm32f4xx_hal_uart.c.obj
                0x00000000080028ac                HAL_UART_Init
 .text.HAL_UART_Transmit
                0x000000000800290a       0xd8 CMakeFiles/NUCLEO-F429ZI.elf.dir/Drivers/STM32F4xx_HAL_Driver/Src/stm32f4xx_hal_uart.c.obj
                0x000000000800290a                HAL_UART_Transmit
 *fill*         0x00000000080029e2        0x2 
 .text.USB_CoreReset
                0x00000000080029e4       0x50 CMakeFiles/NUCLEO-F429ZI.elf.dir/Drivers/STM32F4xx_HAL_Driver/Src/stm32f4xx_ll_usb.c.obj
 .text.USB_CoreInit
                0x0000000008002a34       0x8a CMakeFiles/NUCLEO-F429ZI.elf.dir/Drivers/STM32F4xx_HAL_Driver/Src/stm32f4xx_ll_usb.c.obj
                0x0000000008002a34                USB_CoreInit
 .text.USB_DisableGlobalInt
                0x0000000008002abe        0xc CMakeFiles/NUCLEO-F429ZI.elf.dir/Drivers/STM32F4xx_HAL_Driver/Src/stm32f4xx_ll_usb.c.obj
                0x0000000008002abe                USB_DisableGlobalInt
 *fill*         0x0000000008002aca        0x2 
 .text.USB_FlushTxFifo
                0x0000000008002acc       0x50 CMakeFiles/NUCLEO-F429ZI.elf.dir/Drivers/STM32F4xx_HAL_Driver/Src/stm32f4xx_ll_usb.c.obj
                0x0000000008002acc                USB_FlushTxFifo
 .text.USB_FlushRxFifo
                0x0000000008002b1c       0x4c CMakeFiles/NUCLEO-F429ZI.elf.dir/Drivers/STM32F4xx_HAL_Driver/Src/stm32f4xx_ll_usb.c.obj
                0x0000000008002b1c                USB_FlushRxFifo
 .text.USB_SetDevSpeed
                0x0000000008002b68        0xe CMakeFiles/NUCLEO-F429ZI.elf.dir/Drivers/STM32F4xx_HAL_Driver/Src/stm32f4xx_ll_usb.c.obj
                0x0000000008002b68                USB_SetDevSpeed
 *fill*         0x0000000008002b76        0x2 
 .text.USB_DevInit
                0x0000000008002b78      0x190 CMakeFiles/NUCLEO-F429ZI.elf.dir/Drivers/STM32F4xx_HAL_Driver/Src/stm32f4xx_ll_usb.c.obj
                0x0000000008002b78                USB_DevInit
 .text.USB_DevDisconnect
                0x0000000008002d08       0x1c CMakeFiles/NUCLEO-F429ZI.elf.dir/Drivers/STM32F4xx_HAL_Driver/Src/stm32f4xx_ll_usb.c.obj
                0x0000000008002d08                USB_DevDisconnect
 .text.USB_GetMode
                0x0000000008002d24        0x8 CMakeFiles/NUCLEO-F429ZI.elf.dir/Drivers/STM32F4xx_HAL_Driver/Src/stm32f4xx_ll_usb.c.obj
                0x0000000008002d24                USB_GetMode
 .text.USB_SetCurrentMode
                0x0000000008002d2c       0x62 CMakeFiles/NUCLEO-F429ZI.elf.dir/Drivers/STM32F4xx_HAL_Driver/Src/stm32f4xx_ll_usb.c.obj
                0x0000000008002d2c                USB_SetCurrentMode
 .text.nLedOn   0x0000000008002d8e       0x32 CMakeFiles/NUCLEO-F429ZI.elf.dir/blinky/blinky.c.obj
 .text.nLedOff  0x0000000008002dc0       0x26 CMakeFiles/NUCLEO-F429ZI.elf.dir/blinky/blinky.c.obj
 .text.init     0x0000000008002de6       0x22 CMakeFiles/NUCLEO-F429ZI.elf.dir/blinky/blinky.c.obj
 .text.printBanner
                0x0000000008002e08       0x54 CMakeFiles/NUCLEO-F429ZI.elf.dir/blinky/bsp/bsp_blinky.c.obj
 .text.bsp_init
                0x0000000008002e5c        0xc CMakeFiles/NUCLEO-F429ZI.elf.dir/blinky/bsp/bsp_blinky.c.obj
                0x0000000008002e5c                bsp_init
 .text.bsp_ledOn
                0x0000000008002e68       0x10 CMakeFiles/NUCLEO-F429ZI.elf.dir/blinky/bsp/bsp_blinky.c.obj
                0x0000000008002e68                bsp_ledOn
 .text.bsp_ledOff
                0x0000000008002e78       0x10 CMakeFiles/NUCLEO-F429ZI.elf.dir/blinky/bsp/bsp_blinky.c.obj
                0x0000000008002e78                bsp_ledOff
 .text.SystickHook
                0x0000000008002e88       0x24 CMakeFiles/NUCLEO-F429ZI.elf.dir/blinky/bsp/hook.c.obj
 .text.rkh_hook_start
                0x0000000008002eac       0x24 CMakeFiles/NUCLEO-F429ZI.elf.dir/blinky/bsp/hook.c.obj
                0x0000000008002eac                rkh_hook_start
 .text.rkh_hook_timetick
                0x0000000008002ed0       0x20 CMakeFiles/NUCLEO-F429ZI.elf.dir/blinky/bsp/hook.c.obj
                0x0000000008002ed0                rkh_hook_timetick
 .text.rkh_hook_idle
                0x0000000008002ef0        0x4 CMakeFiles/NUCLEO-F429ZI.elf.dir/blinky/bsp/hook.c.obj
                0x0000000008002ef0                rkh_hook_idle
 .text.BSP_LED_On
                0x0000000008002ef4       0x20 CMakeFiles/NUCLEO-F429ZI.elf.dir/bsp/stm32f4xx_nucleo_144.c.obj
                0x0000000008002ef4                BSP_LED_On
 .text.BSP_LED_Off
                0x0000000008002f14       0x20 CMakeFiles/NUCLEO-F429ZI.elf.dir/bsp/stm32f4xx_nucleo_144.c.obj
                0x0000000008002f14                BSP_LED_Off
 .text.execute_list
                0x0000000008002f34       0x12 CMakeFiles/NUCLEO-F429ZI.elf.dir/mTime/mTime.c.obj
 *fill*         0x0000000008002f46        0x2 
 .text.mTime_init
                0x0000000008002f48       0x18 CMakeFiles/NUCLEO-F429ZI.elf.dir/mTime/mTime.c.obj
                0x0000000008002f48                mTime_init
 .text.mTime_tick
                0x0000000008002f60       0x64 CMakeFiles/NUCLEO-F429ZI.elf.dir/mTime/mTime.c.obj
                0x0000000008002f60                mTime_tick
 .text.rkh_bittbl_getBitMask
                0x0000000008002fc4       0x14 CMakeFiles/NUCLEO-F429ZI.elf.dir/third-party/rkh/source/fwk/src/rkhfwk_bittbl.c.obj
                0x0000000008002fc4                rkh_bittbl_getBitMask
 .text.rkh_bittbl_getLeastBitSetPos
                0x0000000008002fd8        0xc CMakeFiles/NUCLEO-F429ZI.elf.dir/third-party/rkh/source/fwk/src/rkhfwk_bittbl.c.obj
                0x0000000008002fd8                rkh_bittbl_getLeastBitSetPos
 .text.rkh_rdygrp_isReady
                0x0000000008002fe4        0xa CMakeFiles/NUCLEO-F429ZI.elf.dir/third-party/rkh/source/fwk/src/rkhfwk_rdygrp.c.obj
                0x0000000008002fe4                rkh_rdygrp_isReady
 .text.rkh_rdygrp_setReady
                0x0000000008002fee       0x26 CMakeFiles/NUCLEO-F429ZI.elf.dir/third-party/rkh/source/fwk/src/rkhfwk_rdygrp.c.obj
                0x0000000008002fee                rkh_rdygrp_setReady
 .text.rkh_rdygrp_setUnready
                0x0000000008003014       0x30 CMakeFiles/NUCLEO-F429ZI.elf.dir/third-party/rkh/source/fwk/src/rkhfwk_rdygrp.c.obj
                0x0000000008003014                rkh_rdygrp_setUnready
 .text.rkh_rdygrp_findHighest
                0x0000000008003044       0x1c CMakeFiles/NUCLEO-F429ZI.elf.dir/third-party/rkh/source/fwk/src/rkhfwk_rdygrp.c.obj
                0x0000000008003044                rkh_rdygrp_findHighest
 .text.rkh_fwk_init
                0x0000000008003060        0x2 CMakeFiles/NUCLEO-F429ZI.elf.dir/third-party/rkh/source/fwk/src/rkhfwk_sched.c.obj
                0x0000000008003060                rkh_fwk_init
 *fill*         0x0000000008003062        0x2 
 .text.rkh_fwk_enter
                0x0000000008003064       0x38 CMakeFiles/NUCLEO-F429ZI.elf.dir/third-party/rkh/source/fwk/src/rkhfwk_sched.c.obj
                0x0000000008003064                rkh_fwk_enter
 .text.rkhport_get_version
                0x000000000800309c        0x8 CMakeFiles/NUCLEO-F429ZI.elf.dir/third-party/rkh/source/portable/arm-cortex/rkhs/arm_cm4f/stm32/rkhport.c.obj
                0x000000000800309c                rkhport_get_version
 .text.rkhport_get_desc
                0x00000000080030a4        0x8 CMakeFiles/NUCLEO-F429ZI.elf.dir/third-party/rkh/source/portable/arm-cortex/rkhs/arm_cm4f/stm32/rkhport.c.obj
                0x00000000080030a4                rkhport_get_desc
 .text.rkh_queue_init
                0x00000000080030ac       0x1a CMakeFiles/NUCLEO-F429ZI.elf.dir/third-party/rkh/source/queue/src/rkhqueue.c.obj
                0x00000000080030ac                rkh_queue_init
 *fill*         0x00000000080030c6        0x2 
 .text.rkh_queue_get
                0x00000000080030c8       0x88 CMakeFiles/NUCLEO-F429ZI.elf.dir/third-party/rkh/source/queue/src/rkhqueue.c.obj
                0x00000000080030c8                rkh_queue_get
 .text.rkh_queue_put_fifo
                0x0000000008003150       0x30 CMakeFiles/NUCLEO-F429ZI.elf.dir/third-party/rkh/source/queue/src/rkhqueue.c.obj
                0x0000000008003150                rkh_queue_put_fifo
 .text.findCompletionTrn
                0x0000000008003180       0x16 CMakeFiles/NUCLEO-F429ZI.elf.dir/third-party/rkh/source/sm/src/rkhsm.c.obj
 .text.isCompletionTrn
                0x0000000008003196       0x2c CMakeFiles/NUCLEO-F429ZI.elf.dir/third-party/rkh/source/sm/src/rkhsm.c.obj
 .text.rkh_add_tr_action
                0x00000000080031c2       0x24 CMakeFiles/NUCLEO-F429ZI.elf.dir/third-party/rkh/source/sm/src/rkhsm.c.obj
 .text.addTargetSt
                0x00000000080031e6       0x2e CMakeFiles/NUCLEO-F429ZI.elf.dir/third-party/rkh/source/sm/src/rkhsm.c.obj
 .text.rkh_sm_dispatch
                0x0000000008003214      0x314 CMakeFiles/NUCLEO-F429ZI.elf.dir/third-party/rkh/source/sm/src/rkhsm.c.obj
                0x0000000008003214                rkh_sm_dispatch
 .text.rkh_sm_init
                0x0000000008003528       0x10 CMakeFiles/NUCLEO-F429ZI.elf.dir/third-party/rkh/source/sm/src/rkhsm.c.obj
                0x0000000008003528                rkh_sm_init
 .text.rkh_sma_register
                0x0000000008003538       0x40 CMakeFiles/NUCLEO-F429ZI.elf.dir/third-party/rkh/source/sma/src/rkhsma.c.obj
                0x0000000008003538                rkh_sma_register
 .text.rkh_sma_activate
                0x0000000008003578       0x1a CMakeFiles/NUCLEO-F429ZI.elf.dir/third-party/rkh/source/sma/src/rkhsma.c.obj
                0x0000000008003578                rkh_sma_activate
 *fill*         0x0000000008003592        0x2 
 .text.rkh_sma_post_fifo
                0x0000000008003594       0x38 CMakeFiles/NUCLEO-F429ZI.elf.dir/third-party/rkh/source/sma/src/rkhsma.c.obj
                0x0000000008003594                rkh_sma_post_fifo
 .text.rkh_sma_get
                0x00000000080035cc        0xa CMakeFiles/NUCLEO-F429ZI.elf.dir/third-party/rkh/source/sma/src/rkhsma.c.obj
                0x00000000080035cc                rkh_sma_get
 .text.rkh_sma_dispatch
                0x00000000080035d6        0x8 CMakeFiles/NUCLEO-F429ZI.elf.dir/third-party/rkh/source/sma/src/rkhsma.c.obj
                0x00000000080035d6                rkh_sma_dispatch
 *fill*         0x00000000080035de        0x2 
 .text.rkh_smaPrio_isReady
                0x00000000080035e0       0x10 CMakeFiles/NUCLEO-F429ZI.elf.dir/third-party/rkh/source/sma/src/rkhsma_prio.c.obj
                0x00000000080035e0                rkh_smaPrio_isReady
 .text.rkh_smaPrio_setReady
                0x00000000080035f0       0x10 CMakeFiles/NUCLEO-F429ZI.elf.dir/third-party/rkh/source/sma/src/rkhsma_prio.c.obj
                0x00000000080035f0                rkh_smaPrio_setReady
 .text.rkh_smaPrio_setUnready
                0x0000000008003600       0x10 CMakeFiles/NUCLEO-F429ZI.elf.dir/third-party/rkh/source/sma/src/rkhsma_prio.c.obj
                0x0000000008003600                rkh_smaPrio_setUnready
 .text.rkh_smaPrio_findHighest
                0x0000000008003610       0x10 CMakeFiles/NUCLEO-F429ZI.elf.dir/third-party/rkh/source/sma/src/rkhsma_prio.c.obj
                0x0000000008003610                rkh_smaPrio_findHighest
 .text.rkh_sma_block
                0x0000000008003620        0x2 CMakeFiles/NUCLEO-F429ZI.elf.dir/third-party/rkh/source/sma/src/rkhsma_sync.c.obj
                0x0000000008003620                rkh_sma_block
 .text.rkh_sma_setReady
                0x0000000008003622        0xc CMakeFiles/NUCLEO-F429ZI.elf.dir/third-party/rkh/source/sma/src/rkhsma_sync.c.obj
                0x0000000008003622                rkh_sma_setReady
 .text.rkh_sma_setUnready
                0x000000000800362e        0xc CMakeFiles/NUCLEO-F429ZI.elf.dir/third-party/rkh/source/sma/src/rkhsma_sync.c.obj
                0x000000000800362e                rkh_sma_setUnready
 *fill*         0x000000000800363a        0x2 
 .text.rem_from_list
                0x000000000800363c       0x20 CMakeFiles/NUCLEO-F429ZI.elf.dir/third-party/rkh/source/tmr/src/rkhtmr.c.obj
 .text.searchAndRemove
                0x000000000800365c       0x24 CMakeFiles/NUCLEO-F429ZI.elf.dir/third-party/rkh/source/tmr/src/rkhtmr.c.obj
 .text.rkh_tmr_tick
                0x0000000008003680       0x8c CMakeFiles/NUCLEO-F429ZI.elf.dir/third-party/rkh/source/tmr/src/rkhtmr.c.obj
                0x0000000008003680                rkh_tmr_tick
 .text.rkh_tmr_init_
                0x000000000800370c       0x58 CMakeFiles/NUCLEO-F429ZI.elf.dir/third-party/rkh/source/tmr/src/rkhtmr.c.obj
                0x000000000800370c                rkh_tmr_init_
 .text.rkh_tmr_start
                0x0000000008003764       0x4c CMakeFiles/NUCLEO-F429ZI.elf.dir/third-party/rkh/source/tmr/src/rkhtmr.c.obj
                0x0000000008003764                rkh_tmr_start
 .text.__errno  0x00000000080037b0        0xc /usr/local/Cellar/arm-none-eabi-gcc/10.3-2021.10/gcc/bin/../lib/gcc/arm-none-eabi/10.3.1/../../../../arm-none-eabi/lib/thumb/v7e-m+fp/hard/libg.a(lib_a-errno.o)
                0x00000000080037b0                __errno
 .text.__libc_init_array
                0x00000000080037bc       0x48 /usr/local/Cellar/arm-none-eabi-gcc/10.3-2021.10/gcc/bin/../lib/gcc/arm-none-eabi/10.3.1/../../../../arm-none-eabi/lib/thumb/v7e-m+fp/hard/libg.a(lib_a-init.o)
                0x00000000080037bc                __libc_init_array
 .text.memset   0x0000000008003804       0xa4 /usr/local/Cellar/arm-none-eabi-gcc/10.3-2021.10/gcc/bin/../lib/gcc/arm-none-eabi/10.3.1/../../../../arm-none-eabi/lib/thumb/v7e-m+fp/hard/libg.a(lib_a-memset.o)
                0x0000000008003804                memset
 .text.printf   0x00000000080038a8       0x28 /usr/local/Cellar/arm-none-eabi-gcc/10.3-2021.10/gcc/bin/../lib/gcc/arm-none-eabi/10.3.1/../../../../arm-none-eabi/lib/thumb/v7e-m+fp/hard/libg.a(lib_a-printf.o)
                0x00000000080038a8                printf
 .text._puts_r  0x00000000080038d0       0x9c /usr/local/Cellar/arm-none-eabi-gcc/10.3-2021.10/gcc/bin/../lib/gcc/arm-none-eabi/10.3.1/../../../../arm-none-eabi/lib/thumb/v7e-m+fp/hard/libg.a(lib_a-puts.o)
                0x00000000080038d0                _puts_r
 .text.puts     0x000000000800396c       0x10 /usr/local/Cellar/arm-none-eabi-gcc/10.3-2021.10/gcc/bin/../lib/gcc/arm-none-eabi/10.3.1/../../../../arm-none-eabi/lib/thumb/v7e-m+fp/hard/libg.a(lib_a-puts.o)
                0x000000000800396c                puts
 *fill*         0x000000000800397c        0x4 
 .text._vfprintf_r
                0x0000000008003980     0x1b90 /usr/local/Cellar/arm-none-eabi-gcc/10.3-2021.10/gcc/bin/../lib/gcc/arm-none-eabi/10.3.1/../../../../arm-none-eabi/lib/thumb/v7e-m+fp/hard/libg.a(lib_a-vfprintf.o)
                0x0000000008003980                _vfprintf_r
 .text.__sbprintf
                0x0000000008005510       0x80 /usr/local/Cellar/arm-none-eabi-gcc/10.3-2021.10/gcc/bin/../lib/gcc/arm-none-eabi/10.3.1/../../../../arm-none-eabi/lib/thumb/v7e-m+fp/hard/libg.a(lib_a-vfprintf.o)
 .text.__swsetup_r
                0x0000000008005590       0xd4 /usr/local/Cellar/arm-none-eabi-gcc/10.3-2021.10/gcc/bin/../lib/gcc/arm-none-eabi/10.3.1/../../../../arm-none-eabi/lib/thumb/v7e-m+fp/hard/libg.a(lib_a-wsetup.o)
                0x0000000008005590                __swsetup_r
 .text.startup.register_fini
                0x0000000008005664       0x14 /usr/local/Cellar/arm-none-eabi-gcc/10.3-2021.10/gcc/bin/../lib/gcc/arm-none-eabi/10.3.1/../../../../arm-none-eabi/lib/thumb/v7e-m+fp/hard/libg.a(lib_a-__call_atexit.o)
 .text.atexit   0x0000000008005678        0xc /usr/local/Cellar/arm-none-eabi-gcc/10.3-2021.10/gcc/bin/../lib/gcc/arm-none-eabi/10.3.1/../../../../arm-none-eabi/lib/thumb/v7e-m+fp/hard/libg.a(lib_a-atexit.o)
                0x0000000008005678                atexit
 .text.quorem   0x0000000008005684      0x128 /usr/local/Cellar/arm-none-eabi-gcc/10.3-2021.10/gcc/bin/../lib/gcc/arm-none-eabi/10.3.1/../../../../arm-none-eabi/lib/thumb/v7e-m+fp/hard/libg.a(lib_a-dtoa.o)
 *fill*         0x00000000080057ac        0x4 
 .text._dtoa_r  0x00000000080057b0      0xf3c /usr/local/Cellar/arm-none-eabi-gcc/10.3-2021.10/gcc/bin/../lib/gcc/arm-none-eabi/10.3.1/../../../../arm-none-eabi/lib/thumb/v7e-m+fp/hard/libg.a(lib_a-dtoa.o)
                0x00000000080057b0                _dtoa_r
 .text.__sflush_r
                0x00000000080066ec      0x130 /usr/local/Cellar/arm-none-eabi-gcc/10.3-2021.10/gcc/bin/../lib/gcc/arm-none-eabi/10.3.1/../../../../arm-none-eabi/lib/thumb/v7e-m+fp/hard/libg.a(lib_a-fflush.o)
                0x00000000080066ec                __sflush_r
 .text._fflush_r
                0x000000000800681c       0x5c /usr/local/Cellar/arm-none-eabi-gcc/10.3-2021.10/gcc/bin/../lib/gcc/arm-none-eabi/10.3.1/../../../../arm-none-eabi/lib/thumb/v7e-m+fp/hard/libg.a(lib_a-fflush.o)
                0x000000000800681c                _fflush_r
 .text._cleanup_r
                0x0000000008006878        0xc /usr/local/Cellar/arm-none-eabi-gcc/10.3-2021.10/gcc/bin/../lib/gcc/arm-none-eabi/10.3.1/../../../../arm-none-eabi/lib/thumb/v7e-m+fp/hard/libg.a(lib_a-findfp.o)
                0x0000000008006878                _cleanup_r
 .text.__sinit  0x0000000008006884      0x10c /usr/local/Cellar/arm-none-eabi-gcc/10.3-2021.10/gcc/bin/../lib/gcc/arm-none-eabi/10.3.1/../../../../arm-none-eabi/lib/thumb/v7e-m+fp/hard/libg.a(lib_a-findfp.o)
                0x0000000008006884                __sinit
 .text.__sfp_lock_acquire
                0x0000000008006990        0xc /usr/local/Cellar/arm-none-eabi-gcc/10.3-2021.10/gcc/bin/../lib/gcc/arm-none-eabi/10.3.1/../../../../arm-none-eabi/lib/thumb/v7e-m+fp/hard/libg.a(lib_a-findfp.o)
                0x0000000008006990                __sfp_lock_acquire
 .text.__sfp_lock_release
                0x000000000800699c        0xc /usr/local/Cellar/arm-none-eabi-gcc/10.3-2021.10/gcc/bin/../lib/gcc/arm-none-eabi/10.3.1/../../../../arm-none-eabi/lib/thumb/v7e-m+fp/hard/libg.a(lib_a-findfp.o)
                0x000000000800699c                __sfp_lock_release
 .text.__libc_fini_array
                0x00000000080069a8       0x2c /usr/local/Cellar/arm-none-eabi-gcc/10.3-2021.10/gcc/bin/../lib/gcc/arm-none-eabi/10.3.1/../../../../arm-none-eabi/lib/thumb/v7e-m+fp/hard/libg.a(lib_a-fini.o)
                0x00000000080069a8                __libc_fini_array
 .text._malloc_trim_r
                0x00000000080069d4       0xa0 /usr/local/Cellar/arm-none-eabi-gcc/10.3-2021.10/gcc/bin/../lib/gcc/arm-none-eabi/10.3.1/../../../../arm-none-eabi/lib/thumb/v7e-m+fp/hard/libg.a(lib_a-freer.o)
                0x00000000080069d4                _malloc_trim_r
 .text._free_r  0x0000000008006a74      0x20c /usr/local/Cellar/arm-none-eabi-gcc/10.3-2021.10/gcc/bin/../lib/gcc/arm-none-eabi/10.3.1/../../../../arm-none-eabi/lib/thumb/v7e-m+fp/hard/libg.a(lib_a-freer.o)
                0x0000000008006a74                _free_r
 .text.__sfvwrite_r
                0x0000000008006c80      0x2f0 /usr/local/Cellar/arm-none-eabi-gcc/10.3-2021.10/gcc/bin/../lib/gcc/arm-none-eabi/10.3.1/../../../../arm-none-eabi/lib/thumb/v7e-m+fp/hard/libg.a(lib_a-fvwrite.o)
                0x0000000008006c80                __sfvwrite_r
 .text._fwalk_reent
                0x0000000008006f70       0x48 /usr/local/Cellar/arm-none-eabi-gcc/10.3-2021.10/gcc/bin/../lib/gcc/arm-none-eabi/10.3.1/../../../../arm-none-eabi/lib/thumb/v7e-m+fp/hard/libg.a(lib_a-fwalk.o)
                0x0000000008006f70                _fwalk_reent
 .text._localeconv_r
                0x0000000008006fb8        0x8 /usr/local/Cellar/arm-none-eabi-gcc/10.3-2021.10/gcc/bin/../lib/gcc/arm-none-eabi/10.3.1/../../../../arm-none-eabi/lib/thumb/v7e-m+fp/hard/libg.a(lib_a-localeconv.o)
                0x0000000008006fb8                _localeconv_r
 .text.__retarget_lock_init_recursive
                0x0000000008006fc0        0x4 /usr/local/Cellar/arm-none-eabi-gcc/10.3-2021.10/gcc/bin/../lib/gcc/arm-none-eabi/10.3.1/../../../../arm-none-eabi/lib/thumb/v7e-m+fp/hard/libg.a(lib_a-lock.o)
                0x0000000008006fc0                __retarget_lock_init_recursive
 .text.__retarget_lock_close_recursive
                0x0000000008006fc4        0x4 /usr/local/Cellar/arm-none-eabi-gcc/10.3-2021.10/gcc/bin/../lib/gcc/arm-none-eabi/10.3.1/../../../../arm-none-eabi/lib/thumb/v7e-m+fp/hard/libg.a(lib_a-lock.o)
                0x0000000008006fc4                __retarget_lock_close_recursive
 .text.__retarget_lock_acquire_recursive
                0x0000000008006fc8        0x4 /usr/local/Cellar/arm-none-eabi-gcc/10.3-2021.10/gcc/bin/../lib/gcc/arm-none-eabi/10.3.1/../../../../arm-none-eabi/lib/thumb/v7e-m+fp/hard/libg.a(lib_a-lock.o)
                0x0000000008006fc8                __retarget_lock_acquire_recursive
 .text.__retarget_lock_release_recursive
                0x0000000008006fcc        0x4 /usr/local/Cellar/arm-none-eabi-gcc/10.3-2021.10/gcc/bin/../lib/gcc/arm-none-eabi/10.3.1/../../../../arm-none-eabi/lib/thumb/v7e-m+fp/hard/libg.a(lib_a-lock.o)
                0x0000000008006fcc                __retarget_lock_release_recursive
 .text.__smakebuf_r
                0x0000000008006fd0       0xe0 /usr/local/Cellar/arm-none-eabi-gcc/10.3-2021.10/gcc/bin/../lib/gcc/arm-none-eabi/10.3.1/../../../../arm-none-eabi/lib/thumb/v7e-m+fp/hard/libg.a(lib_a-makebuf.o)
                0x0000000008006fd0                __smakebuf_r
 .text._malloc_r
                0x00000000080070b0      0x560 /usr/local/Cellar/arm-none-eabi-gcc/10.3-2021.10/gcc/bin/../lib/gcc/arm-none-eabi/10.3.1/../../../../arm-none-eabi/lib/thumb/v7e-m+fp/hard/libg.a(lib_a-mallocr.o)
                0x00000000080070b0                _malloc_r
 .text.memmove  0x0000000008007610       0xf8 /usr/local/Cellar/arm-none-eabi-gcc/10.3-2021.10/gcc/bin/../lib/gcc/arm-none-eabi/10.3.1/../../../../arm-none-eabi/lib/thumb/v7e-m+fp/hard/libg.a(lib_a-memmove.o)
                0x0000000008007610                memmove
 .text.__malloc_lock
                0x0000000008007708        0xc /usr/local/Cellar/arm-none-eabi-gcc/10.3-2021.10/gcc/bin/../lib/gcc/arm-none-eabi/10.3.1/../../../../arm-none-eabi/lib/thumb/v7e-m+fp/hard/libg.a(lib_a-mlock.o)
                0x0000000008007708                __malloc_lock
 .text.__malloc_unlock
                0x0000000008007714        0xc /usr/local/Cellar/arm-none-eabi-gcc/10.3-2021.10/gcc/bin/../lib/gcc/arm-none-eabi/10.3.1/../../../../arm-none-eabi/lib/thumb/v7e-m+fp/hard/libg.a(lib_a-mlock.o)
                0x0000000008007714                __malloc_unlock
 .text._Balloc  0x0000000008007720       0x4c /usr/local/Cellar/arm-none-eabi-gcc/10.3-2021.10/gcc/bin/../lib/gcc/arm-none-eabi/10.3.1/../../../../arm-none-eabi/lib/thumb/v7e-m+fp/hard/libg.a(lib_a-mprec.o)
                0x0000000008007720                _Balloc
 .text._Bfree   0x000000000800776c       0x14 /usr/local/Cellar/arm-none-eabi-gcc/10.3-2021.10/gcc/bin/../lib/gcc/arm-none-eabi/10.3.1/../../../../arm-none-eabi/lib/thumb/v7e-m+fp/hard/libg.a(lib_a-mprec.o)
                0x000000000800776c                _Bfree
 .text.__multadd
                0x0000000008007780       0xa8 /usr/local/Cellar/arm-none-eabi-gcc/10.3-2021.10/gcc/bin/../lib/gcc/arm-none-eabi/10.3.1/../../../../arm-none-eabi/lib/thumb/v7e-m+fp/hard/libg.a(lib_a-mprec.o)
                0x0000000008007780                __multadd
 .text.__hi0bits
                0x0000000008007828       0x40 /usr/local/Cellar/arm-none-eabi-gcc/10.3-2021.10/gcc/bin/../lib/gcc/arm-none-eabi/10.3.1/../../../../arm-none-eabi/lib/thumb/v7e-m+fp/hard/libg.a(lib_a-mprec.o)
                0x0000000008007828                __hi0bits
 .text.__lo0bits
                0x0000000008007868       0x60 /usr/local/Cellar/arm-none-eabi-gcc/10.3-2021.10/gcc/bin/../lib/gcc/arm-none-eabi/10.3.1/../../../../arm-none-eabi/lib/thumb/v7e-m+fp/hard/libg.a(lib_a-mprec.o)
                0x0000000008007868                __lo0bits
 .text.__i2b    0x00000000080078c8       0x5c /usr/local/Cellar/arm-none-eabi-gcc/10.3-2021.10/gcc/bin/../lib/gcc/arm-none-eabi/10.3.1/../../../../arm-none-eabi/lib/thumb/v7e-m+fp/hard/libg.a(lib_a-mprec.o)
                0x00000000080078c8                __i2b
 .text.__multiply
                0x0000000008007924      0x15c /usr/local/Cellar/arm-none-eabi-gcc/10.3-2021.10/gcc/bin/../lib/gcc/arm-none-eabi/10.3.1/../../../../arm-none-eabi/lib/thumb/v7e-m+fp/hard/libg.a(lib_a-mprec.o)
                0x0000000008007924                __multiply
 .text.__pow5mult
                0x0000000008007a80       0xc0 /usr/local/Cellar/arm-none-eabi-gcc/10.3-2021.10/gcc/bin/../lib/gcc/arm-none-eabi/10.3.1/../../../../arm-none-eabi/lib/thumb/v7e-m+fp/hard/libg.a(lib_a-mprec.o)
                0x0000000008007a80                __pow5mult
 .text.__lshift
                0x0000000008007b40       0xf0 /usr/local/Cellar/arm-none-eabi-gcc/10.3-2021.10/gcc/bin/../lib/gcc/arm-none-eabi/10.3.1/../../../../arm-none-eabi/lib/thumb/v7e-m+fp/hard/libg.a(lib_a-mprec.o)
                0x0000000008007b40                __lshift
 .text.__mcmp   0x0000000008007c30       0x44 /usr/local/Cellar/arm-none-eabi-gcc/10.3-2021.10/gcc/bin/../lib/gcc/arm-none-eabi/10.3.1/../../../../arm-none-eabi/lib/thumb/v7e-m+fp/hard/libg.a(lib_a-mprec.o)
                0x0000000008007c30                __mcmp
 .text.__mdiff  0x0000000008007c74      0x14c /usr/local/Cellar/arm-none-eabi-gcc/10.3-2021.10/gcc/bin/../lib/gcc/arm-none-eabi/10.3.1/../../../../arm-none-eabi/lib/thumb/v7e-m+fp/hard/libg.a(lib_a-mprec.o)
                0x0000000008007c74                __mdiff
 .text.__d2b    0x0000000008007dc0       0xd0 /usr/local/Cellar/arm-none-eabi-gcc/10.3-2021.10/gcc/bin/../lib/gcc/arm-none-eabi/10.3.1/../../../../arm-none-eabi/lib/thumb/v7e-m+fp/hard/libg.a(lib_a-mprec.o)
                0x0000000008007dc0                __d2b
 .text._realloc_r
                0x0000000008007e90      0x3d8 /usr/local/Cellar/arm-none-eabi-gcc/10.3-2021.10/gcc/bin/../lib/gcc/arm-none-eabi/10.3.1/../../../../arm-none-eabi/lib/thumb/v7e-m+fp/hard/libg.a(lib_a-reallocr.o)
                0x0000000008007e90                _realloc_r
 .text.frexp    0x0000000008008268       0x6c /usr/local/Cellar/arm-none-eabi-gcc/10.3-2021.10/gcc/bin/../lib/gcc/arm-none-eabi/10.3.1/../../../../arm-none-eabi/lib/thumb/v7e-m+fp/hard/libg.a(lib_a-s_frexp.o)
                0x0000000008008268                frexp
 .text._sbrk_r  0x00000000080082d4       0x24 /usr/local/Cellar/arm-none-eabi-gcc/10.3-2021.10/gcc/bin/../lib/gcc/arm-none-eabi/10.3.1/../../../../arm-none-eabi/lib/thumb/v7e-m+fp/hard/libg.a(lib_a-sbrkr.o)
                0x00000000080082d4                _sbrk_r
 .text.__sread  0x00000000080082f8       0x24 /usr/local/Cellar/arm-none-eabi-gcc/10.3-2021.10/gcc/bin/../lib/gcc/arm-none-eabi/10.3.1/../../../../arm-none-eabi/lib/thumb/v7e-m+fp/hard/libg.a(lib_a-stdio.o)
                0x00000000080082f8                __sread
 .text.__swrite
                0x000000000800831c       0x40 /usr/local/Cellar/arm-none-eabi-gcc/10.3-2021.10/gcc/bin/../lib/gcc/arm-none-eabi/10.3.1/../../../../arm-none-eabi/lib/thumb/v7e-m+fp/hard/libg.a(lib_a-stdio.o)
                0x000000000800831c                __swrite
 .text.__sseek  0x000000000800835c       0x20 /usr/local/Cellar/arm-none-eabi-gcc/10.3-2021.10/gcc/bin/../lib/gcc/arm-none-eabi/10.3.1/../../../../arm-none-eabi/lib/thumb/v7e-m+fp/hard/libg.a(lib_a-stdio.o)
                0x000000000800835c                __sseek
 .text.__sclose
                0x000000000800837c        0x8 /usr/local/Cellar/arm-none-eabi-gcc/10.3-2021.10/gcc/bin/../lib/gcc/arm-none-eabi/10.3.1/../../../../arm-none-eabi/lib/thumb/v7e-m+fp/hard/libg.a(lib_a-stdio.o)
                0x000000000800837c                __sclose
 .text.strncpy  0x0000000008008384       0x64 /usr/local/Cellar/arm-none-eabi-gcc/10.3-2021.10/gcc/bin/../lib/gcc/arm-none-eabi/10.3.1/../../../../arm-none-eabi/lib/thumb/v7e-m+fp/hard/libg.a(lib_a-strncpy.o)
                0x0000000008008384                strncpy
 .text.__sprint_r.part.0
                0x00000000080083e8       0x78 /usr/local/Cellar/arm-none-eabi-gcc/10.3-2021.10/gcc/bin/../lib/gcc/arm-none-eabi/10.3.1/../../../../arm-none-eabi/lib/thumb/v7e-m+fp/hard/libg.a(lib_a-vfiprintf.o)
 .text.__sprint_r
                0x0000000008008460       0x18 /usr/local/Cellar/arm-none-eabi-gcc/10.3-2021.10/gcc/bin/../lib/gcc/arm-none-eabi/10.3.1/../../../../arm-none-eabi/lib/thumb/v7e-m+fp/hard/libg.a(lib_a-vfiprintf.o)
                0x0000000008008460                __sprint_r
 .text._vfiprintf_r
                0x0000000008008478      0xdfc /usr/local/Cellar/arm-none-eabi-gcc/10.3-2021.10/gcc/bin/../lib/gcc/arm-none-eabi/10.3.1/../../../../arm-none-eabi/lib/thumb/v7e-m+fp/hard/libg.a(lib_a-vfiprintf.o)
                0x0000000008008478                _vfiprintf_r
 .text.__sbprintf
                0x0000000008009274       0x80 /usr/local/Cellar/arm-none-eabi-gcc/10.3-2021.10/gcc/bin/../lib/gcc/arm-none-eabi/10.3.1/../../../../arm-none-eabi/lib/thumb/v7e-m+fp/hard/libg.a(lib_a-vfiprintf.o)
 .text._write_r
                0x00000000080092f4       0x2c /usr/local/Cellar/arm-none-eabi-gcc/10.3-2021.10/gcc/bin/../lib/gcc/arm-none-eabi/10.3.1/../../../../arm-none-eabi/lib/thumb/v7e-m+fp/hard/libg.a(lib_a-writer.o)
                0x00000000080092f4                _write_r
 .text.__register_exitproc
                0x0000000008009320       0x8c /usr/local/Cellar/arm-none-eabi-gcc/10.3-2021.10/gcc/bin/../lib/gcc/arm-none-eabi/10.3.1/../../../../arm-none-eabi/lib/thumb/v7e-m+fp/hard/libg.a(lib_a-__atexit.o)
                0x0000000008009320                __register_exitproc
 .text.__assert_func
                0x00000000080093ac       0x40 /usr/local/Cellar/arm-none-eabi-gcc/10.3-2021.10/gcc/bin/../lib/gcc/arm-none-eabi/10.3.1/../../../../arm-none-eabi/lib/thumb/v7e-m+fp/hard/libg.a(lib_a-assert.o)
                0x00000000080093ac                __assert_func
 .text._calloc_r
                0x00000000080093ec       0x78 /usr/local/Cellar/arm-none-eabi-gcc/10.3-2021.10/gcc/bin/../lib/gcc/arm-none-eabi/10.3.1/../../../../arm-none-eabi/lib/thumb/v7e-m+fp/hard/libg.a(lib_a-callocr.o)
                0x00000000080093ec                _calloc_r
 .text._close_r
                0x0000000008009464       0x24 /usr/local/Cellar/arm-none-eabi-gcc/10.3-2021.10/gcc/bin/../lib/gcc/arm-none-eabi/10.3.1/../../../../arm-none-eabi/lib/thumb/v7e-m+fp/hard/libg.a(lib_a-closer.o)
                0x0000000008009464                _close_r
 .text._fclose_r
                0x0000000008009488       0xcc /usr/local/Cellar/arm-none-eabi-gcc/10.3-2021.10/gcc/bin/../lib/gcc/arm-none-eabi/10.3.1/../../../../arm-none-eabi/lib/thumb/v7e-m+fp/hard/libg.a(lib_a-fclose.o)
                0x0000000008009488                _fclose_r
 .text.fiprintf
                0x0000000008009554       0x28 /usr/local/Cellar/arm-none-eabi-gcc/10.3-2021.10/gcc/bin/../lib/gcc/arm-none-eabi/10.3.1/../../../../arm-none-eabi/lib/thumb/v7e-m+fp/hard/libg.a(lib_a-fiprintf.o)
                0x0000000008009554                fiprintf
 .text.__fputwc
                0x000000000800957c       0xa8 /usr/local/Cellar/arm-none-eabi-gcc/10.3-2021.10/gcc/bin/../lib/gcc/arm-none-eabi/10.3.1/../../../../arm-none-eabi/lib/thumb/v7e-m+fp/hard/libg.a(lib_a-fputwc.o)
                0x000000000800957c                __fputwc
 .text._fputwc_r
                0x0000000008009624       0x68 /usr/local/Cellar/arm-none-eabi-gcc/10.3-2021.10/gcc/bin/../lib/gcc/arm-none-eabi/10.3.1/../../../../arm-none-eabi/lib/thumb/v7e-m+fp/hard/libg.a(lib_a-fputwc.o)
                0x0000000008009624                _fputwc_r
 .text._fstat_r
                0x000000000800968c       0x2c /usr/local/Cellar/arm-none-eabi-gcc/10.3-2021.10/gcc/bin/../lib/gcc/arm-none-eabi/10.3.1/../../../../arm-none-eabi/lib/thumb/v7e-m+fp/hard/libg.a(lib_a-fstatr.o)
                0x000000000800968c                _fstat_r
 .text._isatty_r
                0x00000000080096b8       0x24 /usr/local/Cellar/arm-none-eabi-gcc/10.3-2021.10/gcc/bin/../lib/gcc/arm-none-eabi/10.3.1/../../../../arm-none-eabi/lib/thumb/v7e-m+fp/hard/libg.a(lib_a-isattyr.o)
                0x00000000080096b8                _isatty_r
 .text.__locale_mb_cur_max
                0x00000000080096dc        0xc /usr/local/Cellar/arm-none-eabi-gcc/10.3-2021.10/gcc/bin/../lib/gcc/arm-none-eabi/10.3.1/../../../../arm-none-eabi/lib/thumb/v7e-m+fp/hard/libg.a(lib_a-locale.o)
                0x00000000080096dc                __locale_mb_cur_max
 .text._lseek_r
                0x00000000080096e8       0x2c /usr/local/Cellar/arm-none-eabi-gcc/10.3-2021.10/gcc/bin/../lib/gcc/arm-none-eabi/10.3.1/../../../../arm-none-eabi/lib/thumb/v7e-m+fp/hard/libg.a(lib_a-lseekr.o)
                0x00000000080096e8                _lseek_r
 .text.__ascii_mbtowc
                0x0000000008009714       0x2c /usr/local/Cellar/arm-none-eabi-gcc/10.3-2021.10/gcc/bin/../lib/gcc/arm-none-eabi/10.3.1/../../../../arm-none-eabi/lib/thumb/v7e-m+fp/hard/libg.a(lib_a-mbtowc_r.o)
                0x0000000008009714                __ascii_mbtowc
 .text._read_r  0x0000000008009740       0x2c /usr/local/Cellar/arm-none-eabi-gcc/10.3-2021.10/gcc/bin/../lib/gcc/arm-none-eabi/10.3.1/../../../../arm-none-eabi/lib/thumb/v7e-m+fp/hard/libg.a(lib_a-readr.o)
                0x0000000008009740                _read_r
 .text.__swbuf_r
                0x000000000800976c       0xb0 /usr/local/Cellar/arm-none-eabi-gcc/10.3-2021.10/gcc/bin/../lib/gcc/arm-none-eabi/10.3.1/../../../../arm-none-eabi/lib/thumb/v7e-m+fp/hard/libg.a(lib_a-wbuf.o)
                0x000000000800976c                __swbuf_r
 .text._wcrtomb_r
                0x000000000800981c       0x3c /usr/local/Cellar/arm-none-eabi-gcc/10.3-2021.10/gcc/bin/../lib/gcc/arm-none-eabi/10.3.1/../../../../arm-none-eabi/lib/thumb/v7e-m+fp/hard/libg.a(lib_a-wcrtomb.o)
                0x000000000800981c                _wcrtomb_r
 .text.__ascii_wctomb
                0x0000000008009858       0x1c /usr/local/Cellar/arm-none-eabi-gcc/10.3-2021.10/gcc/bin/../lib/gcc/arm-none-eabi/10.3.1/../../../../arm-none-eabi/lib/thumb/v7e-m+fp/hard/libg.a(lib_a-wctomb_r.o)
                0x0000000008009858                __ascii_wctomb
 .text.abort    0x0000000008009874       0x10 /usr/local/Cellar/arm-none-eabi-gcc/10.3-2021.10/gcc/bin/../lib/gcc/arm-none-eabi/10.3.1/../../../../arm-none-eabi/lib/thumb/v7e-m+fp/hard/libg.a(lib_a-abort.o)
                0x0000000008009874                abort
 .text.raise    0x0000000008009884       0x5c /usr/local/Cellar/arm-none-eabi-gcc/10.3-2021.10/gcc/bin/../lib/gcc/arm-none-eabi/10.3.1/../../../../arm-none-eabi/lib/thumb/v7e-m+fp/hard/libg.a(lib_a-signal.o)
                0x0000000008009884                raise
 .text._kill_r  0x00000000080098e0       0x2c /usr/local/Cellar/arm-none-eabi-gcc/10.3-2021.10/gcc/bin/../lib/gcc/arm-none-eabi/10.3.1/../../../../arm-none-eabi/lib/thumb/v7e-m+fp/hard/libg.a(lib_a-signalr.o)
                0x00000000080098e0                _kill_r
 .text._getpid_r
                0x000000000800990c        0x4 /usr/local/Cellar/arm-none-eabi-gcc/10.3-2021.10/gcc/bin/../lib/gcc/arm-none-eabi/10.3.1/../../../../arm-none-eabi/lib/thumb/v7e-m+fp/hard/libg.a(lib_a-signalr.o)
                0x000000000800990c                _getpid_r
 *(.glue_7)
 .glue_7        0x0000000008009910        0x0 linker stubs
 *(.glue_7t)
 .glue_7t       0x0000000008009910        0x0 linker stubs
 *(.eh_frame)
 .eh_frame      0x0000000008009910        0x0 /usr/local/Cellar/arm-none-eabi-gcc/10.3-2021.10/gcc/bin/../lib/gcc/arm-none-eabi/10.3.1/thumb/v7e-m+fp/hard/crtbegin.o
 *(.init)
 .init          0x0000000008009910        0x4 /usr/local/Cellar/arm-none-eabi-gcc/10.3-2021.10/gcc/bin/../lib/gcc/arm-none-eabi/10.3.1/thumb/v7e-m+fp/hard/crti.o
                0x0000000008009910                _init
 .init          0x0000000008009914        0x8 /usr/local/Cellar/arm-none-eabi-gcc/10.3-2021.10/gcc/bin/../lib/gcc/arm-none-eabi/10.3.1/thumb/v7e-m+fp/hard/crtn.o
 *(.fini)
 .fini          0x000000000800991c        0x4 /usr/local/Cellar/arm-none-eabi-gcc/10.3-2021.10/gcc/bin/../lib/gcc/arm-none-eabi/10.3.1/thumb/v7e-m+fp/hard/crti.o
                0x000000000800991c                _fini
 .fini          0x0000000008009920        0x8 /usr/local/Cellar/arm-none-eabi-gcc/10.3-2021.10/gcc/bin/../lib/gcc/arm-none-eabi/10.3.1/thumb/v7e-m+fp/hard/crtn.o
                0x0000000008009928                . = ALIGN (0x4)
                0x0000000008009928                _etext = .

.vfp11_veneer   0x0000000008009928        0x0
 .vfp11_veneer  0x0000000008009928        0x0 linker stubs

.v4_bx          0x0000000008009928        0x0
 .v4_bx         0x0000000008009928        0x0 linker stubs

.iplt           0x0000000008009928        0x0
 .iplt          0x0000000008009928        0x0 /usr/local/Cellar/arm-none-eabi-gcc/10.3-2021.10/gcc/bin/../lib/gcc/arm-none-eabi/10.3.1/thumb/v7e-m+fp/hard/crtbegin.o

.rodata         0x0000000008009928      0x830
                0x0000000008009928                . = ALIGN (0x4)
 *(.rodata)
 *(.rodata*)
 .rodata.main.str1.4
                0x0000000008009928        0x6 CMakeFiles/NUCLEO-F429ZI.elf.dir/Core/Src/main.c.obj
 *fill*         0x000000000800992e        0x2 
 .rodata.Systick_setCallback.str1.4
                0x0000000008009930       0x15 CMakeFiles/NUCLEO-F429ZI.elf.dir/Core/Src/stm32f4xx_it.c.obj
 *fill*         0x0000000008009945        0x3 
 .rodata.AHBPrescTable
                0x0000000008009948       0x10 CMakeFiles/NUCLEO-F429ZI.elf.dir/Core/Src/system_stm32f4xx.c.obj
                0x0000000008009948                AHBPrescTable
 .rodata.APBPrescTable
                0x0000000008009958        0x8 CMakeFiles/NUCLEO-F429ZI.elf.dir/Core/Src/system_stm32f4xx.c.obj
                0x0000000008009958                APBPrescTable
 .rodata.blinky
                0x0000000008009960        0x4 CMakeFiles/NUCLEO-F429ZI.elf.dir/blinky/blinky.c.obj
                0x0000000008009960                blinky
 .rodata.ledOff
                0x0000000008009964       0x14 CMakeFiles/NUCLEO-F429ZI.elf.dir/blinky/blinky.c.obj
                0x0000000008009964                ledOff
 .rodata.ledOff_trtbl
                0x0000000008009978       0x20 CMakeFiles/NUCLEO-F429ZI.elf.dir/blinky/blinky.c.obj
                0x0000000008009978                ledOff_trtbl
 .rodata.ledOn  0x0000000008009998       0x14 CMakeFiles/NUCLEO-F429ZI.elf.dir/blinky/blinky.c.obj
                0x0000000008009998                ledOn
 .rodata.ledOn_trtbl
                0x00000000080099ac       0x20 CMakeFiles/NUCLEO-F429ZI.elf.dir/blinky/blinky.c.obj
                0x00000000080099ac                ledOn_trtbl
 .rodata.rs_blinky
                0x00000000080099cc        0xc CMakeFiles/NUCLEO-F429ZI.elf.dir/blinky/blinky.c.obj
 .rodata.printBanner.str1.4
                0x00000000080099d8      0x209 CMakeFiles/NUCLEO-F429ZI.elf.dir/blinky/bsp/bsp_blinky.c.obj
 *fill*         0x0000000008009be1        0x3 
 .rodata.bsp_ledOn.str1.4
                0x0000000008009be4        0x7 CMakeFiles/NUCLEO-F429ZI.elf.dir/blinky/bsp/bsp_blinky.c.obj
 *fill*         0x0000000008009beb        0x1 
 .rodata.bsp_ledOff.str1.4
                0x0000000008009bec        0x8 CMakeFiles/NUCLEO-F429ZI.elf.dir/blinky/bsp/bsp_blinky.c.obj
 .rodata.rkh_hook_start.str1.4
                0x0000000008009bf4       0x10 CMakeFiles/NUCLEO-F429ZI.elf.dir/blinky/bsp/hook.c.obj
 .rodata.rkh_hook_timetick.str1.4
                0x0000000008009c04       0x13 CMakeFiles/NUCLEO-F429ZI.elf.dir/blinky/bsp/hook.c.obj
 *fill*         0x0000000008009c17        0x1 
 .rodata.GPIO_PIN
                0x0000000008009c18        0x6 CMakeFiles/NUCLEO-F429ZI.elf.dir/bsp/stm32f4xx_nucleo_144.c.obj
                0x0000000008009c18                GPIO_PIN
 *fill*         0x0000000008009c1e        0x2 
 .rodata.mTime_tick.str1.4
                0x0000000008009c20        0xc CMakeFiles/NUCLEO-F429ZI.elf.dir/mTime/mTime.c.obj
 .rodata.actions_100
                0x0000000008009c2c        0x4 CMakeFiles/NUCLEO-F429ZI.elf.dir/mTime/mTimeTbl.c.obj
 .rodata.actions_1000
                0x0000000008009c30        0x4 CMakeFiles/NUCLEO-F429ZI.elf.dir/mTime/mTimeTbl.c.obj
 .rodata.actions_10000
                0x0000000008009c34        0x4 CMakeFiles/NUCLEO-F429ZI.elf.dir/mTime/mTimeTbl.c.obj
 .rodata.timerChain
                0x0000000008009c38       0x18 CMakeFiles/NUCLEO-F429ZI.elf.dir/mTime/mTimeTbl.c.obj
                0x0000000008009c38                timerChain
 .rodata.bitMaskTbl
                0x0000000008009c50        0x8 CMakeFiles/NUCLEO-F429ZI.elf.dir/third-party/rkh/source/fwk/src/rkhfwk_bittbl.c.obj
 .rodata.leastBitSetTbl
                0x0000000008009c58      0x100 CMakeFiles/NUCLEO-F429ZI.elf.dir/third-party/rkh/source/fwk/src/rkhfwk_bittbl.c.obj
 .rodata.rkh_version
                0x0000000008009d58        0x7 CMakeFiles/NUCLEO-F429ZI.elf.dir/third-party/rkh/source/fwk/src/rkhfwk_version.c.obj
                0x0000000008009d58                rkh_version
 *fill*         0x0000000008009d5f        0x1 
 .rodata.rkhport_get_version.str1.4
                0x0000000008009d60        0x5 CMakeFiles/NUCLEO-F429ZI.elf.dir/third-party/rkh/source/portable/arm-cortex/rkhs/arm_cm4f/stm32/rkhport.c.obj
 *fill*         0x0000000008009d65        0x3 
 .rodata.rkhport_get_desc.str1.4
                0x0000000008009d68       0x14 CMakeFiles/NUCLEO-F429ZI.elf.dir/third-party/rkh/source/portable/arm-cortex/rkhs/arm_cm4f/stm32/rkhport.c.obj
 .rodata.evCompletion
                0x0000000008009d7c        0x3 CMakeFiles/NUCLEO-F429ZI.elf.dir/third-party/rkh/source/sm/src/rkhsm.c.obj
                0x0000000008009d7c                evCompletion
 *fill*         0x0000000008009d7f        0x1 
 .rodata.evCreation
                0x0000000008009d80        0x3 CMakeFiles/NUCLEO-F429ZI.elf.dir/third-party/rkh/source/sm/src/rkhsm.c.obj
                0x0000000008009d80                evCreation
 *fill*         0x0000000008009d83        0x1 
 .rodata.rkh_tmr_tick.str1.4
                0x0000000008009d84        0xe CMakeFiles/NUCLEO-F429ZI.elf.dir/third-party/rkh/source/tmr/src/rkhtmr.c.obj
 *fill*         0x0000000008009d92        0x2 
 .rodata.rkh_tmr_init_.str1.4
                0x0000000008009d94        0xe CMakeFiles/NUCLEO-F429ZI.elf.dir/third-party/rkh/source/tmr/src/rkhtmr.c.obj
 *fill*         0x0000000008009da2        0x2 
 .rodata._global_impure_ptr
                0x0000000008009da4        0x4 /usr/local/Cellar/arm-none-eabi-gcc/10.3-2021.10/gcc/bin/../lib/gcc/arm-none-eabi/10.3.1/../../../../arm-none-eabi/lib/thumb/v7e-m+fp/hard/libg.a(lib_a-impure.o)
                0x0000000008009da4                _global_impure_ptr
 .rodata._puts_r.str1.4
                0x0000000008009da8        0xe /usr/local/Cellar/arm-none-eabi-gcc/10.3-2021.10/gcc/bin/../lib/gcc/arm-none-eabi/10.3.1/../../../../arm-none-eabi/lib/thumb/v7e-m+fp/hard/libg.a(lib_a-puts.o)
                                          0x2 (size before relaxing)
 .rodata._vfprintf_r.str1.4
                0x0000000008009da8       0x42 /usr/local/Cellar/arm-none-eabi-gcc/10.3-2021.10/gcc/bin/../lib/gcc/arm-none-eabi/10.3.1/../../../../arm-none-eabi/lib/thumb/v7e-m+fp/hard/libg.a(lib_a-vfprintf.o)
 *fill*         0x0000000008009dea        0x2 
 .rodata.blanks.1
                0x0000000008009dec       0x10 /usr/local/Cellar/arm-none-eabi-gcc/10.3-2021.10/gcc/bin/../lib/gcc/arm-none-eabi/10.3.1/../../../../arm-none-eabi/lib/thumb/v7e-m+fp/hard/libg.a(lib_a-vfprintf.o)
 .rodata.zeroes.0
                0x0000000008009dfc       0x10 /usr/local/Cellar/arm-none-eabi-gcc/10.3-2021.10/gcc/bin/../lib/gcc/arm-none-eabi/10.3.1/../../../../arm-none-eabi/lib/thumb/v7e-m+fp/hard/libg.a(lib_a-vfprintf.o)
 .rodata._dtoa_r.str1.4
                0x0000000008009e0c       0x7e /usr/local/Cellar/arm-none-eabi-gcc/10.3-2021.10/gcc/bin/../lib/gcc/arm-none-eabi/10.3.1/../../../../arm-none-eabi/lib/thumb/v7e-m+fp/hard/libg.a(lib_a-dtoa.o)
                                         0x82 (size before relaxing)
 *fill*         0x0000000008009e8a        0x2 
 .rodata.__multadd.str1.4
                0x0000000008009e8c       0x5b /usr/local/Cellar/arm-none-eabi-gcc/10.3-2021.10/gcc/bin/../lib/gcc/arm-none-eabi/10.3.1/../../../../arm-none-eabi/lib/thumb/v7e-m+fp/hard/libg.a(lib_a-mprec.o)
                                         0x6f (size before relaxing)
 *fill*         0x0000000008009ee7        0x1 
 .rodata.__mprec_bigtens
                0x0000000008009ee8       0x28 /usr/local/Cellar/arm-none-eabi-gcc/10.3-2021.10/gcc/bin/../lib/gcc/arm-none-eabi/10.3.1/../../../../arm-none-eabi/lib/thumb/v7e-m+fp/hard/libg.a(lib_a-mprec.o)
                0x0000000008009ee8                __mprec_bigtens
 .rodata.__mprec_tens
                0x0000000008009f10       0xc8 /usr/local/Cellar/arm-none-eabi-gcc/10.3-2021.10/gcc/bin/../lib/gcc/arm-none-eabi/10.3.1/../../../../arm-none-eabi/lib/thumb/v7e-m+fp/hard/libg.a(lib_a-mprec.o)
                0x0000000008009f10                __mprec_tens
 .rodata.p05.0  0x0000000008009fd8        0xc /usr/local/Cellar/arm-none-eabi-gcc/10.3-2021.10/gcc/bin/../lib/gcc/arm-none-eabi/10.3.1/../../../../arm-none-eabi/lib/thumb/v7e-m+fp/hard/libg.a(lib_a-mprec.o)
 .rodata._vfiprintf_r.str1.4
                0x0000000008009fe4       0x2f /usr/local/Cellar/arm-none-eabi-gcc/10.3-2021.10/gcc/bin/../lib/gcc/arm-none-eabi/10.3.1/../../../../arm-none-eabi/lib/thumb/v7e-m+fp/hard/libg.a(lib_a-vfiprintf.o)
 .rodata.blanks.1
                0x0000000008009fe4       0x10 /usr/local/Cellar/arm-none-eabi-gcc/10.3-2021.10/gcc/bin/../lib/gcc/arm-none-eabi/10.3.1/../../../../arm-none-eabi/lib/thumb/v7e-m+fp/hard/libg.a(lib_a-vfiprintf.o)
 .rodata.zeroes.0
                0x0000000008009ff4       0x10 /usr/local/Cellar/arm-none-eabi-gcc/10.3-2021.10/gcc/bin/../lib/gcc/arm-none-eabi/10.3.1/../../../../arm-none-eabi/lib/thumb/v7e-m+fp/hard/libg.a(lib_a-vfiprintf.o)
 .rodata.__assert_func.str1.4
                0x000000000800a004       0x3f /usr/local/Cellar/arm-none-eabi-gcc/10.3-2021.10/gcc/bin/../lib/gcc/arm-none-eabi/10.3.1/../../../../arm-none-eabi/lib/thumb/v7e-m+fp/hard/libg.a(lib_a-assert.o)
                                         0x43 (size before relaxing)
 *fill*         0x000000000800a043        0x1 
 .rodata._setlocale_r.str1.4
                0x000000000800a044        0xa /usr/local/Cellar/arm-none-eabi-gcc/10.3-2021.10/gcc/bin/../lib/gcc/arm-none-eabi/10.3.1/../../../../arm-none-eabi/lib/thumb/v7e-m+fp/hard/libg.a(lib_a-locale.o)
                                          0xd (size before relaxing)
 *fill*         0x000000000800a04e        0x2 
 .rodata.str1.4
                0x000000000800a050        0x2 /usr/local/Cellar/arm-none-eabi-gcc/10.3-2021.10/gcc/bin/../lib/gcc/arm-none-eabi/10.3.1/../../../../arm-none-eabi/lib/thumb/v7e-m+fp/hard/libg.a(lib_a-locale.o)
 *fill*         0x000000000800a052        0x2 
 .rodata._ctype_
                0x000000000800a054      0x101 /usr/local/Cellar/arm-none-eabi-gcc/10.3-2021.10/gcc/bin/../lib/gcc/arm-none-eabi/10.3.1/../../../../arm-none-eabi/lib/thumb/v7e-m+fp/hard/libg.a(lib_a-ctype_.o)
                0x000000000800a054                _ctype_
                0x000000000800a158                . = ALIGN (0x4)
 *fill*         0x000000000800a155        0x3 

.ARM.extab      0x000000000800a158        0x0
                0x000000000800a158                . = ALIGN (0x4)
 *(.ARM.extab* .gnu.linkonce.armextab.*)
                0x000000000800a158                . = ALIGN (0x4)

.ARM            0x000000000800a158        0x8
                0x000000000800a158                . = ALIGN (0x4)
                0x000000000800a158                __exidx_start = .
 *(.ARM.exidx*)
 .ARM.exidx     0x000000000800a158        0x8 /usr/local/Cellar/arm-none-eabi-gcc/10.3-2021.10/gcc/bin/../lib/gcc/arm-none-eabi/10.3.1/thumb/v7e-m+fp/hard/libgcc.a(_udivmoddi4.o)
                0x000000000800a160                __exidx_end = .
                0x000000000800a160                . = ALIGN (0x4)

.rel.dyn        0x000000000800a160        0x0
 .rel.iplt      0x000000000800a160        0x0 /usr/local/Cellar/arm-none-eabi-gcc/10.3-2021.10/gcc/bin/../lib/gcc/arm-none-eabi/10.3.1/thumb/v7e-m+fp/hard/crtbegin.o

.preinit_array  0x000000000800a160        0x0
                0x000000000800a160                . = ALIGN (0x4)
                0x000000000800a160                PROVIDE (__preinit_array_start = .)
 *(.preinit_array*)
                0x000000000800a160                PROVIDE (__preinit_array_end = .)
                0x000000000800a160                . = ALIGN (0x4)

.init_array     0x000000000800a160        0x8
                0x000000000800a160                . = ALIGN (0x4)
                0x000000000800a160                PROVIDE (__init_array_start = .)
 *(SORT_BY_NAME(.init_array.*))
 .init_array.00000
                0x000000000800a160        0x4 /usr/local/Cellar/arm-none-eabi-gcc/10.3-2021.10/gcc/bin/../lib/gcc/arm-none-eabi/10.3.1/../../../../arm-none-eabi/lib/thumb/v7e-m+fp/hard/libg.a(lib_a-__call_atexit.o)
 *(.init_array*)
 .init_array    0x000000000800a164        0x4 /usr/local/Cellar/arm-none-eabi-gcc/10.3-2021.10/gcc/bin/../lib/gcc/arm-none-eabi/10.3.1/thumb/v7e-m+fp/hard/crtbegin.o
                0x000000000800a168                PROVIDE (__init_array_end = .)
                0x000000000800a168                . = ALIGN (0x4)

.fini_array     0x000000000800a168        0x4
                0x000000000800a168                . = ALIGN (0x4)
                0x000000000800a168                PROVIDE (__fini_array_start = .)
 *(SORT_BY_NAME(.fini_array.*))
 *(.fini_array*)
 .fini_array    0x000000000800a168        0x4 /usr/local/Cellar/arm-none-eabi-gcc/10.3-2021.10/gcc/bin/../lib/gcc/arm-none-eabi/10.3.1/thumb/v7e-m+fp/hard/crtbegin.o
                0x000000000800a16c                PROVIDE (__fini_array_end = .)
                0x000000000800a16c                . = ALIGN (0x4)
                0x000000000800a16c                _sidata = LOADADDR (.data)

.data           0x0000000020000000      0xa08 load address 0x000000000800a16c
                0x0000000020000000                . = ALIGN (0x4)
                0x0000000020000000                _sdata = .
 *(.data)
 *(.data*)
 .data.SystemCoreClock
                0x0000000020000000        0x4 CMakeFiles/NUCLEO-F429ZI.elf.dir/Core/Src/system_stm32f4xx.c.obj
                0x0000000020000000                SystemCoreClock
 .data.uwTickFreq
                0x0000000020000004        0x1 CMakeFiles/NUCLEO-F429ZI.elf.dir/Drivers/STM32F4xx_HAL_Driver/Src/stm32f4xx_hal.c.obj
                0x0000000020000004                uwTickFreq
 *fill*         0x0000000020000005        0x3 
 .data.uwTickPrio
                0x0000000020000008        0x4 CMakeFiles/NUCLEO-F429ZI.elf.dir/Drivers/STM32F4xx_HAL_Driver/Src/stm32f4xx_hal.c.obj
                0x0000000020000008                uwTickPrio
 .data.s_blinky
                0x000000002000000c       0x40 CMakeFiles/NUCLEO-F429ZI.elf.dir/blinky/blinky.c.obj
 .data.GPIO_PORT
                0x000000002000004c        0xc CMakeFiles/NUCLEO-F429ZI.elf.dir/bsp/stm32f4xx_nucleo_144.c.obj
                0x000000002000004c                GPIO_PORT
 .data._impure_ptr
                0x0000000020000058        0x4 /usr/local/Cellar/arm-none-eabi-gcc/10.3-2021.10/gcc/bin/../lib/gcc/arm-none-eabi/10.3.1/../../../../arm-none-eabi/lib/thumb/v7e-m+fp/hard/libg.a(lib_a-impure.o)
                0x0000000020000058                _impure_ptr
 *fill*         0x000000002000005c        0x4 
 .data.impure_data
                0x0000000020000060      0x428 /usr/local/Cellar/arm-none-eabi-gcc/10.3-2021.10/gcc/bin/../lib/gcc/arm-none-eabi/10.3.1/../../../../arm-none-eabi/lib/thumb/v7e-m+fp/hard/libg.a(lib_a-impure.o)
 .data.__atexit_recursive_mutex
                0x0000000020000488        0x4 /usr/local/Cellar/arm-none-eabi-gcc/10.3-2021.10/gcc/bin/../lib/gcc/arm-none-eabi/10.3.1/../../../../arm-none-eabi/lib/thumb/v7e-m+fp/hard/libg.a(lib_a-__call_atexit.o)
                0x0000000020000488                __atexit_recursive_mutex
 .data.__malloc_av_
                0x000000002000048c      0x408 /usr/local/Cellar/arm-none-eabi-gcc/10.3-2021.10/gcc/bin/../lib/gcc/arm-none-eabi/10.3.1/../../../../arm-none-eabi/lib/thumb/v7e-m+fp/hard/libg.a(lib_a-mallocr.o)
                0x000000002000048c                __malloc_av_
 .data.__malloc_sbrk_base
                0x0000000020000894        0x4 /usr/local/Cellar/arm-none-eabi-gcc/10.3-2021.10/gcc/bin/../lib/gcc/arm-none-eabi/10.3.1/../../../../arm-none-eabi/lib/thumb/v7e-m+fp/hard/libg.a(lib_a-mallocr.o)
                0x0000000020000894                __malloc_sbrk_base
 .data.__malloc_trim_threshold
                0x0000000020000898        0x4 /usr/local/Cellar/arm-none-eabi-gcc/10.3-2021.10/gcc/bin/../lib/gcc/arm-none-eabi/10.3.1/../../../../arm-none-eabi/lib/thumb/v7e-m+fp/hard/libg.a(lib_a-mallocr.o)
                0x0000000020000898                __malloc_trim_threshold
 .data.__global_locale
                0x000000002000089c      0x16c /usr/local/Cellar/arm-none-eabi-gcc/10.3-2021.10/gcc/bin/../lib/gcc/arm-none-eabi/10.3.1/../../../../arm-none-eabi/lib/thumb/v7e-m+fp/hard/libg.a(lib_a-locale.o)
                0x000000002000089c                __global_locale
 *(.RamFunc)
 *(.RamFunc*)
                0x0000000020000a08                . = ALIGN (0x4)
                0x0000000020000a08                _edata = .
                0x000000000800ab74                _siccmram = LOADADDR (.ccmram)

.igot.plt       0x0000000020000a08        0x0 load address 0x000000000800ab74
 .igot.plt      0x0000000020000a08        0x0 /usr/local/Cellar/arm-none-eabi-gcc/10.3-2021.10/gcc/bin/../lib/gcc/arm-none-eabi/10.3.1/thumb/v7e-m+fp/hard/crtbegin.o

.ccmram         0x0000000010000000        0x0 load address 0x000000000800ab74
                0x0000000010000000                . = ALIGN (0x4)
                0x0000000010000000                _sccmram = .
 *(.ccmram)
 *(.ccmram*)
                0x0000000010000000                . = ALIGN (0x4)
                0x0000000010000000                _eccmram = .
                0x0000000010000000                . = ALIGN (0x4)

.bss            0x0000000020000a08      0x850
                0x0000000020000a08                _sbss = .
                0x0000000020000a08                __bss_start__ = _sbss
 *(.bss)
 .bss           0x0000000020000a08       0x1c /usr/local/Cellar/arm-none-eabi-gcc/10.3-2021.10/gcc/bin/../lib/gcc/arm-none-eabi/10.3.1/thumb/v7e-m+fp/hard/crtbegin.o
 *(.bss*)
 .bss.DMARxDscrTab
                0x0000000020000a24       0xa0 CMakeFiles/NUCLEO-F429ZI.elf.dir/Core/Src/eth.c.obj
                0x0000000020000a24                DMARxDscrTab
 .bss.DMATxDscrTab
                0x0000000020000ac4       0xa0 CMakeFiles/NUCLEO-F429ZI.elf.dir/Core/Src/eth.c.obj
                0x0000000020000ac4                DMATxDscrTab
 .bss.MACAddr.0
                0x0000000020000b64        0x6 CMakeFiles/NUCLEO-F429ZI.elf.dir/Core/Src/eth.c.obj
 *fill*         0x0000000020000b6a        0x2 
 .bss.TxConfig  0x0000000020000b6c       0x38 CMakeFiles/NUCLEO-F429ZI.elf.dir/Core/Src/eth.c.obj
                0x0000000020000b6c                TxConfig
 .bss.heth      0x0000000020000ba4       0xb0 CMakeFiles/NUCLEO-F429ZI.elf.dir/Core/Src/eth.c.obj
                0x0000000020000ba4                heth
 .bss.qsto      0x0000000020000c54       0x10 CMakeFiles/NUCLEO-F429ZI.elf.dir/Core/Src/main.c.obj
 .bss.userSysticCb
                0x0000000020000c64        0x4 CMakeFiles/NUCLEO-F429ZI.elf.dir/Core/Src/stm32f4xx_it.c.obj
 .bss.__sbrk_heap_end
                0x0000000020000c68        0x4 CMakeFiles/NUCLEO-F429ZI.elf.dir/Core/Src/sysmem.c.obj
 .bss.huart3    0x0000000020000c6c       0x44 CMakeFiles/NUCLEO-F429ZI.elf.dir/Core/Src/usart.c.obj
                0x0000000020000c6c                huart3
 .bss.hpcd_USB_OTG_FS
                0x0000000020000cb0      0x50c CMakeFiles/NUCLEO-F429ZI.elf.dir/Core/Src/usb_otg.c.obj
                0x0000000020000cb0                hpcd_USB_OTG_FS
 .bss.uwTick    0x00000000200011bc        0x4 CMakeFiles/NUCLEO-F429ZI.elf.dir/Drivers/STM32F4xx_HAL_Driver/Src/stm32f4xx_hal.c.obj
                0x00000000200011bc                uwTick
 .bss.tickCounter
                0x00000000200011c0        0x4 CMakeFiles/NUCLEO-F429ZI.elf.dir/blinky/bsp/hook.c.obj
 .bss.tstamp    0x00000000200011c4        0x4 CMakeFiles/NUCLEO-F429ZI.elf.dir/blinky/bsp/hook.c.obj
 .bss.counter   0x00000000200011c8        0x2 CMakeFiles/NUCLEO-F429ZI.elf.dir/mTime/mTime.c.obj
 *fill*         0x00000000200011ca        0x2 
 .bss.enabled   0x00000000200011cc        0x4 CMakeFiles/NUCLEO-F429ZI.elf.dir/mTime/mTime.c.obj
 .bss.rkh_critical_nesting
                0x00000000200011d0        0x4 CMakeFiles/NUCLEO-F429ZI.elf.dir/third-party/rkh/source/portable/arm-cortex/rkhs/arm_cm4f/stm32/rkhport.c.obj
                0x00000000200011d0                rkh_critical_nesting
 .bss.al.5      0x00000000200011d4        0x8 CMakeFiles/NUCLEO-F429ZI.elf.dir/third-party/rkh/source/sm/src/rkhsm.c.obj
 .bss.islca.3   0x00000000200011dc        0x1 CMakeFiles/NUCLEO-F429ZI.elf.dir/third-party/rkh/source/sm/src/rkhsm.c.obj
 .bss.ix_n.4    0x00000000200011dd        0x1 CMakeFiles/NUCLEO-F429ZI.elf.dir/third-party/rkh/source/sm/src/rkhsm.c.obj
 .bss.ix_x.9    0x00000000200011de        0x1 CMakeFiles/NUCLEO-F429ZI.elf.dir/third-party/rkh/source/sm/src/rkhsm.c.obj
 .bss.nEntrySt.8
                0x00000000200011df        0x1 CMakeFiles/NUCLEO-F429ZI.elf.dir/third-party/rkh/source/sm/src/rkhsm.c.obj
 .bss.nal.7     0x00000000200011e0        0x1 CMakeFiles/NUCLEO-F429ZI.elf.dir/third-party/rkh/source/sm/src/rkhsm.c.obj
 .bss.nn.10     0x00000000200011e1        0x1 CMakeFiles/NUCLEO-F429ZI.elf.dir/third-party/rkh/source/sm/src/rkhsm.c.obj
 *fill*         0x00000000200011e2        0x2 
 .bss.pal.6     0x00000000200011e4        0x4 CMakeFiles/NUCLEO-F429ZI.elf.dir/third-party/rkh/source/sm/src/rkhsm.c.obj
 .bss.sentry.0  0x00000000200011e8        0x8 CMakeFiles/NUCLEO-F429ZI.elf.dir/third-party/rkh/source/sm/src/rkhsm.c.obj
 .bss.snl.1     0x00000000200011f0        0x4 CMakeFiles/NUCLEO-F429ZI.elf.dir/third-party/rkh/source/sm/src/rkhsm.c.obj
 .bss.stn.12    0x00000000200011f4        0x4 CMakeFiles/NUCLEO-F429ZI.elf.dir/third-party/rkh/source/sm/src/rkhsm.c.obj
 .bss.stx.2     0x00000000200011f8        0x4 CMakeFiles/NUCLEO-F429ZI.elf.dir/third-party/rkh/source/sm/src/rkhsm.c.obj
 .bss.trnAct.11
                0x00000000200011fc        0x4 CMakeFiles/NUCLEO-F429ZI.elf.dir/third-party/rkh/source/sm/src/rkhsm.c.obj
 .bss.rkh_sptbl
                0x0000000020001200        0x8 CMakeFiles/NUCLEO-F429ZI.elf.dir/third-party/rkh/source/sma/src/rkhsma.c.obj
                0x0000000020001200                rkh_sptbl
 .bss.readyGroup
                0x0000000020001208        0x2 CMakeFiles/NUCLEO-F429ZI.elf.dir/third-party/rkh/source/sma/src/rkhsma_prio.c.obj
 *fill*         0x000000002000120a        0x2 
 .bss.thead     0x000000002000120c        0x4 CMakeFiles/NUCLEO-F429ZI.elf.dir/third-party/rkh/source/tmr/src/rkhtmr.c.obj
 .bss.__lock___atexit_recursive_mutex
                0x0000000020001210        0x1 /usr/local/Cellar/arm-none-eabi-gcc/10.3-2021.10/gcc/bin/../lib/gcc/arm-none-eabi/10.3.1/../../../../arm-none-eabi/lib/thumb/v7e-m+fp/hard/libg.a(lib_a-lock.o)
                0x0000000020001210                __lock___atexit_recursive_mutex
 *fill*         0x0000000020001211        0x3 
 .bss.__lock___malloc_recursive_mutex
                0x0000000020001214        0x1 /usr/local/Cellar/arm-none-eabi-gcc/10.3-2021.10/gcc/bin/../lib/gcc/arm-none-eabi/10.3.1/../../../../arm-none-eabi/lib/thumb/v7e-m+fp/hard/libg.a(lib_a-lock.o)
                0x0000000020001214                __lock___malloc_recursive_mutex
 *fill*         0x0000000020001215        0x3 
 .bss.__lock___sfp_recursive_mutex
                0x0000000020001218        0x1 /usr/local/Cellar/arm-none-eabi-gcc/10.3-2021.10/gcc/bin/../lib/gcc/arm-none-eabi/10.3.1/../../../../arm-none-eabi/lib/thumb/v7e-m+fp/hard/libg.a(lib_a-lock.o)
                0x0000000020001218                __lock___sfp_recursive_mutex
 *fill*         0x0000000020001219        0x3 
 .bss.__lock___sinit_recursive_mutex
                0x000000002000121c        0x1 /usr/local/Cellar/arm-none-eabi-gcc/10.3-2021.10/gcc/bin/../lib/gcc/arm-none-eabi/10.3.1/../../../../arm-none-eabi/lib/thumb/v7e-m+fp/hard/libg.a(lib_a-lock.o)
                0x000000002000121c                __lock___sinit_recursive_mutex
 *fill*         0x000000002000121d        0x3 
 .bss.__malloc_current_mallinfo
                0x0000000020001220       0x28 /usr/local/Cellar/arm-none-eabi-gcc/10.3-2021.10/gcc/bin/../lib/gcc/arm-none-eabi/10.3.1/../../../../arm-none-eabi/lib/thumb/v7e-m+fp/hard/libg.a(lib_a-mallocr.o)
                0x0000000020001220                __malloc_current_mallinfo
 .bss.__malloc_max_sbrked_mem
                0x0000000020001248        0x4 /usr/local/Cellar/arm-none-eabi-gcc/10.3-2021.10/gcc/bin/../lib/gcc/arm-none-eabi/10.3.1/../../../../arm-none-eabi/lib/thumb/v7e-m+fp/hard/libg.a(lib_a-mallocr.o)
                0x0000000020001248                __malloc_max_sbrked_mem
 .bss.__malloc_max_total_mem
                0x000000002000124c        0x4 /usr/local/Cellar/arm-none-eabi-gcc/10.3-2021.10/gcc/bin/../lib/gcc/arm-none-eabi/10.3.1/../../../../arm-none-eabi/lib/thumb/v7e-m+fp/hard/libg.a(lib_a-mallocr.o)
                0x000000002000124c                __malloc_max_total_mem
 .bss.__malloc_top_pad
                0x0000000020001250        0x4 /usr/local/Cellar/arm-none-eabi-gcc/10.3-2021.10/gcc/bin/../lib/gcc/arm-none-eabi/10.3.1/../../../../arm-none-eabi/lib/thumb/v7e-m+fp/hard/libg.a(lib_a-mallocr.o)
                0x0000000020001250                __malloc_top_pad
 .bss.errno     0x0000000020001254        0x4 /usr/local/Cellar/arm-none-eabi-gcc/10.3-2021.10/gcc/bin/../lib/gcc/arm-none-eabi/10.3.1/../../../../arm-none-eabi/lib/thumb/v7e-m+fp/hard/libg.a(lib_a-reent.o)
                0x0000000020001254                errno
 *(COMMON)
                0x0000000020001258                . = ALIGN (0x4)
                0x0000000020001258                _ebss = .
                0x0000000020001258                __bss_end__ = _ebss

._user_heap_stack
                0x0000000020001258      0x600
                0x0000000020001258                . = ALIGN (0x8)
                [!provide]                        PROVIDE (end = .)
                0x0000000020001258                PROVIDE (_end = .)
                0x0000000020001458                . = (. + _Min_Heap_Size)
 *fill*         0x0000000020001258      0x200 
                0x0000000020001858                . = (. + _Min_Stack_Size)
 *fill*         0x0000000020001458      0x400 
                0x0000000020001858                . = ALIGN (0x8)

/DISCARD/
 libc.a(*)
 libm.a(*)
 libgcc.a(*)

.ARM.attributes
                0x0000000000000000       0x30
 *(.ARM.attributes)
 .ARM.attributes
                0x0000000000000000       0x1e /usr/local/Cellar/arm-none-eabi-gcc/10.3-2021.10/gcc/bin/../lib/gcc/arm-none-eabi/10.3.1/thumb/v7e-m+fp/hard/crti.o
 .ARM.attributes
                0x000000000000001e       0x34 /usr/local/Cellar/arm-none-eabi-gcc/10.3-2021.10/gcc/bin/../lib/gcc/arm-none-eabi/10.3.1/thumb/v7e-m+fp/hard/crtbegin.o
 .ARM.attributes
                0x0000000000000052       0x34 CMakeFiles/NUCLEO-F429ZI.elf.dir/Core/Src/eth.c.obj
 .ARM.attributes
                0x0000000000000086       0x34 CMakeFiles/NUCLEO-F429ZI.elf.dir/Core/Src/gpio.c.obj
 .ARM.attributes
                0x00000000000000ba       0x34 CMakeFiles/NUCLEO-F429ZI.elf.dir/Core/Src/main.c.obj
 .ARM.attributes
                0x00000000000000ee       0x34 CMakeFiles/NUCLEO-F429ZI.elf.dir/Core/Src/stm32f4xx_hal_msp.c.obj
 .ARM.attributes
                0x0000000000000122       0x34 CMakeFiles/NUCLEO-F429ZI.elf.dir/Core/Src/stm32f4xx_it.c.obj
 .ARM.attributes
                0x0000000000000156       0x34 CMakeFiles/NUCLEO-F429ZI.elf.dir/Core/Src/syscalls.c.obj
 .ARM.attributes
                0x000000000000018a       0x34 CMakeFiles/NUCLEO-F429ZI.elf.dir/Core/Src/sysmem.c.obj
 .ARM.attributes
                0x00000000000001be       0x34 CMakeFiles/NUCLEO-F429ZI.elf.dir/Core/Src/system_stm32f4xx.c.obj
 .ARM.attributes