Archive member included to satisfy reference by file (symbol)

/Applications/ArmGNUToolchain/13.3.rel1/arm-none-eabi/bin/../lib/gcc/arm-none-eabi/13.3.1/thumb/v7e-m+fp/hard/libgcc.a(_arm_muldf3.o)
                              CMakeFiles/NUCLEO-F429ZI.elf.dir/Middlewares/Third_Party/MQTT-C/source/mqttc.c.obj (__aeabi_dmul)
/Applications/ArmGNUToolchain/13.3.rel1/arm-none-eabi/bin/../lib/gcc/arm-none-eabi/13.3.1/thumb/v7e-m+fp/hard/libgcc.a(_arm_addsubdf3.o)
                              CMakeFiles/NUCLEO-F429ZI.elf.dir/Middlewares/Third_Party/jWrite/jWrite/jWrite.c.obj (__aeabi_dsub)
/Applications/ArmGNUToolchain/13.3.rel1/arm-none-eabi/bin/../lib/gcc/arm-none-eabi/13.3.1/thumb/v7e-m+fp/hard/libgcc.a(_arm_muldivdf3.o)
                              CMakeFiles/NUCLEO-F429ZI.elf.dir/reactive-framework/salt/state-machines/logic/logic.c.obj (__aeabi_ddiv)
/Applications/ArmGNUToolchain/13.3.rel1/arm-none-eabi/bin/../lib/gcc/arm-none-eabi/13.3.1/thumb/v7e-m+fp/hard/libgcc.a(_arm_cmpdf2.o)
                              CMakeFiles/NUCLEO-F429ZI.elf.dir/Middlewares/Third_Party/jWrite/jWrite/jWrite.c.obj (__aeabi_dcmpeq)
/Applications/ArmGNUToolchain/13.3.rel1/arm-none-eabi/bin/../lib/gcc/arm-none-eabi/13.3.1/thumb/v7e-m+fp/hard/libgcc.a(_arm_fixdfsi.o)
                              CMakeFiles/NUCLEO-F429ZI.elf.dir/Middlewares/Third_Party/jWrite/jWrite/jWrite.c.obj (__aeabi_d2iz)
/Applications/ArmGNUToolchain/13.3.rel1/arm-none-eabi/bin/../lib/gcc/arm-none-eabi/13.3.1/thumb/v7e-m+fp/hard/libgcc.a(_arm_fixunsdfsi.o)
                              CMakeFiles/NUCLEO-F429ZI.elf.dir/Middlewares/Third_Party/jWrite/jWrite/jWrite.c.obj (__aeabi_d2uiz)
/Applications/ArmGNUToolchain/13.3.rel1/arm-none-eabi/bin/../lib/gcc/arm-none-eabi/13.3.1/thumb/v7e-m+fp/hard/libgcc.a(_arm_truncdfsf2.o)
                              CMakeFiles/NUCLEO-F429ZI.elf.dir/reactive-framework/salt/utilities/parser/sim900/sim900parser.c.obj (__aeabi_d2f)
/Applications/ArmGNUToolchain/13.3.rel1/arm-none-eabi/bin/../lib/gcc/arm-none-eabi/13.3.1/thumb/v7e-m+fp/hard/libgcc.a(_aeabi_uldivmod.o)
                              CMakeFiles/NUCLEO-F429ZI.elf.dir/Drivers/STM32F4xx_HAL_Driver/Src/stm32f4xx_hal_rcc.c.obj (__aeabi_uldivmod)
/Applications/ArmGNUToolchain/13.3.rel1/arm-none-eabi/bin/../lib/gcc/arm-none-eabi/13.3.1/thumb/v7e-m+fp/hard/libgcc.a(_fixdfdi.o)
                              CMakeFiles/NUCLEO-F429ZI.elf.dir/Middlewares/Third_Party/MQTT-C/source/mqttc.c.obj (__aeabi_d2lz)
/Applications/ArmGNUToolchain/13.3.rel1/arm-none-eabi/bin/../lib/gcc/arm-none-eabi/13.3.1/thumb/v7e-m+fp/hard/libgcc.a(_fixunsdfdi.o)
                              /Applications/ArmGNUToolchain/13.3.rel1/arm-none-eabi/bin/../lib/gcc/arm-none-eabi/13.3.1/thumb/v7e-m+fp/hard/libgcc.a(_fixdfdi.o) (__aeabi_d2ulz)
/Applications/ArmGNUToolchain/13.3.rel1/arm-none-eabi/bin/../lib/gcc/arm-none-eabi/13.3.1/thumb/v7e-m+fp/hard/libgcc.a(_udivmoddi4.o)
                              /Applications/ArmGNUToolchain/13.3.rel1/arm-none-eabi/bin/../lib/gcc/arm-none-eabi/13.3.1/thumb/v7e-m+fp/hard/libgcc.a(_aeabi_uldivmod.o) (__udivmoddi4)
/Applications/ArmGNUToolchain/13.3.rel1/arm-none-eabi/bin/../lib/gcc/arm-none-eabi/13.3.1/thumb/v7e-m+fp/hard/libgcc.a(_dvmd_tls.o)
                              /Applications/ArmGNUToolchain/13.3.rel1/arm-none-eabi/bin/../lib/gcc/arm-none-eabi/13.3.1/thumb/v7e-m+fp/hard/libgcc.a(_aeabi_uldivmod.o) (__aeabi_ldiv0)
/Applications/ArmGNUToolchain/13.3.rel1/arm-none-eabi/bin/../lib/gcc/arm-none-eabi/13.3.1/../../../../arm-none-eabi/lib/thumb/v7e-m+fp/hard/libg.a(libc_a-atof.o)
                              CMakeFiles/NUCLEO-F429ZI.elf.dir/reactive-framework/salt/utilities/parser/sim900/sim900parser.c.obj (atof)
/Applications/ArmGNUToolchain/13.3.rel1/arm-none-eabi/bin/../lib/gcc/arm-none-eabi/13.3.1/../../../../arm-none-eabi/lib/thumb/v7e-m+fp/hard/libg.a(libc_a-atoi.o)
                              CMakeFiles/NUCLEO-F429ZI.elf.dir/Middlewares/Third_Party/LwIP/src/core/netif.c.obj (atoi)
/Applications/ArmGNUToolchain/13.3.rel1/arm-none-eabi/bin/../lib/gcc/arm-none-eabi/13.3.1/../../../../arm-none-eabi/lib/thumb/v7e-m+fp/hard/libg.a(libc_a-exit.o)
                              /Applications/ArmGNUToolchain/13.3.rel1/arm-none-eabi/bin/../lib/gcc/arm-none-eabi/13.3.1/../../../../arm-none-eabi/lib/thumb/v7e-m+fp/hard/crt0.o (exit)
/Applications/ArmGNUToolchain/13.3.rel1/arm-none-eabi/bin/../lib/gcc/arm-none-eabi/13.3.1/../../../../arm-none-eabi/lib/thumb/v7e-m+fp/hard/libg.a(libc_a-rand.o)
                              CMakeFiles/NUCLEO-F429ZI.elf.dir/Middlewares/Third_Party/LwIP/src/core/ipv4/dhcp.c.obj (rand)
/Applications/ArmGNUToolchain/13.3.rel1/arm-none-eabi/bin/../lib/gcc/arm-none-eabi/13.3.1/../../../../arm-none-eabi/lib/thumb/v7e-m+fp/hard/libg.a(libc_a-printf.o)
                              CMakeFiles/NUCLEO-F429ZI.elf.dir/LWIP/Target/ethernetif.c.obj (printf)
[...]
Memory Configuration

Name             Origin             Length             Attributes
CCMRAM           0x10000000         0x00010000         xrw
RAM              0x20000000         0x00030000         xrw
FLASH            0x08000000         0x00200000         xr
*default*        0x00000000         0xffffffff

Linker script and memory map

LOAD /Applications/ArmGNUToolchain/13.3.rel1/arm-none-eabi/bin/../lib/gcc/arm-none-eabi/13.3.1/thumb/v7e-m+fp/hard/crti.o
LOAD /Applications/ArmGNUToolchain/13.3.rel1/arm-none-eabi/bin/../lib/gcc/arm-none-eabi/13.3.1/thumb/v7e-m+fp/hard/crtbegin.o
LOAD /Applications/ArmGNUToolchain/13.3.rel1/arm-none-eabi/bin/../lib/gcc/arm-none-eabi/13.3.1/../../../../arm-none-eabi/lib/thumb/v7e-m+fp/hard/crt0.o
LOAD CMakeFiles/NUCLEO-F429ZI.elf.dir/Core/Src/freertos.c.obj
LOAD CMakeFiles/NUCLEO-F429ZI.elf.dir/Core/Src/gpio.c.obj
LOAD CMakeFiles/NUCLEO-F429ZI.elf.dir/Core/Src/main.c.obj
LOAD CMakeFiles/NUCLEO-F429ZI.elf.dir/Core/Src/stm32f4xx_hal_msp.c.obj
LOAD CMakeFiles/NUCLEO-F429ZI.elf.dir/Core/Src/stm32f4xx_hal_timebase_tim.c.obj
LOAD CMakeFiles/NUCLEO-F429ZI.elf.dir/Core/Src/stm32f4xx_it.c.obj
LOAD CMakeFiles/NUCLEO-F429ZI.elf.dir/Core/Src/syscalls.c.obj
LOAD CMakeFiles/NUCLEO-F429ZI.elf.dir/Core/Src/sysmem.c.obj
LOAD CMakeFiles/NUCLEO-F429ZI.elf.dir/Core/Src/system_stm32f4xx.c.obj
LOAD CMakeFiles/NUCLEO-F429ZI.elf.dir/Core/Src/usart.c.obj
LOAD CMakeFiles/NUCLEO-F429ZI.elf.dir/Core/Src/usb_otg.c.obj
LOAD CMakeFiles/NUCLEO-F429ZI.elf.dir/Core/Startup/startup_stm32f429zitx.s.obj
LOAD CMakeFiles/NUCLEO-F429ZI.elf.dir/Drivers/BSP-Nucleo-144/stm32f4xx_nucleo_144.c.obj
LOAD CMakeFiles/NUCLEO-F429ZI.elf.dir/Drivers/BSP/Components/lan8742/lan8742.c.obj
LOAD CMakeFiles/NUCLEO-F429ZI.elf.dir/Drivers/STM32F4xx_HAL_Driver/Src/stm32f4xx_hal.c.obj
LOAD CMakeFiles/NUCLEO-F429ZI.elf.dir/Drivers/STM32F4xx_HAL_Driver/Src/stm32f4xx_hal_cortex.c.obj
LOAD CMakeFiles/NUCLEO-F429ZI.elf.dir/Drivers/STM32F4xx_HAL_Driver/Src/stm32f4xx_hal_dma.c.obj
LOAD CMakeFiles/NUCLEO-F429ZI.elf.dir/Drivers/STM32F4xx_HAL_Driver/Src/stm32f4xx_hal_dma_ex.c.obj
LOAD CMakeFiles/NUCLEO-F429ZI.elf.dir/Drivers/STM32F4xx_HAL_Driver/Src/stm32f4xx_hal_eth.c.obj
LOAD CMakeFiles/NUCLEO-F429ZI.elf.dir/Drivers/STM32F4xx_HAL_Driver/Src/stm32f4xx_hal_exti.c.obj
LOAD CMakeFiles/NUCLEO-F429ZI.elf.dir/Drivers/STM32F4xx_HAL_Driver/Src/stm32f4xx_hal_flash.c.obj
LOAD CMakeFiles/NUCLEO-F429ZI.elf.dir/Drivers/STM32F4xx_HAL_Driver/Src/stm32f4xx_hal_flash_ex.c.obj
LOAD CMakeFiles/NUCLEO-F429ZI.elf.dir/Drivers/STM32F4xx_HAL_Driver/Src/stm32f4xx_hal_flash_ramfunc.c.obj
LOAD CMakeFiles/NUCLEO-F429ZI.elf.dir/Drivers/STM32F4xx_HAL_Driver/Src/stm32f4xx_hal_gpio.c.obj
LOAD CMakeFiles/NUCLEO-F429ZI.elf.dir/Drivers/STM32F4xx_HAL_Driver/Src/stm32f4xx_hal_pcd.c.obj
LOAD CMakeFiles/NUCLEO-F429ZI.elf.dir/Drivers/STM32F4xx_HAL_Driver/Src/stm32f4xx_hal_pcd_ex.c.obj
LOAD CMakeFiles/NUCLEO-F429ZI.elf.dir/Drivers/STM32F4xx_HAL_Driver/Src/stm32f4xx_hal_pwr.c.obj
LOAD CMakeFiles/NUCLEO-F429ZI.elf.dir/Drivers/STM32F4xx_HAL_Driver/Src/stm32f4xx_hal_pwr_ex.c.obj
LOAD CMakeFiles/NUCLEO-F429ZI.elf.dir/Drivers/STM32F4xx_HAL_Driver/Src/stm32f4xx_hal_rcc.c.obj
LOAD CMakeFiles/NUCLEO-F429ZI.elf.dir/Drivers/STM32F4xx_HAL_Driver/Src/stm32f4xx_hal_rcc_ex.c.obj
LOAD CMakeFiles/NUCLEO-F429ZI.elf.dir/Drivers/STM32F4xx_HAL_Driver/Src/stm32f4xx_hal_tim.c.obj
LOAD CMakeFiles/NUCLEO-F429ZI.elf.dir/Drivers/STM32F4xx_HAL_Driver/Src/stm32f4xx_hal_tim_ex.c.obj
LOAD CMakeFiles/NUCLEO-F429ZI.elf.dir/Drivers/STM32F4xx_HAL_Driver/Src/stm32f4xx_hal_uart.c.obj
LOAD CMakeFiles/NUCLEO-F429ZI.elf.dir/Drivers/STM32F4xx_HAL_Driver/Src/stm32f4xx_ll_usb.c.obj
LOAD CMakeFiles/NUCLEO-F429ZI.elf.dir/LWIP/App/lwip.c.obj
LOAD CMakeFiles/NUCLEO-F429ZI.elf.dir/LWIP/Target/ethernetif.c.obj
LOAD CMakeFiles/NUCLEO-F429ZI.elf.dir/Middlewares/Third_Party/LwIP/src/api/api_lib.c.obj
LOAD CMakeFiles/NUCLEO-F429ZI.elf.dir/Middlewares/Third_Party/LwIP/src/api/api_msg.c.obj
LOAD CMakeFiles/NUCLEO-F429ZI.elf.dir/Middlewares/Third_Party/LwIP/src/api/err.c.obj
LOAD CMakeFiles/NUCLEO-F429ZI.elf.dir/Middlewares/Third_Party/LwIP/src/api/if_api.c.obj
LOAD CMakeFiles/NUCLEO-F429ZI.elf.dir/Middlewares/Third_Party/LwIP/src/api/netbuf.c.obj
LOAD CMakeFiles/NUCLEO-F429ZI.elf.dir/Middlewares/Third_Party/LwIP/src/api/netdb.c.obj
LOAD CMakeFiles/NUCLEO-F429ZI.elf.dir/Middlewares/Third_Party/LwIP/src/api/netifapi.c.obj
LOAD CMakeFiles/NUCLEO-F429ZI.elf.dir/Middlewares/Third_Party/LwIP/src/api/sockets.c.obj
LOAD CMakeFiles/NUCLEO-F429ZI.elf.dir/Middlewares/Third_Party/LwIP/src/api/tcpip.c.obj
LOAD CMakeFiles/NUCLEO-F429ZI.elf.dir/Middlewares/Third_Party/LwIP/src/apps/mqtt/mqtt.c.obj
LOAD CMakeFiles/NUCLEO-F429ZI.elf.dir/Middlewares/Third_Party/LwIP/src/core/altcp.c.obj
LOAD CMakeFiles/NUCLEO-F429ZI.elf.dir/Middlewares/Third_Party/LwIP/src/core/altcp_alloc.c.obj
LOAD CMakeFiles/NUCLEO-F429ZI.elf.dir/Middlewares/Third_Party/LwIP/src/core/altcp_tcp.c.obj
LOAD CMakeFiles/NUCLEO-F429ZI.elf.dir/Middlewares/Third_Party/LwIP/src/core/def.c.obj
LOAD CMakeFiles/NUCLEO-F429ZI.elf.dir/Middlewares/Third_Party/LwIP/src/core/dns.c.obj
LOAD CMakeFiles/NUCLEO-F429ZI.elf.dir/Middlewares/Third_Party/LwIP/src/core/inet_chksum.c.obj
LOAD CMakeFiles/NUCLEO-F429ZI.elf.dir/Middlewares/Third_Party/LwIP/src/core/init.c.obj
LOAD CMakeFiles/NUCLEO-F429ZI.elf.dir/Middlewares/Third_Party/LwIP/src/core/ip.c.obj
LOAD CMakeFiles/NUCLEO-F429ZI.elf.dir/Middlewares/Third_Party/LwIP/src/core/ipv4/autoip.c.obj
LOAD CMakeFiles/NUCLEO-F429ZI.elf.dir/Middlewares/Third_Party/LwIP/src/core/ipv4/dhcp.c.obj
LOAD CMakeFiles/NUCLEO-F429ZI.elf.dir/Middlewares/Third_Party/LwIP/src/core/ipv4/etharp.c.obj
LOAD CMakeFiles/NUCLEO-F429ZI.elf.dir/Middlewares/Third_Party/LwIP/src/core/ipv4/icmp.c.obj
LOAD CMakeFiles/NUCLEO-F429ZI.elf.dir/Middlewares/Third_Party/LwIP/src/core/ipv4/igmp.c.obj
LOAD CMakeFiles/NUCLEO-F429ZI.elf.dir/Middlewares/Third_Party/LwIP/src/core/ipv4/ip4.c.obj
LOAD CMakeFiles/NUCLEO-F429ZI.elf.dir/Middlewares/Third_Party/LwIP/src/core/ipv4/ip4_addr.c.obj
LOAD CMakeFiles/NUCLEO-F429ZI.elf.dir/Middlewares/Third_Party/LwIP/src/core/ipv4/ip4_frag.c.obj
LOAD CMakeFiles/NUCLEO-F429ZI.elf.dir/Middlewares/Third_Party/LwIP/src/core/ipv6/dhcp6.c.obj
LOAD CMakeFiles/NUCLEO-F429ZI.elf.dir/Middlewares/Third_Party/LwIP/src/core/ipv6/ethip6.c.obj
LOAD CMakeFiles/NUCLEO-F429ZI.elf.dir/Middlewares/Third_Party/LwIP/src/core/ipv6/icmp6.c.obj
LOAD CMakeFiles/NUCLEO-F429ZI.elf.dir/Middlewares/Third_Party/LwIP/src/core/ipv6/inet6.c.obj
LOAD CMakeFiles/NUCLEO-F429ZI.elf.dir/Middlewares/Third_Party/LwIP/src/core/ipv6/ip6.c.obj
LOAD CMakeFiles/NUCLEO-F429ZI.elf.dir/Middlewares/Third_Party/LwIP/src/core/ipv6/ip6_addr.c.obj
LOAD CMakeFiles/NUCLEO-F429ZI.elf.dir/Middlewares/Third_Party/LwIP/src/core/ipv6/ip6_frag.c.obj
LOAD CMakeFiles/NUCLEO-F429ZI.elf.dir/Middlewares/Third_Party/LwIP/src/core/ipv6/mld6.c.obj
LOAD CMakeFiles/NUCLEO-F429ZI.elf.dir/Middlewares/Third_Party/LwIP/src/core/ipv6/nd6.c.obj
LOAD CMakeFiles/NUCLEO-F429ZI.elf.dir/Middlewares/Third_Party/LwIP/src/core/mem.c.obj
LOAD CMakeFiles/NUCLEO-F429ZI.elf.dir/Middlewares/Third_Party/LwIP/src/core/memp.c.obj
LOAD CMakeFiles/NUCLEO-F429ZI.elf.dir/Middlewares/Third_Party/LwIP/src/core/netif.c.obj
LOAD CMakeFiles/NUCLEO-F429ZI.elf.dir/Middlewares/Third_Party/LwIP/src/core/pbuf.c.obj
LOAD CMakeFiles/NUCLEO-F429ZI.elf.dir/Middlewares/Third_Party/LwIP/src/core/raw.c.obj
LOAD CMakeFiles/NUCLEO-F429ZI.elf.dir/Middlewares/Third_Party/LwIP/src/core/stats.c.obj
LOAD CMakeFiles/NUCLEO-F429ZI.elf.dir/Middlewares/Third_Party/LwIP/src/core/sys.c.obj
LOAD CMakeFiles/NUCLEO-F429ZI.elf.dir/Middlewares/Third_Party/LwIP/src/core/tcp.c.obj
LOAD CMakeFiles/NUCLEO-F429ZI.elf.dir/Middlewares/Third_Party/LwIP/src/core/tcp_in.c.obj
LOAD CMakeFiles/NUCLEO-F429ZI.elf.dir/Middlewares/Third_Party/LwIP/src/core/tcp_out.c.obj
LOAD CMakeFiles/NUCLEO-F429ZI.elf.dir/Middlewares/Third_Party/LwIP/src/core/timeouts.c.obj
LOAD CMakeFiles/NUCLEO-F429ZI.elf.dir/Middlewares/Third_Party/LwIP/src/core/udp.c.obj
LOAD CMakeFiles/NUCLEO-F429ZI.elf.dir/Middlewares/Third_Party/LwIP/src/netif/bridgeif.c.obj
LOAD CMakeFiles/NUCLEO-F429ZI.elf.dir/Middlewares/Third_Party/LwIP/src/netif/bridgeif_fdb.c.obj
LOAD CMakeFiles/NUCLEO-F429ZI.elf.dir/Middlewares/Third_Party/LwIP/src/netif/ethernet.c.obj
LOAD CMakeFiles/NUCLEO-F429ZI.elf.dir/Middlewares/Third_Party/LwIP/src/netif/lowpan6.c.obj
LOAD CMakeFiles/NUCLEO-F429ZI.elf.dir/Middlewares/Third_Party/LwIP/src/netif/lowpan6_ble.c.obj
LOAD CMakeFiles/NUCLEO-F429ZI.elf.dir/Middlewares/Third_Party/LwIP/src/netif/lowpan6_common.c.obj
LOAD CMakeFiles/NUCLEO-F429ZI.elf.dir/Middlewares/Third_Party/LwIP/src/netif/ppp/auth.c.obj
LOAD CMakeFiles/NUCLEO-F429ZI.elf.dir/Middlewares/Third_Party/LwIP/src/netif/ppp/ccp.c.obj
LOAD CMakeFiles/NUCLEO-F429ZI.elf.dir/Middlewares/Third_Party/LwIP/src/netif/ppp/chap-md5.c.obj
LOAD CMakeFiles/NUCLEO-F429ZI.elf.dir/Middlewares/Third_Party/LwIP/src/netif/ppp/chap-new.c.obj
LOAD CMakeFiles/NUCLEO-F429ZI.elf.dir/Middlewares/Third_Party/LwIP/src/netif/ppp/chap_ms.c.obj
LOAD CMakeFiles/NUCLEO-F429ZI.elf.dir/Middlewares/Third_Party/LwIP/src/netif/ppp/demand.c.obj
LOAD CMakeFiles/NUCLEO-F429ZI.elf.dir/Middlewares/Third_Party/LwIP/src/netif/ppp/eap.c.obj
LOAD CMakeFiles/NUCLEO-F429ZI.elf.dir/Middlewares/Third_Party/LwIP/src/netif/ppp/ecp.c.obj
LOAD CMakeFiles/NUCLEO-F429ZI.elf.dir/Middlewares/Third_Party/LwIP/src/netif/ppp/eui64.c.obj
LOAD CMakeFiles/NUCLEO-F429ZI.elf.dir/Middlewares/Third_Party/LwIP/src/netif/ppp/fsm.c.obj
LOAD CMakeFiles/NUCLEO-F429ZI.elf.dir/Middlewares/Third_Party/LwIP/src/netif/ppp/ipcp.c.obj
LOAD CMakeFiles/NUCLEO-F429ZI.elf.dir/Middlewares/Third_Party/LwIP/src/netif/ppp/ipv6cp.c.obj
LOAD CMakeFiles/NUCLEO-F429ZI.elf.dir/Middlewares/Third_Party/LwIP/src/netif/ppp/lcp.c.obj
LOAD CMakeFiles/NUCLEO-F429ZI.elf.dir/Middlewares/Third_Party/LwIP/src/netif/ppp/magic.c.obj
LOAD CMakeFiles/NUCLEO-F429ZI.elf.dir/Middlewares/Third_Party/LwIP/src/netif/ppp/mppe.c.obj
LOAD CMakeFiles/NUCLEO-F429ZI.elf.dir/Middlewares/Third_Party/LwIP/src/netif/ppp/multilink.c.obj
LOAD CMakeFiles/NUCLEO-F429ZI.elf.dir/Middlewares/Third_Party/LwIP/src/netif/ppp/ppp.c.obj
LOAD CMakeFiles/NUCLEO-F429ZI.elf.dir/Middlewares/Third_Party/LwIP/src/netif/ppp/pppapi.c.obj
LOAD CMakeFiles/NUCLEO-F429ZI.elf.dir/Middlewares/Third_Party/LwIP/src/netif/ppp/pppcrypt.c.obj
LOAD CMakeFiles/NUCLEO-F429ZI.elf.dir/Middlewares/Third_Party/LwIP/src/netif/ppp/pppoe.c.obj
LOAD CMakeFiles/NUCLEO-F429ZI.elf.dir/Middlewares/Third_Party/LwIP/src/netif/ppp/pppol2tp.c.obj
LOAD CMakeFiles/NUCLEO-F429ZI.elf.dir/Middlewares/Third_Party/LwIP/src/netif/ppp/pppos.c.obj
LOAD CMakeFiles/NUCLEO-F429ZI.elf.dir/Middlewares/Third_Party/LwIP/src/netif/ppp/upap.c.obj
LOAD CMakeFiles/NUCLEO-F429ZI.elf.dir/Middlewares/Third_Party/LwIP/src/netif/ppp/utils.c.obj
LOAD CMakeFiles/NUCLEO-F429ZI.elf.dir/Middlewares/Third_Party/LwIP/src/netif/ppp/vj.c.obj
LOAD CMakeFiles/NUCLEO-F429ZI.elf.dir/Middlewares/Third_Party/LwIP/src/netif/slipif.c.obj
LOAD CMakeFiles/NUCLEO-F429ZI.elf.dir/Middlewares/Third_Party/LwIP/src/netif/zepif.c.obj
LOAD CMakeFiles/NUCLEO-F429ZI.elf.dir/Middlewares/Third_Party/LwIP/system/OS/sys_arch.c.obj
LOAD CMakeFiles/NUCLEO-F429ZI.elf.dir/Middlewares/Third_Party/MQTT-C/source/mqttc.c.obj
LOAD CMakeFiles/NUCLEO-F429ZI.elf.dir/Middlewares/Third_Party/MQTT-C/source/mqttc_pal.c.obj
LOAD CMakeFiles/NUCLEO-F429ZI.elf.dir/Middlewares/Third_Party/jWrite/jWrite/jWrite.c.obj
LOAD CMakeFiles/NUCLEO-F429ZI.elf.dir/Middlewares/Third_Party/jWrite/jWrite/main.c.obj
LOAD CMakeFiles/NUCLEO-F429ZI.elf.dir/Middlewares/Third_Party/rkh/source/fwk/src/rkhfwk_bittbl.c.obj
LOAD CMakeFiles/NUCLEO-F429ZI.elf.dir/Middlewares/Third_Party/rkh/source/fwk/src/rkhfwk_dynevt.c.obj
LOAD CMakeFiles/NUCLEO-F429ZI.elf.dir/Middlewares/Third_Party/rkh/source/fwk/src/rkhfwk_evtpool.c.obj
LOAD CMakeFiles/NUCLEO-F429ZI.elf.dir/Middlewares/Third_Party/rkh/source/fwk/src/rkhfwk_pubsub.c.obj
LOAD CMakeFiles/NUCLEO-F429ZI.elf.dir/Middlewares/Third_Party/rkh/source/fwk/src/rkhfwk_rdygrp.c.obj
LOAD CMakeFiles/NUCLEO-F429ZI.elf.dir/Middlewares/Third_Party/rkh/source/fwk/src/rkhfwk_sched.c.obj
LOAD CMakeFiles/NUCLEO-F429ZI.elf.dir/Middlewares/Third_Party/rkh/source/fwk/src/rkhfwk_version.c.obj
LOAD CMakeFiles/NUCLEO-F429ZI.elf.dir/Middlewares/Third_Party/rkh/source/mempool/src/rkhmempool.c.obj
LOAD CMakeFiles/NUCLEO-F429ZI.elf.dir/Middlewares/Third_Party/rkh/source/portable/arm-cortex/rkhs/arm_cm4f/stm32/rkhport.c.obj
LOAD CMakeFiles/NUCLEO-F429ZI.elf.dir/Middlewares/Third_Party/rkh/source/queue/src/rkhqueue.c.obj
LOAD CMakeFiles/NUCLEO-F429ZI.elf.dir/Middlewares/Third_Party/rkh/source/sm/src/rkhsm.c.obj
LOAD CMakeFiles/NUCLEO-F429ZI.elf.dir/Middlewares/Third_Party/rkh/source/sma/src/rkhsma.c.obj
LOAD CMakeFiles/NUCLEO-F429ZI.elf.dir/Middlewares/Third_Party/rkh/source/sma/src/rkhsma_prio.c.obj
LOAD CMakeFiles/NUCLEO-F429ZI.elf.dir/Middlewares/Third_Party/rkh/source/sma/src/rkhsma_sync.c.obj
LOAD CMakeFiles/NUCLEO-F429ZI.elf.dir/Middlewares/Third_Party/rkh/source/tmr/src/rkhtmr.c.obj
LOAD CMakeFiles/NUCLEO-F429ZI.elf.dir/Middlewares/Third_Party/rkh/source/trc/src/rkhtrc_filter.c.obj
LOAD CMakeFiles/NUCLEO-F429ZI.elf.dir/Middlewares/Third_Party/rkh/source/trc/src/rkhtrc_record.c.obj
LOAD CMakeFiles/NUCLEO-F429ZI.elf.dir/Middlewares/Third_Party/rkh/source/trc/src/rkhtrc_stream.c.obj
LOAD CMakeFiles/NUCLEO-F429ZI.elf.dir/reactive-framework/blinky/blinky.c.obj
LOAD CMakeFiles/NUCLEO-F429ZI.elf.dir/reactive-framework/blinky/bsp/assert.c.obj
LOAD CMakeFiles/NUCLEO-F429ZI.elf.dir/reactive-framework/blinky/bsp/bsp_blinky.c.obj
LOAD CMakeFiles/NUCLEO-F429ZI.elf.dir/reactive-framework/blinky/bsp/hook.c.obj
LOAD CMakeFiles/NUCLEO-F429ZI.elf.dir/reactive-framework/salt/bsp/bsp.c.obj
LOAD CMakeFiles/NUCLEO-F429ZI.elf.dir/reactive-framework/salt/configuration/saltCfg.c.obj
LOAD CMakeFiles/NUCLEO-F429ZI.elf.dir/reactive-framework/salt/peripherals/analog-inputs/anIn.c.obj
LOAD CMakeFiles/NUCLEO-F429ZI.elf.dir/reactive-framework/salt/peripherals/ihm/buzzer.c.obj
LOAD CMakeFiles/NUCLEO-F429ZI.elf.dir/reactive-framework/salt/peripherals/ledPanel/ledPanel.c.obj
LOAD CMakeFiles/NUCLEO-F429ZI.elf.dir/reactive-framework/salt/peripherals/module-command/modcmdSim900.c.obj
LOAD CMakeFiles/NUCLEO-F429ZI.elf.dir/reactive-framework/salt/peripherals/module-power/modpwr.c.obj
LOAD CMakeFiles/NUCLEO-F429ZI.elf.dir/reactive-framework/salt/peripherals/pulse-counter/pulseCounter.c.obj
LOAD CMakeFiles/NUCLEO-F429ZI.elf.dir/reactive-framework/salt/peripherals/relay-control/relay.c.obj
LOAD CMakeFiles/NUCLEO-F429ZI.elf.dir/reactive-framework/salt/peripherals/serial/serial.c.obj
LOAD CMakeFiles/NUCLEO-F429ZI.elf.dir/reactive-framework/salt/peripherals/sim808/sim808.c.obj
LOAD CMakeFiles/NUCLEO-F429ZI.elf.dir/reactive-framework/salt/peripherals/teloc/teloc.c.obj
LOAD CMakeFiles/NUCLEO-F429ZI.elf.dir/reactive-framework/salt/state-machines/connector-manager/conmgr.c.obj
LOAD CMakeFiles/NUCLEO-F429ZI.elf.dir/reactive-framework/salt/state-machines/logic/logic.c.obj
LOAD CMakeFiles/NUCLEO-F429ZI.elf.dir/reactive-framework/salt/state-machines/module-manager/modmgr.c.obj
LOAD CMakeFiles/NUCLEO-F429ZI.elf.dir/reactive-framework/salt/state-machines/mqtt-protocol/mqttProt.c.obj
LOAD CMakeFiles/NUCLEO-F429ZI.elf.dir/reactive-framework/salt/utilities/aes/aes.c.obj
LOAD CMakeFiles/NUCLEO-F429ZI.elf.dir/reactive-framework/salt/utilities/date/date.c.obj
LOAD CMakeFiles/NUCLEO-F429ZI.elf.dir/reactive-framework/salt/utilities/emaFilter/emaFilter.c.obj
LOAD CMakeFiles/NUCLEO-F429ZI.elf.dir/reactive-framework/salt/utilities/epoch/epoch.c.obj
LOAD CMakeFiles/NUCLEO-F429ZI.elf.dir/reactive-framework/salt/utilities/mTime/mTime.c.obj
LOAD CMakeFiles/NUCLEO-F429ZI.elf.dir/reactive-framework/salt/utilities/mTime/mTimeTbl.c.obj
LOAD CMakeFiles/NUCLEO-F429ZI.elf.dir/reactive-framework/salt/utilities/parser/salt-command/saltCmd.c.obj
LOAD CMakeFiles/NUCLEO-F429ZI.elf.dir/reactive-framework/salt/utilities/parser/sim900/sim900parser.c.obj
LOAD CMakeFiles/NUCLEO-F429ZI.elf.dir/reactive-framework/salt/utilities/publisher/publisher.c.obj
LOAD CMakeFiles/NUCLEO-F429ZI.elf.dir/reactive-framework/salt/utilities/rtime/rtime.c.obj
LOAD CMakeFiles/NUCLEO-F429ZI.elf.dir/reactive-framework/salt/utilities/ssp/src/ssp.c.obj
LOAD CMakeFiles/NUCLEO-F429ZI.elf.dir/reactive-framework/salt/utilities/ssp/tests/ssp/stub/mocks/Mocktree_actions.c.obj
LOAD CMakeFiles/NUCLEO-F429ZI.elf.dir/reactive-framework/salt/utilities/ssp/tests/ssp/test_runners/all_tests.c.obj
LOAD CMakeFiles/NUCLEO-F429ZI.elf.dir/reactive-framework/salt/utilities/ssp/tests/ssp/test_runners/test_ssp_runner.c.obj
LOAD CMakeFiles/NUCLEO-F429ZI.elf.dir/reactive-framework/salt/utilities/ssp/tests/ssp/test_ssp.c.obj
LOAD CMakeFiles/NUCLEO-F429ZI.elf.dir/reactive-framework/salt/utilities/ssp/tools/cmock/cmock.c.obj
LOAD CMakeFiles/NUCLEO-F429ZI.elf.dir/reactive-framework/salt/utilities/ssp/tools/unity/fixture/unity_fixture.c.obj
LOAD CMakeFiles/NUCLEO-F429ZI.elf.dir/reactive-framework/salt/utilities/ssp/tools/unity/unity.c.obj
START GROUP
LOAD /Applications/ArmGNUToolchain/13.3.rel1/arm-none-eabi/bin/../lib/gcc/arm-none-eabi/13.3.1/thumb/v7e-m+fp/hard/libgcc.a
LOAD /Applications/ArmGNUToolchain/13.3.rel1/arm-none-eabi/bin/../lib/gcc/arm-none-eabi/13.3.1/../../../../arm-none-eabi/lib/thumb/v7e-m+fp/hard/libg.a
LOAD /Applications/ArmGNUToolchain/13.3.rel1/arm-none-eabi/bin/../lib/gcc/arm-none-eabi/13.3.1/../../../../arm-none-eabi/lib/thumb/v7e-m+fp/hard/libc.a
END GROUP
LOAD /Applications/ArmGNUToolchain/13.3.rel1/arm-none-eabi/bin/../lib/gcc/arm-none-eabi/13.3.1/thumb/v7e-m+fp/hard/crtend.o
LOAD /Applications/ArmGNUToolchain/13.3.rel1/arm-none-eabi/bin/../lib/gcc/arm-none-eabi/13.3.1/thumb/v7e-m+fp/hard/crtn.o
                0x20030000                        _estack = (ORIGIN (RAM) + LENGTH (RAM))
                0x00000200                        _Min_Heap_Size = 0x200
                0x00000400                        _Min_Stack_Size = 0x400

.isr_vector     0x08000000      0x1ac
                0x08000000                        . = ALIGN (0x4)
 *(.isr_vector)
 .isr_vector    0x08000000      0x1ac CMakeFiles/NUCLEO-F429ZI.elf.dir/Core/Startup/startup_stm32f429zitx.s.obj
                0x08000000                g_pfnVectors
                0x080001ac                        . = ALIGN (0x4)

.text           0x080001c0     0x96a4
                0x080001c0                        . = ALIGN (0x4)
 *(.text)
 .text          0x080001c0      0x378 /Applications/ArmGNUToolchain/13.3.rel1/arm-none-eabi/bin/../lib/gcc/arm-none-eabi/13.3.1/thumb/v7e-m+fp/hard/libgcc.a(_arm_addsubdf3.o)
                0x080001c0                __aeabi_drsub
                0x080001c8                __subdf3
                0x080001c8                __aeabi_dsub
                0x080001cc                __aeabi_dadd
                0x080001cc                __adddf3
                0x08000444                __aeabi_ui2d
                0x08000444                __floatunsidf
                0x08000464                __floatsidf
                0x08000464                __aeabi_i2d
                0x08000488                __extendsfdf2
                0x08000488                __aeabi_f2d
                0x080004cc                __aeabi_ul2d
                0x080004cc                __floatundidf
                0x080004dc                __aeabi_l2d
                0x080004dc                __floatdidf
 .text          0x08000538      0x424 /Applications/ArmGNUToolchain/13.3.rel1/arm-none-eabi/bin/../lib/gcc/arm-none-eabi/13.3.1/thumb/v7e-m+fp/hard/libgcc.a(_arm_muldivdf3.o)
                0x08000538                __aeabi_dmul
                0x08000538                __muldf3
                0x0800078c                __aeabi_ddiv
                0x0800078c                __divdf3
 .text          0x0800095c      0x110 /Applications/ArmGNUToolchain/13.3.rel1/arm-none-eabi/bin/../lib/gcc/arm-none-eabi/13.3.1/thumb/v7e-m+fp/hard/libgcc.a(_arm_cmpdf2.o)
                0x0800095c                __gedf2
                0x0800095c                __gtdf2
                0x08000964                __ledf2
                0x08000964                __ltdf2
                0x0800096c                __cmpdf2
                0x0800096c                __eqdf2
                0x0800096c                __nedf2
                0x080009e8                __aeabi_cdrcmple
                0x080009f8                __aeabi_cdcmple
                0x080009f8                __aeabi_cdcmpeq
                0x08000a08                __aeabi_dcmpeq
                0x08000a1c                __aeabi_dcmplt
                0x08000a30                __aeabi_dcmple
                0x08000a44                __aeabi_dcmpge
                0x08000a58                __aeabi_dcmpgt
 .text          0x08000a6c       0x50 /Applications/ArmGNUToolchain/13.3.rel1/arm-none-eabi/bin/../lib/gcc/arm-none-eabi/13.3.1/thumb/v7e-m+fp/hard/libgcc.a(_arm_fixdfsi.o)
                0x08000a6c                __fixdfsi
                0x08000a6c                __aeabi_d2iz
 .text          0x08000abc       0x30 /Applications/ArmGNUToolchain/13.3.rel1/arm-none-eabi/bin/../lib/gcc/arm-none-eabi/13.3.1/thumb/v7e-m+fp/hard/libgcc.a(_aeabi_uldivmod.o)
                0x08000abc                __aeabi_uldivmod
 .text          0x08000aec        0x4 /Applications/ArmGNUToolchain/13.3.rel1/arm-none-eabi/bin/../lib/gcc/arm-none-eabi/13.3.1/thumb/v7e-m+fp/hard/libgcc.a(_dvmd_tls.o)
                0x08000aec                __aeabi_ldiv0
                0x08000aec                __aeabi_idiv0
 .text          0x08000af0      0x134 /Applications/ArmGNUToolchain/13.3.rel1/arm-none-eabi/bin/../lib/gcc/arm-none-eabi/13.3.1/../../../../arm-none-eabi/lib/thumb/v7e-m+fp/hard/libg.a(libc_a-memcpy.o)
                0x08000af0                memcpy
 *fill*         0x08000c24       0x1c 
 .text          0x08000c40       0xd8 /Applications/ArmGNUToolchain/13.3.rel1/arm-none-eabi/bin/../lib/gcc/arm-none-eabi/13.3.1/../../../../arm-none-eabi/lib/thumb/v7e-m+fp/hard/libg.a(libc_a-strlen.o)
                0x08000c40                strlen
 *fill*         0x08000d18        0x8 
 .text          0x08000d20       0xa0 /Applications/ArmGNUToolchain/13.3.rel1/arm-none-eabi/bin/../lib/gcc/arm-none-eabi/13.3.1/../../../../arm-none-eabi/lib/thumb/v7e-m+fp/hard/libg.a(libc_a-memchr.o)
                0x08000d20                memchr
 .text          0x08000dc0       0x2c /Applications/ArmGNUToolchain/13.3.rel1/arm-none-eabi/bin/../lib/gcc/arm-none-eabi/13.3.1/thumb/v7e-m+fp/hard/libgcc.a(_arm_unorddf2.o)
                0x08000dc0                __aeabi_dcmpun
                0x08000dc0                __unorddf2
 *(.text*)
 .text.deregister_tm_clones
                0x08000dec       0x1c /Applications/ArmGNUToolchain/13.3.rel1/arm-none-eabi/bin/../lib/gcc/arm-none-eabi/13.3.1/thumb/v7e-m+fp/hard/crtbegin.o
 .text.register_tm_clones
                0x08000e08       0x24 /Applications/ArmGNUToolchain/13.3.rel1/arm-none-eabi/bin/../lib/gcc/arm-none-eabi/13.3.1/thumb/v7e-m+fp/hard/crtbegin.o
 .text.__do_global_dtors_aux
                0x08000e2c       0x28 /Applications/ArmGNUToolchain/13.3.rel1/arm-none-eabi/bin/../lib/gcc/arm-none-eabi/13.3.1/thumb/v7e-m+fp/hard/crtbegin.o
 .text.frame_dummy
                0x08000e54       0x24 /Applications/ArmGNUToolchain/13.3.rel1/arm-none-eabi/bin/../lib/gcc/arm-none-eabi/13.3.1/thumb/v7e-m+fp/hard/crtbegin.o
 .text.MX_GPIO_Init
                0x08000e78      0x108 CMakeFiles/NUCLEO-F429ZI.elf.dir/Core/Src/gpio.c.obj
                0x08000e78                MX_GPIO_Init
 .text.__io_putchar
                0x08000f80       0x20 CMakeFiles/NUCLEO-F429ZI.elf.dir/Core/Src/main.c.obj
                0x08000f80                __io_putchar
 .text.HAL_TIM_PeriodElapsedCallback
                0x08000fa0       0x18 CMakeFiles/NUCLEO-F429ZI.elf.dir/Core/Src/main.c.obj
                0x08000fa0                HAL_TIM_PeriodElapsedCallback
 .text.Error_Handler
                0x08000fb8        0x4 CMakeFiles/NUCLEO-F429ZI.elf.dir/Core/Src/main.c.obj
                0x08000fb8                Error_Handler
 .text.SystemClock_Config
                0x08000fbc       0xa8 CMakeFiles/NUCLEO-F429ZI.elf.dir/Core/Src/main.c.obj
                0x08000fbc                SystemClock_Config
 .text.main     0x08001064       0x44 CMakeFiles/NUCLEO-F429ZI.elf.dir/Core/Src/main.c.obj
                0x08001064                main
 .text.HAL_MspInit
                0x080010a8       0x44 CMakeFiles/NUCLEO-F429ZI.elf.dir/Core/Src/stm32f4xx_hal_msp.c.obj
                0x080010a8                HAL_MspInit
 .text.HAL_InitTick
                0x080010ec       0xa4 CMakeFiles/NUCLEO-F429ZI.elf.dir/Core/Src/stm32f4xx_hal_timebase_tim.c.obj
                0x080010ec                HAL_InitTick
 .text.NMI_Handler
                0x08001190        0x2 CMakeFiles/NUCLEO-F429ZI.elf.dir/Core/Src/stm32f4xx_it.c.obj
                0x08001190                NMI_Handler
 .text.HardFault_Handler
                0x08001192        0x2 CMakeFiles/NUCLEO-F429ZI.elf.dir/Core/Src/stm32f4xx_it.c.obj
                0x08001192                HardFault_Handler
 .text.MemManage_Handler
                0x08001194        0x2 CMakeFiles/NUCLEO-F429ZI.elf.dir/Core/Src/stm32f4xx_it.c.obj
                0x08001194                MemManage_Handler
 .text.BusFault_Handler
                0x08001196        0x2 CMakeFiles/NUCLEO-F429ZI.elf.dir/Core/Src/stm32f4xx_it.c.obj
                0x08001196                BusFault_Handler
 .text.UsageFault_Handler
                0x08001198        0x2 CMakeFiles/NUCLEO-F429ZI.elf.dir/Core/Src/stm32f4xx_it.c.obj
                0x08001198                UsageFault_Handler
 .text.DebugMon_Handler
                0x0800119a        0x2 CMakeFiles/NUCLEO-F429ZI.elf.dir/Core/Src/stm32f4xx_it.c.obj
                0x0800119a                DebugMon_Handler
 .text.TIM6_DAC_IRQHandler
                0x0800119c       0x10 CMakeFiles/NUCLEO-F429ZI.elf.dir/Core/Src/stm32f4xx_it.c.obj
                0x0800119c                TIM6_DAC_IRQHandler
 .text.Systick_setCallback
                0x080011ac        0xc CMakeFiles/NUCLEO-F429ZI.elf.dir/Core/Src/stm32f4xx_it.c.obj
                0x080011ac                Systick_setCallback
 .text._getpid  0x080011b8        0x4 CMakeFiles/NUCLEO-F429ZI.elf.dir/Core/Src/syscalls.c.obj
                0x080011b8                _getpid
 .text._kill    0x080011bc       0x10 CMakeFiles/NUCLEO-F429ZI.elf.dir/Core/Src/syscalls.c.obj
                0x080011bc                _kill
 .text._exit    0x080011cc        0xc CMakeFiles/NUCLEO-F429ZI.elf.dir/Core/Src/syscalls.c.obj
                0x080011cc                _exit
 .text._read    0x080011d8       0x20 CMakeFiles/NUCLEO-F429ZI.elf.dir/Core/Src/syscalls.c.obj
                0x080011d8                _read
 .text._write   0x080011f8       0x1c CMakeFiles/NUCLEO-F429ZI.elf.dir/Core/Src/syscalls.c.obj
                0x080011f8                _write
 .text._close   0x08001214        0x6 CMakeFiles/NUCLEO-F429ZI.elf.dir/Core/Src/syscalls.c.obj
                0x08001214                _close
 .text._fstat   0x0800121a        0xa CMakeFiles/NUCLEO-F429ZI.elf.dir/Core/Src/syscalls.c.obj
                0x0800121a                _fstat
 .text._isatty  0x08001224        0x4 CMakeFiles/NUCLEO-F429ZI.elf.dir/Core/Src/syscalls.c.obj
                0x08001224                _isatty
 .text._lseek   0x08001228        0x4 CMakeFiles/NUCLEO-F429ZI.elf.dir/Core/Src/syscalls.c.obj
                0x08001228                _lseek
 .text._sbrk    0x0800122c       0x4c CMakeFiles/NUCLEO-F429ZI.elf.dir/Core/Src/sysmem.c.obj
                0x0800122c                _sbrk
 .text.SystemInit
                0x08001278       0x14 CMakeFiles/NUCLEO-F429ZI.elf.dir/Core/Src/system_stm32f4xx.c.obj
                0x08001278                SystemInit
 .text.MX_USART3_UART_Init
                0x0800128c       0x34 CMakeFiles/NUCLEO-F429ZI.elf.dir/Core/Src/usart.c.obj
                0x0800128c                MX_USART3_UART_Init
 .text.HAL_UART_MspInit
                0x080012c0       0x70 CMakeFiles/NUCLEO-F429ZI.elf.dir/Core/Src/usart.c.obj
                0x080012c0                HAL_UART_MspInit
 .text.MX_USB_OTG_FS_PCD_Init
                0x08001330       0x38 CMakeFiles/NUCLEO-F429ZI.elf.dir/Core/Src/usb_otg.c.obj
                0x08001330                MX_USB_OTG_FS_PCD_Init
 .text.HAL_PCD_MspInit
                0x08001368       0x88 CMakeFiles/NUCLEO-F429ZI.elf.dir/Core/Src/usb_otg.c.obj
                0x08001368                HAL_PCD_MspInit
 .text.Reset_Handler
                0x080013f0       0x50 CMakeFiles/NUCLEO-F429ZI.elf.dir/Core/Startup/startup_stm32f429zitx.s.obj
                0x080013f0                Reset_Handler
 .text.Default_Handler
                0x08001440        0x2 CMakeFiles/NUCLEO-F429ZI.elf.dir/Core/Startup/startup_stm32f429zitx.s.obj
                0x08001440                DMA1_Stream3_IRQHandler
                0x08001440                HASH_RNG_IRQHandler
                0x08001440                EXTI2_IRQHandler
                0x08001440                TIM8_CC_IRQHandler
                0x08001440                UART8_IRQHandler
                0x08001440                SPI4_IRQHandler
                0x08001440                TIM1_CC_IRQHandler
                0x08001440                DMA2_Stream5_IRQHandler
                0x08001440                DMA1_Stream5_IRQHandler
                0x08001440                SysTick_Handler
                0x08001440                PVD_IRQHandler
                0x08001440                SDIO_IRQHandler
                0x08001440                TAMP_STAMP_IRQHandler
                0x08001440                PendSV_Handler
                0x08001440                CAN2_RX1_IRQHandler
                0x08001440                EXTI3_IRQHandler
                0x08001440                TIM8_TRG_COM_TIM14_IRQHandler
                0x08001440                TIM1_UP_TIM10_IRQHandler
                0x08001440                TIM8_UP_TIM13_IRQHandler
                0x08001440                I2C3_ER_IRQHandler
                0x08001440                EXTI0_IRQHandler
                0x08001440                I2C2_EV_IRQHandler
                0x08001440                DMA1_Stream2_IRQHandler
                0x08001440                CAN1_RX0_IRQHandler
                0x08001440                FPU_IRQHandler
                0x08001440                OTG_HS_WKUP_IRQHandler
                0x08001440                LTDC_ER_IRQHandler
                0x08001440                CAN2_SCE_IRQHandler
                0x08001440                DMA2_Stream2_IRQHandler
                0x08001440                SPI1_IRQHandler
                0x08001440                TIM1_BRK_TIM9_IRQHandler
                0x08001440                DCMI_IRQHandler
                0x08001440                CAN2_RX0_IRQHandler
                0x08001440                DMA2_Stream3_IRQHandler
                0x08001440                USART6_IRQHandler
                0x08001440                USART3_IRQHandler
                0x08001440                CAN1_RX1_IRQHandler
                0x08001440                UART5_IRQHandler
                0x08001440                DMA2_Stream0_IRQHandler
                0x08001440                TIM4_IRQHandler
                0x08001440                I2C1_EV_IRQHandler
                0x08001440                DMA1_Stream6_IRQHandler
                0x08001440                DMA1_Stream1_IRQHandler
                0x08001440                UART4_IRQHandler
                0x08001440                TIM3_IRQHandler
                0x08001440                RCC_IRQHandler
                0x08001440                TIM8_BRK_TIM12_IRQHandler
                0x08001440                Default_Handler
                0x08001440                EXTI15_10_IRQHandler
                0x08001440                ADC_IRQHandler
                0x08001440                DMA1_Stream7_IRQHandler
                0x08001440                SPI5_IRQHandler
                0x08001440                TIM7_IRQHandler
                0x08001440                CAN2_TX_IRQHandler
                0x08001440                TIM5_IRQHandler
                0x08001440                DMA2_Stream7_IRQHandler
                0x08001440                I2C3_EV_IRQHandler
                0x08001440                EXTI9_5_IRQHandler
                0x08001440                RTC_WKUP_IRQHandler
                0x08001440                LTDC_IRQHandler
                0x08001440                ETH_WKUP_IRQHandler
                0x08001440                SPI2_IRQHandler
                0x08001440                OTG_HS_EP1_IN_IRQHandler
                0x08001440                DMA1_Stream0_IRQHandler
                0x08001440                CAN1_TX_IRQHandler
                0x08001440                SVC_Handler
                0x08001440                EXTI4_IRQHandler
                0x08001440                ETH_IRQHandler
                0x08001440                OTG_HS_EP1_OUT_IRQHandler
                0x08001440                WWDG_IRQHandler
                0x08001440                SPI6_IRQHandler
                0x08001440                TIM2_IRQHandler
                0x08001440                OTG_FS_WKUP_IRQHandler
                0x08001440                TIM1_TRG_COM_TIM11_IRQHandler
                0x08001440                OTG_HS_IRQHandler
                0x08001440                DMA2D_IRQHandler
                0x08001440                EXTI1_IRQHandler
                0x08001440                UART7_IRQHandler
                0x08001440                USART2_IRQHandler
                0x08001440                I2C2_ER_IRQHandler
                0x08001440                DMA2_Stream1_IRQHandler
                0x08001440                CAN1_SCE_IRQHandler
                0x08001440                FLASH_IRQHandler
                0x08001440                DMA2_Stream4_IRQHandler
                0x08001440                USART1_IRQHandler
                0x08001440                OTG_FS_IRQHandler
                0x08001440                SPI3_IRQHandler
                0x08001440                DMA1_Stream4_IRQHandler
                0x08001440                I2C1_ER_IRQHandler
                0x08001440                FMC_IRQHandler
                0x08001440                DMA2_Stream6_IRQHandler
                0x08001440                SAI1_IRQHandler
                0x08001440                RTC_Alarm_IRQHandler
 *fill*         0x08001442        0x2 
 .text.BSP_LED_On
                0x08001444       0x20 CMakeFiles/NUCLEO-F429ZI.elf.dir/Drivers/BSP-Nucleo-144/stm32f4xx_nucleo_144.c.obj
                0x08001444                BSP_LED_On
 .text.BSP_LED_Off
                0x08001464       0x20 CMakeFiles/NUCLEO-F429ZI.elf.dir/Drivers/BSP-Nucleo-144/stm32f4xx_nucleo_144.c.obj
                0x08001464                BSP_LED_Off
 .text.HAL_Init
                0x08001484       0x34 CMakeFiles/NUCLEO-F429ZI.elf.dir/Drivers/STM32F4xx_HAL_Driver/Src/stm32f4xx_hal.c.obj
                0x08001484                HAL_Init
 .text.HAL_IncTick
                0x080014b8       0x18 CMakeFiles/NUCLEO-F429ZI.elf.dir/Drivers/STM32F4xx_HAL_Driver/Src/stm32f4xx_hal.c.obj
                0x080014b8                HAL_IncTick
 .text.HAL_GetTick
                0x080014d0        0xc CMakeFiles/NUCLEO-F429ZI.elf.dir/Drivers/STM32F4xx_HAL_Driver/Src/stm32f4xx_hal.c.obj
                0x080014d0                HAL_GetTick
 .text.HAL_Delay
                0x080014dc       0x28 CMakeFiles/NUCLEO-F429ZI.elf.dir/Drivers/STM32F4xx_HAL_Driver/Src/stm32f4xx_hal.c.obj
                0x080014dc                HAL_Delay
 .text.__NVIC_EnableIRQ
                0x08001504       0x1c CMakeFiles/NUCLEO-F429ZI.elf.dir/Drivers/STM32F4xx_HAL_Driver/Src/stm32f4xx_hal_cortex.c.obj
 .text.__NVIC_SetPriority
                0x08001520       0x28 CMakeFiles/NUCLEO-F429ZI.elf.dir/Drivers/STM32F4xx_HAL_Driver/Src/stm32f4xx_hal_cortex.c.obj
 .text.NVIC_EncodePriority
                0x08001548       0x3e CMakeFiles/NUCLEO-F429ZI.elf.dir/Drivers/STM32F4xx_HAL_Driver/Src/stm32f4xx_hal_cortex.c.obj
 *fill*         0x08001586        0x2 
 .text.HAL_NVIC_SetPriorityGrouping
                0x08001588       0x24 CMakeFiles/NUCLEO-F429ZI.elf.dir/Drivers/STM32F4xx_HAL_Driver/Src/stm32f4xx_hal_cortex.c.obj
                0x08001588                HAL_NVIC_SetPriorityGrouping
 .text.HAL_NVIC_SetPriority
                0x080015ac       0x20 CMakeFiles/NUCLEO-F429ZI.elf.dir/Drivers/STM32F4xx_HAL_Driver/Src/stm32f4xx_hal_cortex.c.obj
                0x080015ac                HAL_NVIC_SetPriority
 .text.HAL_NVIC_EnableIRQ
                0x080015cc        0x8 CMakeFiles/NUCLEO-F429ZI.elf.dir/Drivers/STM32F4xx_HAL_Driver/Src/stm32f4xx_hal_cortex.c.obj
                0x080015cc                HAL_NVIC_EnableIRQ
 .text.HAL_GPIO_Init
                0x080015d4      0x208 CMakeFiles/NUCLEO-F429ZI.elf.dir/Drivers/STM32F4xx_HAL_Driver/Src/stm32f4xx_hal_gpio.c.obj
                0x080015d4                HAL_GPIO_Init
 .text.HAL_GPIO_WritePin
                0x080017dc        0xc CMakeFiles/NUCLEO-F429ZI.elf.dir/Drivers/STM32F4xx_HAL_Driver/Src/stm32f4xx_hal_gpio.c.obj
                0x080017dc                HAL_GPIO_WritePin
 .text.HAL_PCD_Init
                0x080017e8      0x102 CMakeFiles/NUCLEO-F429ZI.elf.dir/Drivers/STM32F4xx_HAL_Driver/Src/stm32f4xx_hal_pcd.c.obj
                0x080017e8                HAL_PCD_Init
 *fill*         0x080018ea        0x2 
 .text.HAL_RCC_OscConfig
                0x080018ec      0x3f8 CMakeFiles/NUCLEO-F429ZI.elf.dir/Drivers/STM32F4xx_HAL_Driver/Src/stm32f4xx_hal_rcc.c.obj
                0x080018ec                HAL_RCC_OscConfig
 .text.HAL_RCC_GetSysClockFreq
                0x08001ce4       0xdc CMakeFiles/NUCLEO-F429ZI.elf.dir/Drivers/STM32F4xx_HAL_Driver/Src/stm32f4xx_hal_rcc.c.obj
                0x08001ce4                HAL_RCC_GetSysClockFreq
 .text.HAL_RCC_ClockConfig
                0x08001dc0      0x160 CMakeFiles/NUCLEO-F429ZI.elf.dir/Drivers/STM32F4xx_HAL_Driver/Src/stm32f4xx_hal_rcc.c.obj
                0x08001dc0                HAL_RCC_ClockConfig
 .text.HAL_RCC_GetHCLKFreq
                0x08001f20        0xc CMakeFiles/NUCLEO-F429ZI.elf.dir/Drivers/STM32F4xx_HAL_Driver/Src/stm32f4xx_hal_rcc.c.obj
                0x08001f20                HAL_RCC_GetHCLKFreq
 .text.HAL_RCC_GetPCLK1Freq
                0x08001f2c       0x20 CMakeFiles/NUCLEO-F429ZI.elf.dir/Drivers/STM32F4xx_HAL_Driver/Src/stm32f4xx_hal_rcc.c.obj
                0x08001f2c                HAL_RCC_GetPCLK1Freq
 .text.HAL_RCC_GetPCLK2Freq
                0x08001f4c       0x20 CMakeFiles/NUCLEO-F429ZI.elf.dir/Drivers/STM32F4xx_HAL_Driver/Src/stm32f4xx_hal_rcc.c.obj
                0x08001f4c                HAL_RCC_GetPCLK2Freq
 .text.HAL_RCC_GetClockConfig
                0x08001f6c       0x3c CMakeFiles/NUCLEO-F429ZI.elf.dir/Drivers/STM32F4xx_HAL_Driver/Src/stm32f4xx_hal_rcc.c.obj
                0x08001f6c                HAL_RCC_GetClockConfig
 .text.HAL_TIM_Base_MspInit
                0x08001fa8        0x2 CMakeFiles/NUCLEO-F429ZI.elf.dir/Drivers/STM32F4xx_HAL_Driver/Src/stm32f4xx_hal_tim.c.obj
                0x08001fa8                HAL_TIM_Base_MspInit
 *fill*         0x08001faa        0x2 
 .text.HAL_TIM_Base_Start_IT
                0x08001fac       0x88 CMakeFiles/NUCLEO-F429ZI.elf.dir/Drivers/STM32F4xx_HAL_Driver/Src/stm32f4xx_hal_tim.c.obj
                0x08001fac                HAL_TIM_Base_Start_IT
 .text.HAL_TIM_OC_DelayElapsedCallback
                0x08002034        0x2 CMakeFiles/NUCLEO-F429ZI.elf.dir/Drivers/STM32F4xx_HAL_Driver/Src/stm32f4xx_hal_tim.c.obj
                0x08002034                HAL_TIM_OC_DelayElapsedCallback
 .text.HAL_TIM_IC_CaptureCallback
                0x08002036        0x2 CMakeFiles/NUCLEO-F429ZI.elf.dir/Drivers/STM32F4xx_HAL_Driver/Src/stm32f4xx_hal_tim.c.obj
                0x08002036                HAL_TIM_IC_CaptureCallback
 .text.HAL_TIM_PWM_PulseFinishedCallback
                0x08002038        0x2 CMakeFiles/NUCLEO-F429ZI.elf.dir/Drivers/STM32F4xx_HAL_Driver/Src/stm32f4xx_hal_tim.c.obj
                0x08002038                HAL_TIM_PWM_PulseFinishedCallback
 .text.HAL_TIM_TriggerCallback
                0x0800203a        0x2 CMakeFiles/NUCLEO-F429ZI.elf.dir/Drivers/STM32F4xx_HAL_Driver/Src/stm32f4xx_hal_tim.c.obj
                0x0800203a                HAL_TIM_TriggerCallback
 .text.HAL_TIM_IRQHandler
                0x0800203c      0x15e CMakeFiles/NUCLEO-F429ZI.elf.dir/Drivers/STM32F4xx_HAL_Driver/Src/stm32f4xx_hal_tim.c.obj
                0x0800203c                HAL_TIM_IRQHandler
 *fill*         0x0800219a        0x2 
 .text.TIM_Base_SetConfig
                0x0800219c       0xd8 CMakeFiles/NUCLEO-F429ZI.elf.dir/Drivers/STM32F4xx_HAL_Driver/Src/stm32f4xx_hal_tim.c.obj
                0x0800219c                TIM_Base_SetConfig
 .text.HAL_TIM_Base_Init
                0x08002274       0x58 CMakeFiles/NUCLEO-F429ZI.elf.dir/Drivers/STM32F4xx_HAL_Driver/Src/stm32f4xx_hal_tim.c.obj
                0x08002274                HAL_TIM_Base_Init
 .text.HAL_TIMEx_CommutCallback
                0x080022cc        0x2 CMakeFiles/NUCLEO-F429ZI.elf.dir/Drivers/STM32F4xx_HAL_Driver/Src/stm32f4xx_hal_tim_ex.c.obj
                0x080022cc                HAL_TIMEx_CommutCallback
 .text.HAL_TIMEx_BreakCallback
                0x080022ce        0x2 CMakeFiles/NUCLEO-F429ZI.elf.dir/Drivers/STM32F4xx_HAL_Driver/Src/stm32f4xx_hal_tim_ex.c.obj
                0x080022ce                HAL_TIMEx_BreakCallback
 .text.UART_EndRxTransfer
                0x080022d0       0x5c CMakeFiles/NUCLEO-F429ZI.elf.dir/Drivers/STM32F4xx_HAL_Driver/Src/stm32f4xx_hal_uart.c.obj
 .text.UART_SetConfig
                0x0800232c      0x110 CMakeFiles/NUCLEO-F429ZI.elf.dir/Drivers/STM32F4xx_HAL_Driver/Src/stm32f4xx_hal_uart.c.obj
 .text.UART_WaitOnFlagUntilTimeout
                0x0800243c       0x86 CMakeFiles/NUCLEO-F429ZI.elf.dir/Drivers/STM32F4xx_HAL_Driver/Src/stm32f4xx_hal_uart.c.obj
 .text.HAL_UART_Init
                0x080024c2       0x60 CMakeFiles/NUCLEO-F429ZI.elf.dir/Drivers/STM32F4xx_HAL_Driver/Src/stm32f4xx_hal_uart.c.obj
                0x080024c2                HAL_UART_Init
 .text.HAL_UART_Transmit
                0x08002522       0xcc CMakeFiles/NUCLEO-F429ZI.elf.dir/Drivers/STM32F4xx_HAL_Driver/Src/stm32f4xx_hal_uart.c.obj
                0x08002522                HAL_UART_Transmit
 .text.USB_CoreReset
                0x080025ee       0x4a CMakeFiles/NUCLEO-F429ZI.elf.dir/Drivers/STM32F4xx_HAL_Driver/Src/stm32f4xx_ll_usb.c.obj
 .text.USB_CoreInit
                0x08002638       0x92 CMakeFiles/NUCLEO-F429ZI.elf.dir/Drivers/STM32F4xx_HAL_Driver/Src/stm32f4xx_ll_usb.c.obj
                0x08002638                USB_CoreInit
 .text.USB_DisableGlobalInt
                0x080026ca        0xc CMakeFiles/NUCLEO-F429ZI.elf.dir/Drivers/STM32F4xx_HAL_Driver/Src/stm32f4xx_ll_usb.c.obj
                0x080026ca                USB_DisableGlobalInt
 .text.USB_FlushTxFifo
                0x080026d6       0x4a CMakeFiles/NUCLEO-F429ZI.elf.dir/Drivers/STM32F4xx_HAL_Driver/Src/stm32f4xx_ll_usb.c.obj
                0x080026d6                USB_FlushTxFifo
 .text.USB_FlushRxFifo
                0x08002720       0x46 CMakeFiles/NUCLEO-F429ZI.elf.dir/Drivers/STM32F4xx_HAL_Driver/Src/stm32f4xx_ll_usb.c.obj
                0x08002720                USB_FlushRxFifo
 .text.USB_SetDevSpeed
                0x08002766        0xe CMakeFiles/NUCLEO-F429ZI.elf.dir/Drivers/STM32F4xx_HAL_Driver/Src/stm32f4xx_ll_usb.c.obj
                0x08002766                USB_SetDevSpeed
 .text.USB_DevInit
                0x08002774      0x194 CMakeFiles/NUCLEO-F429ZI.elf.dir/Drivers/STM32F4xx_HAL_Driver/Src/stm32f4xx_ll_usb.c.obj
                0x08002774                USB_DevInit
 .text.USB_DevDisconnect
                0x08002908       0x1c CMakeFiles/NUCLEO-F429ZI.elf.dir/Drivers/STM32F4xx_HAL_Driver/Src/stm32f4xx_ll_usb.c.obj
                0x08002908                USB_DevDisconnect
 .text.USB_GetMode
                0x08002924        0x8 CMakeFiles/NUCLEO-F429ZI.elf.dir/Drivers/STM32F4xx_HAL_Driver/Src/stm32f4xx_ll_usb.c.obj
                0x08002924                USB_GetMode
 .text.USB_SetCurrentMode
                0x0800292c       0x62 CMakeFiles/NUCLEO-F429ZI.elf.dir/Drivers/STM32F4xx_HAL_Driver/Src/stm32f4xx_ll_usb.c.obj
                0x0800292c                USB_SetCurrentMode
 *fill*         0x0800298e        0x2 
 .text.rkh_bittbl_getBitMask
                0x08002990       0x14 CMakeFiles/NUCLEO-F429ZI.elf.dir/Middlewares/Third_Party/rkh/source/fwk/src/rkhfwk_bittbl.c.obj
                0x08002990                rkh_bittbl_getBitMask
 .text.rkh_bittbl_getLeastBitSetPos
                0x080029a4        0xc CMakeFiles/NUCLEO-F429ZI.elf.dir/Middlewares/Third_Party/rkh/source/fwk/src/rkhfwk_bittbl.c.obj
                0x080029a4                rkh_bittbl_getLeastBitSetPos
 .text.rkh_fwk_gc
                0x080029b0       0x68 CMakeFiles/NUCLEO-F429ZI.elf.dir/Middlewares/Third_Party/rkh/source/fwk/src/rkhfwk_dynevt.c.obj
                0x080029b0                rkh_fwk_gc
 .text.rkh_evtPool_put
                0x08002a18        0x8 CMakeFiles/NUCLEO-F429ZI.elf.dir/Middlewares/Third_Party/rkh/source/fwk/src/rkhfwk_evtpool.c.obj
                0x08002a18                rkh_evtPool_put
 .text.rkh_rdygrp_isReady
                0x08002a20        0xa CMakeFiles/NUCLEO-F429ZI.elf.dir/Middlewares/Third_Party/rkh/source/fwk/src/rkhfwk_rdygrp.c.obj
                0x08002a20                rkh_rdygrp_isReady
 .text.rkh_rdygrp_setReady
                0x08002a2a       0x26 CMakeFiles/NUCLEO-F429ZI.elf.dir/Middlewares/Third_Party/rkh/source/fwk/src/rkhfwk_rdygrp.c.obj
                0x08002a2a                rkh_rdygrp_setReady
 .text.rkh_rdygrp_setUnready
                0x08002a50       0x30 CMakeFiles/NUCLEO-F429ZI.elf.dir/Middlewares/Third_Party/rkh/source/fwk/src/rkhfwk_rdygrp.c.obj
                0x08002a50                rkh_rdygrp_setUnready
 .text.rkh_rdygrp_findHighest
                0x08002a80       0x1c CMakeFiles/NUCLEO-F429ZI.elf.dir/Middlewares/Third_Party/rkh/source/fwk/src/rkhfwk_rdygrp.c.obj
                0x08002a80                rkh_rdygrp_findHighest
 .text.rkh_fwk_init
                0x08002a9c        0x2 CMakeFiles/NUCLEO-F429ZI.elf.dir/Middlewares/Third_Party/rkh/source/fwk/src/rkhfwk_sched.c.obj
                0x08002a9c                rkh_fwk_init
 *fill*         0x08002a9e        0x2 
 .text.rkh_fwk_enter
                0x08002aa0       0x40 CMakeFiles/NUCLEO-F429ZI.elf.dir/Middlewares/Third_Party/rkh/source/fwk/src/rkhfwk_sched.c.obj
                0x08002aa0                rkh_fwk_enter
 .text.rkh_memPool_put
                0x08002ae0       0x3c CMakeFiles/NUCLEO-F429ZI.elf.dir/Middlewares/Third_Party/rkh/source/mempool/src/rkhmempool.c.obj
                0x08002ae0                rkh_memPool_put
 .text.rkhport_get_version
                0x08002b1c        0x8 CMakeFiles/NUCLEO-F429ZI.elf.dir/Middlewares/Third_Party/rkh/source/portable/arm-cortex/rkhs/arm_cm4f/stm32/rkhport.c.obj
                0x08002b1c                rkhport_get_version
 .text.rkhport_get_desc
                0x08002b24        0x8 CMakeFiles/NUCLEO-F429ZI.elf.dir/Middlewares/Third_Party/rkh/source/portable/arm-cortex/rkhs/arm_cm4f/stm32/rkhport.c.obj
                0x08002b24                rkhport_get_desc
 .text.rkh_queue_init
                0x08002b2c       0x1a CMakeFiles/NUCLEO-F429ZI.elf.dir/Middlewares/Third_Party/rkh/source/queue/src/rkhqueue.c.obj
                0x08002b2c                rkh_queue_init
 *fill*         0x08002b46        0x2 
 .text.rkh_queue_get
                0x08002b48       0x88 CMakeFiles/NUCLEO-F429ZI.elf.dir/Middlewares/Third_Party/rkh/source/queue/src/rkhqueue.c.obj
                0x08002b48                rkh_queue_get
 .text.rkh_queue_put_fifo
                0x08002bd0       0x30 CMakeFiles/NUCLEO-F429ZI.elf.dir/Middlewares/Third_Party/rkh/source/queue/src/rkhqueue.c.obj
                0x08002bd0                rkh_queue_put_fifo
 .text.findCompletionTrn
                0x08002c00       0x16 CMakeFiles/NUCLEO-F429ZI.elf.dir/Middlewares/Third_Party/rkh/source/sm/src/rkhsm.c.obj
 .text.isCompletionTrn
                0x08002c16       0x2c CMakeFiles/NUCLEO-F429ZI.elf.dir/Middlewares/Third_Party/rkh/source/sm/src/rkhsm.c.obj
 .text.rkh_add_tr_action
                0x08002c42       0x24 CMakeFiles/NUCLEO-F429ZI.elf.dir/Middlewares/Third_Party/rkh/source/sm/src/rkhsm.c.obj
 .text.addTargetSt
                0x08002c66       0x2e CMakeFiles/NUCLEO-F429ZI.elf.dir/Middlewares/Third_Party/rkh/source/sm/src/rkhsm.c.obj
 .text.rkh_sm_dispatch
                0x08002c94      0x3b8 CMakeFiles/NUCLEO-F429ZI.elf.dir/Middlewares/Third_Party/rkh/source/sm/src/rkhsm.c.obj
                0x08002c94                rkh_sm_dispatch
 .text.rkh_sm_init
                0x0800304c       0x10 CMakeFiles/NUCLEO-F429ZI.elf.dir/Middlewares/Third_Party/rkh/source/sm/src/rkhsm.c.obj
                0x0800304c                rkh_sm_init
 .text.rkh_sma_register
                0x0800305c       0x44 CMakeFiles/NUCLEO-F429ZI.elf.dir/Middlewares/Third_Party/rkh/source/sma/src/rkhsma.c.obj
                0x0800305c                rkh_sma_register
 .text.rkh_sma_activate
                0x080030a0       0x1a CMakeFiles/NUCLEO-F429ZI.elf.dir/Middlewares/Third_Party/rkh/source/sma/src/rkhsma.c.obj
                0x080030a0                rkh_sma_activate
 *fill*         0x080030ba        0x2 
 .text.rkh_sma_post_fifo
                0x080030bc       0x44 CMakeFiles/NUCLEO-F429ZI.elf.dir/Middlewares/Third_Party/rkh/source/sma/src/rkhsma.c.obj
                0x080030bc                rkh_sma_post_fifo
 .text.rkh_sma_get
                0x08003100        0xa CMakeFiles/NUCLEO-F429ZI.elf.dir/Middlewares/Third_Party/rkh/source/sma/src/rkhsma.c.obj
                0x08003100                rkh_sma_get
 .text.rkh_sma_dispatch
                0x0800310a        0x8 CMakeFiles/NUCLEO-F429ZI.elf.dir/Middlewares/Third_Party/rkh/source/sma/src/rkhsma.c.obj
                0x0800310a                rkh_sma_dispatch
 *fill*         0x08003112        0x2 
 .text.rkh_smaPrio_isReady
                0x08003114       0x10 CMakeFiles/NUCLEO-F429ZI.elf.dir/Middlewares/Third_Party/rkh/source/sma/src/rkhsma_prio.c.obj
                0x08003114                rkh_smaPrio_isReady
 .text.rkh_smaPrio_setReady
                0x08003124       0x10 CMakeFiles/NUCLEO-F429ZI.elf.dir/Middlewares/Third_Party/rkh/source/sma/src/rkhsma_prio.c.obj
                0x08003124                rkh_smaPrio_setReady
 .text.rkh_smaPrio_setUnready
                0x08003134       0x10 CMakeFiles/NUCLEO-F429ZI.elf.dir/Middlewares/Third_Party/rkh/source/sma/src/rkhsma_prio.c.obj
                0x08003134                rkh_smaPrio_setUnready
 .text.rkh_smaPrio_findHighest
                0x08003144       0x10 CMakeFiles/NUCLEO-F429ZI.elf.dir/Middlewares/Third_Party/rkh/source/sma/src/rkhsma_prio.c.obj
                0x08003144                rkh_smaPrio_findHighest
 .text.rkh_sma_block
                0x08003154        0x2 CMakeFiles/NUCLEO-F429ZI.elf.dir/Middlewares/Third_Party/rkh/source/sma/src/rkhsma_sync.c.obj
                0x08003154                rkh_sma_block
 .text.rkh_sma_setReady
                0x08003156        0xc CMakeFiles/NUCLEO-F429ZI.elf.dir/Middlewares/Third_Party/rkh/source/sma/src/rkhsma_sync.c.obj
                0x08003156                rkh_sma_setReady
 .text.rkh_sma_setUnready
                0x08003162        0xc CMakeFiles/NUCLEO-F429ZI.elf.dir/Middlewares/Third_Party/rkh/source/sma/src/rkhsma_sync.c.obj
                0x08003162                rkh_sma_setUnready
 *fill*         0x0800316e        0x2 
 .text.rem_from_list
                0x08003170       0x20 CMakeFiles/NUCLEO-F429ZI.elf.dir/Middlewares/Third_Party/rkh/source/tmr/src/rkhtmr.c.obj
 .text.searchAndRemove
                0x08003190       0x24 CMakeFiles/NUCLEO-F429ZI.elf.dir/Middlewares/Third_Party/rkh/source/tmr/src/rkhtmr.c.obj
 .text.rkh_tmr_tick
                0x080031b4       0x8c CMakeFiles/NUCLEO-F429ZI.elf.dir/Middlewares/Third_Party/rkh/source/tmr/src/rkhtmr.c.obj
                0x080031b4                rkh_tmr_tick
 .text.rkh_tmr_init_
                0x08003240       0x58 CMakeFiles/NUCLEO-F429ZI.elf.dir/Middlewares/Third_Party/rkh/source/tmr/src/rkhtmr.c.obj
                0x08003240                rkh_tmr_init_
 .text.rkh_tmr_start
                0x08003298       0x4c CMakeFiles/NUCLEO-F429ZI.elf.dir/Middlewares/Third_Party/rkh/source/tmr/src/rkhtmr.c.obj
                0x08003298                rkh_tmr_start
 .text.nLedOn   0x080032e4       0x32 CMakeFiles/NUCLEO-F429ZI.elf.dir/reactive-framework/blinky/blinky.c.obj
 .text.nLedOff  0x08003316       0x26 CMakeFiles/NUCLEO-F429ZI.elf.dir/reactive-framework/blinky/blinky.c.obj
 .text.init     0x0800333c       0x22 CMakeFiles/NUCLEO-F429ZI.elf.dir/reactive-framework/blinky/blinky.c.obj
 *fill*         0x0800335e        0x2 
 .text.printBanner
                0x08003360       0x54 CMakeFiles/NUCLEO-F429ZI.elf.dir/reactive-framework/blinky/bsp/bsp_blinky.c.obj
 .text.bsp_init
                0x080033b4        0xc CMakeFiles/NUCLEO-F429ZI.elf.dir/reactive-framework/blinky/bsp/bsp_blinky.c.obj
                0x080033b4                bsp_init
 .text.bsp_ledOn
                0x080033c0       0x10 CMakeFiles/NUCLEO-F429ZI.elf.dir/reactive-framework/blinky/bsp/bsp_blinky.c.obj
                0x080033c0                bsp_ledOn
 .text.bsp_ledOff
                0x080033d0       0x10 CMakeFiles/NUCLEO-F429ZI.elf.dir/reactive-framework/blinky/bsp/bsp_blinky.c.obj
                0x080033d0                bsp_ledOff
 .text.SystickHook
                0x080033e0       0x24 CMakeFiles/NUCLEO-F429ZI.elf.dir/reactive-framework/blinky/bsp/hook.c.obj
 .text.rkh_hook_start
                0x08003404       0x24 CMakeFiles/NUCLEO-F429ZI.elf.dir/reactive-framework/blinky/bsp/hook.c.obj
                0x08003404                rkh_hook_start
 .text.rkh_hook_timetick
                0x08003428       0x20 CMakeFiles/NUCLEO-F429ZI.elf.dir/reactive-framework/blinky/bsp/hook.c.obj
                0x08003428                rkh_hook_timetick
 .text.rkh_hook_idle
                0x08003448        0x4 CMakeFiles/NUCLEO-F429ZI.elf.dir/reactive-framework/blinky/bsp/hook.c.obj
                0x08003448                rkh_hook_idle
 .text.execute_list
                0x0800344c       0x12 CMakeFiles/NUCLEO-F429ZI.elf.dir/reactive-framework/salt/utilities/mTime/mTime.c.obj
 *fill*         0x0800345e        0x2 
 .text.mTime_init
                0x08003460       0x18 CMakeFiles/NUCLEO-F429ZI.elf.dir/reactive-framework/salt/utilities/mTime/mTime.c.obj
                0x08003460                mTime_init
 .text.mTime_tick
                0x08003478       0x64 CMakeFiles/NUCLEO-F429ZI.elf.dir/reactive-framework/salt/utilities/mTime/mTime.c.obj
                0x08003478                mTime_tick
 .text.__udivmoddi4
                0x080034dc      0x2bc /Applications/ArmGNUToolchain/13.3.rel1/arm-none-eabi/bin/../lib/gcc/arm-none-eabi/13.3.1/thumb/v7e-m+fp/hard/libgcc.a(_udivmoddi4.o)
                0x080034dc                __udivmoddi4
 .text.printf   0x08003798       0x28 /Applications/ArmGNUToolchain/13.3.rel1/arm-none-eabi/bin/../lib/gcc/arm-none-eabi/13.3.1/../../../../arm-none-eabi/lib/thumb/v7e-m+fp/hard/libg.a(libc_a-printf.o)
                0x08003798                printf
 .text._puts_r  0x080037c0       0x9c /Applications/ArmGNUToolchain/13.3.rel1/arm-none-eabi/bin/../lib/gcc/arm-none-eabi/13.3.1/../../../../arm-none-eabi/lib/thumb/v7e-m+fp/hard/libg.a(libc_a-puts.o)
                0x080037c0                _puts_r
 .text.puts     0x0800385c       0x10 /Applications/ArmGNUToolchain/13.3.rel1/arm-none-eabi/bin/../lib/gcc/arm-none-eabi/13.3.1/../../../../arm-none-eabi/lib/thumb/v7e-m+fp/hard/libg.a(libc_a-puts.o)
                0x0800385c                puts
 .text.stdio_exit_handler
                0x0800386c       0x18 /Applications/ArmGNUToolchain/13.3.rel1/arm-none-eabi/bin/../lib/gcc/arm-none-eabi/13.3.1/../../../../arm-none-eabi/lib/thumb/v7e-m+fp/hard/libg.a(libc_a-findfp.o)
 .text.cleanup_stdio
                0x08003884       0x40 /Applications/ArmGNUToolchain/13.3.rel1/arm-none-eabi/bin/../lib/gcc/arm-none-eabi/13.3.1/../../../../arm-none-eabi/lib/thumb/v7e-m+fp/hard/libg.a(libc_a-findfp.o)
 .text.global_stdio_init.part.0
                0x080038c4       0xf0 /Applications/ArmGNUToolchain/13.3.rel1/arm-none-eabi/bin/../lib/gcc/arm-none-eabi/13.3.1/../../../../arm-none-eabi/lib/thumb/v7e-m+fp/hard/libg.a(libc_a-findfp.o)
 .text.__sinit  0x080039b4       0x3c /Applications/ArmGNUToolchain/13.3.rel1/arm-none-eabi/bin/../lib/gcc/arm-none-eabi/13.3.1/../../../../arm-none-eabi/lib/thumb/v7e-m+fp/hard/libg.a(libc_a-findfp.o)
                0x080039b4                __sinit
 .text.__sfp_lock_acquire
                0x080039f0        0xc /Applications/ArmGNUToolchain/13.3.rel1/arm-none-eabi/bin/../lib/gcc/arm-none-eabi/13.3.1/../../../../arm-none-eabi/lib/thumb/v7e-m+fp/hard/libg.a(libc_a-findfp.o)
                0x080039f0                __sfp_lock_acquire
 .text.__sfp_lock_release
                0x080039fc        0xc /Applications/ArmGNUToolchain/13.3.rel1/arm-none-eabi/bin/../lib/gcc/arm-none-eabi/13.3.1/../../../../arm-none-eabi/lib/thumb/v7e-m+fp/hard/libg.a(libc_a-findfp.o)
                0x080039fc                __sfp_lock_release
 .text.memmove  0x08003a08      0x100 /Applications/ArmGNUToolchain/13.3.rel1/arm-none-eabi/bin/../lib/gcc/arm-none-eabi/13.3.1/../../../../arm-none-eabi/lib/thumb/v7e-m+fp/hard/libg.a(libc_a-memmove.o)
                0x08003a08                memmove
 .text.memset   0x08003b08       0xa4 /Applications/ArmGNUToolchain/13.3.rel1/arm-none-eabi/bin/../lib/gcc/arm-none-eabi/13.3.1/../../../../arm-none-eabi/lib/thumb/v7e-m+fp/hard/libg.a(libc_a-memset.o)
                0x08003b08                memset
 .text.strncpy  0x08003bac       0x68 /Applications/ArmGNUToolchain/13.3.rel1/arm-none-eabi/bin/../lib/gcc/arm-none-eabi/13.3.1/../../../../arm-none-eabi/lib/thumb/v7e-m+fp/hard/libg.a(libc_a-strncpy.o)
                0x08003bac                strncpy
 .text.__locale_mb_cur_max
                0x08003c14        0xc /Applications/ArmGNUToolchain/13.3.rel1/arm-none-eabi/bin/../lib/gcc/arm-none-eabi/13.3.1/../../../../arm-none-eabi/lib/thumb/v7e-m+fp/hard/libg.a(libc_a-locale.o)
                0x08003c14                __locale_mb_cur_max
 .text.__errno  0x08003c20        0xc /Applications/ArmGNUToolchain/13.3.rel1/arm-none-eabi/bin/../lib/gcc/arm-none-eabi/13.3.1/../../../../arm-none-eabi/lib/thumb/v7e-m+fp/hard/libg.a(libc_a-errno.o)
                0x08003c20                __errno
 .text.__libc_init_array
                0x08003c2c       0x50 /Applications/ArmGNUToolchain/13.3.rel1/arm-none-eabi/bin/../lib/gcc/arm-none-eabi/13.3.1/../../../../arm-none-eabi/lib/thumb/v7e-m+fp/hard/libg.a(libc_a-init.o)
                0x08003c2c                __libc_init_array
 .text.__retarget_lock_init_recursive
                0x08003c7c        0x4 /Applications/ArmGNUToolchain/13.3.rel1/arm-none-eabi/bin/../lib/gcc/arm-none-eabi/13.3.1/../../../../arm-none-eabi/lib/thumb/v7e-m+fp/hard/libg.a(libc_a-lock.o)
                0x08003c7c                __retarget_lock_init_recursive
 .text.__retarget_lock_close_recursive
                0x08003c80        0x4 /Applications/ArmGNUToolchain/13.3.rel1/arm-none-eabi/bin/../lib/gcc/arm-none-eabi/13.3.1/../../../../arm-none-eabi/lib/thumb/v7e-m+fp/hard/libg.a(libc_a-lock.o)
                0x08003c80                __retarget_lock_close_recursive
 .text.__retarget_lock_acquire_recursive
                0x08003c84        0x4 /Applications/ArmGNUToolchain/13.3.rel1/arm-none-eabi/bin/../lib/gcc/arm-none-eabi/13.3.1/../../../../arm-none-eabi/lib/thumb/v7e-m+fp/hard/libg.a(libc_a-lock.o)
                0x08003c84                __retarget_lock_acquire_recursive
 .text.__retarget_lock_release_recursive
                0x08003c88        0x4 /Applications/ArmGNUToolchain/13.3.rel1/arm-none-eabi/bin/../lib/gcc/arm-none-eabi/13.3.1/../../../../arm-none-eabi/lib/thumb/v7e-m+fp/hard/libg.a(libc_a-lock.o)
                0x08003c88                __retarget_lock_release_recursive
 .text.startup.register_fini
                0x08003c8c       0x14 /Applications/ArmGNUToolchain/13.3.rel1/arm-none-eabi/bin/../lib/gcc/arm-none-eabi/13.3.1/../../../../arm-none-eabi/lib/thumb/v7e-m+fp/hard/libg.a(libc_a-__call_atexit.o)
 .text.atexit   0x08003ca0        0xc /Applications/ArmGNUToolchain/13.3.rel1/arm-none-eabi/bin/../lib/gcc/arm-none-eabi/13.3.1/../../../../arm-none-eabi/lib/thumb/v7e-m+fp/hard/libg.a(libc_a-atexit.o)
                0x08003ca0                atexit
 .text._malloc_trim_r
                0x08003cac       0xb8 /Applications/ArmGNUToolchain/13.3.rel1/arm-none-eabi/bin/../lib/gcc/arm-none-eabi/13.3.1/../../../../arm-none-eabi/lib/thumb/v7e-m+fp/hard/libg.a(libc_a-freer.o)
                0x08003cac                _malloc_trim_r
 .text._free_r  0x08003d64      0x1f8 /Applications/ArmGNUToolchain/13.3.rel1/arm-none-eabi/bin/../lib/gcc/arm-none-eabi/13.3.1/../../../../arm-none-eabi/lib/thumb/v7e-m+fp/hard/libg.a(libc_a-freer.o)
                0x08003d64                _free_r
 .text._malloc_r
                0x08003f5c      0x564 /Applications/ArmGNUToolchain/13.3.rel1/arm-none-eabi/bin/../lib/gcc/arm-none-eabi/13.3.1/../../../../arm-none-eabi/lib/thumb/v7e-m+fp/hard/libg.a(libc_a-mallocr.o)
                0x08003f5c                _malloc_r
 .text.__ascii_mbtowc
                0x080044c0       0x2c /Applications/ArmGNUToolchain/13.3.rel1/arm-none-eabi/bin/../lib/gcc/arm-none-eabi/13.3.1/../../../../arm-none-eabi/lib/thumb/v7e-m+fp/hard/libg.a(libc_a-mbtowc_r.o)
                0x080044c0                __ascii_mbtowc
 *fill*         0x080044ec        0x4 
 .text._vfprintf_r
                0x080044f0     0x1c24 /Applications/ArmGNUToolchain/13.3.rel1/arm-none-eabi/bin/../lib/gcc/arm-none-eabi/13.3.1/../../../../arm-none-eabi/lib/thumb/v7e-m+fp/hard/libg.a(libc_a-vfprintf.o)
                0x080044f0                _vfprintf_r
 .text.__sbprintf
                0x08006114       0x80 /Applications/ArmGNUToolchain/13.3.rel1/arm-none-eabi/bin/../lib/gcc/arm-none-eabi/13.3.1/../../../../arm-none-eabi/lib/thumb/v7e-m+fp/hard/libg.a(libc_a-vfprintf.o)
 .text.__sfvwrite_r
                0x08006194      0x300 /Applications/ArmGNUToolchain/13.3.rel1/arm-none-eabi/bin/../lib/gcc/arm-none-eabi/13.3.1/../../../../arm-none-eabi/lib/thumb/v7e-m+fp/hard/libg.a(libc_a-fvwrite.o)
                0x08006194                __sfvwrite_r
 .text.__malloc_lock
                0x08006494        0xc /Applications/ArmGNUToolchain/13.3.rel1/arm-none-eabi/bin/../lib/gcc/arm-none-eabi/13.3.1/../../../../arm-none-eabi/lib/thumb/v7e-m+fp/hard/libg.a(libc_a-mlock.o)
                0x08006494                __malloc_lock
 .text.__malloc_unlock
                0x080064a0        0xc /Applications/ArmGNUToolchain/13.3.rel1/arm-none-eabi/bin/../lib/gcc/arm-none-eabi/13.3.1/../../../../arm-none-eabi/lib/thumb/v7e-m+fp/hard/libg.a(libc_a-mlock.o)
                0x080064a0                __malloc_unlock
 .text._fwalk_sglue
                0x080064ac       0x44 /Applications/ArmGNUToolchain/13.3.rel1/arm-none-eabi/bin/../lib/gcc/arm-none-eabi/13.3.1/../../../../arm-none-eabi/lib/thumb/v7e-m+fp/hard/libg.a(libc_a-fwalk.o)
                0x080064ac                _fwalk_sglue
 .text._Balloc  0x080064f0       0x4c /Applications/ArmGNUToolchain/13.3.rel1/arm-none-eabi/bin/../lib/gcc/arm-none-eabi/13.3.1/../../../../arm-none-eabi/lib/thumb/v7e-m+fp/hard/libg.a(libc_a-mprec.o)
                0x080064f0                _Balloc
 .text._Bfree   0x0800653c       0x14 /Applications/ArmGNUToolchain/13.3.rel1/arm-none-eabi/bin/../lib/gcc/arm-none-eabi/13.3.1/../../../../arm-none-eabi/lib/thumb/v7e-m+fp/hard/libg.a(libc_a-mprec.o)
                0x0800653c                _Bfree
 .text.__multadd
                0x08006550       0xa0 /Applications/ArmGNUToolchain/13.3.rel1/arm-none-eabi/bin/../lib/gcc/arm-none-eabi/13.3.1/../../../../arm-none-eabi/lib/thumb/v7e-m+fp/hard/libg.a(libc_a-mprec.o)
                0x08006550                __multadd
 .text.__hi0bits
                0x080065f0       0x44 /Applications/ArmGNUToolchain/13.3.rel1/arm-none-eabi/bin/../lib/gcc/arm-none-eabi/13.3.1/../../../../arm-none-eabi/lib/thumb/v7e-m+fp/hard/libg.a(libc_a-mprec.o)
                0x080065f0                __hi0bits
 .text.__lo0bits
                0x08006634       0x60 /Applications/ArmGNUToolchain/13.3.rel1/arm-none-eabi/bin/../lib/gcc/arm-none-eabi/13.3.1/../../../../arm-none-eabi/lib/thumb/v7e-m+fp/hard/libg.a(libc_a-mprec.o)
                0x08006634                __lo0bits
 .text.__i2b    0x08006694       0x5c /Applications/ArmGNUToolchain/13.3.rel1/arm-none-eabi/bin/../lib/gcc/arm-none-eabi/13.3.1/../../../../arm-none-eabi/lib/thumb/v7e-m+fp/hard/libg.a(libc_a-mprec.o)
                0x08006694                __i2b
 .text.__multiply
                0x080066f0      0x16c /Applications/ArmGNUToolchain/13.3.rel1/arm-none-eabi/bin/../lib/gcc/arm-none-eabi/13.3.1/../../../../arm-none-eabi/lib/thumb/v7e-m+fp/hard/libg.a(libc_a-mprec.o)
                0x080066f0                __multiply
 .text.__pow5mult
                0x0800685c       0xb4 /Applications/ArmGNUToolchain/13.3.rel1/arm-none-eabi/bin/../lib/gcc/arm-none-eabi/13.3.1/../../../../arm-none-eabi/lib/thumb/v7e-m+fp/hard/libg.a(libc_a-mprec.o)
                0x0800685c                __pow5mult
 .text.__lshift
                0x08006910       0xf0 /Applications/ArmGNUToolchain/13.3.rel1/arm-none-eabi/bin/../lib/gcc/arm-none-eabi/13.3.1/../../../../arm-none-eabi/lib/thumb/v7e-m+fp/hard/libg.a(libc_a-mprec.o)
                0x08006910                __lshift
 .text.__mcmp   0x08006a00       0x44 /Applications/ArmGNUToolchain/13.3.rel1/arm-none-eabi/bin/../lib/gcc/arm-none-eabi/13.3.1/../../../../arm-none-eabi/lib/thumb/v7e-m+fp/hard/libg.a(libc_a-mprec.o)
                0x08006a00                __mcmp
 .text.__mdiff  0x08006a44      0x178 /Applications/ArmGNUToolchain/13.3.rel1/arm-none-eabi/bin/../lib/gcc/arm-none-eabi/13.3.1/../../../../arm-none-eabi/lib/thumb/v7e-m+fp/hard/libg.a(libc_a-mprec.o)
                0x08006a44                __mdiff
 .text.__d2b    0x08006bbc       0xc0 /Applications/ArmGNUToolchain/13.3.rel1/arm-none-eabi/bin/../lib/gcc/arm-none-eabi/13.3.1/../../../../arm-none-eabi/lib/thumb/v7e-m+fp/hard/libg.a(libc_a-mprec.o)
                0x08006bbc                __d2b
 .text._realloc_r
                0x08006c7c      0x344 /Applications/ArmGNUToolchain/13.3.rel1/arm-none-eabi/bin/../lib/gcc/arm-none-eabi/13.3.1/../../../../arm-none-eabi/lib/thumb/v7e-m+fp/hard/libg.a(libc_a-reallocr.o)
                0x08006c7c                _realloc_r
 .text.__sprint_r
                0x08006fc0       0x20 /Applications/ArmGNUToolchain/13.3.rel1/arm-none-eabi/bin/../lib/gcc/arm-none-eabi/13.3.1/../../../../arm-none-eabi/lib/thumb/v7e-m+fp/hard/libg.a(libc_a-sprint_r.o)
                0x08006fc0                __sprint_r
 .text.__ascii_wctomb
                0x08006fe0       0x1c /Applications/ArmGNUToolchain/13.3.rel1/arm-none-eabi/bin/../lib/gcc/arm-none-eabi/13.3.1/../../../../arm-none-eabi/lib/thumb/v7e-m+fp/hard/libg.a(libc_a-wctomb_r.o)
                0x08006fe0                __ascii_wctomb
 .text._fclose_r
                0x08006ffc       0xc0 /Applications/ArmGNUToolchain/13.3.rel1/arm-none-eabi/bin/../lib/gcc/arm-none-eabi/13.3.1/../../../../arm-none-eabi/lib/thumb/v7e-m+fp/hard/libg.a(libc_a-fclose.o)
                0x08006ffc                _fclose_r
 .text.__sflush_r
                0x080070bc      0x138 /Applications/ArmGNUToolchain/13.3.rel1/arm-none-eabi/bin/../lib/gcc/arm-none-eabi/13.3.1/../../../../arm-none-eabi/lib/thumb/v7e-m+fp/hard/libg.a(libc_a-fflush.o)
                0x080070bc                __sflush_r
 .text._fflush_r
                0x080071f4       0x54 /Applications/ArmGNUToolchain/13.3.rel1/arm-none-eabi/bin/../lib/gcc/arm-none-eabi/13.3.1/../../../../arm-none-eabi/lib/thumb/v7e-m+fp/hard/libg.a(libc_a-fflush.o)
                0x080071f4                _fflush_r
 .text.__sread  0x08007248       0x24 /Applications/ArmGNUToolchain/13.3.rel1/arm-none-eabi/bin/../lib/gcc/arm-none-eabi/13.3.1/../../../../arm-none-eabi/lib/thumb/v7e-m+fp/hard/libg.a(libc_a-stdio.o)
                0x08007248                __sread
 .text.__swrite
                0x0800726c       0x40 /Applications/ArmGNUToolchain/13.3.rel1/arm-none-eabi/bin/../lib/gcc/arm-none-eabi/13.3.1/../../../../arm-none-eabi/lib/thumb/v7e-m+fp/hard/libg.a(libc_a-stdio.o)
                0x0800726c                __swrite
 .text.__sseek  0x080072ac       0x24 /Applications/ArmGNUToolchain/13.3.rel1/arm-none-eabi/bin/../lib/gcc/arm-none-eabi/13.3.1/../../../../arm-none-eabi/lib/thumb/v7e-m+fp/hard/libg.a(libc_a-stdio.o)
                0x080072ac                __sseek
 .text.__sclose
                0x080072d0        0x8 /Applications/ArmGNUToolchain/13.3.rel1/arm-none-eabi/bin/../lib/gcc/arm-none-eabi/13.3.1/../../../../arm-none-eabi/lib/thumb/v7e-m+fp/hard/libg.a(libc_a-stdio.o)
                0x080072d0                __sclose
 .text.__swsetup_r
                0x080072d8       0xc4 /Applications/ArmGNUToolchain/13.3.rel1/arm-none-eabi/bin/../lib/gcc/arm-none-eabi/13.3.1/../../../../arm-none-eabi/lib/thumb/v7e-m+fp/hard/libg.a(libc_a-wsetup.o)
                0x080072d8                __swsetup_r
 .text._localeconv_r
                0x0800739c        0x8 /Applications/ArmGNUToolchain/13.3.rel1/arm-none-eabi/bin/../lib/gcc/arm-none-eabi/13.3.1/../../../../arm-none-eabi/lib/thumb/v7e-m+fp/hard/libg.a(libc_a-localeconv.o)
                0x0800739c                _localeconv_r
 .text._close_r
                0x080073a4       0x24 /Applications/ArmGNUToolchain/13.3.rel1/arm-none-eabi/bin/../lib/gcc/arm-none-eabi/13.3.1/../../../../arm-none-eabi/lib/thumb/v7e-m+fp/hard/libg.a(libc_a-closer.o)
                0x080073a4                _close_r
 .text._lseek_r
                0x080073c8       0x2c /Applications/ArmGNUToolchain/13.3.rel1/arm-none-eabi/bin/../lib/gcc/arm-none-eabi/13.3.1/../../../../arm-none-eabi/lib/thumb/v7e-m+fp/hard/libg.a(libc_a-lseekr.o)
                0x080073c8                _lseek_r
 .text._read_r  0x080073f4       0x2c /Applications/ArmGNUToolchain/13.3.rel1/arm-none-eabi/bin/../lib/gcc/arm-none-eabi/13.3.1/../../../../arm-none-eabi/lib/thumb/v7e-m+fp/hard/libg.a(libc_a-readr.o)
                0x080073f4                _read_r
 .text._sbrk_r  0x08007420       0x24 /Applications/ArmGNUToolchain/13.3.rel1/arm-none-eabi/bin/../lib/gcc/arm-none-eabi/13.3.1/../../../../arm-none-eabi/lib/thumb/v7e-m+fp/hard/libg.a(libc_a-sbrkr.o)
                0x08007420                _sbrk_r
 .text._write_r
                0x08007444       0x2c /Applications/ArmGNUToolchain/13.3.rel1/arm-none-eabi/bin/../lib/gcc/arm-none-eabi/13.3.1/../../../../arm-none-eabi/lib/thumb/v7e-m+fp/hard/libg.a(libc_a-writer.o)
                0x08007444                _write_r
 .text.sysconf  0x08007470       0x1c /Applications/ArmGNUToolchain/13.3.rel1/arm-none-eabi/bin/../lib/gcc/arm-none-eabi/13.3.1/../../../../arm-none-eabi/lib/thumb/v7e-m+fp/hard/libg.a(libc_a-sysconf.o)
                0x08007470                sysconf
 .text.__libc_fini_array
                0x0800748c       0x28 /Applications/ArmGNUToolchain/13.3.rel1/arm-none-eabi/bin/../lib/gcc/arm-none-eabi/13.3.1/../../../../arm-none-eabi/lib/thumb/v7e-m+fp/hard/libg.a(libc_a-fini.o)
                0x0800748c                __libc_fini_array
 .text._wcrtomb_r
                0x080074b4       0x4c /Applications/ArmGNUToolchain/13.3.rel1/arm-none-eabi/bin/../lib/gcc/arm-none-eabi/13.3.1/../../../../arm-none-eabi/lib/thumb/v7e-m+fp/hard/libg.a(libc_a-wcrtomb.o)
                0x080074b4                _wcrtomb_r
 .text._wcsrtombs_r
                0x08007500       0x18 /Applications/ArmGNUToolchain/13.3.rel1/arm-none-eabi/bin/../lib/gcc/arm-none-eabi/13.3.1/../../../../arm-none-eabi/lib/thumb/v7e-m+fp/hard/libg.a(libc_a-wcsrtombs.o)
                0x08007500                _wcsrtombs_r
 .text.__register_exitproc
                0x08007518       0x80 /Applications/ArmGNUToolchain/13.3.rel1/arm-none-eabi/bin/../lib/gcc/arm-none-eabi/13.3.1/../../../../arm-none-eabi/lib/thumb/v7e-m+fp/hard/libg.a(libc_a-__atexit.o)
                0x08007518                __register_exitproc
 .text.frexp    0x08007598       0x64 /Applications/ArmGNUToolchain/13.3.rel1/arm-none-eabi/bin/../lib/gcc/arm-none-eabi/13.3.1/../../../../arm-none-eabi/lib/thumb/v7e-m+fp/hard/libg.a(libm_a-s_frexp.o)
                0x08007598                frexp
 .text.__assert_func
                0x080075fc       0x40 /Applications/ArmGNUToolchain/13.3.rel1/arm-none-eabi/bin/../lib/gcc/arm-none-eabi/13.3.1/../../../../arm-none-eabi/lib/thumb/v7e-m+fp/hard/libg.a(libc_a-assert.o)
                0x080075fc                __assert_func
 .text._calloc_r
                0x0800763c       0x6c /Applications/ArmGNUToolchain/13.3.rel1/arm-none-eabi/bin/../lib/gcc/arm-none-eabi/13.3.1/../../../../arm-none-eabi/lib/thumb/v7e-m+fp/hard/libg.a(libc_a-callocr.o)
                0x0800763c                _calloc_r
 .text.quorem   0x080076a8      0x12c /Applications/ArmGNUToolchain/13.3.rel1/arm-none-eabi/bin/../lib/gcc/arm-none-eabi/13.3.1/../../../../arm-none-eabi/lib/thumb/v7e-m+fp/hard/libg.a(libc_a-dtoa.o)
 *fill*         0x080077d4        0x4 
 .text._dtoa_r  0x080077d8      0xe80 /Applications/ArmGNUToolchain/13.3.rel1/arm-none-eabi/bin/../lib/gcc/arm-none-eabi/13.3.1/../../../../arm-none-eabi/lib/thumb/v7e-m+fp/hard/libg.a(libc_a-dtoa.o)
                0x080077d8                _dtoa_r
 .text.fiprintf
                0x08008658       0x28 /Applications/ArmGNUToolchain/13.3.rel1/arm-none-eabi/bin/../lib/gcc/arm-none-eabi/13.3.1/../../../../arm-none-eabi/lib/thumb/v7e-m+fp/hard/libg.a(libc_a-fiprintf.o)
                0x08008658                fiprintf
 .text._vfiprintf_r
                0x08008680      0xe68 /Applications/ArmGNUToolchain/13.3.rel1/arm-none-eabi/bin/../lib/gcc/arm-none-eabi/13.3.1/../../../../arm-none-eabi/lib/thumb/v7e-m+fp/hard/libg.a(libc_a-vfiprintf.o)
                0x08008680                _vfiprintf_r
 .text.__sbprintf
                0x080094e8       0x80 /Applications/ArmGNUToolchain/13.3.rel1/arm-none-eabi/bin/../lib/gcc/arm-none-eabi/13.3.1/../../../../arm-none-eabi/lib/thumb/v7e-m+fp/hard/libg.a(libc_a-vfiprintf.o)
 .text.__smakebuf_r
                0x08009568       0xdc /Applications/ArmGNUToolchain/13.3.rel1/arm-none-eabi/bin/../lib/gcc/arm-none-eabi/13.3.1/../../../../arm-none-eabi/lib/thumb/v7e-m+fp/hard/libg.a(libc_a-makebuf.o)
                0x08009568                __smakebuf_r
 .text._fstat_r
                0x08009644       0x2c /Applications/ArmGNUToolchain/13.3.rel1/arm-none-eabi/bin/../lib/gcc/arm-none-eabi/13.3.1/../../../../arm-none-eabi/lib/thumb/v7e-m+fp/hard/libg.a(libc_a-fstatr.o)
                0x08009644                _fstat_r
 .text._isatty_r
                0x08009670       0x24 /Applications/ArmGNUToolchain/13.3.rel1/arm-none-eabi/bin/../lib/gcc/arm-none-eabi/13.3.1/../../../../arm-none-eabi/lib/thumb/v7e-m+fp/hard/libg.a(libc_a-isattyr.o)
                0x08009670                _isatty_r
 .text._wcsnrtombs_l
                0x08009694       0xfc /Applications/ArmGNUToolchain/13.3.rel1/arm-none-eabi/bin/../lib/gcc/arm-none-eabi/13.3.1/../../../../arm-none-eabi/lib/thumb/v7e-m+fp/hard/libg.a(libc_a-wcsnrtombs.o)
                0x08009694                _wcsnrtombs_l
 .text._wcsnrtombs_r
                0x08009790       0x24 /Applications/ArmGNUToolchain/13.3.rel1/arm-none-eabi/bin/../lib/gcc/arm-none-eabi/13.3.1/../../../../arm-none-eabi/lib/thumb/v7e-m+fp/hard/libg.a(libc_a-wcsnrtombs.o)
                0x08009790                _wcsnrtombs_r
 .text.abort    0x080097b4       0x10 /Applications/ArmGNUToolchain/13.3.rel1/arm-none-eabi/bin/../lib/gcc/arm-none-eabi/13.3.1/../../../../arm-none-eabi/lib/thumb/v7e-m+fp/hard/libg.a(libc_a-abort.o)
                0x080097b4                abort
 .text.raise    0x080097c4       0x58 /Applications/ArmGNUToolchain/13.3.rel1/arm-none-eabi/bin/../lib/gcc/arm-none-eabi/13.3.1/../../../../arm-none-eabi/lib/thumb/v7e-m+fp/hard/libg.a(libc_a-signal.o)
                0x080097c4                raise
 .text._kill_r  0x0800981c       0x2c /Applications/ArmGNUToolchain/13.3.rel1/arm-none-eabi/bin/../lib/gcc/arm-none-eabi/13.3.1/../../../../arm-none-eabi/lib/thumb/v7e-m+fp/hard/libg.a(libc_a-signalr.o)
                0x0800981c                _kill_r
 .text._getpid_r
                0x08009848        0x4 /Applications/ArmGNUToolchain/13.3.rel1/arm-none-eabi/bin/../lib/gcc/arm-none-eabi/13.3.1/../../../../arm-none-eabi/lib/thumb/v7e-m+fp/hard/libg.a(libc_a-signalr.o)
                0x08009848                _getpid_r
 *(.glue_7)
 .glue_7        0x0800984c        0x0 linker stubs
 *(.glue_7t)
 .glue_7t       0x0800984c        0x0 linker stubs
 *(.eh_frame)
 .eh_frame      0x0800984c        0x0 /Applications/ArmGNUToolchain/13.3.rel1/arm-none-eabi/bin/../lib/gcc/arm-none-eabi/13.3.1/thumb/v7e-m+fp/hard/crtbegin.o
 *(.init)
 .init          0x0800984c        0x4 /Applications/ArmGNUToolchain/13.3.rel1/arm-none-eabi/bin/../lib/gcc/arm-none-eabi/13.3.1/thumb/v7e-m+fp/hard/crti.o
                0x0800984c                _init
 .init          0x08009850        0x8 /Applications/ArmGNUToolchain/13.3.rel1/arm-none-eabi/bin/../lib/gcc/arm-none-eabi/13.3.1/thumb/v7e-m+fp/hard/crtn.o
 *(.fini)
 .fini          0x08009858        0x4 /Applications/ArmGNUToolchain/13.3.rel1/arm-none-eabi/bin/../lib/gcc/arm-none-eabi/13.3.1/thumb/v7e-m+fp/hard/crti.o
                0x08009858                _fini
 .fini          0x0800985c        0x8 /Applications/ArmGNUToolchain/13.3.rel1/arm-none-eabi/bin/../lib/gcc/arm-none-eabi/13.3.1/thumb/v7e-m+fp/hard/crtn.o
                0x08009864                        . = ALIGN (0x4)
                0x08009864                        _etext = .

.vfp11_veneer   0x08009864        0x0
 .vfp11_veneer  0x08009864        0x0 linker stubs

.v4_bx          0x08009864        0x0
 .v4_bx         0x08009864        0x0 linker stubs

.iplt           0x08009864        0x0
 .iplt          0x08009864        0x0 /Applications/ArmGNUToolchain/13.3.rel1/arm-none-eabi/bin/../lib/gcc/arm-none-eabi/13.3.1/thumb/v7e-m+fp/hard/crtbegin.o

.rodata         0x08009868      0x858
                0x08009868                        . = ALIGN (0x4)
 *(.rodata)
 *(.rodata*)
 .rodata.APBPrescTable
                0x08009868        0x8 CMakeFiles/NUCLEO-F429ZI.elf.dir/Core/Src/system_stm32f4xx.c.obj
                0x08009868                APBPrescTable
 .rodata.AHBPrescTable
                0x08009870       0x10 CMakeFiles/NUCLEO-F429ZI.elf.dir/Core/Src/system_stm32f4xx.c.obj
                0x08009870                AHBPrescTable
 .rodata.GPIO_PIN
                0x08009880        0x6 CMakeFiles/NUCLEO-F429ZI.elf.dir/Drivers/BSP-Nucleo-144/stm32f4xx_nucleo_144.c.obj
                0x08009880                GPIO_PIN
 *fill*         0x08009886        0x2 
 .rodata.leastBitSetTbl
                0x08009888      0x100 CMakeFiles/NUCLEO-F429ZI.elf.dir/Middlewares/Third_Party/rkh/source/fwk/src/rkhfwk_bittbl.c.obj
 .rodata.bitMaskTbl
                0x08009988        0x8 CMakeFiles/NUCLEO-F429ZI.elf.dir/Middlewares/Third_Party/rkh/source/fwk/src/rkhfwk_bittbl.c.obj
 .rodata.rkh_version
                0x08009990        0x7 CMakeFiles/NUCLEO-F429ZI.elf.dir/Middlewares/Third_Party/rkh/source/fwk/src/rkhfwk_version.c.obj
                0x08009990                rkh_version
 *fill*         0x08009997        0x1 
 .rodata.rkhport_get_version.str1.4
                0x08009998      0x43d CMakeFiles/NUCLEO-F429ZI.elf.dir/Middlewares/Third_Party/rkh/source/portable/arm-cortex/rkhs/arm_cm4f/stm32/rkhport.c.obj
                                  0x5 (size before relaxing)
 .rodata.rkhport_get_desc.str1.4
                0x08009dd5       0x14 CMakeFiles/NUCLEO-F429ZI.elf.dir/Middlewares/Third_Party/rkh/source/portable/arm-cortex/rkhs/arm_cm4f/stm32/rkhport.c.obj
 *fill*         0x08009dd5        0x3 
 .rodata.evCreation
                0x08009dd8        0x3 CMakeFiles/NUCLEO-F429ZI.elf.dir/Middlewares/Third_Party/rkh/source/sm/src/rkhsm.c.obj
                0x08009dd8                evCreation
 *fill*         0x08009ddb        0x1 
 .rodata.evCompletion
                0x08009ddc        0x3 CMakeFiles/NUCLEO-F429ZI.elf.dir/Middlewares/Third_Party/rkh/source/sm/src/rkhsm.c.obj
                0x08009ddc                evCompletion
 .rodata.rkh_tmr_tick.str1.4
                0x08009ddf        0xe CMakeFiles/NUCLEO-F429ZI.elf.dir/Middlewares/Third_Party/rkh/source/tmr/src/rkhtmr.c.obj
 .rodata.rkh_tmr_init_.str1.4
                0x08009ddf        0xe CMakeFiles/NUCLEO-F429ZI.elf.dir/Middlewares/Third_Party/rkh/source/tmr/src/rkhtmr.c.obj
 *fill*         0x08009ddf        0x1 
 .rodata.blinky
                0x08009de0        0x4 CMakeFiles/NUCLEO-F429ZI.elf.dir/reactive-framework/blinky/blinky.c.obj
                0x08009de0                blinky
 .rodata.rs_blinky
                0x08009de4        0xc CMakeFiles/NUCLEO-F429ZI.elf.dir/reactive-framework/blinky/blinky.c.obj
 .rodata.ledOff_trtbl
                0x08009df0       0x20 CMakeFiles/NUCLEO-F429ZI.elf.dir/reactive-framework/blinky/blinky.c.obj
                0x08009df0                ledOff_trtbl
 .rodata.ledOff
                0x08009e10       0x14 CMakeFiles/NUCLEO-F429ZI.elf.dir/reactive-framework/blinky/blinky.c.obj
                0x08009e10                ledOff
 .rodata.ledOn_trtbl
                0x08009e24       0x20 CMakeFiles/NUCLEO-F429ZI.elf.dir/reactive-framework/blinky/blinky.c.obj
                0x08009e24                ledOn_trtbl
 .rodata.ledOn  0x08009e44       0x14 CMakeFiles/NUCLEO-F429ZI.elf.dir/reactive-framework/blinky/blinky.c.obj
                0x08009e44                ledOn
 .rodata.printBanner.str1.4
                0x08009e58      0x209 CMakeFiles/NUCLEO-F429ZI.elf.dir/reactive-framework/blinky/bsp/bsp_blinky.c.obj
 .rodata.bsp_ledOn.str1.4
                0x08009e58        0x7 CMakeFiles/NUCLEO-F429ZI.elf.dir/reactive-framework/blinky/bsp/bsp_blinky.c.obj
 .rodata.bsp_ledOff.str1.4
                0x08009e58        0x8 CMakeFiles/NUCLEO-F429ZI.elf.dir/reactive-framework/blinky/bsp/bsp_blinky.c.obj
 .rodata.rkh_hook_start.str1.4
                0x08009e58       0x10 CMakeFiles/NUCLEO-F429ZI.elf.dir/reactive-framework/blinky/bsp/hook.c.obj
 .rodata.rkh_hook_timetick.str1.4
                0x08009e58       0x13 CMakeFiles/NUCLEO-F429ZI.elf.dir/reactive-framework/blinky/bsp/hook.c.obj
 .rodata.mTime_tick.str1.4
                0x08009e58        0xc CMakeFiles/NUCLEO-F429ZI.elf.dir/reactive-framework/salt/utilities/mTime/mTime.c.obj
 .rodata.timerChain
                0x08009e58       0x18 CMakeFiles/NUCLEO-F429ZI.elf.dir/reactive-framework/salt/utilities/mTime/mTimeTbl.c.obj
                0x08009e58                timerChain
 .rodata.actions_10000
                0x08009e70        0x4 CMakeFiles/NUCLEO-F429ZI.elf.dir/reactive-framework/salt/utilities/mTime/mTimeTbl.c.obj
 .rodata.actions_1000
                0x08009e74        0x4 CMakeFiles/NUCLEO-F429ZI.elf.dir/reactive-framework/salt/utilities/mTime/mTimeTbl.c.obj
 .rodata.actions_100
                0x08009e78        0x4 CMakeFiles/NUCLEO-F429ZI.elf.dir/reactive-framework/salt/utilities/mTime/mTimeTbl.c.obj
 .rodata._puts_r.str1.4
                0x08009e7c        0x2 /Applications/ArmGNUToolchain/13.3.rel1/arm-none-eabi/bin/../lib/gcc/arm-none-eabi/13.3.1/../../../../arm-none-eabi/lib/thumb/v7e-m+fp/hard/libg.a(libc_a-puts.o)
 .rodata.str1.4
                0x08009e7c       0x4c /Applications/ArmGNUToolchain/13.3.rel1/arm-none-eabi/bin/../lib/gcc/arm-none-eabi/13.3.1/../../../../arm-none-eabi/lib/thumb/v7e-m+fp/hard/libg.a(libc_a-locale.o)
 .rodata._ctype_
                0x08009e7c      0x101 /Applications/ArmGNUToolchain/13.3.rel1/arm-none-eabi/bin/../lib/gcc/arm-none-eabi/13.3.1/../../../../arm-none-eabi/lib/thumb/v7e-m+fp/hard/libg.a(libc_a-ctype_.o)
                0x08009e7c                _ctype_
 .rodata._vfprintf_r.str1.4
                0x08009f7d       0x42 /Applications/ArmGNUToolchain/13.3.rel1/arm-none-eabi/bin/../lib/gcc/arm-none-eabi/13.3.1/../../../../arm-none-eabi/lib/thumb/v7e-m+fp/hard/libg.a(libc_a-vfprintf.o)
 *fill*         0x08009f7d        0x3 
 .rodata.zeroes.0
                0x08009f80       0x10 /Applications/ArmGNUToolchain/13.3.rel1/arm-none-eabi/bin/../lib/gcc/arm-none-eabi/13.3.1/../../../../arm-none-eabi/lib/thumb/v7e-m+fp/hard/libg.a(libc_a-vfprintf.o)
 .rodata.blanks.1
                0x08009f90       0x10 /Applications/ArmGNUToolchain/13.3.rel1/arm-none-eabi/bin/../lib/gcc/arm-none-eabi/13.3.1/../../../../arm-none-eabi/lib/thumb/v7e-m+fp/hard/libg.a(libc_a-vfprintf.o)
 .rodata.__multadd.str1.4
                0x08009fa0       0x76 /Applications/ArmGNUToolchain/13.3.rel1/arm-none-eabi/bin/../lib/gcc/arm-none-eabi/13.3.1/../../../../arm-none-eabi/lib/thumb/v7e-m+fp/hard/libg.a(libc_a-mprec.o)
 .rodata.p05.0  0x08009fa0        0xc /Applications/ArmGNUToolchain/13.3.rel1/arm-none-eabi/bin/../lib/gcc/arm-none-eabi/13.3.1/../../../../arm-none-eabi/lib/thumb/v7e-m+fp/hard/libg.a(libc_a-mprec.o)
 *fill*         0x08009fac        0x4 
 .rodata.__mprec_bigtens
                0x08009fb0       0x28 /Applications/ArmGNUToolchain/13.3.rel1/arm-none-eabi/bin/../lib/gcc/arm-none-eabi/13.3.1/../../../../arm-none-eabi/lib/thumb/v7e-m+fp/hard/libg.a(libc_a-mprec.o)
                0x08009fb0                __mprec_bigtens
 .rodata.__mprec_tens
                0x08009fd8       0xc8 /Applications/ArmGNUToolchain/13.3.rel1/arm-none-eabi/bin/../lib/gcc/arm-none-eabi/13.3.1/../../../../arm-none-eabi/lib/thumb/v7e-m+fp/hard/libg.a(libc_a-mprec.o)
                0x08009fd8                __mprec_tens
 .rodata.__assert_func.str1.4
                0x0800a0a0       0x43 /Applications/ArmGNUToolchain/13.3.rel1/arm-none-eabi/bin/../lib/gcc/arm-none-eabi/13.3.1/../../../../arm-none-eabi/lib/thumb/v7e-m+fp/hard/libg.a(libc_a-assert.o)
 .rodata._dtoa_r.str1.4
                0x0800a0a0       0x89 /Applications/ArmGNUToolchain/13.3.rel1/arm-none-eabi/bin/../lib/gcc/arm-none-eabi/13.3.1/../../../../arm-none-eabi/lib/thumb/v7e-m+fp/hard/libg.a(libc_a-dtoa.o)
 .rodata._vfiprintf_r.str1.4
                0x0800a0a0       0x2f /Applications/ArmGNUToolchain/13.3.rel1/arm-none-eabi/bin/../lib/gcc/arm-none-eabi/13.3.1/../../../../arm-none-eabi/lib/thumb/v7e-m+fp/hard/libg.a(libc_a-vfiprintf.o)
 .rodata.zeroes.0
                0x0800a0a0       0x10 /Applications/ArmGNUToolchain/13.3.rel1/arm-none-eabi/bin/../lib/gcc/arm-none-eabi/13.3.1/../../../../arm-none-eabi/lib/thumb/v7e-m+fp/hard/libg.a(libc_a-vfiprintf.o)
 .rodata.blanks.1
                0x0800a0b0       0x10 /Applications/ArmGNUToolchain/13.3.rel1/arm-none-eabi/bin/../lib/gcc/arm-none-eabi/13.3.1/../../../../arm-none-eabi/lib/thumb/v7e-m+fp/hard/libg.a(libc_a-vfiprintf.o)
                0x0800a12c                        . = ALIGN (0x4)

.ARM.extab      0x0800a0c0        0x0
                0x0800a0c0                        . = ALIGN (0x4)
 *(.ARM.extab* .gnu.linkonce.armextab.*)
                0x0800a0c0                        . = ALIGN (0x4)

.ARM            0x0800a0c0        0x8
                0x0800a0c0                        . = ALIGN (0x4)
                0x0800a0c0                        __exidx_start = .
 *(.ARM.exidx*)
 .ARM.exidx     0x0800a0c0        0x8 /Applications/ArmGNUToolchain/13.3.rel1/arm-none-eabi/bin/../lib/gcc/arm-none-eabi/13.3.1/../../../../arm-none-eabi/lib/thumb/v7e-m+fp/hard/libg.a(libc_a-memcpy.o)
 .ARM.exidx     0x0800a0c8        0x0 /Applications/ArmGNUToolchain/13.3.rel1/arm-none-eabi/bin/../lib/gcc/arm-none-eabi/13.3.1/../../../../arm-none-eabi/lib/thumb/v7e-m+fp/hard/libg.a(libc_a-strlen.o)
                                  0x8 (size before relaxing)
 .ARM.exidx     0x0800a0c8        0x0 /Applications/ArmGNUToolchain/13.3.rel1/arm-none-eabi/bin/../lib/gcc/arm-none-eabi/13.3.1/../../../../arm-none-eabi/lib/thumb/v7e-m+fp/hard/libg.a(libc_a-memchr.o)
                                  0x8 (size before relaxing)
 .ARM.exidx.text.__udivmoddi4
                0x0800a0c8        0x0 /Applications/ArmGNUToolchain/13.3.rel1/arm-none-eabi/bin/../lib/gcc/arm-none-eabi/13.3.1/thumb/v7e-m+fp/hard/libgcc.a(_udivmoddi4.o)
                                  0x8 (size before relaxing)
                0x0800a0c8                        __exidx_end = .
                0x0800a0c8                        . = ALIGN (0x4)

.rel.dyn        0x0800a0c8        0x0
 .rel.iplt      0x0800a0c8        0x0 /Applications/ArmGNUToolchain/13.3.rel1/arm-none-eabi/bin/../lib/gcc/arm-none-eabi/13.3.1/thumb/v7e-m+fp/hard/crtbegin.o

.preinit_array  0x0800a0c8        0x0
                0x0800a0c8                        . = ALIGN (0x4)
                0x0800a0c8                        PROVIDE (__preinit_array_start = .)
 *(.preinit_array*)
                0x0800a0c8                        PROVIDE (__preinit_array_end = .)
                0x0800a0c8                        . = ALIGN (0x4)

.init_array     0x0800a0c8        0x8
                0x0800a0c8                        . = ALIGN (0x4)
                0x0800a0c8                        PROVIDE (__init_array_start = .)
 *(SORT_BY_NAME(.init_array.*))
 .init_array.00000
                0x0800a0c8        0x4 /Applications/ArmGNUToolchain/13.3.rel1/arm-none-eabi/bin/../lib/gcc/arm-none-eabi/13.3.1/../../../../arm-none-eabi/lib/thumb/v7e-m+fp/hard/libg.a(libc_a-__call_atexit.o)
 *(.init_array*)
 .init_array    0x0800a0cc        0x4 /Applications/ArmGNUToolchain/13.3.rel1/arm-none-eabi/bin/../lib/gcc/arm-none-eabi/13.3.1/thumb/v7e-m+fp/hard/crtbegin.o
                0x0800a0d0                        PROVIDE (__init_array_end = .)
                0x0800a0d0                        . = ALIGN (0x4)

.fini_array     0x0800a0d0        0x4
                0x0800a0d0                        . = ALIGN (0x4)
                0x0800a0d0                        PROVIDE (__fini_array_start = .)
 *(SORT_BY_NAME(.fini_array.*))
 *(.fini_array*)
 .fini_array    0x0800a0d0        0x4 /Applications/ArmGNUToolchain/13.3.rel1/arm-none-eabi/bin/../lib/gcc/arm-none-eabi/13.3.1/thumb/v7e-m+fp/hard/crtbegin.o
                0x0800a0d4                        PROVIDE (__fini_array_end = .)
                0x0800a0d4                        . = ALIGN (0x4)
                0x0800a0d4                        _sidata = LOADADDR (.data)

.data           0x20000000      0x730 load address 0x0800a0d4
                0x20000000                        . = ALIGN (0x4)
                0x20000000                        _sdata = .
 *(.data)
 *(.data*)
 .data.SystemCoreClock
                0x20000000        0x4 CMakeFiles/NUCLEO-F429ZI.elf.dir/Core/Src/system_stm32f4xx.c.obj
                0x20000000                SystemCoreClock
 .data.GPIO_PORT
                0x20000004        0xc CMakeFiles/NUCLEO-F429ZI.elf.dir/Drivers/BSP-Nucleo-144/stm32f4xx_nucleo_144.c.obj
                0x20000004                GPIO_PORT
 .data.uwTickFreq
                0x20000010        0x1 CMakeFiles/NUCLEO-F429ZI.elf.dir/Drivers/STM32F4xx_HAL_Driver/Src/stm32f4xx_hal.c.obj
                0x20000010                uwTickFreq
 *fill*         0x20000011        0x3 
 .data.uwTickPrio
                0x20000014        0x4 CMakeFiles/NUCLEO-F429ZI.elf.dir/Drivers/STM32F4xx_HAL_Driver/Src/stm32f4xx_hal.c.obj
                0x20000014                uwTickPrio
 .data.s_blinky
                0x20000018       0x40 CMakeFiles/NUCLEO-F429ZI.elf.dir/reactive-framework/blinky/blinky.c.obj
 .data.__sglue  0x20000058        0xc /Applications/ArmGNUToolchain/13.3.rel1/arm-none-eabi/bin/../lib/gcc/arm-none-eabi/13.3.1/../../../../arm-none-eabi/lib/thumb/v7e-m+fp/hard/libg.a(libc_a-findfp.o)
                0x20000058                __sglue
 .data.__global_locale
                0x20000064      0x16c /Applications/ArmGNUToolchain/13.3.rel1/arm-none-eabi/bin/../lib/gcc/arm-none-eabi/13.3.1/../../../../arm-none-eabi/lib/thumb/v7e-m+fp/hard/libg.a(libc_a-locale.o)
                0x20000064                __global_locale
 .data._impure_ptr
                0x200001d0        0x4 /Applications/ArmGNUToolchain/13.3.rel1/arm-none-eabi/bin/../lib/gcc/arm-none-eabi/13.3.1/../../../../arm-none-eabi/lib/thumb/v7e-m+fp/hard/libg.a(libc_a-impure.o)
                0x200001d0                _impure_ptr
 *fill*         0x200001d4        0x4 
 .data._impure_data
                0x200001d8      0x140 /Applications/ArmGNUToolchain/13.3.rel1/arm-none-eabi/bin/../lib/gcc/arm-none-eabi/13.3.1/../../../../arm-none-eabi/lib/thumb/v7e-m+fp/hard/libg.a(libc_a-impure.o)
                0x200001d8                _impure_data
 .data.__atexit_recursive_mutex
                0x20000318        0x4 /Applications/ArmGNUToolchain/13.3.rel1/arm-none-eabi/bin/../lib/gcc/arm-none-eabi/13.3.1/../../../../arm-none-eabi/lib/thumb/v7e-m+fp/hard/libg.a(libc_a-__call_atexit.o)
                0x20000318                __atexit_recursive_mutex
 .data.__malloc_sbrk_base
                0x2000031c        0x4 /Applications/ArmGNUToolchain/13.3.rel1/arm-none-eabi/bin/../lib/gcc/arm-none-eabi/13.3.1/../../../../arm-none-eabi/lib/thumb/v7e-m+fp/hard/libg.a(libc_a-mallocr.o)
                0x2000031c                __malloc_sbrk_base
 .data.__malloc_trim_threshold
                0x20000320        0x4 /Applications/ArmGNUToolchain/13.3.rel1/arm-none-eabi/bin/../lib/gcc/arm-none-eabi/13.3.1/../../../../arm-none-eabi/lib/thumb/v7e-m+fp/hard/libg.a(libc_a-mallocr.o)
                0x20000320                __malloc_trim_threshold
 *fill*         0x20000324        0x4 
 .data.__malloc_av_
                0x20000328      0x408 /Applications/ArmGNUToolchain/13.3.rel1/arm-none-eabi/bin/../lib/gcc/arm-none-eabi/13.3.1/../../../../arm-none-eabi/lib/thumb/v7e-m+fp/hard/libg.a(libc_a-mallocr.o)
                0x20000328                __malloc_av_
 *(.RamFunc)
 *(.RamFunc*)
                0x20000730                        . = ALIGN (0x4)
                0x20000730                        _edata = .
                0x0800a804                        _siccmram = LOADADDR (.ccmram)

.tm_clone_table