Archive member included to satisfy reference by file (symbol)

/usr/lib/gcc/arm-none-eabi/10.3.1/thumb/v7e-m/nofp/libgcc.a(_arm_muldf3.o)
                              CMakeFiles/NUCLEO-F429ZI.elf.dir/salt/peripherals/analog-inputs/anIn.c.obj (__aeabi_dmul)
/usr/lib/gcc/arm-none-eabi/10.3.1/thumb/v7e-m/nofp/libgcc.a(_arm_mulsf3.o)
                              CMakeFiles/NUCLEO-F429ZI.elf.dir/salt/peripherals/pulse-counter/pulseCounter.c.obj (__aeabi_fmul)
/usr/lib/gcc/arm-none-eabi/10.3.1/thumb/v7e-m/nofp/libgcc.a(_arm_addsubdf3.o)
                              CMakeFiles/NUCLEO-F429ZI.elf.dir/third-party/jWrite/jWrite/jWrite.c.obj (__aeabi_dsub)
/usr/lib/gcc/arm-none-eabi/10.3.1/thumb/v7e-m/nofp/libgcc.a(_arm_muldivdf3.o)
                              CMakeFiles/NUCLEO-F429ZI.elf.dir/salt/state-machines/logic/logic.c.obj (__aeabi_ddiv)
/usr/lib/gcc/arm-none-eabi/10.3.1/thumb/v7e-m/nofp/libgcc.a(_arm_cmpdf2.o)
                              CMakeFiles/NUCLEO-F429ZI.elf.dir/third-party/jWrite/jWrite/jWrite.c.obj (__aeabi_dcmpeq)
/usr/lib/gcc/arm-none-eabi/10.3.1/thumb/v7e-m/nofp/libgcc.a(_arm_fixdfsi.o)
                              CMakeFiles/NUCLEO-F429ZI.elf.dir/third-party/jWrite/jWrite/jWrite.c.obj (__aeabi_d2iz)
/usr/lib/gcc/arm-none-eabi/10.3.1/thumb/v7e-m/nofp/libgcc.a(_arm_fixunsdfsi.o)
                              CMakeFiles/NUCLEO-F429ZI.elf.dir/salt/state-machines/logic/logic.c.obj (__aeabi_d2uiz)
/usr/lib/gcc/arm-none-eabi/10.3.1/thumb/v7e-m/nofp/libgcc.a(_arm_truncdfsf2.o)
                              CMakeFiles/NUCLEO-F429ZI.elf.dir/salt/utilities/parser/sim900/sim900parser.c.obj (__aeabi_d2f)
/usr/lib/gcc/arm-none-eabi/10.3.1/thumb/v7e-m/nofp/libgcc.a(_arm_addsubsf3.o)
                              CMakeFiles/NUCLEO-F429ZI.elf.dir/salt/peripherals/pulse-counter/pulseCounter.c.obj (__aeabi_ui2f)
/usr/lib/gcc/arm-none-eabi/10.3.1/thumb/v7e-m/nofp/libgcc.a(_arm_cmpsf2.o)
                              CMakeFiles/NUCLEO-F429ZI.elf.dir/salt/state-machines/logic/logic.c.obj (__aeabi_fcmplt)
/usr/lib/gcc/arm-none-eabi/10.3.1/thumb/v7e-m/nofp/libgcc.a(_aeabi_uldivmod.o)
                              CMakeFiles/NUCLEO-F429ZI.elf.dir/Drivers/STM32F4xx_HAL_Driver/Src/stm32f4xx_hal_rcc.c.obj (__aeabi_uldivmod)
/usr/lib/gcc/arm-none-eabi/10.3.1/thumb/v7e-m/nofp/libgcc.a(_fixdfdi.o)
                              CMakeFiles/NUCLEO-F429ZI.elf.dir/third-party/MQTT-C/source/mqttc.c.obj (__aeabi_d2lz)
/usr/lib/gcc/arm-none-eabi/10.3.1/thumb/v7e-m/nofp/libgcc.a(_fixunsdfdi.o)
                              /usr/lib/gcc/arm-none-eabi/10.3.1/thumb/v7e-m/nofp/libgcc.a(_fixdfdi.o) (__aeabi_d2ulz)
/usr/lib/gcc/arm-none-eabi/10.3.1/thumb/v7e-m/nofp/libgcc.a(_udivmoddi4.o)
                              /usr/lib/gcc/arm-none-eabi/10.3.1/thumb/v7e-m/nofp/libgcc.a(_aeabi_uldivmod.o) (__udivmoddi4)
/usr/lib/gcc/arm-none-eabi/10.3.1/thumb/v7e-m/nofp/libgcc.a(_dvmd_tls.o)
                              /usr/lib/gcc/arm-none-eabi/10.3.1/thumb/v7e-m/nofp/libgcc.a(_aeabi_uldivmod.o) (__aeabi_ldiv0)
/usr/lib/gcc/arm-none-eabi/10.3.1/../../../arm-none-eabi/lib/thumb/v7e-m/nofp/libg.a(lib_a-atexit.o)
                              /usr/lib/gcc/arm-none-eabi/10.3.1/../../../arm-none-eabi/lib/thumb/v7e-m/nofp/crt0.o (atexit)
/usr/lib/gcc/arm-none-eabi/10.3.1/../../../arm-none-eabi/lib/thumb/v7e-m/nofp/libg.a(lib_a-atof.o)
                              CMakeFiles/NUCLEO-F429ZI.elf.dir/salt/utilities/parser/sim900/sim900parser.c.obj (atof)
/usr/lib/gcc/arm-none-eabi/10.3.1/../../../arm-none-eabi/lib/thumb/v7e-m/nofp/libg.a(lib_a-atoi.o)
                              CMakeFiles/NUCLEO-F429ZI.elf.dir/salt/utilities/parser/sim900/sim900parser.c.obj (atoi)
/usr/lib/gcc/arm-none-eabi/10.3.1/../../../arm-none-eabi/lib/thumb/v7e-m/nofp/libg.a(lib_a-errno.o)
                              CMakeFiles/NUCLEO-F429ZI.elf.dir/Core/Src/syscalls.c.obj (__errno)
/usr/lib/gcc/arm-none-eabi/10.3.1/../../../arm-none-eabi/lib/thumb/v7e-m/nofp/libg.a(lib_a-exit.o)
                              /usr/lib/gcc/arm-none-eabi/10.3.1/../../../arm-none-eabi/lib/thumb/v7e-m/nofp/crt0.o (exit)
/usr/lib/gcc/arm-none-eabi/10.3.1/../../../arm-none-eabi/lib/thumb/v7e-m/nofp/libg.a(lib_a-fini.o)
                              /usr/lib/gcc/arm-none-eabi/10.3.1/../../../arm-none-eabi/lib/thumb/v7e-m/nofp/crt0.o (__libc_fini_array)
/usr/lib/gcc/arm-none-eabi/10.3.1/../../../arm-none-eabi/lib/thumb/v7e-m/nofp/libg.a(lib_a-impure.o)
                              /usr/lib/gcc/arm-none-eabi/10.3.1/../../../arm-none-eabi/lib/thumb/v7e-m/nofp/libg.a(lib_a-exit.o) (_global_impure_ptr)
/usr/lib/gcc/arm-none-eabi/10.3.1/../../../arm-none-eabi/lib/thumb/v7e-m/nofp/libg.a(lib_a-init.o)
                              /usr/lib/gcc/arm-none-eabi/10.3.1/../../../arm-none-eabi/lib/thumb/v7e-m/nofp/crt0.o (__libc_init_array)
/usr/lib/gcc/arm-none-eabi/10.3.1/../../../arm-none-eabi/lib/thumb/v7e-m/nofp/libg.a(lib_a-memcpy.o)
[...]
Memory Configuration

Name             Origin             Length             Attributes
CCMRAM           0x0000000010000000 0x0000000000010000 xrw
RAM              0x0000000020000000 0x0000000000030000 xrw
FLASH            0x0000000008000000 0x0000000000200000 xr
*default*        0x0000000000000000 0xffffffffffffffff

Linker script and memory map

LOAD /usr/lib/gcc/arm-none-eabi/10.3.1/thumb/v7e-m/nofp/crti.o
LOAD /usr/lib/gcc/arm-none-eabi/10.3.1/thumb/v7e-m/nofp/crtbegin.o
LOAD /usr/lib/gcc/arm-none-eabi/10.3.1/../../../arm-none-eabi/lib/thumb/v7e-m/nofp/crt0.o
LOAD CMakeFiles/NUCLEO-F429ZI.elf.dir/Core/Src/eth.c.obj
LOAD CMakeFiles/NUCLEO-F429ZI.elf.dir/Core/Src/gpio.c.obj
LOAD CMakeFiles/NUCLEO-F429ZI.elf.dir/Core/Src/main.c.obj
LOAD CMakeFiles/NUCLEO-F429ZI.elf.dir/Core/Src/spi.c.obj
LOAD CMakeFiles/NUCLEO-F429ZI.elf.dir/Core/Src/stm32f4xx_hal_msp.c.obj
LOAD CMakeFiles/NUCLEO-F429ZI.elf.dir/Core/Src/stm32f4xx_it.c.obj
LOAD CMakeFiles/NUCLEO-F429ZI.elf.dir/Core/Src/syscalls.c.obj
LOAD CMakeFiles/NUCLEO-F429ZI.elf.dir/Core/Src/sysmem.c.obj
LOAD CMakeFiles/NUCLEO-F429ZI.elf.dir/Core/Src/system_stm32f4xx.c.obj
LOAD CMakeFiles/NUCLEO-F429ZI.elf.dir/Core/Src/usart.c.obj
LOAD CMakeFiles/NUCLEO-F429ZI.elf.dir/Core/Src/usb_otg.c.obj
LOAD CMakeFiles/NUCLEO-F429ZI.elf.dir/Core/Startup/startup_stm32f429zitx.s.obj
LOAD CMakeFiles/NUCLEO-F429ZI.elf.dir/Drivers/STM32F4xx_HAL_Driver/Src/stm32f4xx_hal.c.obj
LOAD CMakeFiles/NUCLEO-F429ZI.elf.dir/Drivers/STM32F4xx_HAL_Driver/Src/stm32f4xx_hal_cortex.c.obj
LOAD CMakeFiles/NUCLEO-F429ZI.elf.dir/Drivers/STM32F4xx_HAL_Driver/Src/stm32f4xx_hal_dma.c.obj
LOAD CMakeFiles/NUCLEO-F429ZI.elf.dir/Drivers/STM32F4xx_HAL_Driver/Src/stm32f4xx_hal_dma_ex.c.obj
LOAD CMakeFiles/NUCLEO-F429ZI.elf.dir/Drivers/STM32F4xx_HAL_Driver/Src/stm32f4xx_hal_eth.c.obj
LOAD CMakeFiles/NUCLEO-F429ZI.elf.dir/Drivers/STM32F4xx_HAL_Driver/Src/stm32f4xx_hal_exti.c.obj
LOAD CMakeFiles/NUCLEO-F429ZI.elf.dir/Drivers/STM32F4xx_HAL_Driver/Src/stm32f4xx_hal_flash.c.obj
LOAD CMakeFiles/NUCLEO-F429ZI.elf.dir/Drivers/STM32F4xx_HAL_Driver/Src/stm32f4xx_hal_flash_ex.c.obj
LOAD CMakeFiles/NUCLEO-F429ZI.elf.dir/Drivers/STM32F4xx_HAL_Driver/Src/stm32f4xx_hal_flash_ramfunc.c.obj
LOAD CMakeFiles/NUCLEO-F429ZI.elf.dir/Drivers/STM32F4xx_HAL_Driver/Src/stm32f4xx_hal_gpio.c.obj
LOAD CMakeFiles/NUCLEO-F429ZI.elf.dir/Drivers/STM32F4xx_HAL_Driver/Src/stm32f4xx_hal_pcd.c.obj
LOAD CMakeFiles/NUCLEO-F429ZI.elf.dir/Drivers/STM32F4xx_HAL_Driver/Src/stm32f4xx_hal_pcd_ex.c.obj
LOAD CMakeFiles/NUCLEO-F429ZI.elf.dir/Drivers/STM32F4xx_HAL_Driver/Src/stm32f4xx_hal_pwr.c.obj
LOAD CMakeFiles/NUCLEO-F429ZI.elf.dir/Drivers/STM32F4xx_HAL_Driver/Src/stm32f4xx_hal_pwr_ex.c.obj
LOAD CMakeFiles/NUCLEO-F429ZI.elf.dir/Drivers/STM32F4xx_HAL_Driver/Src/stm32f4xx_hal_rcc.c.obj
LOAD CMakeFiles/NUCLEO-F429ZI.elf.dir/Drivers/STM32F4xx_HAL_Driver/Src/stm32f4xx_hal_rcc_ex.c.obj
LOAD CMakeFiles/NUCLEO-F429ZI.elf.dir/Drivers/STM32F4xx_HAL_Driver/Src/stm32f4xx_hal_spi.c.obj
LOAD CMakeFiles/NUCLEO-F429ZI.elf.dir/Drivers/STM32F4xx_HAL_Driver/Src/stm32f4xx_hal_tim.c.obj
LOAD CMakeFiles/NUCLEO-F429ZI.elf.dir/Drivers/STM32F4xx_HAL_Driver/Src/stm32f4xx_hal_tim_ex.c.obj
LOAD CMakeFiles/NUCLEO-F429ZI.elf.dir/Drivers/STM32F4xx_HAL_Driver/Src/stm32f4xx_hal_uart.c.obj
LOAD CMakeFiles/NUCLEO-F429ZI.elf.dir/Drivers/STM32F4xx_HAL_Driver/Src/stm32f4xx_ll_usb.c.obj
LOAD CMakeFiles/NUCLEO-F429ZI.elf.dir/blinkySysTick/blinkySysTick.c.obj
LOAD CMakeFiles/NUCLEO-F429ZI.elf.dir/blinkySysTick/hook.c.obj
LOAD CMakeFiles/NUCLEO-F429ZI.elf.dir/bsp/stm32f4xx_nucleo_144.c.obj
LOAD CMakeFiles/NUCLEO-F429ZI.elf.dir/mTime/mTime.c.obj
LOAD CMakeFiles/NUCLEO-F429ZI.elf.dir/mTime/mTimeTbl.c.obj
LOAD CMakeFiles/NUCLEO-F429ZI.elf.dir/salt/bsp/assert.c.obj
LOAD CMakeFiles/NUCLEO-F429ZI.elf.dir/salt/bsp/bsp-salt.c.obj
LOAD CMakeFiles/NUCLEO-F429ZI.elf.dir/salt/configuration/saltCfg.c.obj
LOAD CMakeFiles/NUCLEO-F429ZI.elf.dir/salt/files-to-review/main-salt-firmware-nxp.c.obj
LOAD CMakeFiles/NUCLEO-F429ZI.elf.dir/salt/files-to-review/trace_io.c.obj
LOAD CMakeFiles/NUCLEO-F429ZI.elf.dir/salt/peripherals/analog-inputs/anIn.c.obj
LOAD CMakeFiles/NUCLEO-F429ZI.elf.dir/salt/peripherals/ihm/buzzer.c.obj
LOAD CMakeFiles/NUCLEO-F429ZI.elf.dir/salt/peripherals/ihm/onSwitch.c.obj
LOAD CMakeFiles/NUCLEO-F429ZI.elf.dir/salt/peripherals/ledPanel/as1116.c.obj
LOAD CMakeFiles/NUCLEO-F429ZI.elf.dir/salt/peripherals/ledPanel/ledPanel.c.obj
LOAD CMakeFiles/NUCLEO-F429ZI.elf.dir/salt/peripherals/module-command/modcmdSim900.c.obj
LOAD CMakeFiles/NUCLEO-F429ZI.elf.dir/salt/peripherals/module-power/modpwr.c.obj
LOAD CMakeFiles/NUCLEO-F429ZI.elf.dir/salt/peripherals/pulse-counter/pulseCounter.c.obj
LOAD CMakeFiles/NUCLEO-F429ZI.elf.dir/salt/peripherals/pulse-counter/pulseCounterFromEduCiaaBsp.c.obj
LOAD CMakeFiles/NUCLEO-F429ZI.elf.dir/salt/peripherals/relay-control/relay.c.obj
LOAD CMakeFiles/NUCLEO-F429ZI.elf.dir/salt/peripherals/relay-control/relayFromEduCiaaBsp.c.obj
LOAD CMakeFiles/NUCLEO-F429ZI.elf.dir/salt/peripherals/serial/serial.c.obj
LOAD CMakeFiles/NUCLEO-F429ZI.elf.dir/salt/peripherals/sim808/sim808.c.obj
LOAD CMakeFiles/NUCLEO-F429ZI.elf.dir/salt/peripherals/teloc/teloc.c.obj
LOAD CMakeFiles/NUCLEO-F429ZI.elf.dir/salt/state-machines/connector-manager/conmgr.c.obj
LOAD CMakeFiles/NUCLEO-F429ZI.elf.dir/salt/state-machines/logic/logic.c.obj
LOAD CMakeFiles/NUCLEO-F429ZI.elf.dir/salt/state-machines/module-manager/modmgr.c.obj
LOAD CMakeFiles/NUCLEO-F429ZI.elf.dir/salt/state-machines/mqtt-protocol/mqttProt.c.obj
LOAD CMakeFiles/NUCLEO-F429ZI.elf.dir/salt/utilities/aes/aes.c.obj
LOAD CMakeFiles/NUCLEO-F429ZI.elf.dir/salt/utilities/date/date.c.obj
LOAD CMakeFiles/NUCLEO-F429ZI.elf.dir/salt/utilities/emaFilter/emaFilter.c.obj
LOAD CMakeFiles/NUCLEO-F429ZI.elf.dir/salt/utilities/epoch/epoch.c.obj
LOAD CMakeFiles/NUCLEO-F429ZI.elf.dir/salt/utilities/parser/salt-command/saltCmd.c.obj
LOAD CMakeFiles/NUCLEO-F429ZI.elf.dir/salt/utilities/parser/sim900/sim900parser.c.obj
LOAD CMakeFiles/NUCLEO-F429ZI.elf.dir/salt/utilities/publisher/publisher.c.obj
LOAD CMakeFiles/NUCLEO-F429ZI.elf.dir/salt/utilities/rtime/rtime.c.obj
LOAD CMakeFiles/NUCLEO-F429ZI.elf.dir/salt/utilities/ssp/ssp.c.obj
LOAD CMakeFiles/NUCLEO-F429ZI.elf.dir/third-party/MQTT-C/source/mqttc.c.obj
LOAD CMakeFiles/NUCLEO-F429ZI.elf.dir/third-party/MQTT-C/source/mqttc_pal.c.obj
LOAD CMakeFiles/NUCLEO-F429ZI.elf.dir/third-party/jWrite/jWrite/jWrite.c.obj
LOAD CMakeFiles/NUCLEO-F429ZI.elf.dir/third-party/jWrite/jWrite/main.c.obj
LOAD CMakeFiles/NUCLEO-F429ZI.elf.dir/third-party/rkh/source/fwk/src/rkhfwk_bittbl.c.obj
LOAD CMakeFiles/NUCLEO-F429ZI.elf.dir/third-party/rkh/source/fwk/src/rkhfwk_dynevt.c.obj
LOAD CMakeFiles/NUCLEO-F429ZI.elf.dir/third-party/rkh/source/fwk/src/rkhfwk_evtpool.c.obj
LOAD CMakeFiles/NUCLEO-F429ZI.elf.dir/third-party/rkh/source/fwk/src/rkhfwk_pubsub.c.obj
LOAD CMakeFiles/NUCLEO-F429ZI.elf.dir/third-party/rkh/source/fwk/src/rkhfwk_rdygrp.c.obj
LOAD CMakeFiles/NUCLEO-F429ZI.elf.dir/third-party/rkh/source/fwk/src/rkhfwk_sched.c.obj
LOAD CMakeFiles/NUCLEO-F429ZI.elf.dir/third-party/rkh/source/fwk/src/rkhfwk_version.c.obj
LOAD CMakeFiles/NUCLEO-F429ZI.elf.dir/third-party/rkh/source/mempool/src/rkhmempool.c.obj
LOAD CMakeFiles/NUCLEO-F429ZI.elf.dir/third-party/rkh/source/portable/arm-cortex/rkhs/arm_cm4f/stm32/rkhport.c.obj
LOAD CMakeFiles/NUCLEO-F429ZI.elf.dir/third-party/rkh/source/queue/src/rkhqueue.c.obj
LOAD CMakeFiles/NUCLEO-F429ZI.elf.dir/third-party/rkh/source/sm/src/rkhsm.c.obj
LOAD CMakeFiles/NUCLEO-F429ZI.elf.dir/third-party/rkh/source/sma/src/rkhsma.c.obj
LOAD CMakeFiles/NUCLEO-F429ZI.elf.dir/third-party/rkh/source/sma/src/rkhsma_prio.c.obj
LOAD CMakeFiles/NUCLEO-F429ZI.elf.dir/third-party/rkh/source/sma/src/rkhsma_sync.c.obj
LOAD CMakeFiles/NUCLEO-F429ZI.elf.dir/third-party/rkh/source/tmr/src/rkhtmr.c.obj
LOAD CMakeFiles/NUCLEO-F429ZI.elf.dir/third-party/rkh/source/trc/src/rkhtrc_filter.c.obj
LOAD CMakeFiles/NUCLEO-F429ZI.elf.dir/third-party/rkh/source/trc/src/rkhtrc_record.c.obj
LOAD CMakeFiles/NUCLEO-F429ZI.elf.dir/third-party/rkh/source/trc/src/rkhtrc_stream.c.obj
LOAD CMakeFiles/NUCLEO-F429ZI.elf.dir/third-party/stm32-sapi/src/sapi_datatypes.c.obj
LOAD CMakeFiles/NUCLEO-F429ZI.elf.dir/third-party/stm32-sapi/src/sapi_gpio.c.obj
LOAD CMakeFiles/NUCLEO-F429ZI.elf.dir/third-party/stm32-sapi/src/sapi_tick.c.obj
LOAD CMakeFiles/NUCLEO-F429ZI.elf.dir/utilities/htons.c.obj
START GROUP
LOAD /usr/lib/gcc/arm-none-eabi/10.3.1/thumb/v7e-m/nofp/libgcc.a
LOAD /usr/lib/gcc/arm-none-eabi/10.3.1/../../../arm-none-eabi/lib/thumb/v7e-m/nofp/libg.a
LOAD /usr/lib/gcc/arm-none-eabi/10.3.1/../../../arm-none-eabi/lib/thumb/v7e-m/nofp/libc.a
END GROUP
LOAD /usr/lib/gcc/arm-none-eabi/10.3.1/thumb/v7e-m/nofp/crtend.o
LOAD /usr/lib/gcc/arm-none-eabi/10.3.1/thumb/v7e-m/nofp/crtn.o
                0x0000000020030000                _estack = (ORIGIN (RAM) + LENGTH (RAM))
                0x0000000000000200                _Min_Heap_Size = 0x200
                0x0000000000000400                _Min_Stack_Size = 0x400

.isr_vector     0x0000000008000000      0x1ac
                0x0000000008000000                . = ALIGN (0x4)
 *(.isr_vector)
 .isr_vector    0x0000000008000000      0x1ac CMakeFiles/NUCLEO-F429ZI.elf.dir/Core/Startup/startup_stm32f429zitx.s.obj
                0x0000000008000000                g_pfnVectors
                0x00000000080001ac                . = ALIGN (0x4)

.text           0x00000000080001c0    0x14538
                0x00000000080001c0                . = ALIGN (0x4)
 *(.text)
 .text          0x00000000080001c0       0x88 /usr/lib/gcc/arm-none-eabi/10.3.1/thumb/v7e-m/nofp/crtbegin.o
 .text          0x0000000008000248      0x168 /usr/lib/gcc/arm-none-eabi/10.3.1/thumb/v7e-m/nofp/libgcc.a(_arm_mulsf3.o)
                0x0000000008000248                __mulsf3
                0x0000000008000248                __aeabi_fmul
 .text          0x00000000080003b0      0x378 /usr/lib/gcc/arm-none-eabi/10.3.1/thumb/v7e-m/nofp/libgcc.a(_arm_addsubdf3.o)
                0x00000000080003b0                __aeabi_drsub
                0x00000000080003b8                __aeabi_dsub
                0x00000000080003b8                __subdf3
                0x00000000080003bc                __adddf3
                0x00000000080003bc                __aeabi_dadd
                0x0000000008000634                __aeabi_ui2d
                0x0000000008000634                __floatunsidf
                0x0000000008000654                __floatsidf
                0x0000000008000654                __aeabi_i2d
                0x0000000008000678                __extendsfdf2
                0x0000000008000678                __aeabi_f2d
                0x00000000080006bc                __aeabi_ul2d
                0x00000000080006bc                __floatundidf
                0x00000000080006cc                __floatdidf
                0x00000000080006cc                __aeabi_l2d
 .text          0x0000000008000728      0x424 /usr/lib/gcc/arm-none-eabi/10.3.1/thumb/v7e-m/nofp/libgcc.a(_arm_muldivdf3.o)
                0x0000000008000728                __aeabi_dmul
                0x0000000008000728                __muldf3
                0x000000000800097c                __aeabi_ddiv
                0x000000000800097c                __divdf3
 .text          0x0000000008000b4c      0x110 /usr/lib/gcc/arm-none-eabi/10.3.1/thumb/v7e-m/nofp/libgcc.a(_arm_cmpdf2.o)
                0x0000000008000b4c                __gtdf2
                0x0000000008000b4c                __gedf2
                0x0000000008000b54                __ltdf2
                0x0000000008000b54                __ledf2
                0x0000000008000b5c                __cmpdf2
                0x0000000008000b5c                __eqdf2
                0x0000000008000b5c                __nedf2
                0x0000000008000bd8                __aeabi_cdrcmple
                0x0000000008000be8                __aeabi_cdcmple
                0x0000000008000be8                __aeabi_cdcmpeq
                0x0000000008000bf8                __aeabi_dcmpeq
                0x0000000008000c0c                __aeabi_dcmplt
                0x0000000008000c20                __aeabi_dcmple
                0x0000000008000c34                __aeabi_dcmpge
                0x0000000008000c48                __aeabi_dcmpgt
 .text          0x0000000008000c5c       0x50 /usr/lib/gcc/arm-none-eabi/10.3.1/thumb/v7e-m/nofp/libgcc.a(_arm_fixdfsi.o)
                0x0000000008000c5c                __fixdfsi
                0x0000000008000c5c                __aeabi_d2iz
 .text          0x0000000008000cac       0x40 /usr/lib/gcc/arm-none-eabi/10.3.1/thumb/v7e-m/nofp/libgcc.a(_arm_fixunsdfsi.o)
                0x0000000008000cac                __fixunsdfsi
                0x0000000008000cac                __aeabi_d2uiz
 .text          0x0000000008000cec       0xa0 /usr/lib/gcc/arm-none-eabi/10.3.1/thumb/v7e-m/nofp/libgcc.a(_arm_truncdfsf2.o)
                0x0000000008000cec                __aeabi_d2f
                0x0000000008000cec                __truncdfsf2
 .text          0x0000000008000d8c      0x21c /usr/lib/gcc/arm-none-eabi/10.3.1/thumb/v7e-m/nofp/libgcc.a(_arm_addsubsf3.o)
                0x0000000008000d8c                __aeabi_frsub
                0x0000000008000d94                __subsf3
                0x0000000008000d94                __aeabi_fsub
                0x0000000008000d98                __aeabi_fadd
                0x0000000008000d98                __addsf3
                0x0000000008000ef8                __aeabi_ui2f
                0x0000000008000ef8                __floatunsisf
                0x0000000008000f00                __aeabi_i2f
                0x0000000008000f00                __floatsisf
                0x0000000008000f1c                __floatundisf
                0x0000000008000f1c                __aeabi_ul2f
                0x0000000008000f2c                __floatdisf
                0x0000000008000f2c                __aeabi_l2f
 .text          0x0000000008000fa8       0xec /usr/lib/gcc/arm-none-eabi/10.3.1/thumb/v7e-m/nofp/libgcc.a(_arm_cmpsf2.o)
                0x0000000008000fa8                __gtsf2
                0x0000000008000fa8                __gesf2
                0x0000000008000fb0                __lesf2
                0x0000000008000fb0                __ltsf2
                0x0000000008000fb8                __nesf2
                0x0000000008000fb8                __eqsf2
                0x0000000008000fb8                __cmpsf2
                0x0000000008001018                __aeabi_cfrcmple
                0x0000000008001020                __aeabi_cfcmple
                0x0000000008001020                __aeabi_cfcmpeq
                0x0000000008001030                __aeabi_fcmpeq
                0x0000000008001044                __aeabi_fcmplt
                0x0000000008001058                __aeabi_fcmple
                0x000000000800106c                __aeabi_fcmpge
                0x0000000008001080                __aeabi_fcmpgt
 .text          0x0000000008001094       0x30 /usr/lib/gcc/arm-none-eabi/10.3.1/thumb/v7e-m/nofp/libgcc.a(_aeabi_uldivmod.o)
                0x0000000008001094                __aeabi_uldivmod
 .text          0x00000000080010c4       0x34 /usr/lib/gcc/arm-none-eabi/10.3.1/thumb/v7e-m/nofp/libgcc.a(_fixdfdi.o)
                0x00000000080010c4                __aeabi_d2lz
                0x00000000080010c4                __fixdfdi
 .text          0x00000000080010f8       0x3c /usr/lib/gcc/arm-none-eabi/10.3.1/thumb/v7e-m/nofp/libgcc.a(_fixunsdfdi.o)
                0x00000000080010f8                __aeabi_d2ulz
                0x00000000080010f8                __fixunsdfdi
 .text          0x0000000008001134      0x2d0 /usr/lib/gcc/arm-none-eabi/10.3.1/thumb/v7e-m/nofp/libgcc.a(_udivmoddi4.o)
                0x0000000008001134                __udivmoddi4
 .text          0x0000000008001404        0x4 /usr/lib/gcc/arm-none-eabi/10.3.1/thumb/v7e-m/nofp/libgcc.a(_dvmd_tls.o)
                0x0000000008001404                __aeabi_ldiv0
                0x0000000008001404                __aeabi_idiv0
 .text          0x0000000008001408        0xc /usr/lib/gcc/arm-none-eabi/10.3.1/../../../arm-none-eabi/lib/thumb/v7e-m/nofp/libg.a(lib_a-atexit.o)
                0x0000000008001408                atexit
 .text          0x0000000008001414        0x8 /usr/lib/gcc/arm-none-eabi/10.3.1/../../../arm-none-eabi/lib/thumb/v7e-m/nofp/libg.a(lib_a-atof.o)
                0x0000000008001414                atof
 .text          0x000000000800141c       0x10 /usr/lib/gcc/arm-none-eabi/10.3.1/../../../arm-none-eabi/lib/thumb/v7e-m/nofp/libg.a(lib_a-atoi.o)
                0x000000000800141c                atoi
                0x0000000008001424                _atoi_r
 .text          0x000000000800142c        0xc /usr/lib/gcc/arm-none-eabi/10.3.1/../../../arm-none-eabi/lib/thumb/v7e-m/nofp/libg.a(lib_a-errno.o)
                0x000000000800142c                __errno
 .text          0x0000000008001438       0x2c /usr/lib/gcc/arm-none-eabi/10.3.1/../../../arm-none-eabi/lib/thumb/v7e-m/nofp/libg.a(lib_a-fini.o)
                0x0000000008001438                __libc_fini_array
 .text          0x0000000008001464       0x48 /usr/lib/gcc/arm-none-eabi/10.3.1/../../../arm-none-eabi/lib/thumb/v7e-m/nofp/libg.a(lib_a-init.o)
                0x0000000008001464                __libc_init_array
 .text          0x00000000080014ac      0x134 /usr/lib/gcc/arm-none-eabi/10.3.1/../../../arm-none-eabi/lib/thumb/v7e-m/nofp/libg.a(lib_a-memcpy.o)
                0x00000000080014ac                memcpy
 .text          0x00000000080015e0       0xf8 /usr/lib/gcc/arm-none-eabi/10.3.1/../../../arm-none-eabi/lib/thumb/v7e-m/nofp/libg.a(lib_a-memmove.o)
                0x00000000080015e0                memmove
 .text          0x00000000080016d8       0xa4 /usr/lib/gcc/arm-none-eabi/10.3.1/../../../arm-none-eabi/lib/thumb/v7e-m/nofp/libg.a(lib_a-memset.o)
                0x00000000080016d8                memset
 .text          0x000000000800177c       0x78 /usr/lib/gcc/arm-none-eabi/10.3.1/../../../arm-none-eabi/lib/thumb/v7e-m/nofp/libg.a(lib_a-puts.o)
                0x000000000800177c                _puts_r
                0x00000000080017e4                puts
 .text          0x00000000080017f4      0x108 /usr/lib/gcc/arm-none-eabi/10.3.1/../../../arm-none-eabi/lib/thumb/v7e-m/nofp/libg.a(lib_a-snprintf.o)
                0x00000000080017f4                _snprintf_r
                0x0000000008001874                snprintf
 .text          0x00000000080018fc       0x78 /usr/lib/gcc/arm-none-eabi/10.3.1/../../../arm-none-eabi/lib/thumb/v7e-m/nofp/libg.a(lib_a-sprintf.o)
                0x00000000080018fc                _sprintf_r
                0x0000000008001934                sprintf
 .text          0x0000000008001974       0xbc /usr/lib/gcc/arm-none-eabi/10.3.1/../../../arm-none-eabi/lib/thumb/v7e-m/nofp/libg.a(lib_a-strcpy.o)
                0x0000000008001974                strcpy
 *fill*         0x0000000008001a30       0x10 
 .text          0x0000000008001a40       0xdc /usr/lib/gcc/arm-none-eabi/10.3.1/../../../arm-none-eabi/lib/thumb/v7e-m/nofp/libg.a(lib_a-strlen.o)
                0x0000000008001a40                strlen
 .text          0x0000000008001b1c       0x80 /usr/lib/gcc/arm-none-eabi/10.3.1/../../../arm-none-eabi/lib/thumb/v7e-m/nofp/libg.a(lib_a-strncmp.o)
                0x0000000008001b1c                strncmp
 .text          0x0000000008001b9c       0x64 /usr/lib/gcc/arm-none-eabi/10.3.1/../../../arm-none-eabi/lib/thumb/v7e-m/nofp/libg.a(lib_a-strncpy.o)
                0x0000000008001b9c                strncpy
 .text          0x0000000008001c00     0x10ac /usr/lib/gcc/arm-none-eabi/10.3.1/../../../arm-none-eabi/lib/thumb/v7e-m/nofp/libg.a(lib_a-strtod.o)
                0x0000000008001c00                _strtod_l
                0x0000000008002b30                _strtod_r
                0x0000000008002b3c                strtod_l
                0x0000000008002b54                strtod
                0x0000000008002b70                strtof_l
                0x0000000008002c0c                strtof
 .text          0x0000000008002cac      0x188 /usr/lib/gcc/arm-none-eabi/10.3.1/../../../arm-none-eabi/lib/thumb/v7e-m/nofp/libg.a(lib_a-strtol.o)
                0x0000000008002dcc                _strtol_r
                0x0000000008002de4                strtol_l
                0x0000000008002e0c                strtol
 .text          0x0000000008002e34     0x1458 /usr/lib/gcc/arm-none-eabi/10.3.1/../../../arm-none-eabi/lib/thumb/v7e-m/nofp/libg.a(lib_a-svfprintf.o)
                0x0000000008002e34                _svfprintf_r
 .text          0x000000000800428c       0xd4 /usr/lib/gcc/arm-none-eabi/10.3.1/../../../arm-none-eabi/lib/thumb/v7e-m/nofp/libg.a(lib_a-wsetup.o)
                0x000000000800428c                __swsetup_r
 .text          0x0000000008004360       0x68 /usr/lib/gcc/arm-none-eabi/10.3.1/../../../arm-none-eabi/lib/thumb/v7e-m/nofp/libg.a(lib_a-__atexit.o)
                0x0000000008004360                __register_exitproc
 .text          0x00000000080043c8      0xfe4 /usr/lib/gcc/arm-none-eabi/10.3.1/../../../arm-none-eabi/lib/thumb/v7e-m/nofp/libg.a(lib_a-dtoa.o)
                0x00000000080044ec                _dtoa_r
 .text          0x00000000080053ac      0x19c /usr/lib/gcc/arm-none-eabi/10.3.1/../../../arm-none-eabi/lib/thumb/v7e-m/nofp/libg.a(lib_a-fflush.o)
                0x00000000080053ac                __sflush_r
                0x00000000080054cc                _fflush_r
                0x00000000080054f8                fflush
 .text          0x0000000008005548      0x218 /usr/lib/gcc/arm-none-eabi/10.3.1/../../../arm-none-eabi/lib/thumb/v7e-m/nofp/libg.a(lib_a-findfp.o)
                0x000000000800554c                _cleanup_r
                0x0000000008005634                __sfmoreglue
                0x0000000008005664                __sfp
                0x000000000800570c                _cleanup
                0x0000000008005720                __sinit
                0x0000000008005728                __sfp_lock_acquire
                0x000000000800572c                __sfp_lock_release
                0x0000000008005730                __sinit_lock_acquire
                0x0000000008005734                __sinit_lock_release
                0x0000000008005738                __fp_lock_all
                0x000000000800574c                __fp_unlock_all
 .text          0x0000000008005760      0x2ac /usr/lib/gcc/arm-none-eabi/10.3.1/../../../arm-none-eabi/lib/thumb/v7e-m/nofp/libg.a(lib_a-freer.o)
                0x0000000008005760                _malloc_trim_r
                0x0000000008005800                _free_r
 .text          0x0000000008005a0c      0x2e8 /usr/lib/gcc/arm-none-eabi/10.3.1/../../../arm-none-eabi/lib/thumb/v7e-m/nofp/libg.a(lib_a-fvwrite.o)
                0x0000000008005a0c                __sfvwrite_r
 .text          0x0000000008005cf4       0x88 /usr/lib/gcc/arm-none-eabi/10.3.1/../../../arm-none-eabi/lib/thumb/v7e-m/nofp/libg.a(lib_a-fwalk.o)
                0x0000000008005cf4                _fwalk
                0x0000000008005d34                _fwalk_reent
 .text          0x0000000008005d7c      0x660 /usr/lib/gcc/arm-none-eabi/10.3.1/../../../arm-none-eabi/lib/thumb/v7e-m/nofp/libg.a(lib_a-gdtoa-gethex.o)
                0x0000000008005e20                __gethex
 .text          0x00000000080063dc      0x1e0 /usr/lib/gcc/arm-none-eabi/10.3.1/../../../arm-none-eabi/lib/thumb/v7e-m/nofp/libg.a(lib_a-gdtoa-hexnan.o)
                0x00000000080063dc                __match
                0x0000000008006410                __hexnan
 .text          0x00000000080065bc       0x8c /usr/lib/gcc/arm-none-eabi/10.3.1/../../../arm-none-eabi/lib/thumb/v7e-m/nofp/libg.a(lib_a-locale.o)
                0x00000000080065bc                _setlocale_r
                0x00000000080065fc                __locale_mb_cur_max
                0x0000000008006608                setlocale
 .text          0x0000000008006648       0x14 /usr/lib/gcc/arm-none-eabi/10.3.1/../../../arm-none-eabi/lib/thumb/v7e-m/nofp/libg.a(lib_a-localeconv.o)
                0x0000000008006648                __localeconv_l
                0x000000000800664c                _localeconv_r
                0x0000000008006654                localeconv
 .text          0x000000000800665c      0x140 /usr/lib/gcc/arm-none-eabi/10.3.1/../../../arm-none-eabi/lib/thumb/v7e-m/nofp/libg.a(lib_a-makebuf.o)
                0x000000000800665c                __smakebuf_r
                0x000000000800673c                __swhatbuf_r
 .text          0x000000000800679c      0x554 /usr/lib/gcc/arm-none-eabi/10.3.1/../../../arm-none-eabi/lib/thumb/v7e-m/nofp/libg.a(lib_a-mallocr.o)
                0x000000000800679c                _malloc_r
 .text          0x0000000008006cf0       0x40 /usr/lib/gcc/arm-none-eabi/10.3.1/../../../arm-none-eabi/lib/thumb/v7e-m/nofp/libg.a(lib_a-mbtowc_r.o)
                0x0000000008006cf0                _mbtowc_r
                0x0000000008006d04                __ascii_mbtowc
 .text          0x0000000008006d30       0xa0 /usr/lib/gcc/arm-none-eabi/10.3.1/../../../arm-none-eabi/lib/thumb/v7e-m/nofp/libg.a(lib_a-memchr.o)
                0x0000000008006d30                memchr
 .text          0x0000000008006dd0        0x8 /usr/lib/gcc/arm-none-eabi/10.3.1/../../../arm-none-eabi/lib/thumb/v7e-m/nofp/libg.a(lib_a-mlock.o)
                0x0000000008006dd0                __malloc_lock
                0x0000000008006dd4                __malloc_unlock
 .text          0x0000000008006dd8      0xa6c /usr/lib/gcc/arm-none-eabi/10.3.1/../../../arm-none-eabi/lib/thumb/v7e-m/nofp/libg.a(lib_a-mprec.o)
                0x0000000008006dd8                _Balloc
                0x0000000008006e24                _Bfree
                0x0000000008006e38                __multadd
                0x0000000008006ed8                __s2b
                0x0000000008006f8c                __hi0bits
                0x0000000008006fcc                __lo0bits
                0x0000000008007028                __i2b
                0x0000000008007084                __multiply
                0x00000000080071e0                __pow5mult
                0x00000000080072a0                __lshift
                0x0000000008007390                __mcmp
                0x00000000080073d0                __mdiff
                0x000000000800751c                __ulp
                0x0000000008007560                __b2d
                0x0000000008007630                __d2b
                0x00000000080076f4                __ratio
                0x0000000008007750                _mprec_log10
                0x0000000008007788                __copybits
                0x00000000080077e4                __any_on
 .text          0x0000000008007844      0x3d8 /usr/lib/gcc/arm-none-eabi/10.3.1/../../../arm-none-eabi/lib/thumb/v7e-m/nofp/libg.a(lib_a-reallocr.o)
                0x0000000008007844                _realloc_r
 .text          0x0000000008007c1c        0xc /usr/lib/gcc/arm-none-eabi/10.3.1/../../../arm-none-eabi/lib/thumb/v7e-m/nofp/libg.a(lib_a-s_nan.o)
                0x0000000008007c1c                nan
 .text          0x0000000008007c28       0x24 /usr/lib/gcc/arm-none-eabi/10.3.1/../../../arm-none-eabi/lib/thumb/v7e-m/nofp/libg.a(lib_a-sbrkr.o)
                0x0000000008007c28                _sbrk_r
 .text          0x0000000008007c4c        0x8 /usr/lib/gcc/arm-none-eabi/10.3.1/../../../arm-none-eabi/lib/thumb/v7e-m/nofp/libg.a(lib_a-sf_nan.o)
                0x0000000008007c4c                nanf
 .text          0x0000000008007c54       0x90 /usr/lib/gcc/arm-none-eabi/10.3.1/../../../arm-none-eabi/lib/thumb/v7e-m/nofp/libg.a(lib_a-stdio.o)
                0x0000000008007c54                __sread
                0x0000000008007c78                __seofread
                0x0000000008007c7c                __swrite
                0x0000000008007cbc                __sseek
                0x0000000008007cdc                __sclose
 *fill*         0x0000000008007ce4       0x1c 
 .text          0x0000000008007d00      0x2dc /usr/lib/gcc/arm-none-eabi/10.3.1/../../../arm-none-eabi/lib/thumb/v7e-m/nofp/libg.a(lib_a-strcmp.o)
                0x0000000008007d08                strcmp
 .text          0x0000000008007fdc      0xb54 /usr/lib/gcc/arm-none-eabi/10.3.1/../../../arm-none-eabi/lib/thumb/v7e-m/nofp/libg.a(lib_a-svfiprintf.o)
                0x0000000008007fdc                __ssprint_r
                0x00000000080080d4                _svfiprintf_r
 .text          0x0000000008008b30      0xd40 /usr/lib/gcc/arm-none-eabi/10.3.1/../../../arm-none-eabi/lib/thumb/v7e-m/nofp/libg.a(lib_a-vfiprintf.o)
                0x0000000008008ba8                __sprint_r
                0x0000000008008bbc                _vfiprintf_r
                0x00000000080097ec                vfiprintf
 .text          0x0000000008009870       0x30 /usr/lib/gcc/arm-none-eabi/10.3.1/../../../arm-none-eabi/lib/thumb/v7e-m/nofp/libg.a(lib_a-wctomb_r.o)
                0x0000000008009870                _wctomb_r
                0x0000000008009884                __ascii_wctomb
 .text          0x00000000080098a0       0x2c /usr/lib/gcc/arm-none-eabi/10.3.1/../../../arm-none-eabi/lib/thumb/v7e-m/nofp/libg.a(lib_a-writer.o)
                0x00000000080098a0                _write_r
 .text          0x00000000080098cc       0x4c /usr/lib/gcc/arm-none-eabi/10.3.1/../../../arm-none-eabi/lib/thumb/v7e-m/nofp/libg.a(lib_a-assert.o)
                0x00000000080098cc                __assert_func
                0x000000000800990c                __assert
 .text          0x0000000008009918       0x60 /usr/lib/gcc/arm-none-eabi/10.3.1/../../../arm-none-eabi/lib/thumb/v7e-m/nofp/libg.a(lib_a-callocr.o)
                0x0000000008009918                _calloc_r
 .text          0x0000000008009978       0x24 /usr/lib/gcc/arm-none-eabi/10.3.1/../../../arm-none-eabi/lib/thumb/v7e-m/nofp/libg.a(lib_a-closer.o)
                0x0000000008009978                _close_r
 .text          0x000000000800999c       0xd4 /usr/lib/gcc/arm-none-eabi/10.3.1/../../../arm-none-eabi/lib/thumb/v7e-m/nofp/libg.a(lib_a-fclose.o)
                0x0000000008009a00                _fclose_r
                0x0000000008009a34                fclose
 .text          0x0000000008009a70       0x44 /usr/lib/gcc/arm-none-eabi/10.3.1/../../../arm-none-eabi/lib/thumb/v7e-m/nofp/libg.a(lib_a-fiprintf.o)
                0x0000000008009a70                _fiprintf_r
                0x0000000008009a8c                fiprintf
 .text          0x0000000008009ab4      0x10c /usr/lib/gcc/arm-none-eabi/10.3.1/../../../arm-none-eabi/lib/thumb/v7e-m/nofp/libg.a(lib_a-fputwc.o)
                0x0000000008009ab4                __fputwc
                0x0000000008009b5c                _fputwc_r
                0x0000000008009b80                fputwc
 .text          0x0000000008009bc0       0x2c /usr/lib/gcc/arm-none-eabi/10.3.1/../../../arm-none-eabi/lib/thumb/v7e-m/nofp/libg.a(lib_a-fstatr.o)
                0x0000000008009bc0                _fstat_r
 .text          0x0000000008009bec       0x24 /usr/lib/gcc/arm-none-eabi/10.3.1/../../../arm-none-eabi/lib/thumb/v7e-m/nofp/libg.a(lib_a-isattyr.o)
                0x0000000008009bec                _isatty_r
 .text          0x0000000008009c10       0x2c /usr/lib/gcc/arm-none-eabi/10.3.1/../../../arm-none-eabi/lib/thumb/v7e-m/nofp/libg.a(lib_a-lseekr.o)
                0x0000000008009c10                _lseek_r
 .text          0x0000000008009c3c       0x2c /usr/lib/gcc/arm-none-eabi/10.3.1/../../../arm-none-eabi/lib/thumb/v7e-m/nofp/libg.a(lib_a-readr.o)
                0x0000000008009c3c                _read_r
 .text          0x0000000008009c68       0xc8 /usr/lib/gcc/arm-none-eabi/10.3.1/../../../arm-none-eabi/lib/thumb/v7e-m/nofp/libg.a(lib_a-wbuf.o)
                0x0000000008009c68                __swbuf_r
                0x0000000008009d18                __swbuf
 .text          0x0000000008009d30       0x8c /usr/lib/gcc/arm-none-eabi/10.3.1/../../../arm-none-eabi/lib/thumb/v7e-m/nofp/libg.a(lib_a-wcrtomb.o)
                0x0000000008009d30                _wcrtomb_r
                0x0000000008009d6c                wcrtomb
 .text          0x0000000008009dbc       0x10 /usr/lib/gcc/arm-none-eabi/10.3.1/../../../arm-none-eabi/lib/thumb/v7e-m/nofp/libg.a(lib_a-abort.o)
                0x0000000008009dbc                abort
 .text          0x0000000008009dcc      0x288 /usr/lib/gcc/arm-none-eabi/10.3.1/../../../arm-none-eabi/lib/thumb/v7e-m/nofp/libg.a(lib_a-signal.o)
                0x0000000008009dcc                _init_signal_r
                0x0000000008009dfc                _signal_r
                0x0000000008009e48                _raise_r
                0x0000000008009ea0                __sigtramp_r
                0x0000000008009f04                raise
                0x0000000008009f60                signal
                0x0000000008009fb4                _init_signal
                0x0000000008009fec                __sigtramp
 .text          0x000000000800a054       0x30 /usr/lib/gcc/arm-none-eabi/10.3.1/../../../arm-none-eabi/lib/thumb/v7e-m/nofp/libg.a(lib_a-signalr.o)
                0x000000000800a054                _kill_r
                0x000000000800a080                _getpid_r
 .text          0x000000000800a084       0x2c /usr/lib/gcc/arm-none-eabi/10.3.1/thumb/v7e-m/nofp/libgcc.a(_arm_unorddf2.o)
                0x000000000800a084                __aeabi_dcmpun
                0x000000000800a084                __unorddf2
 .text          0x000000000800a0b0       0x2c /usr/lib/gcc/arm-none-eabi/10.3.1/thumb/v7e-m/nofp/libgcc.a(_arm_unordsf2.o)
                0x000000000800a0b0                __aeabi_fcmpun
                0x000000000800a0b0                __unordsf2
 *(.text*)
 .text.MX_ETH_Init
                0x000000000800a0dc       0x70 CMakeFiles/NUCLEO-F429ZI.elf.dir/Core/Src/eth.c.obj
                0x000000000800a0dc                MX_ETH_Init
 .text.HAL_ETH_MspInit
                0x000000000800a14c      0x11c CMakeFiles/NUCLEO-F429ZI.elf.dir/Core/Src/eth.c.obj
                0x000000000800a14c                HAL_ETH_MspInit
 .text.MX_GPIO_Init
                0x000000000800a268      0x108 CMakeFiles/NUCLEO-F429ZI.elf.dir/Core/Src/gpio.c.obj
                0x000000000800a268                MX_GPIO_Init
 .text.onSwitchCb
                0x000000000800a370       0x44 CMakeFiles/NUCLEO-F429ZI.elf.dir/Core/Src/main.c.obj
 .text.simACb   0x000000000800a3b4       0x18 CMakeFiles/NUCLEO-F429ZI.elf.dir/Core/Src/main.c.obj
 .text.simBCb   0x000000000800a3cc        0x2 CMakeFiles/NUCLEO-F429ZI.elf.dir/Core/Src/main.c.obj
 *fill*         0x000000000800a3ce        0x2 
 .text.onMQTTCb
                0x000000000800a3d0       0xf4 CMakeFiles/NUCLEO-F429ZI.elf.dir/Core/Src/main.c.obj
                0x000000000800a3d0                onMQTTCb
 .text.saltConfig
                0x000000000800a4c4       0x84 CMakeFiles/NUCLEO-F429ZI.elf.dir/Core/Src/main.c.obj
 .text.onAnInCb
                0x000000000800a548       0x9c CMakeFiles/NUCLEO-F429ZI.elf.dir/Core/Src/main.c.obj
 .text.onRelayErrorCb
                0x000000000800a5e4       0x48 CMakeFiles/NUCLEO-F429ZI.elf.dir/Core/Src/main.c.obj
 .text.setupTraceFilters
                0x000000000800a62c       0x60 CMakeFiles/NUCLEO-F429ZI.elf.dir/Core/Src/main.c.obj
 .text.__io_putchar
                0x000000000800a68c       0x20 CMakeFiles/NUCLEO-F429ZI.elf.dir/Core/Src/main.c.obj
                0x000000000800a68c                __io_putchar
 .text.Error_Handler
                0x000000000800a6ac        0x4 CMakeFiles/NUCLEO-F429ZI.elf.dir/Core/Src/main.c.obj
                0x000000000800a6ac                Error_Handler
 .text.SystemClock_Config
                0x000000000800a6b0       0xa8 CMakeFiles/NUCLEO-F429ZI.elf.dir/Core/Src/main.c.obj
                0x000000000800a6b0                SystemClock_Config
 .text.main     0x000000000800a758      0x140 CMakeFiles/NUCLEO-F429ZI.elf.dir/Core/Src/main.c.obj
                0x000000000800a758                main
 .text.MX_SPI1_Init
                0x000000000800a898       0x40 CMakeFiles/NUCLEO-F429ZI.elf.dir/Core/Src/spi.c.obj
                0x000000000800a898                MX_SPI1_Init
 .text.HAL_SPI_MspInit
                0x000000000800a8d8       0x98 CMakeFiles/NUCLEO-F429ZI.elf.dir/Core/Src/spi.c.obj
                0x000000000800a8d8                HAL_SPI_MspInit
 .text.HAL_MspInit
                0x000000000800a970       0x38 CMakeFiles/NUCLEO-F429ZI.elf.dir/Core/Src/stm32f4xx_hal_msp.c.obj
                0x000000000800a970                HAL_MspInit
 .text.NMI_Handler
                0x000000000800a9a8        0x2 CMakeFiles/NUCLEO-F429ZI.elf.dir/Core/Src/stm32f4xx_it.c.obj
                0x000000000800a9a8                NMI_Handler
 .text.HardFault_Handler
                0x000000000800a9aa        0x2 CMakeFiles/NUCLEO-F429ZI.elf.dir/Core/Src/stm32f4xx_it.c.obj
                0x000000000800a9aa                HardFault_Handler
 .text.MemManage_Handler
                0x000000000800a9ac        0x2 CMakeFiles/NUCLEO-F429ZI.elf.dir/Core/Src/stm32f4xx_it.c.obj
                0x000000000800a9ac                MemManage_Handler
 .text.BusFault_Handler
                0x000000000800a9ae        0x2 CMakeFiles/NUCLEO-F429ZI.elf.dir/Core/Src/stm32f4xx_it.c.obj
                0x000000000800a9ae                BusFault_Handler
 .text.UsageFault_Handler
                0x000000000800a9b0        0x2 CMakeFiles/NUCLEO-F429ZI.elf.dir/Core/Src/stm32f4xx_it.c.obj
                0x000000000800a9b0                UsageFault_Handler
 .text.SVC_Handler
                0x000000000800a9b2        0x2 CMakeFiles/NUCLEO-F429ZI.elf.dir/Core/Src/stm32f4xx_it.c.obj
                0x000000000800a9b2                SVC_Handler
 .text.DebugMon_Handler
                0x000000000800a9b4        0x2 CMakeFiles/NUCLEO-F429ZI.elf.dir/Core/Src/stm32f4xx_it.c.obj
                0x000000000800a9b4                DebugMon_Handler
 .text.PendSV_Handler
                0x000000000800a9b6        0x2 CMakeFiles/NUCLEO-F429ZI.elf.dir/Core/Src/stm32f4xx_it.c.obj
                0x000000000800a9b6                PendSV_Handler
 .text.SysTick_Handler
                0x000000000800a9b8       0x24 CMakeFiles/NUCLEO-F429ZI.elf.dir/Core/Src/stm32f4xx_it.c.obj
                0x000000000800a9b8                SysTick_Handler
 .text._getpid  0x000000000800a9dc        0x4 CMakeFiles/NUCLEO-F429ZI.elf.dir/Core/Src/syscalls.c.obj
                0x000000000800a9dc                _getpid
 .text._kill    0x000000000800a9e0       0x10 CMakeFiles/NUCLEO-F429ZI.elf.dir/Core/Src/syscalls.c.obj
                0x000000000800a9e0                _kill
 .text._exit    0x000000000800a9f0        0xc CMakeFiles/NUCLEO-F429ZI.elf.dir/Core/Src/syscalls.c.obj
                0x000000000800a9f0                _exit
 .text._read    0x000000000800a9fc       0x20 CMakeFiles/NUCLEO-F429ZI.elf.dir/Core/Src/syscalls.c.obj
                0x000000000800a9fc                _read
 .text._write   0x000000000800aa1c       0x1c CMakeFiles/NUCLEO-F429ZI.elf.dir/Core/Src/syscalls.c.obj
                0x000000000800aa1c                _write
 .text._close   0x000000000800aa38        0x6 CMakeFiles/NUCLEO-F429ZI.elf.dir/Core/Src/syscalls.c.obj
                0x000000000800aa38                _close
 .text._fstat   0x000000000800aa3e        0xa CMakeFiles/NUCLEO-F429ZI.elf.dir/Core/Src/syscalls.c.obj
                0x000000000800aa3e                _fstat
 .text._isatty  0x000000000800aa48        0x4 CMakeFiles/NUCLEO-F429ZI.elf.dir/Core/Src/syscalls.c.obj
                0x000000000800aa48                _isatty
 .text._lseek   0x000000000800aa4c        0x4 CMakeFiles/NUCLEO-F429ZI.elf.dir/Core/Src/syscalls.c.obj
                0x000000000800aa4c                _lseek
 .text._sbrk    0x000000000800aa50       0x48 CMakeFiles/NUCLEO-F429ZI.elf.dir/Core/Src/sysmem.c.obj
                0x000000000800aa50                _sbrk
 .text.SystemInit
                0x000000000800aa98        0x2 CMakeFiles/NUCLEO-F429ZI.elf.dir/Core/Src/system_stm32f4xx.c.obj
                0x000000000800aa98                SystemInit
 *fill*         0x000000000800aa9a        0x2 
 .text.SystemCoreClockUpdate
                0x000000000800aa9c       0xa0 CMakeFiles/NUCLEO-F429ZI.elf.dir/Core/Src/system_stm32f4xx.c.obj
                0x000000000800aa9c                SystemCoreClockUpdate
 .text.MX_USART3_UART_Init
                0x000000000800ab3c       0x34 CMakeFiles/NUCLEO-F429ZI.elf.dir/Core/Src/usart.c.obj
                0x000000000800ab3c                MX_USART3_UART_Init
 .text.HAL_UART_MspInit
                0x000000000800ab70       0x70 CMakeFiles/NUCLEO-F429ZI.elf.dir/Core/Src/usart.c.obj
                0x000000000800ab70                HAL_UART_MspInit
 .text.MX_USB_OTG_FS_PCD_Init
                0x000000000800abe0       0x38 CMakeFiles/NUCLEO-F429ZI.elf.dir/Core/Src/usb_otg.c.obj
                0x000000000800abe0                MX_USB_OTG_FS_PCD_Init
 .text.HAL_PCD_MspInit
                0x000000000800ac18       0x88 CMakeFiles/NUCLEO-F429ZI.elf.dir/Core/Src/usb_otg.c.obj
                0x000000000800ac18                HAL_PCD_MspInit
 .text.Reset_Handler
                0x000000000800aca0       0x50 CMakeFiles/NUCLEO-F429ZI.elf.dir/Core/Startup/startup_stm32f429zitx.s.obj
                0x000000000800aca0                Reset_Handler
 .text.Default_Handler
                0x000000000800acf0        0x2 CMakeFiles/NUCLEO-F429ZI.elf.dir/Core/Startup/startup_stm32f429zitx.s.obj
                0x000000000800acf0                RTC_Alarm_IRQHandler
                0x000000000800acf0                HASH_RNG_IRQHandler
                0x000000000800acf0                EXTI2_IRQHandler
                0x000000000800acf0                TIM8_CC_IRQHandler
                0x000000000800acf0                UART8_IRQHandler
                0x000000000800acf0                SPI4_IRQHandler
                0x000000000800acf0                TIM1_CC_IRQHandler
                0x000000000800acf0                DMA2_Stream5_IRQHandler
                0x000000000800acf0                DMA1_Stream5_IRQHandler
                0x000000000800acf0                PVD_IRQHandler
                0x000000000800acf0                SDIO_IRQHandler
                0x000000000800acf0                TAMP_STAMP_IRQHandler
                0x000000000800acf0                CAN2_RX1_IRQHandler
                0x000000000800acf0                EXTI3_IRQHandler
                0x000000000800acf0                TIM8_TRG_COM_TIM14_IRQHandler
                0x000000000800acf0                TIM1_UP_TIM10_IRQHandler
                0x000000000800acf0                TIM8_UP_TIM13_IRQHandler
                0x000000000800acf0                I2C3_ER_IRQHandler
                0x000000000800acf0                I2C2_EV_IRQHandler
                0x000000000800acf0                DMA1_Stream2_IRQHandler
                0x000000000800acf0                CAN1_RX0_IRQHandler
                0x000000000800acf0                FPU_IRQHandler
                0x000000000800acf0                OTG_HS_WKUP_IRQHandler
                0x000000000800acf0                LTDC_ER_IRQHandler
                0x000000000800acf0                CAN2_SCE_IRQHandler
                0x000000000800acf0                DMA2_Stream2_IRQHandler
                0x000000000800acf0                SPI1_IRQHandler
                0x000000000800acf0                TIM6_DAC_IRQHandler
                0x000000000800acf0                TIM1_BRK_TIM9_IRQHandler
                0x000000000800acf0                DCMI_IRQHandler
                0x000000000800acf0                CAN2_RX0_IRQHandler
                0x000000000800acf0                DMA2_Stream3_IRQHandler
                0x000000000800acf0                USART6_IRQHandler
                0x000000000800acf0                CAN1_RX1_IRQHandler
                0x000000000800acf0                UART5_IRQHandler
                0x000000000800acf0                DMA2_Stream0_IRQHandler
                0x000000000800acf0                TIM4_IRQHandler
                0x000000000800acf0                I2C1_EV_IRQHandler
                0x000000000800acf0                DMA1_Stream6_IRQHandler
                0x000000000800acf0                DMA1_Stream1_IRQHandler
                0x000000000800acf0                TIM3_IRQHandler
                0x000000000800acf0                RCC_IRQHandler
                0x000000000800acf0                TIM8_BRK_TIM12_IRQHandler
                0x000000000800acf0                Default_Handler
                0x000000000800acf0                ADC_IRQHandler
                0x000000000800acf0                DMA1_Stream7_IRQHandler
                0x000000000800acf0                SPI5_IRQHandler
                0x000000000800acf0                TIM7_IRQHandler
                0x000000000800acf0                CAN2_TX_IRQHandler
                0x000000000800acf0                TIM5_IRQHandler
                0x000000000800acf0                DMA2_Stream7_IRQHandler
                0x000000000800acf0                I2C3_EV_IRQHandler
                0x000000000800acf0                EXTI9_5_IRQHandler
                0x000000000800acf0                RTC_WKUP_IRQHandler
                0x000000000800acf0                LTDC_IRQHandler
                0x000000000800acf0                ETH_WKUP_IRQHandler
                0x000000000800acf0                SPI2_IRQHandler
                0x000000000800acf0                OTG_HS_EP1_IN_IRQHandler
                0x000000000800acf0                DMA1_Stream0_IRQHandler
                0x000000000800acf0                CAN1_TX_IRQHandler
                0x000000000800acf0                EXTI4_IRQHandler
                0x000000000800acf0                ETH_IRQHandler
                0x000000000800acf0                OTG_HS_EP1_OUT_IRQHandler
                0x000000000800acf0                WWDG_IRQHandler
                0x000000000800acf0                SPI6_IRQHandler
                0x000000000800acf0                TIM2_IRQHandler
                0x000000000800acf0                OTG_FS_WKUP_IRQHandler
                0x000000000800acf0                TIM1_TRG_COM_TIM11_IRQHandler
                0x000000000800acf0                OTG_HS_IRQHandler
                0x000000000800acf0                DMA2D_IRQHandler
                0x000000000800acf0                UART7_IRQHandler
                0x000000000800acf0                I2C2_ER_IRQHandler
                0x000000000800acf0                DMA2_Stream1_IRQHandler
                0x000000000800acf0                CAN1_SCE_IRQHandler
                0x000000000800acf0                FLASH_IRQHandler
                0x000000000800acf0                DMA2_Stream4_IRQHandler
                0x000000000800acf0                OTG_FS_IRQHandler
                0x000000000800acf0                SPI3_IRQHandler
                0x000000000800acf0                DMA1_Stream4_IRQHandler
                0x000000000800acf0                I2C1_ER_IRQHandler
                0x000000000800acf0                FMC_IRQHandler
                0x000000000800acf0                DMA2_Stream6_IRQHandler
                0x000000000800acf0                SAI1_IRQHandler
                0x000000000800acf0                DMA1_Stream3_IRQHandler
 *fill*         0x000000000800acf2        0x2 
 .text.HAL_InitTick
                0x000000000800acf4       0x4c CMakeFiles/NUCLEO-F429ZI.elf.dir/Drivers/STM32F4xx_HAL_Driver/Src/stm32f4xx_hal.c.obj
                0x000000000800acf4                HAL_InitTick
 .text.HAL_Init
                0x000000000800ad40       0x34 CMakeFiles/NUCLEO-F429ZI.elf.dir/Drivers/STM32F4xx_HAL_Driver/Src/stm32f4xx_hal.c.obj
                0x000000000800ad40                HAL_Init
 .text.HAL_IncTick
                0x000000000800ad74       0x18 CMakeFiles/NUCLEO-F429ZI.elf.dir/Drivers/STM32F4xx_HAL_Driver/Src/stm32f4xx_hal.c.obj
                0x000000000800ad74                HAL_IncTick
 .text.HAL_GetTick
                0x000000000800ad8c        0xc CMakeFiles/NUCLEO-F429ZI.elf.dir/Drivers/STM32F4xx_HAL_Driver/Src/stm32f4xx_hal.c.obj
                0x000000000800ad8c                HAL_GetTick
 .text.HAL_Delay
                0x000000000800ad98       0x28 CMakeFiles/NUCLEO-F429ZI.elf.dir/Drivers/STM32F4xx_HAL_Driver/Src/stm32f4xx_hal.c.obj
                0x000000000800ad98                HAL_Delay
 .text.HAL_NVIC_SetPriorityGrouping
                0x000000000800adc0       0x24 CMakeFiles/NUCLEO-F429ZI.elf.dir/Drivers/STM32F4xx_HAL_Driver/Src/stm32f4xx_hal_cortex.c.obj
                0x000000000800adc0                HAL_NVIC_SetPriorityGrouping
 .text.HAL_NVIC_SetPriority
                0x000000000800ade4       0x70 CMakeFiles/NUCLEO-F429ZI.elf.dir/Drivers/STM32F4xx_HAL_Driver/Src/stm32f4xx_hal_cortex.c.obj
                0x000000000800ade4                HAL_NVIC_SetPriority
 .text.HAL_NVIC_EnableIRQ
                0x000000000800ae54       0x1c CMakeFiles/NUCLEO-F429ZI.elf.dir/Drivers/STM32F4xx_HAL_Driver/Src/stm32f4xx_hal_cortex.c.obj
                0x000000000800ae54                HAL_NVIC_EnableIRQ
 .text.HAL_NVIC_DisableIRQ
                0x000000000800ae70       0x24 CMakeFiles/NUCLEO-F429ZI.elf.dir/Drivers/STM32F4xx_HAL_Driver/Src/stm32f4xx_hal_cortex.c.obj
                0x000000000800ae70                HAL_NVIC_DisableIRQ
 .text.HAL_SYSTICK_Config
                0x000000000800ae94       0x28 CMakeFiles/NUCLEO-F429ZI.elf.dir/Drivers/STM32F4xx_HAL_Driver/Src/stm32f4xx_hal_cortex.c.obj
                0x000000000800ae94                HAL_SYSTICK_Config
 .text.HAL_SYSTICK_CLKSourceConfig
                0x000000000800aebc       0x20 CMakeFiles/NUCLEO-F429ZI.elf.dir/Drivers/STM32F4xx_HAL_Driver/Src/stm32f4xx_hal_cortex.c.obj
                0x000000000800aebc                HAL_SYSTICK_CLKSourceConfig
 .text.HAL_DMA_Abort
                0x000000000800aedc       0x94 CMakeFiles/NUCLEO-F429ZI.elf.dir/Drivers/STM32F4xx_HAL_Driver/Src/stm32f4xx_hal_dma.c.obj
                0x000000000800aedc                HAL_DMA_Abort
 .text.HAL_DMA_Abort_IT
                0x000000000800af70       0x26 CMakeFiles/NUCLEO-F429ZI.elf.dir/Drivers/STM32F4xx_HAL_Driver/Src/stm32f4xx_hal_dma.c.obj
                0x000000000800af70                HAL_DMA_Abort_IT
 *fill*         0x000000000800af96        0x2 
 .text.ETH_MACAddressConfig
                0x000000000800af98       0x30 CMakeFiles/NUCLEO-F429ZI.elf.dir/Drivers/STM32F4xx_HAL_Driver/Src/stm32f4xx_hal_eth.c.obj
 .text.ETH_DMATxDescListInit
                0x000000000800afc8       0x6e CMakeFiles/NUCLEO-F429ZI.elf.dir/Drivers/STM32F4xx_HAL_Driver/Src/stm32f4xx_hal_eth.c.obj
 .text.ETH_DMARxDescListInit
                0x000000000800b036       0x84 CMakeFiles/NUCLEO-F429ZI.elf.dir/Drivers/STM32F4xx_HAL_Driver/Src/stm32f4xx_hal_eth.c.obj
 *fill*         0x000000000800b0ba        0x2 
 .text.ETH_SetMACConfig
                0x000000000800b0bc       0xfc CMakeFiles/NUCLEO-F429ZI.elf.dir/Drivers/STM32F4xx_HAL_Driver/Src/stm32f4xx_hal_eth.c.obj
 .text.ETH_SetDMAConfig
                0x000000000800b1b8       0xc0 CMakeFiles/NUCLEO-F429ZI.elf.dir/Drivers/STM32F4xx_HAL_Driver/Src/stm32f4xx_hal_eth.c.obj
 .text.ETH_MACDMAConfig
                0x000000000800b278       0xa2 CMakeFiles/NUCLEO-F429ZI.elf.dir/Drivers/STM32F4xx_HAL_Driver/Src/stm32f4xx_hal_eth.c.obj
 *fill*         0x000000000800b31a        0x2 
 .text.HAL_ETH_Init
                0x000000000800b31c       0xc0 CMakeFiles/NUCLEO-F429ZI.elf.dir/Drivers/STM32F4xx_HAL_Driver/Src/stm32f4xx_hal_eth.c.obj
                0x000000000800b31c                HAL_ETH_Init
 .text.HAL_GPIO_Init
                0x000000000800b3dc      0x1fc CMakeFiles/NUCLEO-F429ZI.elf.dir/Drivers/STM32F4xx_HAL_Driver/Src/stm32f4xx_hal_gpio.c.obj
                0x000000000800b3dc                HAL_GPIO_Init
 .text.HAL_GPIO_ReadPin
                0x000000000800b5d8        0xe CMakeFiles/NUCLEO-F429ZI.elf.dir/Drivers/STM32F4xx_HAL_Driver/Src/stm32f4xx_hal_gpio.c.obj
                0x000000000800b5d8                HAL_GPIO_ReadPin
 .text.HAL_GPIO_WritePin
                0x000000000800b5e6        0xc CMakeFiles/NUCLEO-F429ZI.elf.dir/Drivers/STM32F4xx_HAL_Driver/Src/stm32f4xx_hal_gpio.c.obj
                0x000000000800b5e6                HAL_GPIO_WritePin
 *fill*         0x000000000800b5f2        0x2 
 .text.HAL_GPIO_EXTI_IRQHandler
                0x000000000800b5f4       0x1c CMakeFiles/NUCLEO-F429ZI.elf.dir/Drivers/STM32F4xx_HAL_Driver/Src/stm32f4xx_hal_gpio.c.obj
                0x000000000800b5f4                HAL_GPIO_EXTI_IRQHandler
 .text.HAL_PCD_Init
                0x000000000800b610      0x12e CMakeFiles/NUCLEO-F429ZI.elf.dir/Drivers/STM32F4xx_HAL_Driver/Src/stm32f4xx_hal_pcd.c.obj
                0x000000000800b610                HAL_PCD_Init
 *fill*         0x000000000800b73e        0x2 
 .text.HAL_RCC_OscConfig
                0x000000000800b740      0x3f8 CMakeFiles/NUCLEO-F429ZI.elf.dir/Drivers/STM32F4xx_HAL_Driver/Src/stm32f4xx_hal_rcc.c.obj
                0x000000000800b740                HAL_RCC_OscConfig
 .text.HAL_RCC_GetSysClockFreq
                0x000000000800bb38       0xd4 CMakeFiles/NUCLEO-F429ZI.elf.dir/Drivers/STM32F4xx_HAL_Driver/Src/stm32f4xx_hal_rcc.c.obj
                0x000000000800bb38                HAL_RCC_GetSysClockFreq
 .text.HAL_RCC_ClockConfig
                0x000000000800bc0c      0x160 CMakeFiles/NUCLEO-F429ZI.elf.dir/Drivers/STM32F4xx_HAL_Driver/Src/stm32f4xx_hal_rcc.c.obj
                0x000000000800bc0c                HAL_RCC_ClockConfig
 .text.HAL_RCC_GetHCLKFreq
                0x000000000800bd6c        0xc CMakeFiles/NUCLEO-F429ZI.elf.dir/Drivers/STM32F4xx_HAL_Driver/Src/stm32f4xx_hal_rcc.c.obj
                0x000000000800bd6c                HAL_RCC_GetHCLKFreq
 .text.HAL_RCC_GetPCLK1Freq
                0x000000000800bd78       0x20 CMakeFiles/NUCLEO-F429ZI.elf.dir/Drivers/STM32F4xx_HAL_Driver/Src/stm32f4xx_hal_rcc.c.obj
                0x000000000800bd78                HAL_RCC_GetPCLK1Freq
 .text.HAL_RCC_GetPCLK2Freq
                0x000000000800bd98       0x20 CMakeFiles/NUCLEO-F429ZI.elf.dir/Drivers/STM32F4xx_HAL_Driver/Src/stm32f4xx_hal_rcc.c.obj
                0x000000000800bd98                HAL_RCC_GetPCLK2Freq
 .text.HAL_SPI_Init
                0x000000000800bdb8       0xbe CMakeFiles/NUCLEO-F429ZI.elf.dir/Drivers/STM32F4xx_HAL_Driver/Src/stm32f4xx_hal_spi.c.obj
                0x000000000800bdb8                HAL_SPI_Init
 .text.UART_EndRxTransfer
                0x000000000800be76       0x5c CMakeFiles/NUCLEO-F429ZI.elf.dir/Drivers/STM32F4xx_HAL_Driver/Src/stm32f4xx_hal_uart.c.obj
 .text.UART_Transmit_IT
                0x000000000800bed2       0x60 CMakeFiles/NUCLEO-F429ZI.elf.dir/Drivers/STM32F4xx_HAL_Driver/Src/stm32f4xx_hal_uart.c.obj
 *fill*         0x000000000800bf32        0x2 
 .text.UART_SetConfig
                0x000000000800bf34      0x110 CMakeFiles/NUCLEO-F429ZI.elf.dir/Drivers/STM32F4xx_HAL_Driver/Src/stm32f4xx_hal_uart.c.obj
 .text.UART_WaitOnFlagUntilTimeout
                0x000000000800c044       0x88 CMakeFiles/NUCLEO-F429ZI.elf.dir/Drivers/STM32F4xx_HAL_Driver/Src/stm32f4xx_hal_uart.c.obj
 .text.HAL_UART_Init
                0x000000000800c0cc       0x5e CMakeFiles/NUCLEO-F429ZI.elf.dir/Drivers/STM32F4xx_HAL_Driver/Src/stm32f4xx_hal_uart.c.obj
                0x000000000800c0cc                HAL_UART_Init
 .text.HAL_UART_Transmit
                0x000000000800c12a       0xd8 CMakeFiles/NUCLEO-F429ZI.elf.dir/Drivers/STM32F4xx_HAL_Driver/Src/stm32f4xx_hal_uart.c.obj
                0x000000000800c12a                HAL_UART_Transmit
 .text.HAL_UART_TxCpltCallback
                0x000000000800c202        0x2 CMakeFiles/NUCLEO-F429ZI.elf.dir/Drivers/STM32F4xx_HAL_Driver/Src/stm32f4xx_hal_uart.c.obj
                0x000000000800c202                HAL_UART_TxCpltCallback
 .text.UART_EndTransmit_IT
                0x000000000800c204       0x1a CMakeFiles/NUCLEO-F429ZI.elf.dir/Drivers/STM32F4xx_HAL_Driver/Src/stm32f4xx_hal_uart.c.obj
 .text.HAL_UART_RxCpltCallback
                0x000000000800c21e        0x2 CMakeFiles/NUCLEO-F429ZI.elf.dir/Drivers/STM32F4xx_HAL_Driver/Src/stm32f4xx_hal_uart.c.obj
                0x000000000800c21e                HAL_UART_RxCpltCallback
 .text.HAL_UART_ErrorCallback
                0x000000000800c220        0x2 CMakeFiles/NUCLEO-F429ZI.elf.dir/Drivers/STM32F4xx_HAL_Driver/Src/stm32f4xx_hal_uart.c.obj
                0x000000000800c220                HAL_UART_ErrorCallback
 .text.UART_DMAAbortOnError
                0x000000000800c222       0x10 CMakeFiles/NUCLEO-F429ZI.elf.dir/Drivers/STM32F4xx_HAL_Driver/Src/stm32f4xx_hal_uart.c.obj
 .text.HAL_UARTEx_RxEventCallback
                0x000000000800c232        0x2 CMakeFiles/NUCLEO-F429ZI.elf.dir/Drivers/STM32F4xx_HAL_Driver/Src/stm32f4xx_hal_uart.c.obj
                0x000000000800c232                HAL_UARTEx_RxEventCallback
 .text.UART_Receive_IT
                0x000000000800c234       0xe2 CMakeFiles/NUCLEO-F429ZI.elf.dir/Drivers/STM32F4xx_HAL_Driver/Src/stm32f4xx_hal_uart.c.obj
 *fill*         0x000000000800c316        0x2 
 .text.HAL_UART_IRQHandler
                0x000000000800c318      0x280 CMakeFiles/NUCLEO-F429ZI.elf.dir/Drivers/STM32F4xx_HAL_Driver/Src/stm32f4xx_hal_uart.c.obj
                0x000000000800c318                HAL_UART_IRQHandler
 .text.USB_CoreReset
                0x000000000800c598       0x50 CMakeFiles/NUCLEO-F429ZI.elf.dir/Drivers/STM32F4xx_HAL_Driver/Src/stm32f4xx_ll_usb.c.obj
 .text.USB_CoreInit
                0x000000000800c5e8       0x8a CMakeFiles/NUCLEO-F429ZI.elf.dir/Drivers/STM32F4xx_HAL_Driver/Src/stm32f4xx_ll_usb.c.obj
                0x000000000800c5e8                USB_CoreInit
 .text.USB_DisableGlobalInt
                0x000000000800c672        0xc CMakeFiles/NUCLEO-F429ZI.elf.dir/Drivers/STM32F4xx_HAL_Driver/Src/stm32f4xx_ll_usb.c.obj
                0x000000000800c672                USB_DisableGlobalInt
 *fill*         0x000000000800c67e        0x2 
 .text.USB_FlushTxFifo
                0x000000000800c680       0x50 CMakeFiles/NUCLEO-F429ZI.elf.dir/Drivers/STM32F4xx_HAL_Driver/Src/stm32f4xx_ll_usb.c.obj
                0x000000000800c680                USB_FlushTxFifo
 .text.USB_FlushRxFifo
                0x000000000800c6d0       0x4c CMakeFiles/NUCLEO-F429ZI.elf.dir/Drivers/STM32F4xx_HAL_Driver/Src/stm32f4xx_ll_usb.c.obj
                0x000000000800c6d0                USB_FlushRxFifo
 .text.USB_SetDevSpeed
                0x000000000800c71c        0xe CMakeFiles/NUCLEO-F429ZI.elf.dir/Drivers/STM32F4xx_HAL_Driver/Src/stm32f4xx_ll_usb.c.obj
                0x000000000800c71c                USB_SetDevSpeed
 *fill*         0x000000000800c72a        0x2 
 .text.USB_DevInit
                0x000000000800c72c      0x190 CMakeFiles/NUCLEO-F429ZI.elf.dir/Drivers/STM32F4xx_HAL_Driver/Src/stm32f4xx_ll_usb.c.obj
                0x000000000800c72c                USB_DevInit
 .text.USB_DevDisconnect
                0x000000000800c8bc       0x1c CMakeFiles/NUCLEO-F429ZI.elf.dir/Drivers/STM32F4xx_HAL_Driver/Src/stm32f4xx_ll_usb.c.obj
                0x000000000800c8bc                USB_DevDisconnect
 .text.USB_GetMode
                0x000000000800c8d8        0x8 CMakeFiles/NUCLEO-F429ZI.elf.dir/Drivers/STM32F4xx_HAL_Driver/Src/stm32f4xx_ll_usb.c.obj
                0x000000000800c8d8                USB_GetMode
 .text.USB_SetCurrentMode
                0x000000000800c8e0       0x62 CMakeFiles/NUCLEO-F429ZI.elf.dir/Drivers/STM32F4xx_HAL_Driver/Src/stm32f4xx_ll_usb.c.obj
                0x000000000800c8e0                USB_SetCurrentMode
 *fill*         0x000000000800c942        0x2 
 .text.rkh_hook_start
                0x000000000800c944       0x18 CMakeFiles/NUCLEO-F429ZI.elf.dir/blinkySysTick/hook.c.obj
                0x000000000800c944                rkh_hook_start
 .text.rkh_hook_timetick
                0x000000000800c95c        0x8 CMakeFiles/NUCLEO-F429ZI.elf.dir/blinkySysTick/hook.c.obj
                0x000000000800c95c                rkh_hook_timetick
 .text.rkh_hook_idle
                0x000000000800c964        0xa CMakeFiles/NUCLEO-F429ZI.elf.dir/blinkySysTick/hook.c.obj
                0x000000000800c964                rkh_hook_idle
 *fill*         0x000000000800c96e        0x2 
 .text.BSP_LED_On
                0x000000000800c970       0x20 CMakeFiles/NUCLEO-F429ZI.elf.dir/bsp/stm32f4xx_nucleo_144.c.obj
                0x000000000800c970                BSP_LED_On
 .text.execute_list
                0x000000000800c990       0x12 CMakeFiles/NUCLEO-F429ZI.elf.dir/mTime/mTime.c.obj
 *fill*         0x000000000800c9a2        0x2 
 .text.mTime_init
                0x000000000800c9a4       0x18 CMakeFiles/NUCLEO-F429ZI.elf.dir/mTime/mTime.c.obj
                0x000000000800c9a4                mTime_init
 .text.mTime_tick
                0x000000000800c9bc       0x5c CMakeFiles/NUCLEO-F429ZI.elf.dir/mTime/mTime.c.obj
                0x000000000800c9bc                mTime_tick
 .text.rkh_assert
                0x000000000800ca18       0x32 CMakeFiles/NUCLEO-F429ZI.elf.dir/salt/bsp/assert.c.obj
                0x000000000800ca18                rkh_assert
 .text.bsp_init
                0x000000000800ca4a       0x98 CMakeFiles/NUCLEO-F429ZI.elf.dir/salt/bsp/bsp-salt.c.obj
                0x000000000800ca4a                bsp_init
 *fill*         0x000000000800cae2        0x2 
 .text.bsp_timeTick
                0x000000000800cae4       0x14 CMakeFiles/NUCLEO-F429ZI.elf.dir/salt/bsp/bsp-salt.c.obj
                0x000000000800cae4                bsp_timeTick
 .text.bsp_regStatus
                0x000000000800caf8        0xa CMakeFiles/NUCLEO-F429ZI.elf.dir/salt/bsp/bsp-salt.c.obj
                0x000000000800caf8                bsp_regStatus
 .text.bsp_netStatus
                0x000000000800cb02        0xa CMakeFiles/NUCLEO-F429ZI.elf.dir/salt/bsp/bsp-salt.c.obj
                0x000000000800cb02                bsp_netStatus
 .text.bsp_modStatusToggle
                0x000000000800cb0c        0xa CMakeFiles/NUCLEO-F429ZI.elf.dir/salt/bsp/bsp-salt.c.obj
                0x000000000800cb0c                bsp_modStatusToggle
 *fill*         0x000000000800cb16        0x2 
 .text.saltCfg_clientId
                0x000000000800cb18       0x10 CMakeFiles/NUCLEO-F429ZI.elf.dir/salt/configuration/saltCfg.c.obj
                0x000000000800cb18                saltCfg_clientId
 .text.saltCfg_topic
                0x000000000800cb28       0x2c CMakeFiles/NUCLEO-F429ZI.elf.dir/salt/configuration/saltCfg.c.obj
                0x000000000800cb28                saltCfg_topic
 .text.rkh_trc_close
                0x000000000800cb54        0x2 CMakeFiles/NUCLEO-F429ZI.elf.dir/salt/files-to-review/trace_io.c.obj
                0x000000000800cb54                rkh_trc_close
 *fill*         0x000000000800cb56        0x2 
 .text.rkh_trc_flush
                0x000000000800cb58       0x64 CMakeFiles/NUCLEO-F429ZI.elf.dir/salt/files-to-review/trace_io.c.obj
                0x000000000800cb58                rkh_trc_flush
 .text.rkh_trc_open
                0x000000000800cbbc       0x7c CMakeFiles/NUCLEO-F429ZI.elf.dir/salt/files-to-review/trace_io.c.obj
                0x000000000800cbbc                rkh_trc_open
 .text.convertToSampleValue
                0x000000000800cc38       0x2c CMakeFiles/NUCLEO-F429ZI.elf.dir/salt/peripherals/analog-inputs/anIn.c.obj
                0x000000000800cc38                convertToSampleValue
 .text.anInInit
                0x000000000800cc64       0x14 CMakeFiles/NUCLEO-F429ZI.elf.dir/salt/peripherals/analog-inputs/anIn.c.obj
                0x000000000800cc64                anInInit
 .text.anInGet  0x000000000800cc78       0x14 CMakeFiles/NUCLEO-F429ZI.elf.dir/salt/peripherals/analog-inputs/anIn.c.obj
                0x000000000800cc78                anInGet
 .text.anInGetSample
                0x000000000800cc8c        0xc CMakeFiles/NUCLEO-F429ZI.elf.dir/salt/peripherals/analog-inputs/anIn.c.obj
                0x000000000800cc8c                anInGetSample
 .text.buzzerSetMode
                0x000000000800cc98        0xc CMakeFiles/NUCLEO-F429ZI.elf.dir/salt/peripherals/ihm/buzzer.c.obj
                0x000000000800cc98                buzzerSetMode
 .text.buzzerInit
                0x000000000800cca4        0xa CMakeFiles/NUCLEO-F429ZI.elf.dir/salt/peripherals/ihm/buzzer.c.obj
                0x000000000800cca4                buzzerInit
 *fill*         0x000000000800ccae        0x2 
 .text.onSwitchGet
                0x000000000800ccb0       0x18 CMakeFiles/NUCLEO-F429ZI.elf.dir/salt/peripherals/ihm/onSwitch.c.obj
                0x000000000800ccb0                onSwitchGet
 .text.onSwitchSetIntCb
                0x000000000800ccc8        0xc CMakeFiles/NUCLEO-F429ZI.elf.dir/salt/peripherals/ihm/onSwitch.c.obj
                0x000000000800ccc8                onSwitchSetIntCb
 .text.onSwitchInit
                0x000000000800ccd4       0x60 CMakeFiles/NUCLEO-F429ZI.elf.dir/salt/peripherals/ihm/onSwitch.c.obj
                0x000000000800ccd4                onSwitchInit
 .text.HAL_GPIO_EXTI_Callback
                0x000000000800cd34       0x1c CMakeFiles/NUCLEO-F429ZI.elf.dir/salt/peripherals/ihm/onSwitch.c.obj
                0x000000000800cd34                HAL_GPIO_EXTI_Callback
 .text.EXTI15_10_IRQHandler
                0x000000000800cd50        0xc CMakeFiles/NUCLEO-F429ZI.elf.dir/salt/peripherals/ihm/onSwitch.c.obj
                0x000000000800cd50                EXTI15_10_IRQHandler
 .text.AS1116_CS_Deselect
                0x000000000800cd5c       0x14 CMakeFiles/NUCLEO-F429ZI.elf.dir/salt/peripherals/ledPanel/as1116.c.obj
 .text.AS1116_CS_Select
                0x000000000800cd70       0x14 CMakeFiles/NUCLEO-F429ZI.elf.dir/salt/peripherals/ledPanel/as1116.c.obj
 .text.as1116WriteReg
                0x000000000800cd84       0x2c CMakeFiles/NUCLEO-F429ZI.elf.dir/salt/peripherals/ledPanel/as1116.c.obj
 .text.as1116Init
                0x000000000800cdb0       0xb4 CMakeFiles/NUCLEO-F429ZI.elf.dir/salt/peripherals/ledPanel/as1116.c.obj
                0x000000000800cdb0                as1116Init
 .text.as1116SetDigit
                0x000000000800ce64        0x2 CMakeFiles/NUCLEO-F429ZI.elf.dir/salt/peripherals/ledPanel/as1116.c.obj
                0x000000000800ce64                as1116SetDigit
 *fill*         0x000000000800ce66        0x2 
 .text.LED_Init
                0x000000000800ce68       0x48 CMakeFiles/NUCLEO-F429ZI.elf.dir/salt/peripherals/ledPanel/ledPanel.c.obj
 .text.ledPanelSetCfgInt
                0x000000000800ceb0      0x100 CMakeFiles/NUCLEO-F429ZI.elf.dir/salt/peripherals/ledPanel/ledPanel.c.obj
 .text.ledPanelSetCfg
                0x000000000800cfb0       0x50 CMakeFiles/NUCLEO-F429ZI.elf.dir/salt/peripherals/ledPanel/ledPanel.c.obj
                0x000000000800cfb0                ledPanelSetCfg
 .text.ledPanelInit
                0x000000000800d000       0x44 CMakeFiles/NUCLEO-F429ZI.elf.dir/salt/peripherals/ledPanel/ledPanel.c.obj
                0x000000000800d000                ledPanelInit
 .text.postFIFOEvtCmd
                0x000000000800d044       0x30 CMakeFiles/NUCLEO-F429ZI.elf.dir/salt/peripherals/module-command/modcmdSim900.c.obj
 .text.doSearch
                0x000000000800d074       0x18 CMakeFiles/NUCLEO-F429ZI.elf.dir/salt/peripherals/module-command/modcmdSim900.c.obj
 .text.sendModCmd_noArgs
                0x000000000800d08c       0x2a CMakeFiles/NUCLEO-F429ZI.elf.dir/salt/peripherals/module-command/modcmdSim900.c.obj
 .text.sendModCmd_rui16
                0x000000000800d0b6       0x2e CMakeFiles/NUCLEO-F429ZI.elf.dir/salt/peripherals/module-command/modcmdSim900.c.obj
 .text.sendModCmd_3StrArgs
                0x000000000800d0e4       0x40 CMakeFiles/NUCLEO-F429ZI.elf.dir/salt/peripherals/module-command/modcmdSim900.c.obj
 .text.ModCmd_init
                0x000000000800d124       0x48 CMakeFiles/NUCLEO-F429ZI.elf.dir/salt/peripherals/module-command/modcmdSim900.c.obj
                0x000000000800d124                ModCmd_init
 .text.ModCmd_setPin
                0x000000000800d16c       0x10 CMakeFiles/NUCLEO-F429ZI.elf.dir/salt/peripherals/module-command/modcmdSim900.c.obj
                0x000000000800d16c                ModCmd_setPin
 .text.ModCmd_getRegStatus
                0x000000000800d17c       0x10 CMakeFiles/NUCLEO-F429ZI.elf.dir/salt/peripherals/module-command/modcmdSim900.c.obj
                0x000000000800d17c                ModCmd_getRegStatus
 .text.ModCmd_getLocalTime
                0x000000000800d18c       0x10 CMakeFiles/NUCLEO-F429ZI.elf.dir/salt/peripherals/module-command/modcmdSim900.c.obj
                0x000000000800d18c                ModCmd_getLocalTime
 .text.ModCmd_requestIP
                0x000000000800d19c       0x10 CMakeFiles/NUCLEO-F429ZI.elf.dir/salt/peripherals/module-command/modcmdSim900.c.obj
                0x000000000800d19c                ModCmd_requestIP
 .text.ModCmd_connect
                0x000000000800d1ac       0x14 CMakeFiles/NUCLEO-F429ZI.elf.dir/salt/peripherals/module-command/modcmdSim900.c.obj
                0x000000000800d1ac                ModCmd_connect
 .text.ModCmd_disconnect
                0x000000000800d1c0       0x10 CMakeFiles/NUCLEO-F429ZI.elf.dir/salt/peripherals/module-command/modcmdSim900.c.obj
                0x000000000800d1c0                ModCmd_disconnect
 .text.ModCmd_sendDataRequest
                0x000000000800d1d0       0x10 CMakeFiles/NUCLEO-F429ZI.elf.dir/salt/peripherals/module-command/modcmdSim900.c.obj
                0x000000000800d1d0                ModCmd_sendDataRequest
 .text.ModCmd_sendData
                0x000000000800d1e0       0x2c CMakeFiles/NUCLEO-F429ZI.elf.dir/salt/peripherals/module-command/modcmdSim900.c.obj
                0x000000000800d1e0                ModCmd_sendData
 .text.ModCmd_readData
                0x000000000800d20c       0x10 CMakeFiles/NUCLEO-F429ZI.elf.dir/salt/peripherals/module-command/modcmdSim900.c.obj
                0x000000000800d20c                ModCmd_readData
 .text.pulseCounterInit
                0x000000000800d21c       0x28 CMakeFiles/NUCLEO-F429ZI.elf.dir/salt/peripherals/pulse-counter/pulseCounter.c.obj
                0x000000000800d21c                pulseCounterInit
 .text.GPIO_Init
                0x000000000800d244       0x70 CMakeFiles/NUCLEO-F429ZI.elf.dir/salt/peripherals/pulse-counter/pulseCounterFromEduCiaaBsp.c.obj
 .text.pulseCounterEnableInt
                0x000000000800d2b4       0x20 CMakeFiles/NUCLEO-F429ZI.elf.dir/salt/peripherals/pulse-counter/pulseCounterFromEduCiaaBsp.c.obj
                0x000000000800d2b4                pulseCounterEnableInt
 .text.pulseCounterInitBsp
                0x000000000800d2d4       0x2c CMakeFiles/NUCLEO-F429ZI.elf.dir/salt/peripherals/pulse-counter/pulseCounterFromEduCiaaBsp.c.obj
                0x000000000800d2d4                pulseCounterInitBsp
 .text.EXTI0_IRQHandler
                0x000000000800d300        0xa CMakeFiles/NUCLEO-F429ZI.elf.dir/salt/peripherals/pulse-counter/pulseCounterFromEduCiaaBsp.c.obj
                0x000000000800d300                EXTI0_IRQHandler
 .text.EXTI1_IRQHandler
                0x000000000800d30a        0xa CMakeFiles/NUCLEO-F429ZI.elf.dir/salt/peripherals/pulse-counter/pulseCounterFromEduCiaaBsp.c.obj
                0x000000000800d30a                EXTI1_IRQHandler
 .text.relayInit
                0x000000000800d314       0x24 CMakeFiles/NUCLEO-F429ZI.elf.dir/salt/peripherals/relay-control/relay.c.obj
                0x000000000800d314                relayInit
 .text.relaySetAlEnable
                0x000000000800d338       0x2e CMakeFiles/NUCLEO-F429ZI.elf.dir/salt/peripherals/relay-control/relay.c.obj
                0x000000000800d338                relaySetAlEnable
 .text.relaySetCTActive
                0x000000000800d366       0x3a CMakeFiles/NUCLEO-F429ZI.elf.dir/salt/peripherals/relay-control/relay.c.obj
                0x000000000800d366                relaySetCTActive
 .text.relaySetFEActive
                0x000000000800d3a0       0x3a CMakeFiles/NUCLEO-F429ZI.elf.dir/salt/peripherals/relay-control/relay.c.obj
                0x000000000800d3a0                relaySetFEActive
 .text.relaySetRemoteMode
                0x000000000800d3da        0xc CMakeFiles/NUCLEO-F429ZI.elf.dir/salt/peripherals/relay-control/relay.c.obj
                0x000000000800d3da                relaySetRemoteMode
 *fill*         0x000000000800d3e6        0x2 
 .text.GPIO_Clock_Enable
                0x000000000800d3e8       0x38 CMakeFiles/NUCLEO-F429ZI.elf.dir/salt/peripherals/relay-control/relayFromEduCiaaBsp.c.obj
 .text.relaySetActivated
                0x000000000800d420       0x28 CMakeFiles/NUCLEO-F429ZI.elf.dir/salt/peripherals/relay-control/relayFromEduCiaaBsp.c.obj
                0x000000000800d420                relaySetActivated
 .text.relayInitBsp
                0x000000000800d448       0x5c CMakeFiles/NUCLEO-F429ZI.elf.dir/salt/peripherals/relay-control/relayFromEduCiaaBsp.c.obj
                0x000000000800d448                relayInitBsp
 .text.relayGetActivated
                0x000000000800d4a4       0x20 CMakeFiles/NUCLEO-F429ZI.elf.dir/salt/peripherals/relay-control/relayFromEduCiaaBsp.c.obj
                0x000000000800d4a4                relayGetActivated
 .text.USART1_IRQHandler
                0x000000000800d4c4       0x30 CMakeFiles/NUCLEO-F429ZI.elf.dir/salt/peripherals/serial/serial.c.obj
                0x000000000800d4c4                USART1_IRQHandler
 .text.USART2_IRQHandler
                0x000000000800d4f4       0x40 CMakeFiles/NUCLEO-F429ZI.elf.dir/salt/peripherals/serial/serial.c.obj
                0x000000000800d4f4                USART2_IRQHandler
 .text.USART3_IRQHandler
                0x000000000800d534       0x2c CMakeFiles/NUCLEO-F429ZI.elf.dir/salt/peripherals/serial/serial.c.obj
                0x000000000800d534                USART3_IRQHandler
 .text.UART4_IRQHandler
                0x000000000800d560       0x30 CMakeFiles/NUCLEO-F429ZI.elf.dir/salt/peripherals/serial/serial.c.obj
                0x000000000800d560                UART4_IRQHandler
 .text.serialInit
                0x000000000800d590       0xd0 CMakeFiles/NUCLEO-F429ZI.elf.dir/salt/peripherals/serial/serial.c.obj
                0x000000000800d590                serialInit
 .text.serialSetIntCb
                0x000000000800d660       0x34 CMakeFiles/NUCLEO-F429ZI.elf.dir/salt/peripherals/serial/serial.c.obj
                0x000000000800d660                serialSetIntCb
 .text.serialPutByte
                0x000000000800d694       0x28 CMakeFiles/NUCLEO-F429ZI.elf.dir/salt/peripherals/serial/serial.c.obj
                0x000000000800d694                serialPutByte
 .text.serialPutString
                0x000000000800d6bc       0x18 CMakeFiles/NUCLEO-F429ZI.elf.dir/salt/peripherals/serial/serial.c.obj
                0x000000000800d6bc                serialPutString
 .text.serialPutChars
                0x000000000800d6d4       0x2c CMakeFiles/NUCLEO-F429ZI.elf.dir/salt/peripherals/serial/serial.c.obj
                0x000000000800d6d4                serialPutChars
 .text.GPIO_Clock_Enable
                0x000000000800d700       0x60 CMakeFiles/NUCLEO-F429ZI.elf.dir/salt/peripherals/sim808/sim808.c.obj
 .text.UART_Init
                0x000000000800d760       0x3c CMakeFiles/NUCLEO-F429ZI.elf.dir/salt/peripherals/sim808/sim808.c.obj
 .text.sim808SetControlPin
                0x000000000800d79c       0xb0 CMakeFiles/NUCLEO-F429ZI.elf.dir/salt/peripherals/sim808/sim808.c.obj
                0x000000000800d79c                sim808SetControlPin
 .text.sim808Init
                0x000000000800d84c       0x88 CMakeFiles/NUCLEO-F429ZI.elf.dir/salt/peripherals/sim808/sim808.c.obj
                0x000000000800d84c                sim808Init
 .text.crc16    0x000000000800d8d4       0x38 CMakeFiles/NUCLEO-F429ZI.elf.dir/salt/peripherals/teloc/teloc.c.obj
                0x000000000800d8d4                crc16
 .text.telocParse
                0x000000000800d90c       0xc0 CMakeFiles/NUCLEO-F429ZI.elf.dir/salt/peripherals/teloc/teloc.c.obj
                0x000000000800d90c                telocParse
 .text.telocInit
                0x000000000800d9cc       0x38 CMakeFiles/NUCLEO-F429ZI.elf.dir/salt/peripherals/teloc/teloc.c.obj
                0x000000000800d9cc                telocInit
 .text.velEvGpsCallback
                0x000000000800da04       0x4c CMakeFiles/NUCLEO-F429ZI.elf.dir/salt/state-machines/connector-manager/conmgr.c.obj
 .text.open     0x000000000800da50       0x20 CMakeFiles/NUCLEO-F429ZI.elf.dir/salt/state-machines/connector-manager/conmgr.c.obj
 .text.close    0x000000000800da70       0x20 CMakeFiles/NUCLEO-F429ZI.elf.dir/salt/state-machines/connector-manager/conmgr.c.obj
 .text.setSigLevel
                0x000000000800da90        0x6 CMakeFiles/NUCLEO-F429ZI.elf.dir/salt/state-machines/connector-manager/conmgr.c.obj
 .text.initializeInit
                0x000000000800da96        0x8 CMakeFiles/NUCLEO-F429ZI.elf.dir/salt/state-machines/connector-manager/conmgr.c.obj
 .text.storeOper
                0x000000000800da9e        0x2 CMakeFiles/NUCLEO-F429ZI.elf.dir/salt/state-machines/connector-manager/conmgr.c.obj
 .text.configureInit
                0x000000000800daa0        0x8 CMakeFiles/NUCLEO-F429ZI.elf.dir/salt/state-machines/connector-manager/conmgr.c.obj
 .text.connectInit
                0x000000000800daa8        0x8 CMakeFiles/NUCLEO-F429ZI.elf.dir/salt/state-machines/connector-manager/conmgr.c.obj
 .text.connectTry
                0x000000000800dab0        0xc CMakeFiles/NUCLEO-F429ZI.elf.dir/salt/state-machines/connector-manager/conmgr.c.obj
 .text.sendOk   0x000000000800dabc       0x24 CMakeFiles/NUCLEO-F429ZI.elf.dir/salt/state-machines/connector-manager/conmgr.c.obj
 .text.recvOk   0x000000000800dae0       0x24 CMakeFiles/NUCLEO-F429ZI.elf.dir/salt/state-machines/connector-manager/conmgr.c.obj
 .text.setGpsData
                0x000000000800db04       0x16 CMakeFiles/NUCLEO-F429ZI.elf.dir/salt/state-machines/connector-manager/conmgr.c.obj
 *fill*         0x000000000800db1a        0x2 
 .text.sendSync
                0x000000000800db1c       0x18 CMakeFiles/NUCLEO-F429ZI.elf.dir/salt/state-machines/connector-manager/conmgr.c.obj
 .text.sendInit
                0x000000000800db34       0x18 CMakeFiles/NUCLEO-F429ZI.elf.dir/salt/state-machines/connector-manager/conmgr.c.obj
 .text.checkPin
                0x000000000800db4c       0x18 CMakeFiles/NUCLEO-F429ZI.elf.dir/salt/state-machines/connector-manager/conmgr.c.obj
 .text.netTimeEnable
                0x000000000800db64       0x18 CMakeFiles/NUCLEO-F429ZI.elf.dir/salt/state-machines/connector-manager/conmgr.c.obj
 .text.getImei  0x000000000800db7c       0x18 CMakeFiles/NUCLEO-F429ZI.elf.dir/salt/state-machines/connector-manager/conmgr.c.obj
 .text.cipShutdown
                0x000000000800db94       0x18 CMakeFiles/NUCLEO-F429ZI.elf.dir/salt/state-machines/connector-manager/conmgr.c.obj
 .text.unregEntry
                0x000000000800dbac       0x18 CMakeFiles/NUCLEO-F429ZI.elf.dir/salt/state-machines/connector-manager/conmgr.c.obj
 .text.setupManualGet
                0x000000000800dbc4       0x18 CMakeFiles/NUCLEO-F429ZI.elf.dir/salt/state-machines/connector-manager/conmgr.c.obj
 .text.getOper  0x000000000800dbdc       0x18 CMakeFiles/NUCLEO-F429ZI.elf.dir/salt/state-machines/connector-manager/conmgr.c.obj
 .text.setupAPN
                0x000000000800dbf4       0x18 CMakeFiles/NUCLEO-F429ZI.elf.dir/salt/state-machines/connector-manager/conmgr.c.obj
 .text.startGPRS
                0x000000000800dc0c       0x18 CMakeFiles/NUCLEO-F429ZI.elf.dir/salt/state-machines/connector-manager/conmgr.c.obj
 .text.getConnStatus
                0x000000000800dc24       0x18 CMakeFiles/NUCLEO-F429ZI.elf.dir/salt/state-machines/connector-manager/conmgr.c.obj
 .text.isConnected
                0x000000000800dc3c        0x8 CMakeFiles/NUCLEO-F429ZI.elf.dir/salt/state-machines/connector-manager/conmgr.c.obj
 .text.initGps  0x000000000800dc44       0x18 CMakeFiles/NUCLEO-F429ZI.elf.dir/salt/state-machines/connector-manager/conmgr.c.obj
 .text.unregExit
                0x000000000800dc5c        0x2 CMakeFiles/NUCLEO-F429ZI.elf.dir/salt/state-machines/connector-manager/conmgr.c.obj
 .text.checkSyncTry
                0x000000000800dc5e       0x10 CMakeFiles/NUCLEO-F429ZI.elf.dir/salt/state-machines/connector-manager/conmgr.c.obj
                0x000000000800dc5e                checkSyncTry
 .text.checkConfigTry
                0x000000000800dc6e       0x10 CMakeFiles/NUCLEO-F429ZI.elf.dir/salt/state-machines/connector-manager/conmgr.c.obj
                0x000000000800dc6e                checkConfigTry
 .text.checkConnectTry
                0x000000000800dc7e       0x10 CMakeFiles/NUCLEO-F429ZI.elf.dir/salt/state-machines/connector-manager/conmgr.c.obj
                0x000000000800dc7e                checkConnectTry
 .text.checkConnectedFailCounter
                0x000000000800dc8e       0x10 CMakeFiles/NUCLEO-F429ZI.elf.dir/salt/state-machines/connector-manager/conmgr.c.obj
                0x000000000800dc8e                checkConnectedFailCounter
 *fill*         0x000000000800dc9e        0x2 
 .text.init     0x000000000800dca0      0x28c CMakeFiles/NUCLEO-F429ZI.elf.dir/salt/state-machines/connector-manager/conmgr.c.obj
 .text.recvFail
                0x000000000800df2c       0x24 CMakeFiles/NUCLEO-F429ZI.elf.dir/salt/state-machines/connector-manager/conmgr.c.obj
 .text.sendFail
                0x000000000800df50       0x24 CMakeFiles/NUCLEO-F429ZI.elf.dir/salt/state-machines/connector-manager/conmgr.c.obj
 .text.configTry
                0x000000000800df74       0x12 CMakeFiles/NUCLEO-F429ZI.elf.dir/salt/state-machines/connector-manager/conmgr.c.obj
 .text.tryGetStatus
                0x000000000800df86       0x12 CMakeFiles/NUCLEO-F429ZI.elf.dir/salt/state-machines/connector-manager/conmgr.c.obj
 .text.setInitTimeOut
                0x000000000800df98       0x20 CMakeFiles/NUCLEO-F429ZI.elf.dir/salt/state-machines/connector-manager/conmgr.c.obj
 .text.startRegStatus
                0x000000000800dfb8       0x10 CMakeFiles/NUCLEO-F429ZI.elf.dir/salt/state-machines/connector-manager/conmgr.c.obj
 .text.failureEntry
                0x000000000800dfc8       0x20 CMakeFiles/NUCLEO-F429ZI.elf.dir/salt/state-machines/connector-manager/conmgr.c.obj
 .text.waitNetClockSyncEntry
                0x000000000800dfe8       0x20 CMakeFiles/NUCLEO-F429ZI.elf.dir/salt/state-machines/connector-manager/conmgr.c.obj
 .text.waitRetryConfigEntry
                0x000000000800e008       0x20 CMakeFiles/NUCLEO-F429ZI.elf.dir/salt/state-machines/connector-manager/conmgr.c.obj
 .text.connectingEntry
                0x000000000800e028       0x20 CMakeFiles/NUCLEO-F429ZI.elf.dir/salt/state-machines/connector-manager/conmgr.c.obj
 .text.idleEntry
                0x000000000800e048       0x20 CMakeFiles/NUCLEO-F429ZI.elf.dir/salt/state-machines/connector-manager/conmgr.c.obj
 .text.wReopenEntry
                0x000000000800e068       0x20 CMakeFiles/NUCLEO-F429ZI.elf.dir/salt/state-machines/connector-manager/conmgr.c.obj
 .text.waitRetryConnEntry
                0x000000000800e088       0x20 CMakeFiles/NUCLEO-F429ZI.elf.dir/salt/state-machines/connector-manager/conmgr.c.obj
 .text.setPin   0x000000000800e0a8        0xc CMakeFiles/NUCLEO-F429ZI.elf.dir/salt/state-machines/connector-manager/conmgr.c.obj
 .text.storeImei
                0x000000000800e0b4       0x1c CMakeFiles/NUCLEO-F429ZI.elf.dir/salt/state-machines/connector-manager/conmgr.c.obj
 .text.regExit  0x000000000800e0d0        0xa CMakeFiles/NUCLEO-F429ZI.elf.dir/salt/state-machines/connector-manager/conmgr.c.obj
 .text.regEntry
                0x000000000800e0da        0xa CMakeFiles/NUCLEO-F429ZI.elf.dir/salt/state-machines/connector-manager/conmgr.c.obj
 .text.checkRegStatus
                0x000000000800e0e4        0x8 CMakeFiles/NUCLEO-F429ZI.elf.dir/salt/state-machines/connector-manager/conmgr.c.obj
 .text.failureExit
                0x000000000800e0ec       0x12 CMakeFiles/NUCLEO-F429ZI.elf.dir/salt/state-machines/connector-manager/conmgr.c.obj
 .text.waitNetClockSyncExit
                0x000000000800e0fe        0xa CMakeFiles/NUCLEO-F429ZI.elf.dir/salt/state-machines/connector-manager/conmgr.c.obj
 .text.connectingExit
                0x000000000800e108        0xa CMakeFiles/NUCLEO-F429ZI.elf.dir/salt/state-machines/connector-manager/conmgr.c.obj
 .text.idleExit
                0x000000000800e112        0xa CMakeFiles/NUCLEO-F429ZI.elf.dir/salt/state-machines/connector-manager/conmgr.c.obj
 .text.wReopenExit
                0x000000000800e11c        0xa CMakeFiles/NUCLEO-F429ZI.elf.dir/salt/state-machines/connector-manager/conmgr.c.obj
 .text.waitRetryConnExit
                0x000000000800e126       0x12 CMakeFiles/NUCLEO-F429ZI.elf.dir/salt/state-machines/connector-manager/conmgr.c.obj
 .text.localTimeGet
                0x000000000800e138        0x8 CMakeFiles/NUCLEO-F429ZI.elf.dir/salt/state-machines/connector-manager/conmgr.c.obj
 .text.rtimeSync
                0x000000000800e140        0xa CMakeFiles/NUCLEO-F429ZI.elf.dir/salt/state-machines/connector-manager/conmgr.c.obj
 .text.requestIp
                0x000000000800e14a        0x8 CMakeFiles/NUCLEO-F429ZI.elf.dir/salt/state-machines/connector-manager/conmgr.c.obj
 *fill*         0x000000000800e152        0x2 
 .text.socketOpen
                0x000000000800e154       0x1c CMakeFiles/NUCLEO-F429ZI.elf.dir/salt/state-machines/connector-manager/conmgr.c.obj
 .text.socketClose
                0x000000000800e170        0x8 CMakeFiles/NUCLEO-F429ZI.elf.dir/salt/state-machines/connector-manager/conmgr.c.obj
 .text.socketDisconnected
                0x000000000800e178       0x24 CMakeFiles/NUCLEO-F429ZI.elf.dir/salt/state-machines/connector-manager/conmgr.c.obj
 .text.socketConnected
                0x000000000800e19c       0x2c CMakeFiles/NUCLEO-F429ZI.elf.dir/salt/state-machines/connector-manager/conmgr.c.obj
 .text.readData
                0x000000000800e1c8       0x18 CMakeFiles/NUCLEO-F429ZI.elf.dir/salt/state-machines/connector-manager/conmgr.c.obj
 .text.sendRequest
                0x000000000800e1e0        0xe CMakeFiles/NUCLEO-F429ZI.elf.dir/salt/state-machines/connector-manager/conmgr.c.obj
 *fill*         0x000000000800e1ee        0x2 
 .text.getStatusExit
                0x000000000800e1f0       0x10 CMakeFiles/NUCLEO-F429ZI.elf.dir/salt/state-machines/connector-manager/conmgr.c.obj
 .text.defer    0x000000000800e200       0x20 CMakeFiles/NUCLEO-F429ZI.elf.dir/salt/state-machines/connector-manager/conmgr.c.obj
 .text.flushData
                0x000000000800e220       0x10 CMakeFiles/NUCLEO-F429ZI.elf.dir/salt/state-machines/connector-manager/conmgr.c.obj
 .text.ConMgr_ReceiveDataGetRef
                0x000000000800e230        0x8 CMakeFiles/NUCLEO-F429ZI.elf.dir/salt/state-machines/connector-manager/conmgr.c.obj
                0x000000000800e230                ConMgr_ReceiveDataGetRef
 .text.ConMgr_imei
                0x000000000800e238        0x8 CMakeFiles/NUCLEO-F429ZI.elf.dir/salt/state-machines/connector-manager/conmgr.c.obj
                0x000000000800e238                ConMgr_imei
 .text.effect_enable
                0x000000000800e240        0x2 CMakeFiles/NUCLEO-F429ZI.elf.dir/salt/state-machines/logic/logic.c.obj
 .text.effect_disable
                0x000000000800e242        0x2 CMakeFiles/NUCLEO-F429ZI.elf.dir/salt/state-machines/logic/logic.c.obj
 .text.effect_cmdTOut
                0x000000000800e244        0x8 CMakeFiles/NUCLEO-F429ZI.elf.dir/salt/state-machines/logic/logic.c.obj
 .text.entry_missing
                0x000000000800e24c       0x20 CMakeFiles/NUCLEO-F429ZI.elf.dir/salt/state-machines/logic/logic.c.obj
 .text.exit_disable
                0x000000000800e26c        0x2 CMakeFiles/NUCLEO-F429ZI.elf.dir/salt/state-machines/logic/logic.c.obj
 .text.exit_controlAutomatic
                0x000000000800e26e        0x2 CMakeFiles/NUCLEO-F429ZI.elf.dir/salt/state-machines/logic/logic.c.obj
 .text.exit_controlBlink
                0x000000000800e270        0x2 CMakeFiles/NUCLEO-F429ZI.elf.dir/salt/state-machines/logic/logic.c.obj
 .text.exit_controlAutomaticEnable
                0x000000000800e272        0x2 CMakeFiles/NUCLEO-F429ZI.elf.dir/salt/state-machines/logic/logic.c.obj
 .text.exit_controlBlinkEnable
                0x000000000800e274        0x2 CMakeFiles/NUCLEO-F429ZI.elf.dir/salt/state-machines/logic/logic.c.obj
 .text.exit_controlBlinkDisable
                0x000000000800e276        0x2 CMakeFiles/NUCLEO-F429ZI.elf.dir/salt/state-machines/logic/logic.c.obj
 .text.exit_controlBlinkBrake
                0x000000000800e278        0x2 CMakeFiles/NUCLEO-F429ZI.elf.dir/salt/state-machines/logic/logic.c.obj
 .text.exit_hasler
                0x000000000800e27a        0x2 CMakeFiles/NUCLEO-F429ZI.elf.dir/salt/state-machines/logic/logic.c.obj
 .text.exit_external
                0x000000000800e27c        0x2 CMakeFiles/NUCLEO-F429ZI.elf.dir/salt/state-machines/logic/logic.c.obj
 .text.exit_gps
                0x000000000800e27e        0x2 CMakeFiles/NUCLEO-F429ZI.elf.dir/salt/state-machines/logic/logic.c.obj
 .text.exit_missing
                0x000000000800e280        0x2 CMakeFiles/NUCLEO-F429ZI.elf.dir/salt/state-machines/logic/logic.c.obj
 .text.guard_cmdEnable
                0x000000000800e282       0x10 CMakeFiles/NUCLEO-F429ZI.elf.dir/salt/state-machines/logic/logic.c.obj
                0x000000000800e282                guard_cmdEnable
 .text.guard_cmdAutomatic
                0x000000000800e292        0xe CMakeFiles/NUCLEO-F429ZI.elf.dir/salt/state-machines/logic/logic.c.obj
                0x000000000800e292                guard_cmdAutomatic
 .text.guard_cmdAutomaticNot
                0x000000000800e2a0       0x16 CMakeFiles/NUCLEO-F429ZI.elf.dir/salt/state-machines/logic/logic.c.obj
                0x000000000800e2a0                guard_cmdAutomaticNot
 .text.guard_currentCmdStop
                0x000000000800e2b6        0xc CMakeFiles/NUCLEO-F429ZI.elf.dir/salt/state-machines/logic/logic.c.obj
                0x000000000800e2b6                guard_currentCmdStop
 .text.guard_currentCmdDrift
                0x000000000800e2c2        0xe CMakeFiles/NUCLEO-F429ZI.elf.dir/salt/state-machines/logic/logic.c.obj
                0x000000000800e2c2                guard_currentCmdDrift
 .text.guard_currentCmdIsolated
                0x000000000800e2d0        0xe CMakeFiles/NUCLEO-F429ZI.elf.dir/salt/state-machines/logic/logic.c.obj
                0x000000000800e2d0                guard_currentCmdIsolated
 .text.guard_cmdStopNot
                0x000000000800e2de       0x14 CMakeFiles/NUCLEO-F429ZI.elf.dir/salt/state-machines/logic/logic.c.obj
                0x000000000800e2de                guard_cmdStopNot
 .text.guard_cmdDriftNot
                0x000000000800e2f2       0x16 CMakeFiles/NUCLEO-F429ZI.elf.dir/salt/state-machines/logic/logic.c.obj
                0x000000000800e2f2                guard_cmdDriftNot
 .text.guard_cmdIsolatedNot
                0x000000000800e308       0x16 CMakeFiles/NUCLEO-F429ZI.elf.dir/salt/state-machines/logic/logic.c.obj
                0x000000000800e308                guard_cmdIsolatedNot
 .text.guard_VelAboveCTon
                0x000000000800e31e       0x1c CMakeFiles/NUCLEO-F429ZI.elf.dir/salt/state-machines/logic/logic.c.obj
                0x000000000800e31e                guard_VelAboveCTon
 .text.guard_currentVelAboveCTon
                0x000000000800e33a        0xc CMakeFiles/NUCLEO-F429ZI.elf.dir/salt/state-machines/logic/logic.c.obj
                0x000000000800e33a                guard_currentVelAboveCTon
 .text.guard_VelBelowCToff
                0x000000000800e346       0x1c CMakeFiles/NUCLEO-F429ZI.elf.dir/salt/state-machines/logic/logic.c.obj
                0x000000000800e346                guard_VelBelowCToff
 .text.guard_VelAboveFEon
                0x000000000800e362       0x1c CMakeFiles/NUCLEO-F429ZI.elf.dir/salt/state-machines/logic/logic.c.obj
                0x000000000800e362                guard_VelAboveFEon
 .text.guard_currentVelAboveFEon
                0x000000000800e37e        0xc CMakeFiles/NUCLEO-F429ZI.elf.dir/salt/state-machines/logic/logic.c.obj
                0x000000000800e37e                guard_currentVelAboveFEon
 .text.guard_nextBlinkBrake
                0x000000000800e38a       0x22 CMakeFiles/NUCLEO-F429ZI.elf.dir/salt/state-machines/logic/logic.c.obj
                0x000000000800e38a                guard_nextBlinkBrake
 .text.guard_velRightVel
                0x000000000800e3ac       0x1c CMakeFiles/NUCLEO-F429ZI.elf.dir/salt/state-machines/logic/logic.c.obj
                0x000000000800e3ac                guard_velRightVel
 .text.guard_velRight
                0x000000000800e3c8        0xa CMakeFiles/NUCLEO-F429ZI.elf.dir/salt/state-machines/logic/logic.c.obj
                0x000000000800e3c8                guard_velRight
 .text.guard_velDisp
                0x000000000800e3d2        0xc CMakeFiles/NUCLEO-F429ZI.elf.dir/salt/state-machines/logic/logic.c.obj
                0x000000000800e3d2                guard_velDisp
 .text.guard_velWrongVel
                0x000000000800e3de        0xe CMakeFiles/NUCLEO-F429ZI.elf.dir/salt/state-machines/logic/logic.c.obj
                0x000000000800e3de                guard_velWrongVel
 .text.guard_velWrong
                0x000000000800e3ec        0xa CMakeFiles/NUCLEO-F429ZI.elf.dir/salt/state-machines/logic/logic.c.obj
                0x000000000800e3ec                guard_velWrong
 .text.effect_gpsTout
                0x000000000800e3f6       0x10 CMakeFiles/NUCLEO-F429ZI.elf.dir/salt/state-machines/logic/logic.c.obj
 .text.configAlCtFe
                0x000000000800e406       0x62 CMakeFiles/NUCLEO-F429ZI.elf.dir/salt/state-machines/logic/logic.c.obj
 .text.exit_preventiveStop
                0x000000000800e468        0xe CMakeFiles/NUCLEO-F429ZI.elf.dir/salt/state-machines/logic/logic.c.obj
 .text.exit_remoteStop
                0x000000000800e476        0xe CMakeFiles/NUCLEO-F429ZI.elf.dir/salt/state-machines/logic/logic.c.obj
 .text.entry_remoteStop
                0x000000000800e484        0xe CMakeFiles/NUCLEO-F429ZI.elf.dir/salt/state-machines/logic/logic.c.obj
 .text.exit_remoteDrift