Archive member included to satisfy reference by file (symbol)

/usr/lib/gcc/arm-none-eabi/10.3.1/thumb/v7e-m/nofp/libgcc.a(_arm_muldf3.o)
                              CMakeFiles/NUCLEO-F429ZI.elf.dir/mqttc-v116-sync/mqttc_v116_sync.c.obj (__aeabi_dmul)
/usr/lib/gcc/arm-none-eabi/10.3.1/thumb/v7e-m/nofp/libgcc.a(_arm_mulsf3.o)
                              CMakeFiles/NUCLEO-F429ZI.elf.dir/salt/peripherals/pulse-counter/pulseCounter.c.obj (__aeabi_fmul)
/usr/lib/gcc/arm-none-eabi/10.3.1/thumb/v7e-m/nofp/libgcc.a(_arm_addsubdf3.o)
                              CMakeFiles/NUCLEO-F429ZI.elf.dir/third-party/jWrite/jWrite/jWrite.c.obj (__aeabi_dsub)
/usr/lib/gcc/arm-none-eabi/10.3.1/thumb/v7e-m/nofp/libgcc.a(_arm_muldivdf3.o)
                              CMakeFiles/NUCLEO-F429ZI.elf.dir/salt/state-machines/logic/logic.c.obj (__aeabi_ddiv)
/usr/lib/gcc/arm-none-eabi/10.3.1/thumb/v7e-m/nofp/libgcc.a(_arm_cmpdf2.o)
                              CMakeFiles/NUCLEO-F429ZI.elf.dir/third-party/jWrite/jWrite/jWrite.c.obj (__aeabi_dcmpeq)
/usr/lib/gcc/arm-none-eabi/10.3.1/thumb/v7e-m/nofp/libgcc.a(_arm_fixdfsi.o)
                              CMakeFiles/NUCLEO-F429ZI.elf.dir/third-party/jWrite/jWrite/jWrite.c.obj (__aeabi_d2iz)
/usr/lib/gcc/arm-none-eabi/10.3.1/thumb/v7e-m/nofp/libgcc.a(_arm_fixunsdfsi.o)
                              CMakeFiles/NUCLEO-F429ZI.elf.dir/mqttc-v116-sync/mqttc_v116_sync.c.obj (__aeabi_d2uiz)
/usr/lib/gcc/arm-none-eabi/10.3.1/thumb/v7e-m/nofp/libgcc.a(_arm_truncdfsf2.o)
                              CMakeFiles/NUCLEO-F429ZI.elf.dir/mqttc-v116-sync/mqttc_v116_sync.c.obj (__aeabi_d2f)
/usr/lib/gcc/arm-none-eabi/10.3.1/thumb/v7e-m/nofp/libgcc.a(_arm_addsubsf3.o)
                              CMakeFiles/NUCLEO-F429ZI.elf.dir/third-party/MQTT-C/source/mqttc.c.obj (__aeabi_fadd)
/usr/lib/gcc/arm-none-eabi/10.3.1/thumb/v7e-m/nofp/libgcc.a(_arm_cmpsf2.o)
                              CMakeFiles/NUCLEO-F429ZI.elf.dir/salt/state-machines/logic/logic.c.obj (__aeabi_fcmplt)
/usr/lib/gcc/arm-none-eabi/10.3.1/thumb/v7e-m/nofp/libgcc.a(_aeabi_uldivmod.o)
                              CMakeFiles/NUCLEO-F429ZI.elf.dir/Drivers/STM32F4xx_HAL_Driver/Src/stm32f4xx_hal_rcc.c.obj (__aeabi_uldivmod)
/usr/lib/gcc/arm-none-eabi/10.3.1/thumb/v7e-m/nofp/libgcc.a(_udivmoddi4.o)
                              /usr/lib/gcc/arm-none-eabi/10.3.1/thumb/v7e-m/nofp/libgcc.a(_aeabi_uldivmod.o) (__udivmoddi4)
/usr/lib/gcc/arm-none-eabi/10.3.1/thumb/v7e-m/nofp/libgcc.a(_dvmd_tls.o)
                              /usr/lib/gcc/arm-none-eabi/10.3.1/thumb/v7e-m/nofp/libgcc.a(_aeabi_uldivmod.o) (__aeabi_ldiv0)
/usr/lib/gcc/arm-none-eabi/10.3.1/../../../arm-none-eabi/lib/thumb/v7e-m/nofp/libg.a(lib_a-atexit.o)
                              /usr/lib/gcc/arm-none-eabi/10.3.1/../../../arm-none-eabi/lib/thumb/v7e-m/nofp/crt0.o (atexit)
/usr/lib/gcc/arm-none-eabi/10.3.1/../../../arm-none-eabi/lib/thumb/v7e-m/nofp/libg.a(lib_a-atof.o)
                              CMakeFiles/NUCLEO-F429ZI.elf.dir/salt/utilities/parser/sim900/sim900parser.c.obj (atof)
/usr/lib/gcc/arm-none-eabi/10.3.1/../../../arm-none-eabi/lib/thumb/v7e-m/nofp/libg.a(lib_a-atoi.o)
                              CMakeFiles/NUCLEO-F429ZI.elf.dir/Middlewares/Third_Party/LwIP/src/core/netif.c.obj (atoi)
/usr/lib/gcc/arm-none-eabi/10.3.1/../../../arm-none-eabi/lib/thumb/v7e-m/nofp/libg.a(lib_a-ctype_.o)
                              CMakeFiles/NUCLEO-F429ZI.elf.dir/Middlewares/Third_Party/LwIP/src/core/ipv4/ip4_addr.c.obj (_ctype_)
/usr/lib/gcc/arm-none-eabi/10.3.1/../../../arm-none-eabi/lib/thumb/v7e-m/nofp/libg.a(lib_a-exit.o)
                              /usr/lib/gcc/arm-none-eabi/10.3.1/../../../arm-none-eabi/lib/thumb/v7e-m/nofp/crt0.o (exit)
/usr/lib/gcc/arm-none-eabi/10.3.1/../../../arm-none-eabi/lib/thumb/v7e-m/nofp/libg.a(lib_a-fini.o)
                              /usr/lib/gcc/arm-none-eabi/10.3.1/../../../arm-none-eabi/lib/thumb/v7e-m/nofp/crt0.o (__libc_fini_array)
/usr/lib/gcc/arm-none-eabi/10.3.1/../../../arm-none-eabi/lib/thumb/v7e-m/nofp/libg.a(lib_a-impure.o)
                              /usr/lib/gcc/arm-none-eabi/10.3.1/../../../arm-none-eabi/lib/thumb/v7e-m/nofp/libg.a(lib_a-exit.o) (_global_impure_ptr)
/usr/lib/gcc/arm-none-eabi/10.3.1/../../../arm-none-eabi/lib/thumb/v7e-m/nofp/libg.a(lib_a-init.o)
                              /usr/lib/gcc/arm-none-eabi/10.3.1/../../../arm-none-eabi/lib/thumb/v7e-m/nofp/crt0.o (__libc_init_array)
/usr/lib/gcc/arm-none-eabi/10.3.1/../../../arm-none-eabi/lib/thumb/v7e-m/nofp/libg.a(lib_a-memcmp.o)
                              CMakeFiles/NUCLEO-F429ZI.elf.dir/Middlewares/Third_Party/LwIP/src/netif/bridgeif_fdb.c.obj (memcmp)
/usr/lib/gcc/arm-none-eabi/10.3.1/../../../arm-none-eabi/lib/thumb/v7e-m/nofp/libg.a(lib_a-memcpy.o)
                              CMakeFiles/NUCLEO-F429ZI.elf.dir/Core/Src/main.c.obj (memcpy)
/usr/lib/gcc/arm-none-eabi/10.3.1/../../../arm-none-eabi/lib/thumb/v7e-m/nofp/libg.a(lib_a-memmove.o)
[...]
Memory Configuration

Name             Origin             Length             Attributes
CCMRAM           0x0000000010000000 0x0000000000010000 xrw
RAM              0x0000000020000000 0x0000000000030000 xrw
FLASH            0x0000000008000000 0x0000000000200000 xr
*default*        0x0000000000000000 0xffffffffffffffff

Linker script and memory map

LOAD /usr/lib/gcc/arm-none-eabi/10.3.1/thumb/v7e-m/nofp/crti.o
LOAD /usr/lib/gcc/arm-none-eabi/10.3.1/thumb/v7e-m/nofp/crtbegin.o
LOAD /usr/lib/gcc/arm-none-eabi/10.3.1/../../../arm-none-eabi/lib/thumb/v7e-m/nofp/crt0.o
LOAD CMakeFiles/NUCLEO-F429ZI.elf.dir/Core/Src/gpio.c.obj
LOAD CMakeFiles/NUCLEO-F429ZI.elf.dir/Core/Src/main.c.obj
LOAD CMakeFiles/NUCLEO-F429ZI.elf.dir/Core/Src/spi.c.obj
LOAD CMakeFiles/NUCLEO-F429ZI.elf.dir/Core/Src/stm32f4xx_hal_msp.c.obj
LOAD CMakeFiles/NUCLEO-F429ZI.elf.dir/Core/Src/stm32f4xx_it.c.obj
LOAD CMakeFiles/NUCLEO-F429ZI.elf.dir/Core/Src/syscalls.c.obj
LOAD CMakeFiles/NUCLEO-F429ZI.elf.dir/Core/Src/sysmem.c.obj
LOAD CMakeFiles/NUCLEO-F429ZI.elf.dir/Core/Src/system_stm32f4xx.c.obj
LOAD CMakeFiles/NUCLEO-F429ZI.elf.dir/Core/Src/tcp-echo-server.c.obj
LOAD CMakeFiles/NUCLEO-F429ZI.elf.dir/Core/Src/usart.c.obj
LOAD CMakeFiles/NUCLEO-F429ZI.elf.dir/Core/Src/usb_otg.c.obj
LOAD CMakeFiles/NUCLEO-F429ZI.elf.dir/Core/Startup/startup_stm32f429zitx.s.obj
LOAD CMakeFiles/NUCLEO-F429ZI.elf.dir/Drivers/BSP/Components/lan8742/lan8742.c.obj
LOAD CMakeFiles/NUCLEO-F429ZI.elf.dir/Drivers/STM32F4xx_HAL_Driver/Src/stm32f4xx_hal.c.obj
LOAD CMakeFiles/NUCLEO-F429ZI.elf.dir/Drivers/STM32F4xx_HAL_Driver/Src/stm32f4xx_hal_cortex.c.obj
LOAD CMakeFiles/NUCLEO-F429ZI.elf.dir/Drivers/STM32F4xx_HAL_Driver/Src/stm32f4xx_hal_dma.c.obj
LOAD CMakeFiles/NUCLEO-F429ZI.elf.dir/Drivers/STM32F4xx_HAL_Driver/Src/stm32f4xx_hal_dma_ex.c.obj
LOAD CMakeFiles/NUCLEO-F429ZI.elf.dir/Drivers/STM32F4xx_HAL_Driver/Src/stm32f4xx_hal_eth.c.obj
LOAD CMakeFiles/NUCLEO-F429ZI.elf.dir/Drivers/STM32F4xx_HAL_Driver/Src/stm32f4xx_hal_exti.c.obj
LOAD CMakeFiles/NUCLEO-F429ZI.elf.dir/Drivers/STM32F4xx_HAL_Driver/Src/stm32f4xx_hal_flash.c.obj
LOAD CMakeFiles/NUCLEO-F429ZI.elf.dir/Drivers/STM32F4xx_HAL_Driver/Src/stm32f4xx_hal_flash_ex.c.obj
LOAD CMakeFiles/NUCLEO-F429ZI.elf.dir/Drivers/STM32F4xx_HAL_Driver/Src/stm32f4xx_hal_flash_ramfunc.c.obj
LOAD CMakeFiles/NUCLEO-F429ZI.elf.dir/Drivers/STM32F4xx_HAL_Driver/Src/stm32f4xx_hal_gpio.c.obj
LOAD CMakeFiles/NUCLEO-F429ZI.elf.dir/Drivers/STM32F4xx_HAL_Driver/Src/stm32f4xx_hal_pcd.c.obj
LOAD CMakeFiles/NUCLEO-F429ZI.elf.dir/Drivers/STM32F4xx_HAL_Driver/Src/stm32f4xx_hal_pcd_ex.c.obj
LOAD CMakeFiles/NUCLEO-F429ZI.elf.dir/Drivers/STM32F4xx_HAL_Driver/Src/stm32f4xx_hal_pwr.c.obj
LOAD CMakeFiles/NUCLEO-F429ZI.elf.dir/Drivers/STM32F4xx_HAL_Driver/Src/stm32f4xx_hal_pwr_ex.c.obj
LOAD CMakeFiles/NUCLEO-F429ZI.elf.dir/Drivers/STM32F4xx_HAL_Driver/Src/stm32f4xx_hal_rcc.c.obj
LOAD CMakeFiles/NUCLEO-F429ZI.elf.dir/Drivers/STM32F4xx_HAL_Driver/Src/stm32f4xx_hal_rcc_ex.c.obj
LOAD CMakeFiles/NUCLEO-F429ZI.elf.dir/Drivers/STM32F4xx_HAL_Driver/Src/stm32f4xx_hal_spi.c.obj
LOAD CMakeFiles/NUCLEO-F429ZI.elf.dir/Drivers/STM32F4xx_HAL_Driver/Src/stm32f4xx_hal_tim.c.obj
LOAD CMakeFiles/NUCLEO-F429ZI.elf.dir/Drivers/STM32F4xx_HAL_Driver/Src/stm32f4xx_hal_tim_ex.c.obj
LOAD CMakeFiles/NUCLEO-F429ZI.elf.dir/Drivers/STM32F4xx_HAL_Driver/Src/stm32f4xx_hal_uart.c.obj
LOAD CMakeFiles/NUCLEO-F429ZI.elf.dir/Drivers/STM32F4xx_HAL_Driver/Src/stm32f4xx_ll_usb.c.obj
LOAD CMakeFiles/NUCLEO-F429ZI.elf.dir/LWIP/App/lwip.c.obj
LOAD CMakeFiles/NUCLEO-F429ZI.elf.dir/LWIP/Target/ethernetif.c.obj
LOAD CMakeFiles/NUCLEO-F429ZI.elf.dir/Middlewares/Third_Party/LwIP/src/api/api_lib.c.obj
LOAD CMakeFiles/NUCLEO-F429ZI.elf.dir/Middlewares/Third_Party/LwIP/src/api/api_msg.c.obj
LOAD CMakeFiles/NUCLEO-F429ZI.elf.dir/Middlewares/Third_Party/LwIP/src/api/err.c.obj
LOAD CMakeFiles/NUCLEO-F429ZI.elf.dir/Middlewares/Third_Party/LwIP/src/api/if_api.c.obj
LOAD CMakeFiles/NUCLEO-F429ZI.elf.dir/Middlewares/Third_Party/LwIP/src/api/netbuf.c.obj
LOAD CMakeFiles/NUCLEO-F429ZI.elf.dir/Middlewares/Third_Party/LwIP/src/api/netdb.c.obj
LOAD CMakeFiles/NUCLEO-F429ZI.elf.dir/Middlewares/Third_Party/LwIP/src/api/netifapi.c.obj
LOAD CMakeFiles/NUCLEO-F429ZI.elf.dir/Middlewares/Third_Party/LwIP/src/api/sockets.c.obj
LOAD CMakeFiles/NUCLEO-F429ZI.elf.dir/Middlewares/Third_Party/LwIP/src/api/tcpip.c.obj
LOAD CMakeFiles/NUCLEO-F429ZI.elf.dir/Middlewares/Third_Party/LwIP/src/apps/mqtt/mqtt.c.obj
LOAD CMakeFiles/NUCLEO-F429ZI.elf.dir/Middlewares/Third_Party/LwIP/src/core/altcp.c.obj
LOAD CMakeFiles/NUCLEO-F429ZI.elf.dir/Middlewares/Third_Party/LwIP/src/core/altcp_alloc.c.obj
LOAD CMakeFiles/NUCLEO-F429ZI.elf.dir/Middlewares/Third_Party/LwIP/src/core/altcp_tcp.c.obj
LOAD CMakeFiles/NUCLEO-F429ZI.elf.dir/Middlewares/Third_Party/LwIP/src/core/def.c.obj
LOAD CMakeFiles/NUCLEO-F429ZI.elf.dir/Middlewares/Third_Party/LwIP/src/core/dns.c.obj
LOAD CMakeFiles/NUCLEO-F429ZI.elf.dir/Middlewares/Third_Party/LwIP/src/core/inet_chksum.c.obj
LOAD CMakeFiles/NUCLEO-F429ZI.elf.dir/Middlewares/Third_Party/LwIP/src/core/init.c.obj
LOAD CMakeFiles/NUCLEO-F429ZI.elf.dir/Middlewares/Third_Party/LwIP/src/core/ip.c.obj
LOAD CMakeFiles/NUCLEO-F429ZI.elf.dir/Middlewares/Third_Party/LwIP/src/core/ipv4/autoip.c.obj
LOAD CMakeFiles/NUCLEO-F429ZI.elf.dir/Middlewares/Third_Party/LwIP/src/core/ipv4/dhcp.c.obj
LOAD CMakeFiles/NUCLEO-F429ZI.elf.dir/Middlewares/Third_Party/LwIP/src/core/ipv4/etharp.c.obj
LOAD CMakeFiles/NUCLEO-F429ZI.elf.dir/Middlewares/Third_Party/LwIP/src/core/ipv4/icmp.c.obj
LOAD CMakeFiles/NUCLEO-F429ZI.elf.dir/Middlewares/Third_Party/LwIP/src/core/ipv4/igmp.c.obj
LOAD CMakeFiles/NUCLEO-F429ZI.elf.dir/Middlewares/Third_Party/LwIP/src/core/ipv4/ip4.c.obj
LOAD CMakeFiles/NUCLEO-F429ZI.elf.dir/Middlewares/Third_Party/LwIP/src/core/ipv4/ip4_addr.c.obj
LOAD CMakeFiles/NUCLEO-F429ZI.elf.dir/Middlewares/Third_Party/LwIP/src/core/ipv4/ip4_frag.c.obj
LOAD CMakeFiles/NUCLEO-F429ZI.elf.dir/Middlewares/Third_Party/LwIP/src/core/ipv6/dhcp6.c.obj
LOAD CMakeFiles/NUCLEO-F429ZI.elf.dir/Middlewares/Third_Party/LwIP/src/core/ipv6/ethip6.c.obj
LOAD CMakeFiles/NUCLEO-F429ZI.elf.dir/Middlewares/Third_Party/LwIP/src/core/ipv6/icmp6.c.obj
LOAD CMakeFiles/NUCLEO-F429ZI.elf.dir/Middlewares/Third_Party/LwIP/src/core/ipv6/inet6.c.obj
LOAD CMakeFiles/NUCLEO-F429ZI.elf.dir/Middlewares/Third_Party/LwIP/src/core/ipv6/ip6.c.obj
LOAD CMakeFiles/NUCLEO-F429ZI.elf.dir/Middlewares/Third_Party/LwIP/src/core/ipv6/ip6_addr.c.obj
LOAD CMakeFiles/NUCLEO-F429ZI.elf.dir/Middlewares/Third_Party/LwIP/src/core/ipv6/ip6_frag.c.obj
LOAD CMakeFiles/NUCLEO-F429ZI.elf.dir/Middlewares/Third_Party/LwIP/src/core/ipv6/mld6.c.obj
LOAD CMakeFiles/NUCLEO-F429ZI.elf.dir/Middlewares/Third_Party/LwIP/src/core/ipv6/nd6.c.obj
LOAD CMakeFiles/NUCLEO-F429ZI.elf.dir/Middlewares/Third_Party/LwIP/src/core/mem.c.obj
LOAD CMakeFiles/NUCLEO-F429ZI.elf.dir/Middlewares/Third_Party/LwIP/src/core/memp.c.obj
LOAD CMakeFiles/NUCLEO-F429ZI.elf.dir/Middlewares/Third_Party/LwIP/src/core/netif.c.obj
LOAD CMakeFiles/NUCLEO-F429ZI.elf.dir/Middlewares/Third_Party/LwIP/src/core/pbuf.c.obj
LOAD CMakeFiles/NUCLEO-F429ZI.elf.dir/Middlewares/Third_Party/LwIP/src/core/raw.c.obj
LOAD CMakeFiles/NUCLEO-F429ZI.elf.dir/Middlewares/Third_Party/LwIP/src/core/stats.c.obj
LOAD CMakeFiles/NUCLEO-F429ZI.elf.dir/Middlewares/Third_Party/LwIP/src/core/sys.c.obj
LOAD CMakeFiles/NUCLEO-F429ZI.elf.dir/Middlewares/Third_Party/LwIP/src/core/tcp.c.obj
LOAD CMakeFiles/NUCLEO-F429ZI.elf.dir/Middlewares/Third_Party/LwIP/src/core/tcp_in.c.obj
LOAD CMakeFiles/NUCLEO-F429ZI.elf.dir/Middlewares/Third_Party/LwIP/src/core/tcp_out.c.obj
LOAD CMakeFiles/NUCLEO-F429ZI.elf.dir/Middlewares/Third_Party/LwIP/src/core/timeouts.c.obj
LOAD CMakeFiles/NUCLEO-F429ZI.elf.dir/Middlewares/Third_Party/LwIP/src/core/udp.c.obj
LOAD CMakeFiles/NUCLEO-F429ZI.elf.dir/Middlewares/Third_Party/LwIP/src/netif/bridgeif.c.obj
LOAD CMakeFiles/NUCLEO-F429ZI.elf.dir/Middlewares/Third_Party/LwIP/src/netif/bridgeif_fdb.c.obj
LOAD CMakeFiles/NUCLEO-F429ZI.elf.dir/Middlewares/Third_Party/LwIP/src/netif/ethernet.c.obj
LOAD CMakeFiles/NUCLEO-F429ZI.elf.dir/Middlewares/Third_Party/LwIP/src/netif/lowpan6.c.obj
LOAD CMakeFiles/NUCLEO-F429ZI.elf.dir/Middlewares/Third_Party/LwIP/src/netif/lowpan6_ble.c.obj
LOAD CMakeFiles/NUCLEO-F429ZI.elf.dir/Middlewares/Third_Party/LwIP/src/netif/lowpan6_common.c.obj
LOAD CMakeFiles/NUCLEO-F429ZI.elf.dir/Middlewares/Third_Party/LwIP/src/netif/ppp/auth.c.obj
LOAD CMakeFiles/NUCLEO-F429ZI.elf.dir/Middlewares/Third_Party/LwIP/src/netif/ppp/ccp.c.obj
LOAD CMakeFiles/NUCLEO-F429ZI.elf.dir/Middlewares/Third_Party/LwIP/src/netif/ppp/chap-md5.c.obj
LOAD CMakeFiles/NUCLEO-F429ZI.elf.dir/Middlewares/Third_Party/LwIP/src/netif/ppp/chap-new.c.obj
LOAD CMakeFiles/NUCLEO-F429ZI.elf.dir/Middlewares/Third_Party/LwIP/src/netif/ppp/chap_ms.c.obj
LOAD CMakeFiles/NUCLEO-F429ZI.elf.dir/Middlewares/Third_Party/LwIP/src/netif/ppp/demand.c.obj
LOAD CMakeFiles/NUCLEO-F429ZI.elf.dir/Middlewares/Third_Party/LwIP/src/netif/ppp/eap.c.obj
LOAD CMakeFiles/NUCLEO-F429ZI.elf.dir/Middlewares/Third_Party/LwIP/src/netif/ppp/ecp.c.obj
LOAD CMakeFiles/NUCLEO-F429ZI.elf.dir/Middlewares/Third_Party/LwIP/src/netif/ppp/eui64.c.obj
LOAD CMakeFiles/NUCLEO-F429ZI.elf.dir/Middlewares/Third_Party/LwIP/src/netif/ppp/fsm.c.obj
LOAD CMakeFiles/NUCLEO-F429ZI.elf.dir/Middlewares/Third_Party/LwIP/src/netif/ppp/ipcp.c.obj
LOAD CMakeFiles/NUCLEO-F429ZI.elf.dir/Middlewares/Third_Party/LwIP/src/netif/ppp/ipv6cp.c.obj
LOAD CMakeFiles/NUCLEO-F429ZI.elf.dir/Middlewares/Third_Party/LwIP/src/netif/ppp/lcp.c.obj
LOAD CMakeFiles/NUCLEO-F429ZI.elf.dir/Middlewares/Third_Party/LwIP/src/netif/ppp/magic.c.obj
LOAD CMakeFiles/NUCLEO-F429ZI.elf.dir/Middlewares/Third_Party/LwIP/src/netif/ppp/mppe.c.obj
LOAD CMakeFiles/NUCLEO-F429ZI.elf.dir/Middlewares/Third_Party/LwIP/src/netif/ppp/multilink.c.obj
LOAD CMakeFiles/NUCLEO-F429ZI.elf.dir/Middlewares/Third_Party/LwIP/src/netif/ppp/ppp.c.obj
LOAD CMakeFiles/NUCLEO-F429ZI.elf.dir/Middlewares/Third_Party/LwIP/src/netif/ppp/pppapi.c.obj
LOAD CMakeFiles/NUCLEO-F429ZI.elf.dir/Middlewares/Third_Party/LwIP/src/netif/ppp/pppcrypt.c.obj
LOAD CMakeFiles/NUCLEO-F429ZI.elf.dir/Middlewares/Third_Party/LwIP/src/netif/ppp/pppoe.c.obj
LOAD CMakeFiles/NUCLEO-F429ZI.elf.dir/Middlewares/Third_Party/LwIP/src/netif/ppp/pppol2tp.c.obj
LOAD CMakeFiles/NUCLEO-F429ZI.elf.dir/Middlewares/Third_Party/LwIP/src/netif/ppp/pppos.c.obj
LOAD CMakeFiles/NUCLEO-F429ZI.elf.dir/Middlewares/Third_Party/LwIP/src/netif/ppp/upap.c.obj
LOAD CMakeFiles/NUCLEO-F429ZI.elf.dir/Middlewares/Third_Party/LwIP/src/netif/ppp/utils.c.obj
LOAD CMakeFiles/NUCLEO-F429ZI.elf.dir/Middlewares/Third_Party/LwIP/src/netif/ppp/vj.c.obj
LOAD CMakeFiles/NUCLEO-F429ZI.elf.dir/Middlewares/Third_Party/LwIP/src/netif/slipif.c.obj
LOAD CMakeFiles/NUCLEO-F429ZI.elf.dir/Middlewares/Third_Party/LwIP/src/netif/zepif.c.obj
LOAD CMakeFiles/NUCLEO-F429ZI.elf.dir/blinkySysTick/blinkySysTick.c.obj
LOAD CMakeFiles/NUCLEO-F429ZI.elf.dir/blinkySysTick/hook.c.obj
LOAD CMakeFiles/NUCLEO-F429ZI.elf.dir/bsp/stm32f4xx_nucleo_144.c.obj
LOAD CMakeFiles/NUCLEO-F429ZI.elf.dir/mTime/mTime.c.obj
LOAD CMakeFiles/NUCLEO-F429ZI.elf.dir/mTime/mTimeTbl.c.obj
LOAD CMakeFiles/NUCLEO-F429ZI.elf.dir/mqttc-v116-sync/mqttc_v116_sync.c.obj
LOAD CMakeFiles/NUCLEO-F429ZI.elf.dir/network/network.c.obj
LOAD CMakeFiles/NUCLEO-F429ZI.elf.dir/rkh-mqttc/src/rkh_mqttc.c.obj
LOAD CMakeFiles/NUCLEO-F429ZI.elf.dir/rkh-mqttc/src/rkh_mqttc_pal.c.obj
LOAD CMakeFiles/NUCLEO-F429ZI.elf.dir/salt/bsp/assert.c.obj
LOAD CMakeFiles/NUCLEO-F429ZI.elf.dir/salt/bsp/bsp-salt.c.obj
LOAD CMakeFiles/NUCLEO-F429ZI.elf.dir/salt/configuration/saltCfg.c.obj
LOAD CMakeFiles/NUCLEO-F429ZI.elf.dir/salt/files-to-review/main-salt-firmware-nxp.c.obj
LOAD CMakeFiles/NUCLEO-F429ZI.elf.dir/salt/files-to-review/trace_io.c.obj
LOAD CMakeFiles/NUCLEO-F429ZI.elf.dir/salt/peripherals/analog-inputs/anIn.c.obj
LOAD CMakeFiles/NUCLEO-F429ZI.elf.dir/salt/peripherals/ihm/buzzer.c.obj
LOAD CMakeFiles/NUCLEO-F429ZI.elf.dir/salt/peripherals/ihm/onSwitch.c.obj
LOAD CMakeFiles/NUCLEO-F429ZI.elf.dir/salt/peripherals/ledPanel/as1116.c.obj
LOAD CMakeFiles/NUCLEO-F429ZI.elf.dir/salt/peripherals/ledPanel/ledPanel.c.obj
LOAD CMakeFiles/NUCLEO-F429ZI.elf.dir/salt/peripherals/module-command/modcmdSim900.c.obj
LOAD CMakeFiles/NUCLEO-F429ZI.elf.dir/salt/peripherals/module-power/modpwr.c.obj
LOAD CMakeFiles/NUCLEO-F429ZI.elf.dir/salt/peripherals/pulse-counter/pulseCounter.c.obj
LOAD CMakeFiles/NUCLEO-F429ZI.elf.dir/salt/peripherals/pulse-counter/pulseCounterFromEduCiaaBsp.c.obj
LOAD CMakeFiles/NUCLEO-F429ZI.elf.dir/salt/peripherals/relay-control/relay.c.obj
LOAD CMakeFiles/NUCLEO-F429ZI.elf.dir/salt/peripherals/relay-control/relayFromEduCiaaBsp.c.obj
LOAD CMakeFiles/NUCLEO-F429ZI.elf.dir/salt/peripherals/serial/serial.c.obj
LOAD CMakeFiles/NUCLEO-F429ZI.elf.dir/salt/peripherals/sim808/sim808.c.obj
LOAD CMakeFiles/NUCLEO-F429ZI.elf.dir/salt/peripherals/teloc/teloc.c.obj
LOAD CMakeFiles/NUCLEO-F429ZI.elf.dir/salt/state-machines/connector-manager/conmgr.c.obj
LOAD CMakeFiles/NUCLEO-F429ZI.elf.dir/salt/state-machines/logic/logic.c.obj
LOAD CMakeFiles/NUCLEO-F429ZI.elf.dir/salt/state-machines/module-manager/modmgr.c.obj
LOAD CMakeFiles/NUCLEO-F429ZI.elf.dir/salt/state-machines/mqtt-protocol/mqttProt.c.obj
LOAD CMakeFiles/NUCLEO-F429ZI.elf.dir/salt/state-machines/tcp-conmgr/tcp-conmgr.c.obj
LOAD CMakeFiles/NUCLEO-F429ZI.elf.dir/salt/state-machines/tcp-mqttprot/tcp-mqttprot.c.obj
LOAD CMakeFiles/NUCLEO-F429ZI.elf.dir/salt/utilities/aes/aes.c.obj
LOAD CMakeFiles/NUCLEO-F429ZI.elf.dir/salt/utilities/date/date.c.obj
LOAD CMakeFiles/NUCLEO-F429ZI.elf.dir/salt/utilities/emaFilter/emaFilter.c.obj
LOAD CMakeFiles/NUCLEO-F429ZI.elf.dir/salt/utilities/epoch/epoch.c.obj
LOAD CMakeFiles/NUCLEO-F429ZI.elf.dir/salt/utilities/parser/salt-command/saltCmd.c.obj
LOAD CMakeFiles/NUCLEO-F429ZI.elf.dir/salt/utilities/parser/sim900/sim900parser.c.obj
LOAD CMakeFiles/NUCLEO-F429ZI.elf.dir/salt/utilities/publisher/publisher.c.obj
LOAD CMakeFiles/NUCLEO-F429ZI.elf.dir/salt/utilities/rtime/rtime.c.obj
LOAD CMakeFiles/NUCLEO-F429ZI.elf.dir/salt/utilities/ssp/ssp.c.obj
LOAD CMakeFiles/NUCLEO-F429ZI.elf.dir/third-party/MQTT-C/source/mqttc.c.obj
LOAD CMakeFiles/NUCLEO-F429ZI.elf.dir/third-party/MQTT-C/source/mqttc_pal.c.obj
LOAD CMakeFiles/NUCLEO-F429ZI.elf.dir/third-party/jWrite/jWrite/jWrite.c.obj
LOAD CMakeFiles/NUCLEO-F429ZI.elf.dir/third-party/jWrite/jWrite/main.c.obj
LOAD CMakeFiles/NUCLEO-F429ZI.elf.dir/third-party/rkh/source/fwk/src/rkhfwk_bittbl.c.obj
LOAD CMakeFiles/NUCLEO-F429ZI.elf.dir/third-party/rkh/source/fwk/src/rkhfwk_dynevt.c.obj
LOAD CMakeFiles/NUCLEO-F429ZI.elf.dir/third-party/rkh/source/fwk/src/rkhfwk_evtpool.c.obj
LOAD CMakeFiles/NUCLEO-F429ZI.elf.dir/third-party/rkh/source/fwk/src/rkhfwk_pubsub.c.obj
LOAD CMakeFiles/NUCLEO-F429ZI.elf.dir/third-party/rkh/source/fwk/src/rkhfwk_rdygrp.c.obj
LOAD CMakeFiles/NUCLEO-F429ZI.elf.dir/third-party/rkh/source/fwk/src/rkhfwk_sched.c.obj
LOAD CMakeFiles/NUCLEO-F429ZI.elf.dir/third-party/rkh/source/fwk/src/rkhfwk_version.c.obj
LOAD CMakeFiles/NUCLEO-F429ZI.elf.dir/third-party/rkh/source/mempool/src/rkhmempool.c.obj
LOAD CMakeFiles/NUCLEO-F429ZI.elf.dir/third-party/rkh/source/portable/arm-cortex/rkhs/arm_cm4f/stm32/rkhport.c.obj
LOAD CMakeFiles/NUCLEO-F429ZI.elf.dir/third-party/rkh/source/queue/src/rkhqueue.c.obj
LOAD CMakeFiles/NUCLEO-F429ZI.elf.dir/third-party/rkh/source/sm/src/rkhsm.c.obj
LOAD CMakeFiles/NUCLEO-F429ZI.elf.dir/third-party/rkh/source/sma/src/rkhsma.c.obj
LOAD CMakeFiles/NUCLEO-F429ZI.elf.dir/third-party/rkh/source/sma/src/rkhsma_prio.c.obj
LOAD CMakeFiles/NUCLEO-F429ZI.elf.dir/third-party/rkh/source/sma/src/rkhsma_sync.c.obj
LOAD CMakeFiles/NUCLEO-F429ZI.elf.dir/third-party/rkh/source/tmr/src/rkhtmr.c.obj
LOAD CMakeFiles/NUCLEO-F429ZI.elf.dir/third-party/rkh/source/trc/src/rkhtrc_filter.c.obj
LOAD CMakeFiles/NUCLEO-F429ZI.elf.dir/third-party/rkh/source/trc/src/rkhtrc_record.c.obj
LOAD CMakeFiles/NUCLEO-F429ZI.elf.dir/third-party/rkh/source/trc/src/rkhtrc_stream.c.obj
LOAD CMakeFiles/NUCLEO-F429ZI.elf.dir/third-party/stm32-sapi/src/sapi_datatypes.c.obj
LOAD CMakeFiles/NUCLEO-F429ZI.elf.dir/third-party/stm32-sapi/src/sapi_gpio.c.obj
LOAD CMakeFiles/NUCLEO-F429ZI.elf.dir/third-party/stm32-sapi/src/sapi_tick.c.obj
LOAD CMakeFiles/NUCLEO-F429ZI.elf.dir/utilities/htons.c.obj
START GROUP
LOAD /usr/lib/gcc/arm-none-eabi/10.3.1/thumb/v7e-m/nofp/libgcc.a
LOAD /usr/lib/gcc/arm-none-eabi/10.3.1/../../../arm-none-eabi/lib/thumb/v7e-m/nofp/libg.a
LOAD /usr/lib/gcc/arm-none-eabi/10.3.1/../../../arm-none-eabi/lib/thumb/v7e-m/nofp/libc.a
END GROUP
LOAD /usr/lib/gcc/arm-none-eabi/10.3.1/thumb/v7e-m/nofp/crtend.o
LOAD /usr/lib/gcc/arm-none-eabi/10.3.1/thumb/v7e-m/nofp/crtn.o
                0x0000000020030000                _estack = (ORIGIN (RAM) + LENGTH (RAM))
                0x0000000000000200                _Min_Heap_Size = 0x200
                0x0000000000000400                _Min_Stack_Size = 0x400

.isr_vector     0x0000000008000000      0x1ac
                0x0000000008000000                . = ALIGN (0x4)
 *(.isr_vector)
 .isr_vector    0x0000000008000000      0x1ac CMakeFiles/NUCLEO-F429ZI.elf.dir/Core/Startup/startup_stm32f429zitx.s.obj
                0x0000000008000000                g_pfnVectors
                0x00000000080001ac                . = ALIGN (0x4)

.text           0x00000000080001c0    0x1c26c
                0x00000000080001c0                . = ALIGN (0x4)
 *(.text)
 .text          0x00000000080001c0       0x88 /usr/lib/gcc/arm-none-eabi/10.3.1/thumb/v7e-m/nofp/crtbegin.o
 .text          0x0000000008000248      0x168 /usr/lib/gcc/arm-none-eabi/10.3.1/thumb/v7e-m/nofp/libgcc.a(_arm_mulsf3.o)
                0x0000000008000248                __mulsf3
                0x0000000008000248                __aeabi_fmul
 .text          0x00000000080003b0      0x378 /usr/lib/gcc/arm-none-eabi/10.3.1/thumb/v7e-m/nofp/libgcc.a(_arm_addsubdf3.o)
                0x00000000080003b0                __aeabi_drsub
                0x00000000080003b8                __aeabi_dsub
                0x00000000080003b8                __subdf3
                0x00000000080003bc                __adddf3
                0x00000000080003bc                __aeabi_dadd
                0x0000000008000634                __aeabi_ui2d
                0x0000000008000634                __floatunsidf
                0x0000000008000654                __floatsidf
                0x0000000008000654                __aeabi_i2d
                0x0000000008000678                __extendsfdf2
                0x0000000008000678                __aeabi_f2d
                0x00000000080006bc                __aeabi_ul2d
                0x00000000080006bc                __floatundidf
                0x00000000080006cc                __floatdidf
                0x00000000080006cc                __aeabi_l2d
 .text          0x0000000008000728      0x424 /usr/lib/gcc/arm-none-eabi/10.3.1/thumb/v7e-m/nofp/libgcc.a(_arm_muldivdf3.o)
                0x0000000008000728                __aeabi_dmul
                0x0000000008000728                __muldf3
                0x000000000800097c                __aeabi_ddiv
                0x000000000800097c                __divdf3
 .text          0x0000000008000b4c      0x110 /usr/lib/gcc/arm-none-eabi/10.3.1/thumb/v7e-m/nofp/libgcc.a(_arm_cmpdf2.o)
                0x0000000008000b4c                __gtdf2
                0x0000000008000b4c                __gedf2
                0x0000000008000b54                __ltdf2
                0x0000000008000b54                __ledf2
                0x0000000008000b5c                __cmpdf2
                0x0000000008000b5c                __eqdf2
                0x0000000008000b5c                __nedf2
                0x0000000008000bd8                __aeabi_cdrcmple
                0x0000000008000be8                __aeabi_cdcmple
                0x0000000008000be8                __aeabi_cdcmpeq
                0x0000000008000bf8                __aeabi_dcmpeq
                0x0000000008000c0c                __aeabi_dcmplt
                0x0000000008000c20                __aeabi_dcmple
                0x0000000008000c34                __aeabi_dcmpge
                0x0000000008000c48                __aeabi_dcmpgt
 .text          0x0000000008000c5c       0x50 /usr/lib/gcc/arm-none-eabi/10.3.1/thumb/v7e-m/nofp/libgcc.a(_arm_fixdfsi.o)
                0x0000000008000c5c                __fixdfsi
                0x0000000008000c5c                __aeabi_d2iz
 .text          0x0000000008000cac       0x40 /usr/lib/gcc/arm-none-eabi/10.3.1/thumb/v7e-m/nofp/libgcc.a(_arm_fixunsdfsi.o)
                0x0000000008000cac                __fixunsdfsi
                0x0000000008000cac                __aeabi_d2uiz
 .text          0x0000000008000cec       0xa0 /usr/lib/gcc/arm-none-eabi/10.3.1/thumb/v7e-m/nofp/libgcc.a(_arm_truncdfsf2.o)
                0x0000000008000cec                __aeabi_d2f
                0x0000000008000cec                __truncdfsf2
 .text          0x0000000008000d8c      0x21c /usr/lib/gcc/arm-none-eabi/10.3.1/thumb/v7e-m/nofp/libgcc.a(_arm_addsubsf3.o)
                0x0000000008000d8c                __aeabi_frsub
                0x0000000008000d94                __subsf3
                0x0000000008000d94                __aeabi_fsub
                0x0000000008000d98                __aeabi_fadd
                0x0000000008000d98                __addsf3
                0x0000000008000ef8                __aeabi_ui2f
                0x0000000008000ef8                __floatunsisf
                0x0000000008000f00                __aeabi_i2f
                0x0000000008000f00                __floatsisf
                0x0000000008000f1c                __floatundisf
                0x0000000008000f1c                __aeabi_ul2f
                0x0000000008000f2c                __floatdisf
                0x0000000008000f2c                __aeabi_l2f
 .text          0x0000000008000fa8       0xec /usr/lib/gcc/arm-none-eabi/10.3.1/thumb/v7e-m/nofp/libgcc.a(_arm_cmpsf2.o)
                0x0000000008000fa8                __gtsf2
                0x0000000008000fa8                __gesf2
                0x0000000008000fb0                __lesf2
                0x0000000008000fb0                __ltsf2
                0x0000000008000fb8                __nesf2
                0x0000000008000fb8                __eqsf2
                0x0000000008000fb8                __cmpsf2
                0x0000000008001018                __aeabi_cfrcmple
                0x0000000008001020                __aeabi_cfcmple
                0x0000000008001020                __aeabi_cfcmpeq
                0x0000000008001030                __aeabi_fcmpeq
                0x0000000008001044                __aeabi_fcmplt
                0x0000000008001058                __aeabi_fcmple
                0x000000000800106c                __aeabi_fcmpge
                0x0000000008001080                __aeabi_fcmpgt
 .text          0x0000000008001094       0x30 /usr/lib/gcc/arm-none-eabi/10.3.1/thumb/v7e-m/nofp/libgcc.a(_aeabi_uldivmod.o)
                0x0000000008001094                __aeabi_uldivmod
 .text          0x00000000080010c4      0x2d0 /usr/lib/gcc/arm-none-eabi/10.3.1/thumb/v7e-m/nofp/libgcc.a(_udivmoddi4.o)
                0x00000000080010c4                __udivmoddi4
 .text          0x0000000008001394        0x4 /usr/lib/gcc/arm-none-eabi/10.3.1/thumb/v7e-m/nofp/libgcc.a(_dvmd_tls.o)
                0x0000000008001394                __aeabi_ldiv0
                0x0000000008001394                __aeabi_idiv0
 .text          0x0000000008001398        0xc /usr/lib/gcc/arm-none-eabi/10.3.1/../../../arm-none-eabi/lib/thumb/v7e-m/nofp/libg.a(lib_a-atexit.o)
                0x0000000008001398                atexit
 .text          0x00000000080013a4        0x8 /usr/lib/gcc/arm-none-eabi/10.3.1/../../../arm-none-eabi/lib/thumb/v7e-m/nofp/libg.a(lib_a-atof.o)
                0x00000000080013a4                atof
 .text          0x00000000080013ac       0x10 /usr/lib/gcc/arm-none-eabi/10.3.1/../../../arm-none-eabi/lib/thumb/v7e-m/nofp/libg.a(lib_a-atoi.o)
                0x00000000080013ac                atoi
                0x00000000080013b4                _atoi_r
 .text          0x00000000080013bc       0x2c /usr/lib/gcc/arm-none-eabi/10.3.1/../../../arm-none-eabi/lib/thumb/v7e-m/nofp/libg.a(lib_a-fini.o)
                0x00000000080013bc                __libc_fini_array
 .text          0x00000000080013e8       0x48 /usr/lib/gcc/arm-none-eabi/10.3.1/../../../arm-none-eabi/lib/thumb/v7e-m/nofp/libg.a(lib_a-init.o)
                0x00000000080013e8                __libc_init_array
 .text          0x0000000008001430       0x68 /usr/lib/gcc/arm-none-eabi/10.3.1/../../../arm-none-eabi/lib/thumb/v7e-m/nofp/libg.a(lib_a-memcmp.o)
                0x0000000008001430                memcmp
 .text          0x0000000008001498      0x134 /usr/lib/gcc/arm-none-eabi/10.3.1/../../../arm-none-eabi/lib/thumb/v7e-m/nofp/libg.a(lib_a-memcpy.o)
                0x0000000008001498                memcpy
 .text          0x00000000080015cc       0xf8 /usr/lib/gcc/arm-none-eabi/10.3.1/../../../arm-none-eabi/lib/thumb/v7e-m/nofp/libg.a(lib_a-memmove.o)
                0x00000000080015cc                memmove
 .text          0x00000000080016c4       0xa4 /usr/lib/gcc/arm-none-eabi/10.3.1/../../../arm-none-eabi/lib/thumb/v7e-m/nofp/libg.a(lib_a-memset.o)
                0x00000000080016c4                memset
 .text          0x0000000008001768       0x48 /usr/lib/gcc/arm-none-eabi/10.3.1/../../../arm-none-eabi/lib/thumb/v7e-m/nofp/libg.a(lib_a-printf.o)
                0x0000000008001768                _printf_r
                0x0000000008001788                printf
 .text          0x00000000080017b0       0x78 /usr/lib/gcc/arm-none-eabi/10.3.1/../../../arm-none-eabi/lib/thumb/v7e-m/nofp/libg.a(lib_a-puts.o)
                0x00000000080017b0                _puts_r
                0x0000000008001818                puts
 .text          0x0000000008001828       0x48 /usr/lib/gcc/arm-none-eabi/10.3.1/../../../arm-none-eabi/lib/thumb/v7e-m/nofp/libg.a(lib_a-rand.o)
                0x0000000008001828                srand
                0x0000000008001838                rand
 .text          0x0000000008001870      0x108 /usr/lib/gcc/arm-none-eabi/10.3.1/../../../arm-none-eabi/lib/thumb/v7e-m/nofp/libg.a(lib_a-snprintf.o)
                0x0000000008001870                _snprintf_r
                0x00000000080018f0                snprintf
 .text          0x0000000008001978       0x78 /usr/lib/gcc/arm-none-eabi/10.3.1/../../../arm-none-eabi/lib/thumb/v7e-m/nofp/libg.a(lib_a-sprintf.o)
                0x0000000008001978                _sprintf_r
                0x00000000080019b0                sprintf
 .text          0x00000000080019f0       0xbc /usr/lib/gcc/arm-none-eabi/10.3.1/../../../arm-none-eabi/lib/thumb/v7e-m/nofp/libg.a(lib_a-strcpy.o)
                0x00000000080019f0                strcpy
 *fill*         0x0000000008001aac       0x14 
 .text          0x0000000008001ac0       0xdc /usr/lib/gcc/arm-none-eabi/10.3.1/../../../arm-none-eabi/lib/thumb/v7e-m/nofp/libg.a(lib_a-strlen.o)
                0x0000000008001ac0                strlen
 .text          0x0000000008001b9c       0x80 /usr/lib/gcc/arm-none-eabi/10.3.1/../../../arm-none-eabi/lib/thumb/v7e-m/nofp/libg.a(lib_a-strncmp.o)
                0x0000000008001b9c                strncmp
 .text          0x0000000008001c1c       0x64 /usr/lib/gcc/arm-none-eabi/10.3.1/../../../arm-none-eabi/lib/thumb/v7e-m/nofp/libg.a(lib_a-strncpy.o)
                0x0000000008001c1c                strncpy
 .text          0x0000000008001c80     0x10ac /usr/lib/gcc/arm-none-eabi/10.3.1/../../../arm-none-eabi/lib/thumb/v7e-m/nofp/libg.a(lib_a-strtod.o)
                0x0000000008001c80                _strtod_l
                0x0000000008002bb0                _strtod_r
                0x0000000008002bbc                strtod_l
                0x0000000008002bd4                strtod
                0x0000000008002bf0                strtof_l
                0x0000000008002c8c                strtof
 .text          0x0000000008002d2c      0x188 /usr/lib/gcc/arm-none-eabi/10.3.1/../../../arm-none-eabi/lib/thumb/v7e-m/nofp/libg.a(lib_a-strtol.o)
                0x0000000008002e4c                _strtol_r
                0x0000000008002e64                strtol_l
                0x0000000008002e8c                strtol
 .text          0x0000000008002eb4     0x1458 /usr/lib/gcc/arm-none-eabi/10.3.1/../../../arm-none-eabi/lib/thumb/v7e-m/nofp/libg.a(lib_a-svfprintf.o)
                0x0000000008002eb4                _svfprintf_r
 .text          0x000000000800430c     0x1524 /usr/lib/gcc/arm-none-eabi/10.3.1/../../../arm-none-eabi/lib/thumb/v7e-m/nofp/libg.a(lib_a-vfprintf.o)
                0x000000000800430c                _vfprintf_r
                0x00000000080057ac                vfprintf
 .text          0x0000000008005830       0xd4 /usr/lib/gcc/arm-none-eabi/10.3.1/../../../arm-none-eabi/lib/thumb/v7e-m/nofp/libg.a(lib_a-wsetup.o)
                0x0000000008005830                __swsetup_r
 .text          0x0000000008005904       0x68 /usr/lib/gcc/arm-none-eabi/10.3.1/../../../arm-none-eabi/lib/thumb/v7e-m/nofp/libg.a(lib_a-__atexit.o)
                0x0000000008005904                __register_exitproc
 *fill*         0x000000000800596c        0x4 
 .text          0x0000000008005970      0xfe4 /usr/lib/gcc/arm-none-eabi/10.3.1/../../../arm-none-eabi/lib/thumb/v7e-m/nofp/libg.a(lib_a-dtoa.o)
                0x0000000008005a94                _dtoa_r
 .text          0x0000000008006954        0xc /usr/lib/gcc/arm-none-eabi/10.3.1/../../../arm-none-eabi/lib/thumb/v7e-m/nofp/libg.a(lib_a-errno.o)
                0x0000000008006954                __errno
 .text          0x0000000008006960      0x19c /usr/lib/gcc/arm-none-eabi/10.3.1/../../../arm-none-eabi/lib/thumb/v7e-m/nofp/libg.a(lib_a-fflush.o)
                0x0000000008006960                __sflush_r
                0x0000000008006a80                _fflush_r
                0x0000000008006aac                fflush
 .text          0x0000000008006afc      0x218 /usr/lib/gcc/arm-none-eabi/10.3.1/../../../arm-none-eabi/lib/thumb/v7e-m/nofp/libg.a(lib_a-findfp.o)
                0x0000000008006b00                _cleanup_r
                0x0000000008006be8                __sfmoreglue
                0x0000000008006c18                __sfp
                0x0000000008006cc0                _cleanup
                0x0000000008006cd4                __sinit
                0x0000000008006cdc                __sfp_lock_acquire
                0x0000000008006ce0                __sfp_lock_release
                0x0000000008006ce4                __sinit_lock_acquire
                0x0000000008006ce8                __sinit_lock_release
                0x0000000008006cec                __fp_lock_all
                0x0000000008006d00                __fp_unlock_all
 .text          0x0000000008006d14      0x2ac /usr/lib/gcc/arm-none-eabi/10.3.1/../../../arm-none-eabi/lib/thumb/v7e-m/nofp/libg.a(lib_a-freer.o)
                0x0000000008006d14                _malloc_trim_r
                0x0000000008006db4                _free_r
 .text          0x0000000008006fc0      0x2e8 /usr/lib/gcc/arm-none-eabi/10.3.1/../../../arm-none-eabi/lib/thumb/v7e-m/nofp/libg.a(lib_a-fvwrite.o)
                0x0000000008006fc0                __sfvwrite_r
 .text          0x00000000080072a8       0x88 /usr/lib/gcc/arm-none-eabi/10.3.1/../../../arm-none-eabi/lib/thumb/v7e-m/nofp/libg.a(lib_a-fwalk.o)
                0x00000000080072a8                _fwalk
                0x00000000080072e8                _fwalk_reent
 .text          0x0000000008007330      0x660 /usr/lib/gcc/arm-none-eabi/10.3.1/../../../arm-none-eabi/lib/thumb/v7e-m/nofp/libg.a(lib_a-gdtoa-gethex.o)
                0x00000000080073d4                __gethex
 .text          0x0000000008007990      0x1e0 /usr/lib/gcc/arm-none-eabi/10.3.1/../../../arm-none-eabi/lib/thumb/v7e-m/nofp/libg.a(lib_a-gdtoa-hexnan.o)
                0x0000000008007990                __match
                0x00000000080079c4                __hexnan
 .text          0x0000000008007b70       0x8c /usr/lib/gcc/arm-none-eabi/10.3.1/../../../arm-none-eabi/lib/thumb/v7e-m/nofp/libg.a(lib_a-locale.o)
                0x0000000008007b70                _setlocale_r
                0x0000000008007bb0                __locale_mb_cur_max
                0x0000000008007bbc                setlocale
 .text          0x0000000008007bfc       0x14 /usr/lib/gcc/arm-none-eabi/10.3.1/../../../arm-none-eabi/lib/thumb/v7e-m/nofp/libg.a(lib_a-localeconv.o)
                0x0000000008007bfc                __localeconv_l
                0x0000000008007c00                _localeconv_r
                0x0000000008007c08                localeconv
 .text          0x0000000008007c10      0x140 /usr/lib/gcc/arm-none-eabi/10.3.1/../../../arm-none-eabi/lib/thumb/v7e-m/nofp/libg.a(lib_a-makebuf.o)
                0x0000000008007c10                __smakebuf_r
                0x0000000008007cf0                __swhatbuf_r
 .text          0x0000000008007d50      0x554 /usr/lib/gcc/arm-none-eabi/10.3.1/../../../arm-none-eabi/lib/thumb/v7e-m/nofp/libg.a(lib_a-mallocr.o)
                0x0000000008007d50                _malloc_r
 .text          0x00000000080082a4       0x40 /usr/lib/gcc/arm-none-eabi/10.3.1/../../../arm-none-eabi/lib/thumb/v7e-m/nofp/libg.a(lib_a-mbtowc_r.o)
                0x00000000080082a4                _mbtowc_r
                0x00000000080082b8                __ascii_mbtowc
 *fill*         0x00000000080082e4        0xc 
 .text          0x00000000080082f0       0xa0 /usr/lib/gcc/arm-none-eabi/10.3.1/../../../arm-none-eabi/lib/thumb/v7e-m/nofp/libg.a(lib_a-memchr.o)
                0x00000000080082f0                memchr
 .text          0x0000000008008390        0x8 /usr/lib/gcc/arm-none-eabi/10.3.1/../../../arm-none-eabi/lib/thumb/v7e-m/nofp/libg.a(lib_a-mlock.o)
                0x0000000008008390                __malloc_lock
                0x0000000008008394                __malloc_unlock
 .text          0x0000000008008398      0xa6c /usr/lib/gcc/arm-none-eabi/10.3.1/../../../arm-none-eabi/lib/thumb/v7e-m/nofp/libg.a(lib_a-mprec.o)
                0x0000000008008398                _Balloc
                0x00000000080083e4                _Bfree
                0x00000000080083f8                __multadd
                0x0000000008008498                __s2b
                0x000000000800854c                __hi0bits
                0x000000000800858c                __lo0bits
                0x00000000080085e8                __i2b
                0x0000000008008644                __multiply
                0x00000000080087a0                __pow5mult
                0x0000000008008860                __lshift
                0x0000000008008950                __mcmp
                0x0000000008008990                __mdiff
                0x0000000008008adc                __ulp
                0x0000000008008b20                __b2d
                0x0000000008008bf0                __d2b
                0x0000000008008cb4                __ratio
                0x0000000008008d10                _mprec_log10
                0x0000000008008d48                __copybits
                0x0000000008008da4                __any_on
 .text          0x0000000008008e04      0x3d8 /usr/lib/gcc/arm-none-eabi/10.3.1/../../../arm-none-eabi/lib/thumb/v7e-m/nofp/libg.a(lib_a-reallocr.o)
                0x0000000008008e04                _realloc_r
 .text          0x00000000080091dc        0xc /usr/lib/gcc/arm-none-eabi/10.3.1/../../../arm-none-eabi/lib/thumb/v7e-m/nofp/libg.a(lib_a-s_nan.o)
                0x00000000080091dc                nan
 .text          0x00000000080091e8       0x24 /usr/lib/gcc/arm-none-eabi/10.3.1/../../../arm-none-eabi/lib/thumb/v7e-m/nofp/libg.a(lib_a-sbrkr.o)
                0x00000000080091e8                _sbrk_r
 .text          0x000000000800920c        0x8 /usr/lib/gcc/arm-none-eabi/10.3.1/../../../arm-none-eabi/lib/thumb/v7e-m/nofp/libg.a(lib_a-sf_nan.o)
                0x000000000800920c                nanf
 .text          0x0000000008009214       0x90 /usr/lib/gcc/arm-none-eabi/10.3.1/../../../arm-none-eabi/lib/thumb/v7e-m/nofp/libg.a(lib_a-stdio.o)
                0x0000000008009214                __sread
                0x0000000008009238                __seofread
                0x000000000800923c                __swrite
                0x000000000800927c                __sseek
                0x000000000800929c                __sclose
 *fill*         0x00000000080092a4       0x1c 
 .text          0x00000000080092c0      0x2dc /usr/lib/gcc/arm-none-eabi/10.3.1/../../../arm-none-eabi/lib/thumb/v7e-m/nofp/libg.a(lib_a-strcmp.o)
                0x00000000080092c8                strcmp
 .text          0x000000000800959c      0xb54 /usr/lib/gcc/arm-none-eabi/10.3.1/../../../arm-none-eabi/lib/thumb/v7e-m/nofp/libg.a(lib_a-svfiprintf.o)
                0x000000000800959c                __ssprint_r
                0x0000000008009694                _svfiprintf_r
 .text          0x000000000800a0f0      0xd40 /usr/lib/gcc/arm-none-eabi/10.3.1/../../../arm-none-eabi/lib/thumb/v7e-m/nofp/libg.a(lib_a-vfiprintf.o)
                0x000000000800a168                __sprint_r
                0x000000000800a17c                _vfiprintf_r
                0x000000000800adac                vfiprintf
 .text          0x000000000800ae30       0xc8 /usr/lib/gcc/arm-none-eabi/10.3.1/../../../arm-none-eabi/lib/thumb/v7e-m/nofp/libg.a(lib_a-wbuf.o)
                0x000000000800ae30                __swbuf_r
                0x000000000800aee0                __swbuf
 .text          0x000000000800aef8       0x30 /usr/lib/gcc/arm-none-eabi/10.3.1/../../../arm-none-eabi/lib/thumb/v7e-m/nofp/libg.a(lib_a-wctomb_r.o)
                0x000000000800aef8                _wctomb_r
                0x000000000800af0c                __ascii_wctomb
 .text          0x000000000800af28       0x2c /usr/lib/gcc/arm-none-eabi/10.3.1/../../../arm-none-eabi/lib/thumb/v7e-m/nofp/libg.a(lib_a-writer.o)
                0x000000000800af28                _write_r
 .text          0x000000000800af54       0x4c /usr/lib/gcc/arm-none-eabi/10.3.1/../../../arm-none-eabi/lib/thumb/v7e-m/nofp/libg.a(lib_a-assert.o)
                0x000000000800af54                __assert_func
                0x000000000800af94                __assert
 .text          0x000000000800afa0       0x60 /usr/lib/gcc/arm-none-eabi/10.3.1/../../../arm-none-eabi/lib/thumb/v7e-m/nofp/libg.a(lib_a-callocr.o)
                0x000000000800afa0                _calloc_r
 .text          0x000000000800b000       0x24 /usr/lib/gcc/arm-none-eabi/10.3.1/../../../arm-none-eabi/lib/thumb/v7e-m/nofp/libg.a(lib_a-closer.o)
                0x000000000800b000                _close_r
 .text          0x000000000800b024       0xd4 /usr/lib/gcc/arm-none-eabi/10.3.1/../../../arm-none-eabi/lib/thumb/v7e-m/nofp/libg.a(lib_a-fclose.o)
                0x000000000800b088                _fclose_r
                0x000000000800b0bc                fclose
 .text          0x000000000800b0f8       0x44 /usr/lib/gcc/arm-none-eabi/10.3.1/../../../arm-none-eabi/lib/thumb/v7e-m/nofp/libg.a(lib_a-fiprintf.o)
                0x000000000800b0f8                _fiprintf_r
                0x000000000800b114                fiprintf
 .text          0x000000000800b13c      0x10c /usr/lib/gcc/arm-none-eabi/10.3.1/../../../arm-none-eabi/lib/thumb/v7e-m/nofp/libg.a(lib_a-fputwc.o)
                0x000000000800b13c                __fputwc
                0x000000000800b1e4                _fputwc_r
                0x000000000800b208                fputwc
 .text          0x000000000800b248       0x2c /usr/lib/gcc/arm-none-eabi/10.3.1/../../../arm-none-eabi/lib/thumb/v7e-m/nofp/libg.a(lib_a-fstatr.o)
                0x000000000800b248                _fstat_r
 .text          0x000000000800b274       0x24 /usr/lib/gcc/arm-none-eabi/10.3.1/../../../arm-none-eabi/lib/thumb/v7e-m/nofp/libg.a(lib_a-isattyr.o)
                0x000000000800b274                _isatty_r
 .text          0x000000000800b298       0x2c /usr/lib/gcc/arm-none-eabi/10.3.1/../../../arm-none-eabi/lib/thumb/v7e-m/nofp/libg.a(lib_a-lseekr.o)
                0x000000000800b298                _lseek_r
 .text          0x000000000800b2c4       0x2c /usr/lib/gcc/arm-none-eabi/10.3.1/../../../arm-none-eabi/lib/thumb/v7e-m/nofp/libg.a(lib_a-readr.o)
                0x000000000800b2c4                _read_r
 .text          0x000000000800b2f0       0x8c /usr/lib/gcc/arm-none-eabi/10.3.1/../../../arm-none-eabi/lib/thumb/v7e-m/nofp/libg.a(lib_a-wcrtomb.o)
                0x000000000800b2f0                _wcrtomb_r
                0x000000000800b32c                wcrtomb
 .text          0x000000000800b37c       0x10 /usr/lib/gcc/arm-none-eabi/10.3.1/../../../arm-none-eabi/lib/thumb/v7e-m/nofp/libg.a(lib_a-abort.o)
                0x000000000800b37c                abort
 .text          0x000000000800b38c      0x288 /usr/lib/gcc/arm-none-eabi/10.3.1/../../../arm-none-eabi/lib/thumb/v7e-m/nofp/libg.a(lib_a-signal.o)
                0x000000000800b38c                _init_signal_r
                0x000000000800b3bc                _signal_r
                0x000000000800b408                _raise_r
                0x000000000800b460                __sigtramp_r
                0x000000000800b4c4                raise
                0x000000000800b520                signal
                0x000000000800b574                _init_signal
                0x000000000800b5ac                __sigtramp
 .text          0x000000000800b614       0x30 /usr/lib/gcc/arm-none-eabi/10.3.1/../../../arm-none-eabi/lib/thumb/v7e-m/nofp/libg.a(lib_a-signalr.o)
                0x000000000800b614                _kill_r
                0x000000000800b640                _getpid_r
 .text          0x000000000800b644       0x2c /usr/lib/gcc/arm-none-eabi/10.3.1/thumb/v7e-m/nofp/libgcc.a(_arm_unorddf2.o)
                0x000000000800b644                __aeabi_dcmpun
                0x000000000800b644                __unorddf2
 .text          0x000000000800b670       0x2c /usr/lib/gcc/arm-none-eabi/10.3.1/thumb/v7e-m/nofp/libgcc.a(_arm_unordsf2.o)
                0x000000000800b670                __aeabi_fcmpun
                0x000000000800b670                __unordsf2
 .text          0x000000000800b69c       0x34 /usr/lib/gcc/arm-none-eabi/10.3.1/thumb/v7e-m/nofp/libgcc.a(_fixdfdi.o)
                0x000000000800b69c                __aeabi_d2lz
                0x000000000800b69c                __fixdfdi
 .text          0x000000000800b6d0       0x3c /usr/lib/gcc/arm-none-eabi/10.3.1/thumb/v7e-m/nofp/libgcc.a(_fixunsdfdi.o)
                0x000000000800b6d0                __aeabi_d2ulz
                0x000000000800b6d0                __fixunsdfdi
 *(.text*)
 .text.MX_GPIO_Init
                0x000000000800b70c      0x108 CMakeFiles/NUCLEO-F429ZI.elf.dir/Core/Src/gpio.c.obj
                0x000000000800b70c                MX_GPIO_Init
 .text.__io_putchar
                0x000000000800b814       0x20 CMakeFiles/NUCLEO-F429ZI.elf.dir/Core/Src/main.c.obj
                0x000000000800b814                __io_putchar
 .text.Error_Handler
                0x000000000800b834        0x4 CMakeFiles/NUCLEO-F429ZI.elf.dir/Core/Src/main.c.obj
                0x000000000800b834                Error_Handler
 .text.SystemClock_Config
                0x000000000800b838       0xa8 CMakeFiles/NUCLEO-F429ZI.elf.dir/Core/Src/main.c.obj
                0x000000000800b838                SystemClock_Config
 .text.main     0x000000000800b8e0      0x108 CMakeFiles/NUCLEO-F429ZI.elf.dir/Core/Src/main.c.obj
                0x000000000800b8e0                main
 .text.MX_SPI1_Init
                0x000000000800b9e8       0x40 CMakeFiles/NUCLEO-F429ZI.elf.dir/Core/Src/spi.c.obj
                0x000000000800b9e8                MX_SPI1_Init
 .text.HAL_SPI_MspInit
                0x000000000800ba28       0x98 CMakeFiles/NUCLEO-F429ZI.elf.dir/Core/Src/spi.c.obj
                0x000000000800ba28                HAL_SPI_MspInit
 .text.HAL_MspInit
                0x000000000800bac0       0x38 CMakeFiles/NUCLEO-F429ZI.elf.dir/Core/Src/stm32f4xx_hal_msp.c.obj
                0x000000000800bac0                HAL_MspInit
 .text.NMI_Handler
                0x000000000800baf8        0x2 CMakeFiles/NUCLEO-F429ZI.elf.dir/Core/Src/stm32f4xx_it.c.obj
                0x000000000800baf8                NMI_Handler
 .text.HardFault_Handler
                0x000000000800bafa        0x2 CMakeFiles/NUCLEO-F429ZI.elf.dir/Core/Src/stm32f4xx_it.c.obj
                0x000000000800bafa                HardFault_Handler
 .text.MemManage_Handler
                0x000000000800bafc        0x2 CMakeFiles/NUCLEO-F429ZI.elf.dir/Core/Src/stm32f4xx_it.c.obj
                0x000000000800bafc                MemManage_Handler
 .text.BusFault_Handler
                0x000000000800bafe        0x2 CMakeFiles/NUCLEO-F429ZI.elf.dir/Core/Src/stm32f4xx_it.c.obj
                0x000000000800bafe                BusFault_Handler
 .text.UsageFault_Handler
                0x000000000800bb00        0x2 CMakeFiles/NUCLEO-F429ZI.elf.dir/Core/Src/stm32f4xx_it.c.obj
                0x000000000800bb00                UsageFault_Handler
 .text.SVC_Handler
                0x000000000800bb02        0x2 CMakeFiles/NUCLEO-F429ZI.elf.dir/Core/Src/stm32f4xx_it.c.obj
                0x000000000800bb02                SVC_Handler
 .text.DebugMon_Handler
                0x000000000800bb04        0x2 CMakeFiles/NUCLEO-F429ZI.elf.dir/Core/Src/stm32f4xx_it.c.obj
                0x000000000800bb04                DebugMon_Handler
 .text.PendSV_Handler
                0x000000000800bb06        0x2 CMakeFiles/NUCLEO-F429ZI.elf.dir/Core/Src/stm32f4xx_it.c.obj
                0x000000000800bb06                PendSV_Handler
 .text.SysTick_Handler
                0x000000000800bb08        0x8 CMakeFiles/NUCLEO-F429ZI.elf.dir/Core/Src/stm32f4xx_it.c.obj
                0x000000000800bb08                SysTick_Handler
 .text._getpid  0x000000000800bb10        0x4 CMakeFiles/NUCLEO-F429ZI.elf.dir/Core/Src/syscalls.c.obj
                0x000000000800bb10                _getpid
 .text._kill    0x000000000800bb14       0x10 CMakeFiles/NUCLEO-F429ZI.elf.dir/Core/Src/syscalls.c.obj
                0x000000000800bb14                _kill
 .text._exit    0x000000000800bb24        0xc CMakeFiles/NUCLEO-F429ZI.elf.dir/Core/Src/syscalls.c.obj
                0x000000000800bb24                _exit
 .text._read    0x000000000800bb30       0x20 CMakeFiles/NUCLEO-F429ZI.elf.dir/Core/Src/syscalls.c.obj
                0x000000000800bb30                _read
 .text._write   0x000000000800bb50       0x1c CMakeFiles/NUCLEO-F429ZI.elf.dir/Core/Src/syscalls.c.obj
                0x000000000800bb50                _write
 .text._close   0x000000000800bb6c        0x6 CMakeFiles/NUCLEO-F429ZI.elf.dir/Core/Src/syscalls.c.obj
                0x000000000800bb6c                _close
 .text._fstat   0x000000000800bb72        0xa CMakeFiles/NUCLEO-F429ZI.elf.dir/Core/Src/syscalls.c.obj
                0x000000000800bb72                _fstat
 .text._isatty  0x000000000800bb7c        0x4 CMakeFiles/NUCLEO-F429ZI.elf.dir/Core/Src/syscalls.c.obj
                0x000000000800bb7c                _isatty
 .text._lseek   0x000000000800bb80        0x4 CMakeFiles/NUCLEO-F429ZI.elf.dir/Core/Src/syscalls.c.obj
                0x000000000800bb80                _lseek
 .text._sbrk    0x000000000800bb84       0x4c CMakeFiles/NUCLEO-F429ZI.elf.dir/Core/Src/sysmem.c.obj
                0x000000000800bb84                _sbrk
 .text.SystemInit
                0x000000000800bbd0        0x2 CMakeFiles/NUCLEO-F429ZI.elf.dir/Core/Src/system_stm32f4xx.c.obj
                0x000000000800bbd0                SystemInit
 *fill*         0x000000000800bbd2        0x2 
 .text.MX_USART3_UART_Init
                0x000000000800bbd4       0x34 CMakeFiles/NUCLEO-F429ZI.elf.dir/Core/Src/usart.c.obj
                0x000000000800bbd4                MX_USART3_UART_Init
 .text.HAL_UART_MspInit
                0x000000000800bc08       0x70 CMakeFiles/NUCLEO-F429ZI.elf.dir/Core/Src/usart.c.obj
                0x000000000800bc08                HAL_UART_MspInit
 .text.MX_USB_OTG_FS_PCD_Init
                0x000000000800bc78       0x38 CMakeFiles/NUCLEO-F429ZI.elf.dir/Core/Src/usb_otg.c.obj
                0x000000000800bc78                MX_USB_OTG_FS_PCD_Init
 .text.HAL_PCD_MspInit
                0x000000000800bcb0       0x88 CMakeFiles/NUCLEO-F429ZI.elf.dir/Core/Src/usb_otg.c.obj
                0x000000000800bcb0                HAL_PCD_MspInit
 .text.Reset_Handler
                0x000000000800bd38       0x50 CMakeFiles/NUCLEO-F429ZI.elf.dir/Core/Startup/startup_stm32f429zitx.s.obj
                0x000000000800bd38                Reset_Handler
 .text.Default_Handler
                0x000000000800bd88        0x2 CMakeFiles/NUCLEO-F429ZI.elf.dir/Core/Startup/startup_stm32f429zitx.s.obj
                0x000000000800bd88                RTC_Alarm_IRQHandler
                0x000000000800bd88                HASH_RNG_IRQHandler
                0x000000000800bd88                EXTI2_IRQHandler
                0x000000000800bd88                TIM8_CC_IRQHandler
                0x000000000800bd88                UART8_IRQHandler
                0x000000000800bd88                SPI4_IRQHandler
                0x000000000800bd88                TIM1_CC_IRQHandler
                0x000000000800bd88                DMA2_Stream5_IRQHandler
                0x000000000800bd88                DMA1_Stream5_IRQHandler
                0x000000000800bd88                PVD_IRQHandler
                0x000000000800bd88                SDIO_IRQHandler
                0x000000000800bd88                TAMP_STAMP_IRQHandler
                0x000000000800bd88                CAN2_RX1_IRQHandler
                0x000000000800bd88                EXTI3_IRQHandler
                0x000000000800bd88                TIM8_TRG_COM_TIM14_IRQHandler
                0x000000000800bd88                TIM1_UP_TIM10_IRQHandler
                0x000000000800bd88                TIM8_UP_TIM13_IRQHandler
                0x000000000800bd88                I2C3_ER_IRQHandler
                0x000000000800bd88                I2C2_EV_IRQHandler
                0x000000000800bd88                DMA1_Stream2_IRQHandler
                0x000000000800bd88                CAN1_RX0_IRQHandler
                0x000000000800bd88                FPU_IRQHandler
                0x000000000800bd88                OTG_HS_WKUP_IRQHandler
                0x000000000800bd88                LTDC_ER_IRQHandler
                0x000000000800bd88                CAN2_SCE_IRQHandler
                0x000000000800bd88                DMA2_Stream2_IRQHandler
                0x000000000800bd88                SPI1_IRQHandler
                0x000000000800bd88                TIM6_DAC_IRQHandler
                0x000000000800bd88                TIM1_BRK_TIM9_IRQHandler
                0x000000000800bd88                DCMI_IRQHandler
                0x000000000800bd88                CAN2_RX0_IRQHandler
                0x000000000800bd88                DMA2_Stream3_IRQHandler
                0x000000000800bd88                USART6_IRQHandler
                0x000000000800bd88                CAN1_RX1_IRQHandler
                0x000000000800bd88                UART5_IRQHandler
                0x000000000800bd88                DMA2_Stream0_IRQHandler
                0x000000000800bd88                TIM4_IRQHandler
                0x000000000800bd88                I2C1_EV_IRQHandler
                0x000000000800bd88                DMA1_Stream6_IRQHandler
                0x000000000800bd88                DMA1_Stream1_IRQHandler
                0x000000000800bd88                TIM3_IRQHandler
                0x000000000800bd88                RCC_IRQHandler
                0x000000000800bd88                TIM8_BRK_TIM12_IRQHandler
                0x000000000800bd88                Default_Handler
                0x000000000800bd88                ADC_IRQHandler
                0x000000000800bd88                DMA1_Stream7_IRQHandler
                0x000000000800bd88                SPI5_IRQHandler
                0x000000000800bd88                TIM7_IRQHandler
                0x000000000800bd88                CAN2_TX_IRQHandler
                0x000000000800bd88                TIM5_IRQHandler
                0x000000000800bd88                DMA2_Stream7_IRQHandler
                0x000000000800bd88                I2C3_EV_IRQHandler
                0x000000000800bd88                EXTI9_5_IRQHandler
                0x000000000800bd88                RTC_WKUP_IRQHandler
                0x000000000800bd88                LTDC_IRQHandler
                0x000000000800bd88                ETH_WKUP_IRQHandler
                0x000000000800bd88                SPI2_IRQHandler
                0x000000000800bd88                OTG_HS_EP1_IN_IRQHandler
                0x000000000800bd88                DMA1_Stream0_IRQHandler
                0x000000000800bd88                CAN1_TX_IRQHandler
                0x000000000800bd88                EXTI4_IRQHandler
                0x000000000800bd88                ETH_IRQHandler
                0x000000000800bd88                OTG_HS_EP1_OUT_IRQHandler
                0x000000000800bd88                WWDG_IRQHandler
                0x000000000800bd88                SPI6_IRQHandler
                0x000000000800bd88                TIM2_IRQHandler
                0x000000000800bd88                OTG_FS_WKUP_IRQHandler
                0x000000000800bd88                TIM1_TRG_COM_TIM11_IRQHandler
                0x000000000800bd88                OTG_HS_IRQHandler
                0x000000000800bd88                DMA2D_IRQHandler
                0x000000000800bd88                UART7_IRQHandler
                0x000000000800bd88                I2C2_ER_IRQHandler
                0x000000000800bd88                DMA2_Stream1_IRQHandler
                0x000000000800bd88                CAN1_SCE_IRQHandler
                0x000000000800bd88                FLASH_IRQHandler
                0x000000000800bd88                DMA2_Stream4_IRQHandler
                0x000000000800bd88                OTG_FS_IRQHandler
                0x000000000800bd88                SPI3_IRQHandler
                0x000000000800bd88                DMA1_Stream4_IRQHandler
                0x000000000800bd88                I2C1_ER_IRQHandler
                0x000000000800bd88                FMC_IRQHandler
                0x000000000800bd88                DMA2_Stream6_IRQHandler
                0x000000000800bd88                SAI1_IRQHandler
                0x000000000800bd88                DMA1_Stream3_IRQHandler
 .text.LAN8742_RegisterBusIO
                0x000000000800bd8a       0x3e CMakeFiles/NUCLEO-F429ZI.elf.dir/Drivers/BSP/Components/lan8742/lan8742.c.obj
                0x000000000800bd8a                LAN8742_RegisterBusIO
 .text.LAN8742_Init
                0x000000000800bdc8       0x5e CMakeFiles/NUCLEO-F429ZI.elf.dir/Drivers/BSP/Components/lan8742/lan8742.c.obj
                0x000000000800bdc8                LAN8742_Init
 .text.LAN8742_GetLinkState
                0x000000000800be26       0xc2 CMakeFiles/NUCLEO-F429ZI.elf.dir/Drivers/BSP/Components/lan8742/lan8742.c.obj
                0x000000000800be26                LAN8742_GetLinkState
 .text.HAL_InitTick
                0x000000000800bee8       0x4c CMakeFiles/NUCLEO-F429ZI.elf.dir/Drivers/STM32F4xx_HAL_Driver/Src/stm32f4xx_hal.c.obj
                0x000000000800bee8                HAL_InitTick
 .text.HAL_Init
                0x000000000800bf34       0x34 CMakeFiles/NUCLEO-F429ZI.elf.dir/Drivers/STM32F4xx_HAL_Driver/Src/stm32f4xx_hal.c.obj
                0x000000000800bf34                HAL_Init
 .text.HAL_IncTick
                0x000000000800bf68       0x18 CMakeFiles/NUCLEO-F429ZI.elf.dir/Drivers/STM32F4xx_HAL_Driver/Src/stm32f4xx_hal.c.obj
                0x000000000800bf68                HAL_IncTick
 .text.HAL_GetTick
                0x000000000800bf80        0xc CMakeFiles/NUCLEO-F429ZI.elf.dir/Drivers/STM32F4xx_HAL_Driver/Src/stm32f4xx_hal.c.obj
                0x000000000800bf80                HAL_GetTick
 .text.HAL_Delay
                0x000000000800bf8c       0x28 CMakeFiles/NUCLEO-F429ZI.elf.dir/Drivers/STM32F4xx_HAL_Driver/Src/stm32f4xx_hal.c.obj
                0x000000000800bf8c                HAL_Delay
 .text.HAL_NVIC_SetPriorityGrouping
                0x000000000800bfb4       0x24 CMakeFiles/NUCLEO-F429ZI.elf.dir/Drivers/STM32F4xx_HAL_Driver/Src/stm32f4xx_hal_cortex.c.obj
                0x000000000800bfb4                HAL_NVIC_SetPriorityGrouping
 .text.HAL_NVIC_SetPriority
                0x000000000800bfd8       0x70 CMakeFiles/NUCLEO-F429ZI.elf.dir/Drivers/STM32F4xx_HAL_Driver/Src/stm32f4xx_hal_cortex.c.obj
                0x000000000800bfd8                HAL_NVIC_SetPriority
 .text.HAL_SYSTICK_Config
                0x000000000800c048       0x28 CMakeFiles/NUCLEO-F429ZI.elf.dir/Drivers/STM32F4xx_HAL_Driver/Src/stm32f4xx_hal_cortex.c.obj
                0x000000000800c048                HAL_SYSTICK_Config
 .text.HAL_DMA_Abort
                0x000000000800c070       0x94 CMakeFiles/NUCLEO-F429ZI.elf.dir/Drivers/STM32F4xx_HAL_Driver/Src/stm32f4xx_hal_dma.c.obj
                0x000000000800c070                HAL_DMA_Abort
 .text.HAL_DMA_Abort_IT
                0x000000000800c104       0x26 CMakeFiles/NUCLEO-F429ZI.elf.dir/Drivers/STM32F4xx_HAL_Driver/Src/stm32f4xx_hal_dma.c.obj
                0x000000000800c104                HAL_DMA_Abort_IT
 .text.ETH_UpdateDescriptor
                0x000000000800c12a       0xae CMakeFiles/NUCLEO-F429ZI.elf.dir/Drivers/STM32F4xx_HAL_Driver/Src/stm32f4xx_hal_eth.c.obj
 .text.ETH_MACAddressConfig
                0x000000000800c1d8       0x30 CMakeFiles/NUCLEO-F429ZI.elf.dir/Drivers/STM32F4xx_HAL_Driver/Src/stm32f4xx_hal_eth.c.obj
 .text.ETH_DMATxDescListInit
                0x000000000800c208       0x6e CMakeFiles/NUCLEO-F429ZI.elf.dir/Drivers/STM32F4xx_HAL_Driver/Src/stm32f4xx_hal_eth.c.obj
 .text.ETH_DMARxDescListInit
                0x000000000800c276       0x7c CMakeFiles/NUCLEO-F429ZI.elf.dir/Drivers/STM32F4xx_HAL_Driver/Src/stm32f4xx_hal_eth.c.obj
 .text.ETH_Prepare_Tx_Descriptors
                0x000000000800c2f2      0x18a CMakeFiles/NUCLEO-F429ZI.elf.dir/Drivers/STM32F4xx_HAL_Driver/Src/stm32f4xx_hal_eth.c.obj
 .text.ETH_SetMACConfig
                0x000000000800c47c      0x100 CMakeFiles/NUCLEO-F429ZI.elf.dir/Drivers/STM32F4xx_HAL_Driver/Src/stm32f4xx_hal_eth.c.obj
 .text.ETH_SetDMAConfig
                0x000000000800c57c       0xc0 CMakeFiles/NUCLEO-F429ZI.elf.dir/Drivers/STM32F4xx_HAL_Driver/Src/stm32f4xx_hal_eth.c.obj
 .text.ETH_MACDMAConfig
                0x000000000800c63c       0xa6 CMakeFiles/NUCLEO-F429ZI.elf.dir/Drivers/STM32F4xx_HAL_Driver/Src/stm32f4xx_hal_eth.c.obj
 .text.ETH_FlushTransmitFIFO
                0x000000000800c6e2       0x36 CMakeFiles/NUCLEO-F429ZI.elf.dir/Drivers/STM32F4xx_HAL_Driver/Src/stm32f4xx_hal_eth.c.obj
 .text.HAL_ETH_Init
                0x000000000800c718       0xec CMakeFiles/NUCLEO-F429ZI.elf.dir/Drivers/STM32F4xx_HAL_Driver/Src/stm32f4xx_hal_eth.c.obj
                0x000000000800c718                HAL_ETH_Init
 .text.HAL_ETH_Start
                0x000000000800c804       0x78 CMakeFiles/NUCLEO-F429ZI.elf.dir/Drivers/STM32F4xx_HAL_Driver/Src/stm32f4xx_hal_eth.c.obj
                0x000000000800c804                HAL_ETH_Start
 .text.HAL_ETH_Stop
                0x000000000800c87c       0x70 CMakeFiles/NUCLEO-F429ZI.elf.dir/Drivers/STM32F4xx_HAL_Driver/Src/stm32f4xx_hal_eth.c.obj
                0x000000000800c87c                HAL_ETH_Stop
 .text.HAL_ETH_Transmit
                0x000000000800c8ec       0xca CMakeFiles/NUCLEO-F429ZI.elf.dir/Drivers/STM32F4xx_HAL_Driver/Src/stm32f4xx_hal_eth.c.obj
                0x000000000800c8ec                HAL_ETH_Transmit
 .text.HAL_ETH_ReadData
                0x000000000800c9b6       0xf2 CMakeFiles/NUCLEO-F429ZI.elf.dir/Drivers/STM32F4xx_HAL_Driver/Src/stm32f4xx_hal_eth.c.obj
                0x000000000800c9b6                HAL_ETH_ReadData
 .text.HAL_ETH_ReadPHYRegister
                0x000000000800caa8       0x52 CMakeFiles/NUCLEO-F429ZI.elf.dir/Drivers/STM32F4xx_HAL_Driver/Src/stm32f4xx_hal_eth.c.obj
                0x000000000800caa8                HAL_ETH_ReadPHYRegister
 .text.HAL_ETH_WritePHYRegister
                0x000000000800cafa       0x4e CMakeFiles/NUCLEO-F429ZI.elf.dir/Drivers/STM32F4xx_HAL_Driver/Src/stm32f4xx_hal_eth.c.obj
                0x000000000800cafa                HAL_ETH_WritePHYRegister
 .text.HAL_ETH_GetMACConfig
                0x000000000800cb48       0xfc CMakeFiles/NUCLEO-F429ZI.elf.dir/Drivers/STM32F4xx_HAL_Driver/Src/stm32f4xx_hal_eth.c.obj
                0x000000000800cb48                HAL_ETH_GetMACConfig
 .text.HAL_ETH_SetMACConfig
                0x000000000800cc44       0x1c CMakeFiles/NUCLEO-F429ZI.elf.dir/Drivers/STM32F4xx_HAL_Driver/Src/stm32f4xx_hal_eth.c.obj
                0x000000000800cc44                HAL_ETH_SetMACConfig
 .text.HAL_ETH_SetMDIOClockRange
                0x000000000800cc60       0x54 CMakeFiles/NUCLEO-F429ZI.elf.dir/Drivers/STM32F4xx_HAL_Driver/Src/stm32f4xx_hal_eth.c.obj
                0x000000000800cc60                HAL_ETH_SetMDIOClockRange
 .text.HAL_GPIO_Init
                0x000000000800ccb4      0x1fc CMakeFiles/NUCLEO-F429ZI.elf.dir/Drivers/STM32F4xx_HAL_Driver/Src/stm32f4xx_hal_gpio.c.obj
                0x000000000800ccb4                HAL_GPIO_Init
 .text.HAL_GPIO_ReadPin
                0x000000000800ceb0        0xe CMakeFiles/NUCLEO-F429ZI.elf.dir/Drivers/STM32F4xx_HAL_Driver/Src/stm32f4xx_hal_gpio.c.obj
                0x000000000800ceb0                HAL_GPIO_ReadPin
 .text.HAL_GPIO_WritePin
                0x000000000800cebe        0xc CMakeFiles/NUCLEO-F429ZI.elf.dir/Drivers/STM32F4xx_HAL_Driver/Src/stm32f4xx_hal_gpio.c.obj
                0x000000000800cebe                HAL_GPIO_WritePin
 *fill*         0x000000000800ceca        0x2 
 .text.HAL_GPIO_EXTI_IRQHandler
                0x000000000800cecc       0x1c CMakeFiles/NUCLEO-F429ZI.elf.dir/Drivers/STM32F4xx_HAL_Driver/Src/stm32f4xx_hal_gpio.c.obj
                0x000000000800cecc                HAL_GPIO_EXTI_IRQHandler
 .text.HAL_PCD_Init
                0x000000000800cee8      0x102 CMakeFiles/NUCLEO-F429ZI.elf.dir/Drivers/STM32F4xx_HAL_Driver/Src/stm32f4xx_hal_pcd.c.obj
                0x000000000800cee8                HAL_PCD_Init
 *fill*         0x000000000800cfea        0x2 
 .text.HAL_RCC_OscConfig
                0x000000000800cfec      0x3f8 CMakeFiles/NUCLEO-F429ZI.elf.dir/Drivers/STM32F4xx_HAL_Driver/Src/stm32f4xx_hal_rcc.c.obj
                0x000000000800cfec                HAL_RCC_OscConfig
 .text.HAL_RCC_GetSysClockFreq
                0x000000000800d3e4       0xd4 CMakeFiles/NUCLEO-F429ZI.elf.dir/Drivers/STM32F4xx_HAL_Driver/Src/stm32f4xx_hal_rcc.c.obj
                0x000000000800d3e4                HAL_RCC_GetSysClockFreq
 .text.HAL_RCC_ClockConfig
                0x000000000800d4b8      0x160 CMakeFiles/NUCLEO-F429ZI.elf.dir/Drivers/STM32F4xx_HAL_Driver/Src/stm32f4xx_hal_rcc.c.obj
                0x000000000800d4b8                HAL_RCC_ClockConfig
 .text.HAL_RCC_GetHCLKFreq
                0x000000000800d618        0xc CMakeFiles/NUCLEO-F429ZI.elf.dir/Drivers/STM32F4xx_HAL_Driver/Src/stm32f4xx_hal_rcc.c.obj
                0x000000000800d618                HAL_RCC_GetHCLKFreq
 .text.HAL_RCC_GetPCLK1Freq
                0x000000000800d624       0x20 CMakeFiles/NUCLEO-F429ZI.elf.dir/Drivers/STM32F4xx_HAL_Driver/Src/stm32f4xx_hal_rcc.c.obj
                0x000000000800d624                HAL_RCC_GetPCLK1Freq
 .text.HAL_RCC_GetPCLK2Freq
                0x000000000800d644       0x20 CMakeFiles/NUCLEO-F429ZI.elf.dir/Drivers/STM32F4xx_HAL_Driver/Src/stm32f4xx_hal_rcc.c.obj
                0x000000000800d644                HAL_RCC_GetPCLK2Freq
 .text.HAL_SPI_Init
                0x000000000800d664       0xbe CMakeFiles/NUCLEO-F429ZI.elf.dir/Drivers/STM32F4xx_HAL_Driver/Src/stm32f4xx_hal_spi.c.obj
                0x000000000800d664                HAL_SPI_Init
 .text.UART_EndRxTransfer
                0x000000000800d722       0x5c CMakeFiles/NUCLEO-F429ZI.elf.dir/Drivers/STM32F4xx_HAL_Driver/Src/stm32f4xx_hal_uart.c.obj
 .text.UART_Transmit_IT
                0x000000000800d77e       0x60 CMakeFiles/NUCLEO-F429ZI.elf.dir/Drivers/STM32F4xx_HAL_Driver/Src/stm32f4xx_hal_uart.c.obj
 *fill*         0x000000000800d7de        0x2 
 .text.UART_SetConfig
                0x000000000800d7e0      0x110 CMakeFiles/NUCLEO-F429ZI.elf.dir/Drivers/STM32F4xx_HAL_Driver/Src/stm32f4xx_hal_uart.c.obj
 .text.UART_WaitOnFlagUntilTimeout
                0x000000000800d8f0       0x8a CMakeFiles/NUCLEO-F429ZI.elf.dir/Drivers/STM32F4xx_HAL_Driver/Src/stm32f4xx_hal_uart.c.obj
 .text.HAL_UART_Init
                0x000000000800d97a       0x60 CMakeFiles/NUCLEO-F429ZI.elf.dir/Drivers/STM32F4xx_HAL_Driver/Src/stm32f4xx_hal_uart.c.obj
                0x000000000800d97a                HAL_UART_Init
 .text.HAL_UART_Transmit
                0x000000000800d9da       0xcc CMakeFiles/NUCLEO-F429ZI.elf.dir/Drivers/STM32F4xx_HAL_Driver/Src/stm32f4xx_hal_uart.c.obj
                0x000000000800d9da                HAL_UART_Transmit
 .text.HAL_UART_TxCpltCallback
                0x000000000800daa6        0x2 CMakeFiles/NUCLEO-F429ZI.elf.dir/Drivers/STM32F4xx_HAL_Driver/Src/stm32f4xx_hal_uart.c.obj
                0x000000000800daa6                HAL_UART_TxCpltCallback
 .text.UART_EndTransmit_IT
                0x000000000800daa8       0x1a CMakeFiles/NUCLEO-F429ZI.elf.dir/Drivers/STM32F4xx_HAL_Driver/Src/stm32f4xx_hal_uart.c.obj
 .text.HAL_UART_RxCpltCallback
                0x000000000800dac2        0x2 CMakeFiles/NUCLEO-F429ZI.elf.dir/Drivers/STM32F4xx_HAL_Driver/Src/stm32f4xx_hal_uart.c.obj
                0x000000000800dac2                HAL_UART_RxCpltCallback
 .text.HAL_UART_ErrorCallback
                0x000000000800dac4        0x2 CMakeFiles/NUCLEO-F429ZI.elf.dir/Drivers/STM32F4xx_HAL_Driver/Src/stm32f4xx_hal_uart.c.obj
                0x000000000800dac4                HAL_UART_ErrorCallback
 .text.UART_DMAAbortOnError
                0x000000000800dac6       0x10 CMakeFiles/NUCLEO-F429ZI.elf.dir/Drivers/STM32F4xx_HAL_Driver/Src/stm32f4xx_hal_uart.c.obj
 .text.HAL_UARTEx_RxEventCallback
                0x000000000800dad6        0x2 CMakeFiles/NUCLEO-F429ZI.elf.dir/Drivers/STM32F4xx_HAL_Driver/Src/stm32f4xx_hal_uart.c.obj
                0x000000000800dad6                HAL_UARTEx_RxEventCallback
 .text.UART_Receive_IT
                0x000000000800dad8       0xe6 CMakeFiles/NUCLEO-F429ZI.elf.dir/Drivers/STM32F4xx_HAL_Driver/Src/stm32f4xx_hal_uart.c.obj
 *fill*         0x000000000800dbbe        0x2 
 .text.HAL_UART_IRQHandler
                0x000000000800dbc0      0x288 CMakeFiles/NUCLEO-F429ZI.elf.dir/Drivers/STM32F4xx_HAL_Driver/Src/stm32f4xx_hal_uart.c.obj
                0x000000000800dbc0                HAL_UART_IRQHandler
 .text.USB_CoreReset
                0x000000000800de48       0x4a CMakeFiles/NUCLEO-F429ZI.elf.dir/Drivers/STM32F4xx_HAL_Driver/Src/stm32f4xx_ll_usb.c.obj
 .text.USB_CoreInit
                0x000000000800de92       0x92 CMakeFiles/NUCLEO-F429ZI.elf.dir/Drivers/STM32F4xx_HAL_Driver/Src/stm32f4xx_ll_usb.c.obj
                0x000000000800de92                USB_CoreInit
 .text.USB_DisableGlobalInt
                0x000000000800df24        0xc CMakeFiles/NUCLEO-F429ZI.elf.dir/Drivers/STM32F4xx_HAL_Driver/Src/stm32f4xx_ll_usb.c.obj
                0x000000000800df24                USB_DisableGlobalInt
 .text.USB_FlushTxFifo
                0x000000000800df30       0x4a CMakeFiles/NUCLEO-F429ZI.elf.dir/Drivers/STM32F4xx_HAL_Driver/Src/stm32f4xx_ll_usb.c.obj
                0x000000000800df30                USB_FlushTxFifo
 .text.USB_FlushRxFifo
                0x000000000800df7a       0x46 CMakeFiles/NUCLEO-F429ZI.elf.dir/Drivers/STM32F4xx_HAL_Driver/Src/stm32f4xx_ll_usb.c.obj
                0x000000000800df7a                USB_FlushRxFifo
 .text.USB_SetDevSpeed
                0x000000000800dfc0        0xe CMakeFiles/NUCLEO-F429ZI.elf.dir/Drivers/STM32F4xx_HAL_Driver/Src/stm32f4xx_ll_usb.c.obj
                0x000000000800dfc0                USB_SetDevSpeed
 *fill*         0x000000000800dfce        0x2 
 .text.USB_DevInit
                0x000000000800dfd0      0x194 CMakeFiles/NUCLEO-F429ZI.elf.dir/Drivers/STM32F4xx_HAL_Driver/Src/stm32f4xx_ll_usb.c.obj
                0x000000000800dfd0                USB_DevInit
 .text.USB_DevDisconnect
                0x000000000800e164       0x1c CMakeFiles/NUCLEO-F429ZI.elf.dir/Drivers/STM32F4xx_HAL_Driver/Src/stm32f4xx_ll_usb.c.obj
                0x000000000800e164                USB_DevDisconnect
 .text.USB_GetMode
                0x000000000800e180        0x8 CMakeFiles/NUCLEO-F429ZI.elf.dir/Drivers/STM32F4xx_HAL_Driver/Src/stm32f4xx_ll_usb.c.obj
                0x000000000800e180                USB_GetMode
 .text.USB_SetCurrentMode
                0x000000000800e188       0x62 CMakeFiles/NUCLEO-F429ZI.elf.dir/Drivers/STM32F4xx_HAL_Driver/Src/stm32f4xx_ll_usb.c.obj
                0x000000000800e188                USB_SetCurrentMode
 .text.ethernet_link_status_updated
                0x000000000800e1ea        0x2 CMakeFiles/NUCLEO-F429ZI.elf.dir/LWIP/App/lwip.c.obj
 .text.Ethernet_Link_Periodic_Handle
                0x000000000800e1ec       0x28 CMakeFiles/NUCLEO-F429ZI.elf.dir/LWIP/App/lwip.c.obj
 .text.MX_LWIP_Init
                0x000000000800e214      0x110 CMakeFiles/NUCLEO-F429ZI.elf.dir/LWIP/App/lwip.c.obj
                0x000000000800e214                MX_LWIP_Init
 .text.MX_LWIP_Process
                0x000000000800e324       0x1c CMakeFiles/NUCLEO-F429ZI.elf.dir/LWIP/App/lwip.c.obj
                0x000000000800e324                MX_LWIP_Process
 .text.ETH_PHY_IO_DeInit
                0x000000000800e340        0x4 CMakeFiles/NUCLEO-F429ZI.elf.dir/LWIP/Target/ethernetif.c.obj
                0x000000000800e340                ETH_PHY_IO_DeInit
 .text.low_level_input
                0x000000000800e344       0x28 CMakeFiles/NUCLEO-F429ZI.elf.dir/LWIP/Target/ethernetif.c.obj
 .text.low_level_output
                0x000000000800e36c       0x9c CMakeFiles/NUCLEO-F429ZI.elf.dir/LWIP/Target/ethernetif.c.obj
 .text.pbuf_free_custom
                0x000000000800e408       0x24 CMakeFiles/NUCLEO-F429ZI.elf.dir/LWIP/Target/ethernetif.c.obj
                0x000000000800e408                pbuf_free_custom
 .text.ETH_PHY_IO_GetTick
                0x000000000800e42c        0x8 CMakeFiles/NUCLEO-F429ZI.elf.dir/LWIP/Target/ethernetif.c.obj
                0x000000000800e42c                ETH_PHY_IO_GetTick
 .text.ETH_PHY_IO_Init
                0x000000000800e434       0x10 CMakeFiles/NUCLEO-F429ZI.elf.dir/LWIP/Target/ethernetif.c.obj
                0x000000000800e434                ETH_PHY_IO_Init
 .text.ETH_PHY_IO_ReadReg
                0x000000000800e444       0x1c CMakeFiles/NUCLEO-F429ZI.elf.dir/LWIP/Target/ethernetif.c.obj
                0x000000000800e444                ETH_PHY_IO_ReadReg
 .text.ETH_PHY_IO_WriteReg
                0x000000000800e460       0x1c CMakeFiles/NUCLEO-F429ZI.elf.dir/LWIP/Target/ethernetif.c.obj
                0x000000000800e460                ETH_PHY_IO_WriteReg
 .text.ethernetif_input
                0x000000000800e47c       0x28 CMakeFiles/NUCLEO-F429ZI.elf.dir/LWIP/Target/ethernetif.c.obj
                0x000000000800e47c                ethernetif_input
 .text.sys_now  0x000000000800e4a4        0x8 CMakeFiles/NUCLEO-F429ZI.elf.dir/LWIP/Target/ethernetif.c.obj
                0x000000000800e4a4                sys_now
 .text.HAL_ETH_MspInit
                0x000000000800e4ac      0x11c CMakeFiles/NUCLEO-F429ZI.elf.dir/LWIP/Target/ethernetif.c.obj
                0x000000000800e4ac                HAL_ETH_MspInit
 .text.ethernet_link_check_state
                0x000000000800e5c8       0xb8 CMakeFiles/NUCLEO-F429ZI.elf.dir/LWIP/Target/ethernetif.c.obj
                0x000000000800e5c8                ethernet_link_check_state
 .text.low_level_init
                0x000000000800e680       0xf0 CMakeFiles/NUCLEO-F429ZI.elf.dir/LWIP/Target/ethernetif.c.obj
 .text.ethernetif_init
                0x000000000800e770       0x48 CMakeFiles/NUCLEO-F429ZI.elf.dir/LWIP/Target/ethernetif.c.obj
                0x000000000800e770                ethernetif_init
 .text.HAL_ETH_RxAllocateCallback
                0x000000000800e7b8       0x4c CMakeFiles/NUCLEO-F429ZI.elf.dir/LWIP/Target/ethernetif.c.obj
                0x000000000800e7b8                HAL_ETH_RxAllocateCallback
 .text.HAL_ETH_RxLinkCallback
                0x000000000800e804       0x36 CMakeFiles/NUCLEO-F429ZI.elf.dir/LWIP/Target/ethernetif.c.obj
                0x000000000800e804                HAL_ETH_RxLinkCallback
 .text.lwip_htons
                0x000000000800e83a        0xa CMakeFiles/NUCLEO-F429ZI.elf.dir/Middlewares/Third_Party/LwIP/src/core/def.c.obj
                0x000000000800e83a                lwip_htons
 .text.lwip_htonl
                0x000000000800e844       0x18 CMakeFiles/NUCLEO-F429ZI.elf.dir/Middlewares/Third_Party/LwIP/src/core/def.c.obj
                0x000000000800e844                lwip_htonl
 .text.lwip_init
                0x000000000800e85c       0x1c CMakeFiles/NUCLEO-F429ZI.elf.dir/Middlewares/Third_Party/LwIP/src/core/init.c.obj
                0x000000000800e85c                lwip_init
 .text.etharp_free_entry
                0x000000000800e878       0x34 CMakeFiles/NUCLEO-F429ZI.elf.dir/Middlewares/Third_Party/LwIP/src/core/ipv4/etharp.c.obj
 .text.etharp_find_entry
                0x000000000800e8ac      0x1c0 CMakeFiles/NUCLEO-F429ZI.elf.dir/Middlewares/Third_Party/LwIP/src/core/ipv4/etharp.c.obj
 .text.etharp_update_arp_entry
                0x000000000800ea6c       0xc4 CMakeFiles/NUCLEO-F429ZI.elf.dir/Middlewares/Third_Party/LwIP/src/core/ipv4/etharp.c.obj
 .text.etharp_raw
                0x000000000800eb30       0xe8 CMakeFiles/NUCLEO-F429ZI.elf.dir/Middlewares/Third_Party/LwIP/src/core/ipv4/etharp.c.obj
 .text.etharp_request_dst
                0x000000000800ec18       0x24 CMakeFiles/NUCLEO-F429ZI.elf.dir/Middlewares/Third_Party/LwIP/src/core/ipv4/etharp.c.obj
 .text.etharp_cleanup_netif
                0x000000000800ec3c       0x3c CMakeFiles/NUCLEO-F429ZI.elf.dir/Middlewares/Third_Party/LwIP/src/core/ipv4/etharp.c.obj
                0x000000000800ec3c                etharp_cleanup_netif
 .text.etharp_input
                0x000000000800ec78       0xb8 CMakeFiles/NUCLEO-F429ZI.elf.dir/Middlewares/Third_Party/LwIP/src/core/ipv4/etharp.c.obj
                0x000000000800ec78                etharp_input
 .text.etharp_request
                0x000000000800ed30       0x10 CMakeFiles/NUCLEO-F429ZI.elf.dir/Middlewares/Third_Party/LwIP/src/core/ipv4/etharp.c.obj
                0x000000000800ed30                etharp_request
 .text.etharp_tmr
                0x000000000800ed40       0x88 CMakeFiles/NUCLEO-F429ZI.elf.dir/Middlewares/Third_Party/LwIP/src/core/ipv4/etharp.c.obj
                0x000000000800ed40                etharp_tmr
 .text.etharp_output_to_arp_index
                0x000000000800edc8       0xdc CMakeFiles/NUCLEO-F429ZI.elf.dir/Middlewares/Third_Party/LwIP/src/core/ipv4/etharp.c.obj
 .text.etharp_query
                0x000000000800eea4      0x1b4 CMakeFiles/NUCLEO-F429ZI.elf.dir/Middlewares/Third_Party/LwIP/src/core/ipv4/etharp.c.obj
                0x000000000800eea4                etharp_query
 .text.etharp_output
                0x000000000800f058      0x168 CMakeFiles/NUCLEO-F429ZI.elf.dir/Middlewares/Third_Party/LwIP/src/core/ipv4/etharp.c.obj
                0x000000000800f058                etharp_output
 .text.icmp_send_response
                0x000000000800f1c0       0xa8 CMakeFiles/NUCLEO-F429ZI.elf.dir/Middlewares/Third_Party/LwIP/src/core/ipv4/icmp.c.obj
 .text.icmp_input
                0x000000000800f268      0x148 CMakeFiles/NUCLEO-F429ZI.elf.dir/Middlewares/Third_Party/LwIP/src/core/ipv4/icmp.c.obj
                0x000000000800f268                icmp_input
 .text.icmp_dest_unreach
                0x000000000800f3b0        0xc CMakeFiles/NUCLEO-F429ZI.elf.dir/Middlewares/Third_Party/LwIP/src/core/ipv4/icmp.c.obj
                0x000000000800f3b0                icmp_dest_unreach
 .text.icmp_time_exceeded
                0x000000000800f3bc        0xc CMakeFiles/NUCLEO-F429ZI.elf.dir/Middlewares/Third_Party/LwIP/src/core/ipv4/icmp.c.obj
                0x000000000800f3bc                icmp_time_exceeded
 .text.ip4_input_accept
                0x000000000800f3c8       0x34 CMakeFiles/NUCLEO-F429ZI.elf.dir/Middlewares/Third_Party/LwIP/src/core/ipv4/ip4.c.obj
 .text.ip4_route
                0x000000000800f3fc       0xb0 CMakeFiles/NUCLEO-F429ZI.elf.dir/Middlewares/Third_Party/LwIP/src/core/ipv4/ip4.c.obj
                0x000000000800f3fc                ip4_route
 .text.ip4_input
                0x000000000800f4ac      0x1a0 CMakeFiles/NUCLEO-F429ZI.elf.dir/Middlewares/Third_Party/LwIP/src/core/ipv4/ip4.c.obj
                0x000000000800f4ac                ip4_input
 .text.ip4_output_if_src
                0x000000000800f64c      0x100 CMakeFiles/NUCLEO-F429ZI.elf.dir/Middlewares/Third_Party/LwIP/src/core/ipv4/ip4.c.obj
                0x000000000800f64c                ip4_output_if_src
 .text.ip4_output_if
                0x000000000800f74c       0x2a CMakeFiles/NUCLEO-F429ZI.elf.dir/Middlewares/Third_Party/LwIP/src/core/ipv4/ip4.c.obj
                0x000000000800f74c                ip4_output_if
 .text.ip4_addr_isbroadcast_u32
                0x000000000800f776       0x40 CMakeFiles/NUCLEO-F429ZI.elf.dir/Middlewares/Third_Party/LwIP/src/core/ipv4/ip4_addr.c.obj
                0x000000000800f776                ip4_addr_isbroadcast_u32
 *fill*         0x000000000800f7b6        0x2 
 .text.ip4addr_ntoa_r
                0x000000000800f7b8       0x98 CMakeFiles/NUCLEO-F429ZI.elf.dir/Middlewares/Third_Party/LwIP/src/core/ipv4/ip4_addr.c.obj
                0x000000000800f7b8                ip4addr_ntoa_r
 .text.ip4addr_ntoa
                0x000000000800f850       0x10 CMakeFiles/NUCLEO-F429ZI.elf.dir/Middlewares/Third_Party/LwIP/src/core/ipv4/ip4_addr.c.obj
                0x000000000800f850                ip4addr_ntoa
 .text.ip_reass_dequeue_datagram
                0x000000000800f860       0x48 CMakeFiles/NUCLEO-F429ZI.elf.dir/Middlewares/Third_Party/LwIP/src/core/ipv4/ip4_frag.c.obj
 .text.ip_reass_free_complete_datagram
                0x000000000800f8a8       0xfc CMakeFiles/NUCLEO-F429ZI.elf.dir/Middlewares/Third_Party/LwIP/src/core/ipv4/ip4_frag.c.obj
 .text.ip_reass_remove_oldest_datagram
                0x000000000800f9a4       0x78 CMakeFiles/NUCLEO-F429ZI.elf.dir/Middlewares/Third_Party/LwIP/src/core/ipv4/ip4_frag.c.obj
 .text.ip_frag_free_pbuf_custom_ref
                0x000000000800fa1c       0x2c CMakeFiles/NUCLEO-F429ZI.elf.dir/Middlewares/Third_Party/LwIP/src/core/ipv4/ip4_frag.c.obj
 .text.ipfrag_free_pbuf_custom
                0x000000000800fa48       0x34 CMakeFiles/NUCLEO-F429ZI.elf.dir/Middlewares/Third_Party/LwIP/src/core/ipv4/ip4_frag.c.obj
 .text.ip_reass_chain_frag_into_datagram_and_validate
                0x000000000800fa7c      0x1a0 CMakeFiles/NUCLEO-F429ZI.elf.dir/Middlewares/Third_Party/LwIP/src/core/ipv4/ip4_frag.c.obj
 .text.ip_frag_alloc_pbuf_custom_ref
                0x000000000800fc1c        0xa CMakeFiles/NUCLEO-F429ZI.elf.dir/Middlewares/Third_Party/LwIP/src/core/ipv4/ip4_frag.c.obj
 *fill*         0x000000000800fc26        0x2 
 .text.ip_reass_enqueue_new_datagram
                0x000000000800fc28       0x60 CMakeFiles/NUCLEO-F429ZI.elf.dir/Middlewares/Third_Party/LwIP/src/core/ipv4/ip4_frag.c.obj
 .text.ip_reass_tmr
                0x000000000800fc88       0x2c CMakeFiles/NUCLEO-F429ZI.elf.dir/Middlewares/Third_Party/LwIP/src/core/ipv4/ip4_frag.c.obj
                0x000000000800fc88                ip_reass_tmr
 .text.ip4_reass
                0x000000000800fcb4      0x210 CMakeFiles/NUCLEO-F429ZI.elf.dir/Middlewares/Third_Party/LwIP/src/core/ipv4/ip4_frag.c.obj
                0x000000000800fcb4                ip4_reass
 .text.ip4_frag
                0x000000000800fec4      0x1f0 CMakeFiles/NUCLEO-F429ZI.elf.dir/Middlewares/Third_Party/LwIP/src/core/ipv4/ip4_frag.c.obj
                0x000000000800fec4                ip4_frag
 .text.ptr_to_mem
                0x00000000080100b4        0xc CMakeFiles/NUCLEO-F429ZI.elf.dir/Middlewares/Third_Party/LwIP/src/core/mem.c.obj
 .text.mem_to_ptr
                0x00000000080100c0       0x10 CMakeFiles/NUCLEO-F429ZI.elf.dir/Middlewares/Third_Party/LwIP/src/core/mem.c.obj
 .text.mem_link_valid
                0x00000000080100d0       0x5c CMakeFiles/NUCLEO-F429ZI.elf.dir/Middlewares/Third_Party/LwIP/src/core/mem.c.obj
 .text.plug_holes
                0x000000000801012c      0x100 CMakeFiles/NUCLEO-F429ZI.elf.dir/Middlewares/Third_Party/LwIP/src/core/mem.c.obj
 .text.mem_init
                0x000000000801022c       0x40 CMakeFiles/NUCLEO-F429ZI.elf.dir/Middlewares/Third_Party/LwIP/src/core/mem.c.obj
                0x000000000801022c                mem_init
 .text.mem_free
                0x000000000801026c       0xb4 CMakeFiles/NUCLEO-F429ZI.elf.dir/Middlewares/Third_Party/LwIP/src/core/mem.c.obj
                0x000000000801026c                mem_free
 .text.mem_trim
                0x0000000008010320      0x17c CMakeFiles/NUCLEO-F429ZI.elf.dir/Middlewares/Third_Party/LwIP/src/core/mem.c.obj
                0x0000000008010320                mem_trim
 .text.mem_malloc
                0x000000000801049c      0x168 CMakeFiles/NUCLEO-F429ZI.elf.dir/Middlewares/Third_Party/LwIP/src/core/mem.c.obj
                0x000000000801049c                mem_malloc
 .text.do_memp_malloc_pool
                0x0000000008010604       0x34 CMakeFiles/NUCLEO-F429ZI.elf.dir/Middlewares/Third_Party/LwIP/src/core/memp.c.obj
 .text.do_memp_free_pool
                0x0000000008010638       0x34 CMakeFiles/NUCLEO-F429ZI.elf.dir/Middlewares/Third_Party/LwIP/src/core/memp.c.obj
 .text.memp_init_pool
                0x000000000801066c       0x28 CMakeFiles/NUCLEO-F429ZI.elf.dir/Middlewares/Third_Party/LwIP/src/core/memp.c.obj
                0x000000000801066c                memp_init_pool
 .text.memp_init
                0x0000000008010694       0x20 CMakeFiles/NUCLEO-F429ZI.elf.dir/Middlewares/Third_Party/LwIP/src/core/memp.c.obj
                0x0000000008010694                memp_init
 .text.memp_malloc_pool
                0x00000000080106b4       0x30 CMakeFiles/NUCLEO-F429ZI.elf.dir/Middlewares/Third_Party/LwIP/src/core/memp.c.obj
                0x00000000080106b4                memp_malloc_pool
 .text.memp_malloc
                0x00000000080106e4       0x34 CMakeFiles/NUCLEO-F429ZI.elf.dir/Middlewares/Third_Party/LwIP/src/core/memp.c.obj
                0x00000000080106e4                memp_malloc
 .text.memp_free_pool
                0x0000000008010718       0x34 CMakeFiles/NUCLEO-F429ZI.elf.dir/Middlewares/Third_Party/LwIP/src/core/memp.c.obj
                0x0000000008010718                memp_free_pool
 .text.memp_free
                0x000000000801074c       0x34 CMakeFiles/NUCLEO-F429ZI.elf.dir/Middlewares/Third_Party/LwIP/src/core/memp.c.obj
                0x000000000801074c                memp_free
 .text.netif_do_set_netmask
                0x0000000008010780       0x18 CMakeFiles/NUCLEO-F429ZI.elf.dir/Middlewares/Third_Party/LwIP/src/core/netif.c.obj
 .text.netif_do_set_gw
                0x0000000008010798       0x18 CMakeFiles/NUCLEO-F429ZI.elf.dir/Middlewares/Third_Party/LwIP/src/core/netif.c.obj
 .text.netif_null_output_ip4
                0x00000000080107b0        0x6 CMakeFiles/NUCLEO-F429ZI.elf.dir/Middlewares/Third_Party/LwIP/src/core/netif.c.obj
 .text.netif_do_ip_addr_changed
                0x00000000080107b6       0x14 CMakeFiles/NUCLEO-F429ZI.elf.dir/Middlewares/Third_Party/LwIP/src/core/netif.c.obj
 *fill*         0x00000000080107ca        0x2 
 .text.netif_issue_reports
                0x00000000080107cc       0x4c CMakeFiles/NUCLEO-F429ZI.elf.dir/Middlewares/Third_Party/LwIP/src/core/netif.c.obj
 .text.netif_do_set_ipaddr
                0x0000000008010818       0x6c CMakeFiles/NUCLEO-F429ZI.elf.dir/Middlewares/Third_Party/LwIP/src/core/netif.c.obj
 .text.netif_init
                0x0000000008010884        0x2 CMakeFiles/NUCLEO-F429ZI.elf.dir/Middlewares/Third_Party/LwIP/src/core/netif.c.obj
                0x0000000008010884                netif_init
 *fill*         0x0000000008010886        0x2 
 .text.netif_set_addr
                0x0000000008010888       0x6c CMakeFiles/NUCLEO-F429ZI.elf.dir/Middlewares/Third_Party/LwIP/src/core/netif.c.obj
                0x0000000008010888                netif_set_addr
 .text.netif_add
                0x00000000080108f4      0x124 CMakeFiles/NUCLEO-F429ZI.elf.dir/Middlewares/Third_Party/LwIP/src/core/netif.c.obj
                0x00000000080108f4                netif_add
 .text.netif_set_default
                0x0000000008010a18        0xc CMakeFiles/NUCLEO-F429ZI.elf.dir/Middlewares/Third_Party/LwIP/src/core/netif.c.obj
                0x0000000008010a18                netif_set_default
 .text.netif_set_up
                0x0000000008010a24       0x3c CMakeFiles/NUCLEO-F429ZI.elf.dir/Middlewares/Third_Party/LwIP/src/core/netif.c.obj
                0x0000000008010a24                netif_set_up
 .text.netif_set_down
                0x0000000008010a60       0x40 CMakeFiles/NUCLEO-F429ZI.elf.dir/Middlewares/Third_Party/LwIP/src/core/netif.c.obj
                0x0000000008010a60                netif_set_down
 .text.netif_set_link_up
                0x0000000008010aa0       0x48 CMakeFiles/NUCLEO-F429ZI.elf.dir/Middlewares/Third_Party/LwIP/src/core/netif.c.obj
                0x0000000008010aa0                netif_set_link_up
 .text.netif_set_link_down
                0x0000000008010ae8       0x3c CMakeFiles/NUCLEO-F429ZI.elf.dir/Middlewares/Third_Party/LwIP/src/core/netif.c.obj
                0x0000000008010ae8                netif_set_link_down
 .text.netif_set_link_callback
                0x0000000008010b24        0x6 CMakeFiles/NUCLEO-F429ZI.elf.dir/Middlewares/Third_Party/LwIP/src/core/netif.c.obj
                0x0000000008010b24                netif_set_link_callback
 *fill*         0x0000000008010b2a        0x2 
 .text.netif_get_by_index
                0x0000000008010b2c       0x24 CMakeFiles/NUCLEO-F429ZI.elf.dir/Middlewares/Third_Party/LwIP/src/core/netif.c.obj
                0x0000000008010b2c                netif_get_by_index
 .text.pbuf_pool_is_empty
                0x0000000008010b50        0xc CMakeFiles/NUCLEO-F429ZI.elf.dir/Middlewares/Third_Party/LwIP/src/core/pbuf.c.obj
 .text.pbuf_init_alloced_pbuf
                0x0000000008010b5c       0x22 CMakeFiles/NUCLEO-F429ZI.elf.dir/Middlewares/Third_Party/LwIP/src/core/pbuf.c.obj
 *fill*         0x0000000008010b7e        0x2 
 .text.pbuf_add_header_impl
                0x0000000008010b80       0x7c CMakeFiles/NUCLEO-F429ZI.elf.dir/Middlewares/Third_Party/LwIP/src/core/pbuf.c.obj
 .text.pbuf_free_ooseq
                0x0000000008010bfc       0x28 CMakeFiles/NUCLEO-F429ZI.elf.dir/Middlewares/Third_Party/LwIP/src/core/pbuf.c.obj
                0x0000000008010bfc                pbuf_free_ooseq
 .text.pbuf_alloc_reference
                0x0000000008010c24       0x50 CMakeFiles/NUCLEO-F429ZI.elf.dir/Middlewares/Third_Party/LwIP/src/core/pbuf.c.obj
                0x0000000008010c24                pbuf_alloc_reference
 .text.pbuf_alloced_custom
                0x0000000008010c74       0x3e CMakeFiles/NUCLEO-F429ZI.elf.dir/Middlewares/Third_Party/LwIP/src/core/pbuf.c.obj
                0x0000000008010c74                pbuf_alloced_custom
 .text.pbuf_add_header
                0x0000000008010cb2        0xa CMakeFiles/NUCLEO-F429ZI.elf.dir/Middlewares/Third_Party/LwIP/src/core/pbuf.c.obj
                0x0000000008010cb2                pbuf_add_header
 .text.pbuf_remove_header
                0x0000000008010cbc       0x6c CMakeFiles/NUCLEO-F429ZI.elf.dir/Middlewares/Third_Party/LwIP/src/core/pbuf.c.obj
                0x0000000008010cbc                pbuf_remove_header
 .text.pbuf_header_impl
                0x0000000008010d28       0x14 CMakeFiles/NUCLEO-F429ZI.elf.dir/Middlewares/Third_Party/LwIP/src/core/pbuf.c.obj
 .text.pbuf_header_force
                0x0000000008010d3c        0xa CMakeFiles/NUCLEO-F429ZI.elf.dir/Middlewares/Third_Party/LwIP/src/core/pbuf.c.obj
                0x0000000008010d3c                pbuf_header_force
 *fill*         0x0000000008010d46        0x2 
 .text.pbuf_free
                0x0000000008010d48       0xc4 CMakeFiles/NUCLEO-F429ZI.elf.dir/Middlewares/Third_Party/LwIP/src/core/pbuf.c.obj
                0x0000000008010d48                pbuf_free
 .text.pbuf_alloc
                0x0000000008010e0c      0x188 CMakeFiles/NUCLEO-F429ZI.elf.dir/Middlewares/Third_Party/LwIP/src/core/pbuf.c.obj
                0x0000000008010e0c                pbuf_alloc
 .text.pbuf_realloc
                0x0000000008010f94       0xa8 CMakeFiles/NUCLEO-F429ZI.elf.dir/Middlewares/Third_Party/LwIP/src/core/pbuf.c.obj
                0x0000000008010f94                pbuf_realloc
 .text.pbuf_clen
                0x000000000801103c       0x12 CMakeFiles/NUCLEO-F429ZI.elf.dir/Middlewares/Third_Party/LwIP/src/core/pbuf.c.obj
                0x000000000801103c                pbuf_clen
 *fill*         0x000000000801104e        0x2 
 .text.pbuf_ref
                0x0000000008011050       0x30 CMakeFiles/NUCLEO-F429ZI.elf.dir/Middlewares/Third_Party/LwIP/src/core/pbuf.c.obj
                0x0000000008011050                pbuf_ref
 .text.pbuf_cat
                0x0000000008011080       0x74 CMakeFiles/NUCLEO-F429ZI.elf.dir/Middlewares/Third_Party/LwIP/src/core/pbuf.c.obj
                0x0000000008011080                pbuf_cat
 .text.pbuf_copy
                0x00000000080110f4      0x120 CMakeFiles/NUCLEO-F429ZI.elf.dir/Middlewares/Third_Party/LwIP/src/core/pbuf.c.obj
                0x00000000080110f4                pbuf_copy
 .text.pbuf_copy_partial
                0x0000000008011214       0x94 CMakeFiles/NUCLEO-F429ZI.elf.dir/Middlewares/Third_Party/LwIP/src/core/pbuf.c.obj
                0x0000000008011214                pbuf_copy_partial
 .text.pbuf_clone
                0x00000000080112a8       0x38 CMakeFiles/NUCLEO-F429ZI.elf.dir/Middlewares/Third_Party/LwIP/src/core/pbuf.c.obj
                0x00000000080112a8                pbuf_clone
 .text.tcp_new_port
                0x00000000080112e0       0x68 CMakeFiles/NUCLEO-F429ZI.elf.dir/Middlewares/Third_Party/LwIP/src/core/tcp.c.obj
 .text.tcp_remove_listener
                0x0000000008011348       0x34 CMakeFiles/NUCLEO-F429ZI.elf.dir/Middlewares/Third_Party/LwIP/src/core/tcp.c.obj
 .text.tcp_listen_closed
                0x000000000801137c       0x5c CMakeFiles/NUCLEO-F429ZI.elf.dir/Middlewares/Third_Party/LwIP/src/core/tcp.c.obj
 .text.tcp_free_listen
                0x00000000080113d8       0x30 CMakeFiles/NUCLEO-F429ZI.elf.dir/Middlewares/Third_Party/LwIP/src/core/tcp.c.obj
 .text.tcp_close_shutdown_fin
                0x0000000008011408       0x84 CMakeFiles/NUCLEO-F429ZI.elf.dir/Middlewares/Third_Party/LwIP/src/core/tcp.c.obj
 .text.tcp_handle_closepend
                0x000000000801148c       0x2c CMakeFiles/NUCLEO-F429ZI.elf.dir/Middlewares/Third_Party/LwIP/src/core/tcp.c.obj
 .text.tcp_init
                0x00000000080114b8       0x18 CMakeFiles/NUCLEO-F429ZI.elf.dir/Middlewares/Third_Party/LwIP/src/core/tcp.c.obj
                0x00000000080114b8                tcp_init
 .text.tcp_free
                0x00000000080114d0       0x30 CMakeFiles/NUCLEO-F429ZI.elf.dir/Middlewares/Third_Party/LwIP/src/core/tcp.c.obj
                0x00000000080114d0                tcp_free
 .text.tcp_update_rcv_ann_wnd
                0x0000000008011500       0x78 CMakeFiles/NUCLEO-F429ZI.elf.dir/Middlewares/Third_Party/LwIP/src/core/tcp.c.obj
                0x0000000008011500                tcp_update_rcv_ann_wnd
 .text.tcp_recved
                0x0000000008011578       0x78 CMakeFiles/NUCLEO-F429ZI.elf.dir/Middlewares/Third_Party/LwIP/src/core/tcp.c.obj
                0x0000000008011578                tcp_recved
 .text.tcp_seg_free
                0x00000000080115f0       0x1a CMakeFiles/NUCLEO-F429ZI.elf.dir/Middlewares/Third_Party/LwIP/src/core/tcp.c.obj
                0x00000000080115f0                tcp_seg_free
 .text.tcp_segs_free
                0x000000000801160a       0x14 CMakeFiles/NUCLEO-F429ZI.elf.dir/Middlewares/Third_Party/LwIP/src/core/tcp.c.obj
                0x000000000801160a                tcp_segs_free
 *fill*         0x000000000801161e        0x2 
 .text.tcp_seg_copy
                0x0000000008011620       0x48 CMakeFiles/NUCLEO-F429ZI.elf.dir/Middlewares/Third_Party/LwIP/src/core/tcp.c.obj
                0x0000000008011620                tcp_seg_copy
 .text.tcp_arg  0x0000000008011668        0x6 CMakeFiles/NUCLEO-F429ZI.elf.dir/Middlewares/Third_Party/LwIP/src/core/tcp.c.obj
                0x0000000008011668                tcp_arg
 *fill*         0x000000000801166e        0x2 
 .text.tcp_recv
                0x0000000008011670       0x34 CMakeFiles/NUCLEO-F429ZI.elf.dir/Middlewares/Third_Party/LwIP/src/core/tcp.c.obj
                0x0000000008011670                tcp_recv
 .text.tcp_sent
                0x00000000080116a4       0x34 CMakeFiles/NUCLEO-F429ZI.elf.dir/Middlewares/Third_Party/LwIP/src/core/tcp.c.obj
                0x00000000080116a4                tcp_sent
 .text.tcp_err  0x00000000080116d8       0x34 CMakeFiles/NUCLEO-F429ZI.elf.dir/Middlewares/Third_Party/LwIP/src/core/tcp.c.obj
                0x00000000080116d8                tcp_err
 .text.tcp_next_iss
                0x000000000801170c       0x38 CMakeFiles/NUCLEO-F429ZI.elf.dir/Middlewares/Third_Party/LwIP/src/core/tcp.c.obj
                0x000000000801170c                tcp_next_iss
 .text.tcp_eff_send_mss_netif
                0x0000000008011744       0x40 CMakeFiles/NUCLEO-F429ZI.elf.dir/Middlewares/Third_Party/LwIP/src/core/tcp.c.obj