Archive member included to satisfy reference by file (symbol)

/Applications/ArmGNUToolchain/13.3.rel1/arm-none-eabi/bin/../lib/gcc/arm-none-eabi/13.3.1/thumb/v7e-m/nofp/libgcc.a(_arm_muldf3.o)
                              CMakeFiles/NUCLEO-F429ZI.elf.dir/salt/peripherals/analog-inputs/anIn.c.obj (__aeabi_dmul)
/Applications/ArmGNUToolchain/13.3.rel1/arm-none-eabi/bin/../lib/gcc/arm-none-eabi/13.3.1/thumb/v7e-m/nofp/libgcc.a(_arm_mulsf3.o)
                              CMakeFiles/NUCLEO-F429ZI.elf.dir/salt/peripherals/pulse-counter/pulseCounter.c.obj (__aeabi_fmul)
/Applications/ArmGNUToolchain/13.3.rel1/arm-none-eabi/bin/../lib/gcc/arm-none-eabi/13.3.1/thumb/v7e-m/nofp/libgcc.a(_arm_addsubdf3.o)
                              CMakeFiles/NUCLEO-F429ZI.elf.dir/third-party/jWrite/jWrite/jWrite.c.obj (__aeabi_dsub)
/Applications/ArmGNUToolchain/13.3.rel1/arm-none-eabi/bin/../lib/gcc/arm-none-eabi/13.3.1/thumb/v7e-m/nofp/libgcc.a(_arm_muldivdf3.o)
                              CMakeFiles/NUCLEO-F429ZI.elf.dir/salt/state-machines/logic/logic.c.obj (__aeabi_ddiv)
/Applications/ArmGNUToolchain/13.3.rel1/arm-none-eabi/bin/../lib/gcc/arm-none-eabi/13.3.1/thumb/v7e-m/nofp/libgcc.a(_arm_cmpdf2.o)
                              CMakeFiles/NUCLEO-F429ZI.elf.dir/third-party/jWrite/jWrite/jWrite.c.obj (__aeabi_dcmpeq)
/Applications/ArmGNUToolchain/13.3.rel1/arm-none-eabi/bin/../lib/gcc/arm-none-eabi/13.3.1/thumb/v7e-m/nofp/libgcc.a(_arm_fixdfsi.o)
                              CMakeFiles/NUCLEO-F429ZI.elf.dir/third-party/jWrite/jWrite/jWrite.c.obj (__aeabi_d2iz)
/Applications/ArmGNUToolchain/13.3.rel1/arm-none-eabi/bin/../lib/gcc/arm-none-eabi/13.3.1/thumb/v7e-m/nofp/libgcc.a(_arm_fixunsdfsi.o)
                              CMakeFiles/NUCLEO-F429ZI.elf.dir/salt/state-machines/logic/logic.c.obj (__aeabi_d2uiz)
/Applications/ArmGNUToolchain/13.3.rel1/arm-none-eabi/bin/../lib/gcc/arm-none-eabi/13.3.1/thumb/v7e-m/nofp/libgcc.a(_arm_truncdfsf2.o)
                              CMakeFiles/NUCLEO-F429ZI.elf.dir/salt/utilities/parser/sim900/sim900parser.c.obj (__aeabi_d2f)
/Applications/ArmGNUToolchain/13.3.rel1/arm-none-eabi/bin/../lib/gcc/arm-none-eabi/13.3.1/thumb/v7e-m/nofp/libgcc.a(_arm_addsubsf3.o)
                              CMakeFiles/NUCLEO-F429ZI.elf.dir/salt/peripherals/pulse-counter/pulseCounter.c.obj (__aeabi_ui2f)
/Applications/ArmGNUToolchain/13.3.rel1/arm-none-eabi/bin/../lib/gcc/arm-none-eabi/13.3.1/thumb/v7e-m/nofp/libgcc.a(_arm_cmpsf2.o)
                              CMakeFiles/NUCLEO-F429ZI.elf.dir/salt/state-machines/logic/logic.c.obj (__aeabi_fcmplt)
/Applications/ArmGNUToolchain/13.3.rel1/arm-none-eabi/bin/../lib/gcc/arm-none-eabi/13.3.1/thumb/v7e-m/nofp/libgcc.a(_aeabi_uldivmod.o)
                              CMakeFiles/NUCLEO-F429ZI.elf.dir/Drivers/STM32F4xx_HAL_Driver/Src/stm32f4xx_hal_rcc.c.obj (__aeabi_uldivmod)
/Applications/ArmGNUToolchain/13.3.rel1/arm-none-eabi/bin/../lib/gcc/arm-none-eabi/13.3.1/thumb/v7e-m/nofp/libgcc.a(_fixdfdi.o)
                              CMakeFiles/NUCLEO-F429ZI.elf.dir/third-party/MQTT-C/source/mqttc.c.obj (__aeabi_d2lz)
/Applications/ArmGNUToolchain/13.3.rel1/arm-none-eabi/bin/../lib/gcc/arm-none-eabi/13.3.1/thumb/v7e-m/nofp/libgcc.a(_fixunsdfdi.o)
                              /Applications/ArmGNUToolchain/13.3.rel1/arm-none-eabi/bin/../lib/gcc/arm-none-eabi/13.3.1/thumb/v7e-m/nofp/libgcc.a(_fixdfdi.o) (__aeabi_d2ulz)
/Applications/ArmGNUToolchain/13.3.rel1/arm-none-eabi/bin/../lib/gcc/arm-none-eabi/13.3.1/thumb/v7e-m/nofp/libgcc.a(_udivmoddi4.o)
                              /Applications/ArmGNUToolchain/13.3.rel1/arm-none-eabi/bin/../lib/gcc/arm-none-eabi/13.3.1/thumb/v7e-m/nofp/libgcc.a(_aeabi_uldivmod.o) (__udivmoddi4)
/Applications/ArmGNUToolchain/13.3.rel1/arm-none-eabi/bin/../lib/gcc/arm-none-eabi/13.3.1/thumb/v7e-m/nofp/libgcc.a(_dvmd_tls.o)
                              /Applications/ArmGNUToolchain/13.3.rel1/arm-none-eabi/bin/../lib/gcc/arm-none-eabi/13.3.1/thumb/v7e-m/nofp/libgcc.a(_aeabi_uldivmod.o) (__aeabi_ldiv0)
/Applications/ArmGNUToolchain/13.3.rel1/arm-none-eabi/bin/../lib/gcc/arm-none-eabi/13.3.1/../../../../arm-none-eabi/lib/thumb/v7e-m/nofp/libg.a(libc_a-atof.o)
                              CMakeFiles/NUCLEO-F429ZI.elf.dir/salt/utilities/parser/sim900/sim900parser.c.obj (atof)
/Applications/ArmGNUToolchain/13.3.rel1/arm-none-eabi/bin/../lib/gcc/arm-none-eabi/13.3.1/../../../../arm-none-eabi/lib/thumb/v7e-m/nofp/libg.a(libc_a-atoi.o)
                              CMakeFiles/NUCLEO-F429ZI.elf.dir/salt/utilities/parser/sim900/sim900parser.c.obj (atoi)
/Applications/ArmGNUToolchain/13.3.rel1/arm-none-eabi/bin/../lib/gcc/arm-none-eabi/13.3.1/../../../../arm-none-eabi/lib/thumb/v7e-m/nofp/libg.a(libc_a-exit.o)
                              /Applications/ArmGNUToolchain/13.3.rel1/arm-none-eabi/bin/../lib/gcc/arm-none-eabi/13.3.1/../../../../arm-none-eabi/lib/thumb/v7e-m/nofp/crt0.o (exit)
[...]
Memory Configuration

Name             Origin             Length             Attributes
CCMRAM           0x10000000         0x00010000         xrw
RAM              0x20000000         0x00030000         xrw
FLASH            0x08000000         0x00200000         xr
*default*        0x00000000         0xffffffff

Linker script and memory map

LOAD /Applications/ArmGNUToolchain/13.3.rel1/arm-none-eabi/bin/../lib/gcc/arm-none-eabi/13.3.1/thumb/v7e-m/nofp/crti.o
LOAD /Applications/ArmGNUToolchain/13.3.rel1/arm-none-eabi/bin/../lib/gcc/arm-none-eabi/13.3.1/thumb/v7e-m/nofp/crtbegin.o
LOAD /Applications/ArmGNUToolchain/13.3.rel1/arm-none-eabi/bin/../lib/gcc/arm-none-eabi/13.3.1/../../../../arm-none-eabi/lib/thumb/v7e-m/nofp/crt0.o
LOAD CMakeFiles/NUCLEO-F429ZI.elf.dir/Core/Src/eth.c.obj
LOAD CMakeFiles/NUCLEO-F429ZI.elf.dir/Core/Src/gpio.c.obj
LOAD CMakeFiles/NUCLEO-F429ZI.elf.dir/Core/Src/main.c.obj
LOAD CMakeFiles/NUCLEO-F429ZI.elf.dir/Core/Src/spi.c.obj
LOAD CMakeFiles/NUCLEO-F429ZI.elf.dir/Core/Src/stm32f4xx_hal_msp.c.obj
LOAD CMakeFiles/NUCLEO-F429ZI.elf.dir/Core/Src/stm32f4xx_it.c.obj
LOAD CMakeFiles/NUCLEO-F429ZI.elf.dir/Core/Src/syscalls.c.obj
LOAD CMakeFiles/NUCLEO-F429ZI.elf.dir/Core/Src/sysmem.c.obj
LOAD CMakeFiles/NUCLEO-F429ZI.elf.dir/Core/Src/system_stm32f4xx.c.obj
LOAD CMakeFiles/NUCLEO-F429ZI.elf.dir/Core/Src/usart.c.obj
LOAD CMakeFiles/NUCLEO-F429ZI.elf.dir/Core/Src/usb_otg.c.obj
LOAD CMakeFiles/NUCLEO-F429ZI.elf.dir/Core/Startup/startup_stm32f429zitx.s.obj
LOAD CMakeFiles/NUCLEO-F429ZI.elf.dir/Drivers/STM32F4xx_HAL_Driver/Src/stm32f4xx_hal.c.obj
LOAD CMakeFiles/NUCLEO-F429ZI.elf.dir/Drivers/STM32F4xx_HAL_Driver/Src/stm32f4xx_hal_cortex.c.obj
LOAD CMakeFiles/NUCLEO-F429ZI.elf.dir/Drivers/STM32F4xx_HAL_Driver/Src/stm32f4xx_hal_dma.c.obj
LOAD CMakeFiles/NUCLEO-F429ZI.elf.dir/Drivers/STM32F4xx_HAL_Driver/Src/stm32f4xx_hal_dma_ex.c.obj
LOAD CMakeFiles/NUCLEO-F429ZI.elf.dir/Drivers/STM32F4xx_HAL_Driver/Src/stm32f4xx_hal_eth.c.obj
LOAD CMakeFiles/NUCLEO-F429ZI.elf.dir/Drivers/STM32F4xx_HAL_Driver/Src/stm32f4xx_hal_exti.c.obj
LOAD CMakeFiles/NUCLEO-F429ZI.elf.dir/Drivers/STM32F4xx_HAL_Driver/Src/stm32f4xx_hal_flash.c.obj
LOAD CMakeFiles/NUCLEO-F429ZI.elf.dir/Drivers/STM32F4xx_HAL_Driver/Src/stm32f4xx_hal_flash_ex.c.obj
LOAD CMakeFiles/NUCLEO-F429ZI.elf.dir/Drivers/STM32F4xx_HAL_Driver/Src/stm32f4xx_hal_flash_ramfunc.c.obj
LOAD CMakeFiles/NUCLEO-F429ZI.elf.dir/Drivers/STM32F4xx_HAL_Driver/Src/stm32f4xx_hal_gpio.c.obj
LOAD CMakeFiles/NUCLEO-F429ZI.elf.dir/Drivers/STM32F4xx_HAL_Driver/Src/stm32f4xx_hal_pcd.c.obj
LOAD CMakeFiles/NUCLEO-F429ZI.elf.dir/Drivers/STM32F4xx_HAL_Driver/Src/stm32f4xx_hal_pcd_ex.c.obj
LOAD CMakeFiles/NUCLEO-F429ZI.elf.dir/Drivers/STM32F4xx_HAL_Driver/Src/stm32f4xx_hal_pwr.c.obj
LOAD CMakeFiles/NUCLEO-F429ZI.elf.dir/Drivers/STM32F4xx_HAL_Driver/Src/stm32f4xx_hal_pwr_ex.c.obj
LOAD CMakeFiles/NUCLEO-F429ZI.elf.dir/Drivers/STM32F4xx_HAL_Driver/Src/stm32f4xx_hal_rcc.c.obj
LOAD CMakeFiles/NUCLEO-F429ZI.elf.dir/Drivers/STM32F4xx_HAL_Driver/Src/stm32f4xx_hal_rcc_ex.c.obj
LOAD CMakeFiles/NUCLEO-F429ZI.elf.dir/Drivers/STM32F4xx_HAL_Driver/Src/stm32f4xx_hal_spi.c.obj
LOAD CMakeFiles/NUCLEO-F429ZI.elf.dir/Drivers/STM32F4xx_HAL_Driver/Src/stm32f4xx_hal_tim.c.obj
LOAD CMakeFiles/NUCLEO-F429ZI.elf.dir/Drivers/STM32F4xx_HAL_Driver/Src/stm32f4xx_hal_tim_ex.c.obj
LOAD CMakeFiles/NUCLEO-F429ZI.elf.dir/Drivers/STM32F4xx_HAL_Driver/Src/stm32f4xx_hal_uart.c.obj
LOAD CMakeFiles/NUCLEO-F429ZI.elf.dir/Drivers/STM32F4xx_HAL_Driver/Src/stm32f4xx_ll_usb.c.obj
LOAD CMakeFiles/NUCLEO-F429ZI.elf.dir/blinky/blinky.c.obj
LOAD CMakeFiles/NUCLEO-F429ZI.elf.dir/blinky/bsp/assert.c.obj
LOAD CMakeFiles/NUCLEO-F429ZI.elf.dir/blinky/bsp/bsp_blinky.c.obj
LOAD CMakeFiles/NUCLEO-F429ZI.elf.dir/blinky/bsp/hook.c.obj
LOAD CMakeFiles/NUCLEO-F429ZI.elf.dir/blinkySysTick/blinkySysTick.c.obj
LOAD CMakeFiles/NUCLEO-F429ZI.elf.dir/bsp/stm32f4xx_nucleo_144.c.obj
LOAD CMakeFiles/NUCLEO-F429ZI.elf.dir/mTime/mTime.c.obj
LOAD CMakeFiles/NUCLEO-F429ZI.elf.dir/mTime/mTimeTbl.c.obj
LOAD CMakeFiles/NUCLEO-F429ZI.elf.dir/salt/bsp/bsp-salt.c.obj
LOAD CMakeFiles/NUCLEO-F429ZI.elf.dir/salt/configuration/saltCfg.c.obj
LOAD CMakeFiles/NUCLEO-F429ZI.elf.dir/salt/files-to-review/hook.c.obj
LOAD CMakeFiles/NUCLEO-F429ZI.elf.dir/salt/files-to-review/main-salt-firmware-nxp.c.obj
LOAD CMakeFiles/NUCLEO-F429ZI.elf.dir/salt/files-to-review/trace_io.c.obj
LOAD CMakeFiles/NUCLEO-F429ZI.elf.dir/salt/peripherals/analog-inputs/anIn.c.obj
LOAD CMakeFiles/NUCLEO-F429ZI.elf.dir/salt/peripherals/ihm/buzzer.c.obj
LOAD CMakeFiles/NUCLEO-F429ZI.elf.dir/salt/peripherals/ihm/onSwitch.c.obj
LOAD CMakeFiles/NUCLEO-F429ZI.elf.dir/salt/peripherals/ledPanel/as1116.c.obj
LOAD CMakeFiles/NUCLEO-F429ZI.elf.dir/salt/peripherals/ledPanel/ledPanel.c.obj
LOAD CMakeFiles/NUCLEO-F429ZI.elf.dir/salt/peripherals/module-command/modcmdSim900.c.obj
LOAD CMakeFiles/NUCLEO-F429ZI.elf.dir/salt/peripherals/module-power/modpwr.c.obj
LOAD CMakeFiles/NUCLEO-F429ZI.elf.dir/salt/peripherals/pulse-counter/pulseCounter.c.obj
LOAD CMakeFiles/NUCLEO-F429ZI.elf.dir/salt/peripherals/pulse-counter/pulseCounterFromEduCiaaBsp.c.obj
LOAD CMakeFiles/NUCLEO-F429ZI.elf.dir/salt/peripherals/relay-control/relay.c.obj
LOAD CMakeFiles/NUCLEO-F429ZI.elf.dir/salt/peripherals/relay-control/relayFromEduCiaaBsp.c.obj
LOAD CMakeFiles/NUCLEO-F429ZI.elf.dir/salt/peripherals/serial/serial.c.obj
LOAD CMakeFiles/NUCLEO-F429ZI.elf.dir/salt/peripherals/sim808/sim808.c.obj
LOAD CMakeFiles/NUCLEO-F429ZI.elf.dir/salt/peripherals/teloc/teloc.c.obj
LOAD CMakeFiles/NUCLEO-F429ZI.elf.dir/salt/state-machines/connector-manager/conmgr.c.obj
LOAD CMakeFiles/NUCLEO-F429ZI.elf.dir/salt/state-machines/logic/logic.c.obj
LOAD CMakeFiles/NUCLEO-F429ZI.elf.dir/salt/state-machines/module-manager/modmgr.c.obj
LOAD CMakeFiles/NUCLEO-F429ZI.elf.dir/salt/state-machines/mqtt-protocol/mqttProt.c.obj
LOAD CMakeFiles/NUCLEO-F429ZI.elf.dir/salt/utilities/aes/aes.c.obj
LOAD CMakeFiles/NUCLEO-F429ZI.elf.dir/salt/utilities/date/date.c.obj
LOAD CMakeFiles/NUCLEO-F429ZI.elf.dir/salt/utilities/emaFilter/emaFilter.c.obj
LOAD CMakeFiles/NUCLEO-F429ZI.elf.dir/salt/utilities/epoch/epoch.c.obj
LOAD CMakeFiles/NUCLEO-F429ZI.elf.dir/salt/utilities/parser/salt-command/saltCmd.c.obj
LOAD CMakeFiles/NUCLEO-F429ZI.elf.dir/salt/utilities/parser/sim900/sim900parser.c.obj
LOAD CMakeFiles/NUCLEO-F429ZI.elf.dir/salt/utilities/publisher/publisher.c.obj
LOAD CMakeFiles/NUCLEO-F429ZI.elf.dir/salt/utilities/rtime/rtime.c.obj
LOAD CMakeFiles/NUCLEO-F429ZI.elf.dir/salt/utilities/ssp/ssp.c.obj
LOAD CMakeFiles/NUCLEO-F429ZI.elf.dir/third-party/MQTT-C/source/mqttc.c.obj
LOAD CMakeFiles/NUCLEO-F429ZI.elf.dir/third-party/MQTT-C/source/mqttc_pal.c.obj
LOAD CMakeFiles/NUCLEO-F429ZI.elf.dir/third-party/jWrite/jWrite/jWrite.c.obj
LOAD CMakeFiles/NUCLEO-F429ZI.elf.dir/third-party/jWrite/jWrite/main.c.obj
LOAD CMakeFiles/NUCLEO-F429ZI.elf.dir/third-party/rkh/source/fwk/src/rkhfwk_bittbl.c.obj
LOAD CMakeFiles/NUCLEO-F429ZI.elf.dir/third-party/rkh/source/fwk/src/rkhfwk_dynevt.c.obj
LOAD CMakeFiles/NUCLEO-F429ZI.elf.dir/third-party/rkh/source/fwk/src/rkhfwk_evtpool.c.obj
LOAD CMakeFiles/NUCLEO-F429ZI.elf.dir/third-party/rkh/source/fwk/src/rkhfwk_pubsub.c.obj
LOAD CMakeFiles/NUCLEO-F429ZI.elf.dir/third-party/rkh/source/fwk/src/rkhfwk_rdygrp.c.obj
LOAD CMakeFiles/NUCLEO-F429ZI.elf.dir/third-party/rkh/source/fwk/src/rkhfwk_sched.c.obj
LOAD CMakeFiles/NUCLEO-F429ZI.elf.dir/third-party/rkh/source/fwk/src/rkhfwk_version.c.obj
LOAD CMakeFiles/NUCLEO-F429ZI.elf.dir/third-party/rkh/source/mempool/src/rkhmempool.c.obj
LOAD CMakeFiles/NUCLEO-F429ZI.elf.dir/third-party/rkh/source/portable/arm-cortex/rkhs/arm_cm4f/stm32/rkhport.c.obj
LOAD CMakeFiles/NUCLEO-F429ZI.elf.dir/third-party/rkh/source/queue/src/rkhqueue.c.obj
LOAD CMakeFiles/NUCLEO-F429ZI.elf.dir/third-party/rkh/source/sm/src/rkhsm.c.obj
LOAD CMakeFiles/NUCLEO-F429ZI.elf.dir/third-party/rkh/source/sma/src/rkhsma.c.obj
LOAD CMakeFiles/NUCLEO-F429ZI.elf.dir/third-party/rkh/source/sma/src/rkhsma_prio.c.obj
LOAD CMakeFiles/NUCLEO-F429ZI.elf.dir/third-party/rkh/source/sma/src/rkhsma_sync.c.obj
LOAD CMakeFiles/NUCLEO-F429ZI.elf.dir/third-party/rkh/source/tmr/src/rkhtmr.c.obj
LOAD CMakeFiles/NUCLEO-F429ZI.elf.dir/third-party/rkh/source/trc/src/rkhtrc_filter.c.obj
LOAD CMakeFiles/NUCLEO-F429ZI.elf.dir/third-party/rkh/source/trc/src/rkhtrc_record.c.obj
LOAD CMakeFiles/NUCLEO-F429ZI.elf.dir/third-party/rkh/source/trc/src/rkhtrc_stream.c.obj
LOAD CMakeFiles/NUCLEO-F429ZI.elf.dir/third-party/stm32-sapi/src/sapi_datatypes.c.obj
LOAD CMakeFiles/NUCLEO-F429ZI.elf.dir/third-party/stm32-sapi/src/sapi_gpio.c.obj
LOAD CMakeFiles/NUCLEO-F429ZI.elf.dir/third-party/stm32-sapi/src/sapi_tick.c.obj
LOAD CMakeFiles/NUCLEO-F429ZI.elf.dir/utilities/htons.c.obj
START GROUP
LOAD /Applications/ArmGNUToolchain/13.3.rel1/arm-none-eabi/bin/../lib/gcc/arm-none-eabi/13.3.1/thumb/v7e-m/nofp/libgcc.a
LOAD /Applications/ArmGNUToolchain/13.3.rel1/arm-none-eabi/bin/../lib/gcc/arm-none-eabi/13.3.1/../../../../arm-none-eabi/lib/thumb/v7e-m/nofp/libg.a
LOAD /Applications/ArmGNUToolchain/13.3.rel1/arm-none-eabi/bin/../lib/gcc/arm-none-eabi/13.3.1/../../../../arm-none-eabi/lib/thumb/v7e-m/nofp/libc.a
END GROUP
LOAD /Applications/ArmGNUToolchain/13.3.rel1/arm-none-eabi/bin/../lib/gcc/arm-none-eabi/13.3.1/thumb/v7e-m/nofp/crtend.o
LOAD /Applications/ArmGNUToolchain/13.3.rel1/arm-none-eabi/bin/../lib/gcc/arm-none-eabi/13.3.1/thumb/v7e-m/nofp/crtn.o
                0x20030000                        _estack = (ORIGIN (RAM) + LENGTH (RAM))
                0x00000200                        _Min_Heap_Size = 0x200
                0x00000400                        _Min_Stack_Size = 0x400

.isr_vector     0x08000000      0x1ac
                0x08000000                        . = ALIGN (0x4)
 *(.isr_vector)
 .isr_vector    0x08000000      0x1ac CMakeFiles/NUCLEO-F429ZI.elf.dir/Core/Startup/startup_stm32f429zitx.s.obj
                0x08000000                g_pfnVectors
                0x080001ac                        . = ALIGN (0x4)

.text           0x080001c0    0x13930
                0x080001c0                        . = ALIGN (0x4)
 *(.text)
 .text          0x080001c0      0x168 /Applications/ArmGNUToolchain/13.3.rel1/arm-none-eabi/bin/../lib/gcc/arm-none-eabi/13.3.1/thumb/v7e-m/nofp/libgcc.a(_arm_mulsf3.o)
                0x080001c0                __mulsf3
                0x080001c0                __aeabi_fmul
 .text          0x08000328      0x378 /Applications/ArmGNUToolchain/13.3.rel1/arm-none-eabi/bin/../lib/gcc/arm-none-eabi/13.3.1/thumb/v7e-m/nofp/libgcc.a(_arm_addsubdf3.o)
                0x08000328                __aeabi_drsub
                0x08000330                __subdf3
                0x08000330                __aeabi_dsub
                0x08000334                __aeabi_dadd
                0x08000334                __adddf3
                0x080005ac                __aeabi_ui2d
                0x080005ac                __floatunsidf
                0x080005cc                __floatsidf
                0x080005cc                __aeabi_i2d
                0x080005f0                __extendsfdf2
                0x080005f0                __aeabi_f2d
                0x08000634                __aeabi_ul2d
                0x08000634                __floatundidf
                0x08000644                __aeabi_l2d
                0x08000644                __floatdidf
 .text          0x080006a0      0x424 /Applications/ArmGNUToolchain/13.3.rel1/arm-none-eabi/bin/../lib/gcc/arm-none-eabi/13.3.1/thumb/v7e-m/nofp/libgcc.a(_arm_muldivdf3.o)
                0x080006a0                __aeabi_dmul
                0x080006a0                __muldf3
                0x080008f4                __aeabi_ddiv
                0x080008f4                __divdf3
 .text          0x08000ac4      0x110 /Applications/ArmGNUToolchain/13.3.rel1/arm-none-eabi/bin/../lib/gcc/arm-none-eabi/13.3.1/thumb/v7e-m/nofp/libgcc.a(_arm_cmpdf2.o)
                0x08000ac4                __gedf2
                0x08000ac4                __gtdf2
                0x08000acc                __ledf2
                0x08000acc                __ltdf2
                0x08000ad4                __cmpdf2
                0x08000ad4                __eqdf2
                0x08000ad4                __nedf2
                0x08000b50                __aeabi_cdrcmple
                0x08000b60                __aeabi_cdcmple
                0x08000b60                __aeabi_cdcmpeq
                0x08000b70                __aeabi_dcmpeq
                0x08000b84                __aeabi_dcmplt
                0x08000b98                __aeabi_dcmple
                0x08000bac                __aeabi_dcmpge
                0x08000bc0                __aeabi_dcmpgt
 .text          0x08000bd4       0x50 /Applications/ArmGNUToolchain/13.3.rel1/arm-none-eabi/bin/../lib/gcc/arm-none-eabi/13.3.1/thumb/v7e-m/nofp/libgcc.a(_arm_fixdfsi.o)
                0x08000bd4                __fixdfsi
                0x08000bd4                __aeabi_d2iz
 .text          0x08000c24       0x40 /Applications/ArmGNUToolchain/13.3.rel1/arm-none-eabi/bin/../lib/gcc/arm-none-eabi/13.3.1/thumb/v7e-m/nofp/libgcc.a(_arm_fixunsdfsi.o)
                0x08000c24                __fixunsdfsi
                0x08000c24                __aeabi_d2uiz
 .text          0x08000c64       0xa0 /Applications/ArmGNUToolchain/13.3.rel1/arm-none-eabi/bin/../lib/gcc/arm-none-eabi/13.3.1/thumb/v7e-m/nofp/libgcc.a(_arm_truncdfsf2.o)
                0x08000c64                __aeabi_d2f
                0x08000c64                __truncdfsf2
 .text          0x08000d04      0x21c /Applications/ArmGNUToolchain/13.3.rel1/arm-none-eabi/bin/../lib/gcc/arm-none-eabi/13.3.1/thumb/v7e-m/nofp/libgcc.a(_arm_addsubsf3.o)
                0x08000d04                __aeabi_frsub
                0x08000d0c                __aeabi_fsub
                0x08000d0c                __subsf3
                0x08000d10                __aeabi_fadd
                0x08000d10                __addsf3
                0x08000e70                __aeabi_ui2f
                0x08000e70                __floatunsisf
                0x08000e78                __floatsisf
                0x08000e78                __aeabi_i2f
                0x08000e94                __aeabi_ul2f
                0x08000e94                __floatundisf
                0x08000ea4                __aeabi_l2f
                0x08000ea4                __floatdisf
 .text          0x08000f20       0xec /Applications/ArmGNUToolchain/13.3.rel1/arm-none-eabi/bin/../lib/gcc/arm-none-eabi/13.3.1/thumb/v7e-m/nofp/libgcc.a(_arm_cmpsf2.o)
                0x08000f20                __gesf2
                0x08000f20                __gtsf2
                0x08000f28                __ltsf2
                0x08000f28                __lesf2
                0x08000f30                __nesf2
                0x08000f30                __eqsf2
                0x08000f30                __cmpsf2
                0x08000f90                __aeabi_cfrcmple
                0x08000f98                __aeabi_cfcmpeq
                0x08000f98                __aeabi_cfcmple
                0x08000fa8                __aeabi_fcmpeq
                0x08000fbc                __aeabi_fcmplt
                0x08000fd0                __aeabi_fcmple
                0x08000fe4                __aeabi_fcmpge
                0x08000ff8                __aeabi_fcmpgt
 .text          0x0800100c       0x30 /Applications/ArmGNUToolchain/13.3.rel1/arm-none-eabi/bin/../lib/gcc/arm-none-eabi/13.3.1/thumb/v7e-m/nofp/libgcc.a(_aeabi_uldivmod.o)
                0x0800100c                __aeabi_uldivmod
 .text          0x0800103c        0x4 /Applications/ArmGNUToolchain/13.3.rel1/arm-none-eabi/bin/../lib/gcc/arm-none-eabi/13.3.1/thumb/v7e-m/nofp/libgcc.a(_dvmd_tls.o)
                0x0800103c                __aeabi_ldiv0
                0x0800103c                __aeabi_idiv0
 .text          0x08001040      0x2e0 /Applications/ArmGNUToolchain/13.3.rel1/arm-none-eabi/bin/../lib/gcc/arm-none-eabi/13.3.1/../../../../arm-none-eabi/lib/thumb/v7e-m/nofp/libg.a(libc_a-strcmp.o)
                0x08001040                strcmp
 .text          0x08001320      0x134 /Applications/ArmGNUToolchain/13.3.rel1/arm-none-eabi/bin/../lib/gcc/arm-none-eabi/13.3.1/../../../../arm-none-eabi/lib/thumb/v7e-m/nofp/libg.a(libc_a-memcpy.o)
                0x08001320                memcpy
 *fill*         0x08001454       0x2c 
 .text          0x08001480       0xd8 /Applications/ArmGNUToolchain/13.3.rel1/arm-none-eabi/bin/../lib/gcc/arm-none-eabi/13.3.1/../../../../arm-none-eabi/lib/thumb/v7e-m/nofp/libg.a(libc_a-strlen.o)
                0x08001480                strlen
 *fill*         0x08001558        0x8 
 .text          0x08001560       0xa0 /Applications/ArmGNUToolchain/13.3.rel1/arm-none-eabi/bin/../lib/gcc/arm-none-eabi/13.3.1/../../../../arm-none-eabi/lib/thumb/v7e-m/nofp/libg.a(libc_a-memchr.o)
                0x08001560                memchr
 .text          0x08001600       0x2c /Applications/ArmGNUToolchain/13.3.rel1/arm-none-eabi/bin/../lib/gcc/arm-none-eabi/13.3.1/thumb/v7e-m/nofp/libgcc.a(_arm_unorddf2.o)
                0x08001600                __aeabi_dcmpun
                0x08001600                __unorddf2
 *(.text*)
 .text.deregister_tm_clones
                0x0800162c       0x1c /Applications/ArmGNUToolchain/13.3.rel1/arm-none-eabi/bin/../lib/gcc/arm-none-eabi/13.3.1/thumb/v7e-m/nofp/crtbegin.o
 .text.register_tm_clones
                0x08001648       0x24 /Applications/ArmGNUToolchain/13.3.rel1/arm-none-eabi/bin/../lib/gcc/arm-none-eabi/13.3.1/thumb/v7e-m/nofp/crtbegin.o
 .text.__do_global_dtors_aux
                0x0800166c       0x28 /Applications/ArmGNUToolchain/13.3.rel1/arm-none-eabi/bin/../lib/gcc/arm-none-eabi/13.3.1/thumb/v7e-m/nofp/crtbegin.o
 .text.frame_dummy
                0x08001694       0x24 /Applications/ArmGNUToolchain/13.3.rel1/arm-none-eabi/bin/../lib/gcc/arm-none-eabi/13.3.1/thumb/v7e-m/nofp/crtbegin.o
 .text.MX_ETH_Init
                0x080016b8       0x70 CMakeFiles/NUCLEO-F429ZI.elf.dir/Core/Src/eth.c.obj
                0x080016b8                MX_ETH_Init
 .text.HAL_ETH_MspInit
                0x08001728      0x11c CMakeFiles/NUCLEO-F429ZI.elf.dir/Core/Src/eth.c.obj
                0x08001728                HAL_ETH_MspInit
 .text.MX_GPIO_Init
                0x08001844      0x108 CMakeFiles/NUCLEO-F429ZI.elf.dir/Core/Src/gpio.c.obj
                0x08001844                MX_GPIO_Init
 .text.onSwitchCb
                0x0800194c       0x40 CMakeFiles/NUCLEO-F429ZI.elf.dir/Core/Src/main.c.obj
 .text.simACb   0x0800198c       0x18 CMakeFiles/NUCLEO-F429ZI.elf.dir/Core/Src/main.c.obj
 .text.simBCb   0x080019a4        0x2 CMakeFiles/NUCLEO-F429ZI.elf.dir/Core/Src/main.c.obj
 *fill*         0x080019a6        0x2 
 .text.onMQTTCb
                0x080019a8       0x84 CMakeFiles/NUCLEO-F429ZI.elf.dir/Core/Src/main.c.obj
                0x080019a8                onMQTTCb
 .text.saltConfig
                0x08001a2c       0x8c CMakeFiles/NUCLEO-F429ZI.elf.dir/Core/Src/main.c.obj
 .text.onAnInCb
                0x08001ab8       0x94 CMakeFiles/NUCLEO-F429ZI.elf.dir/Core/Src/main.c.obj
 .text.onRelayErrorCb
                0x08001b4c       0x44 CMakeFiles/NUCLEO-F429ZI.elf.dir/Core/Src/main.c.obj
 .text.__io_putchar
                0x08001b90       0x20 CMakeFiles/NUCLEO-F429ZI.elf.dir/Core/Src/main.c.obj
                0x08001b90                __io_putchar
 .text.Error_Handler
                0x08001bb0        0x4 CMakeFiles/NUCLEO-F429ZI.elf.dir/Core/Src/main.c.obj
                0x08001bb0                Error_Handler
 .text.SystemClock_Config
                0x08001bb4       0xa8 CMakeFiles/NUCLEO-F429ZI.elf.dir/Core/Src/main.c.obj
                0x08001bb4                SystemClock_Config
 .text.main     0x08001c5c      0x168 CMakeFiles/NUCLEO-F429ZI.elf.dir/Core/Src/main.c.obj
                0x08001c5c                main
 .text.MX_SPI1_Init
                0x08001dc4       0x40 CMakeFiles/NUCLEO-F429ZI.elf.dir/Core/Src/spi.c.obj
                0x08001dc4                MX_SPI1_Init
 .text.HAL_SPI_MspInit
                0x08001e04       0x98 CMakeFiles/NUCLEO-F429ZI.elf.dir/Core/Src/spi.c.obj
                0x08001e04                HAL_SPI_MspInit
 .text.HAL_MspInit
                0x08001e9c       0x38 CMakeFiles/NUCLEO-F429ZI.elf.dir/Core/Src/stm32f4xx_hal_msp.c.obj
                0x08001e9c                HAL_MspInit
 .text.NMI_Handler
                0x08001ed4        0x2 CMakeFiles/NUCLEO-F429ZI.elf.dir/Core/Src/stm32f4xx_it.c.obj
                0x08001ed4                NMI_Handler
 .text.HardFault_Handler
                0x08001ed6        0x2 CMakeFiles/NUCLEO-F429ZI.elf.dir/Core/Src/stm32f4xx_it.c.obj
                0x08001ed6                HardFault_Handler
 .text.MemManage_Handler
                0x08001ed8        0x2 CMakeFiles/NUCLEO-F429ZI.elf.dir/Core/Src/stm32f4xx_it.c.obj
                0x08001ed8                MemManage_Handler
 .text.BusFault_Handler
                0x08001eda        0x2 CMakeFiles/NUCLEO-F429ZI.elf.dir/Core/Src/stm32f4xx_it.c.obj
                0x08001eda                BusFault_Handler
 .text.UsageFault_Handler
                0x08001edc        0x2 CMakeFiles/NUCLEO-F429ZI.elf.dir/Core/Src/stm32f4xx_it.c.obj
                0x08001edc                UsageFault_Handler
 .text.SVC_Handler
                0x08001ede        0x2 CMakeFiles/NUCLEO-F429ZI.elf.dir/Core/Src/stm32f4xx_it.c.obj
                0x08001ede                SVC_Handler
 .text.DebugMon_Handler
                0x08001ee0        0x2 CMakeFiles/NUCLEO-F429ZI.elf.dir/Core/Src/stm32f4xx_it.c.obj
                0x08001ee0                DebugMon_Handler
 .text.PendSV_Handler
                0x08001ee2        0x2 CMakeFiles/NUCLEO-F429ZI.elf.dir/Core/Src/stm32f4xx_it.c.obj
                0x08001ee2                PendSV_Handler
 .text.SysTick_Handler
                0x08001ee4       0x14 CMakeFiles/NUCLEO-F429ZI.elf.dir/Core/Src/stm32f4xx_it.c.obj
                0x08001ee4                SysTick_Handler
 .text.Systick_setCallback
                0x08001ef8       0x18 CMakeFiles/NUCLEO-F429ZI.elf.dir/Core/Src/stm32f4xx_it.c.obj
                0x08001ef8                Systick_setCallback
 .text._getpid  0x08001f10        0x4 CMakeFiles/NUCLEO-F429ZI.elf.dir/Core/Src/syscalls.c.obj
                0x08001f10                _getpid
 .text._kill    0x08001f14       0x10 CMakeFiles/NUCLEO-F429ZI.elf.dir/Core/Src/syscalls.c.obj
                0x08001f14                _kill
 .text._exit    0x08001f24        0xc CMakeFiles/NUCLEO-F429ZI.elf.dir/Core/Src/syscalls.c.obj
                0x08001f24                _exit
 .text._read    0x08001f30       0x20 CMakeFiles/NUCLEO-F429ZI.elf.dir/Core/Src/syscalls.c.obj
                0x08001f30                _read
 .text._write   0x08001f50       0x1c CMakeFiles/NUCLEO-F429ZI.elf.dir/Core/Src/syscalls.c.obj
                0x08001f50                _write
 .text._close   0x08001f6c        0x6 CMakeFiles/NUCLEO-F429ZI.elf.dir/Core/Src/syscalls.c.obj
                0x08001f6c                _close
 .text._fstat   0x08001f72        0xa CMakeFiles/NUCLEO-F429ZI.elf.dir/Core/Src/syscalls.c.obj
                0x08001f72                _fstat
 .text._isatty  0x08001f7c        0x4 CMakeFiles/NUCLEO-F429ZI.elf.dir/Core/Src/syscalls.c.obj
                0x08001f7c                _isatty
 .text._lseek   0x08001f80        0x4 CMakeFiles/NUCLEO-F429ZI.elf.dir/Core/Src/syscalls.c.obj
                0x08001f80                _lseek
 .text._sbrk    0x08001f84       0x48 CMakeFiles/NUCLEO-F429ZI.elf.dir/Core/Src/sysmem.c.obj
                0x08001f84                _sbrk
 .text.SystemInit
                0x08001fcc        0x2 CMakeFiles/NUCLEO-F429ZI.elf.dir/Core/Src/system_stm32f4xx.c.obj
                0x08001fcc                SystemInit
 *fill*         0x08001fce        0x2 
 .text.SystemCoreClockUpdate
                0x08001fd0       0xa0 CMakeFiles/NUCLEO-F429ZI.elf.dir/Core/Src/system_stm32f4xx.c.obj
                0x08001fd0                SystemCoreClockUpdate
 .text.MX_USART3_UART_Init
                0x08002070       0x34 CMakeFiles/NUCLEO-F429ZI.elf.dir/Core/Src/usart.c.obj
                0x08002070                MX_USART3_UART_Init
 .text.HAL_UART_MspInit
                0x080020a4       0x70 CMakeFiles/NUCLEO-F429ZI.elf.dir/Core/Src/usart.c.obj
                0x080020a4                HAL_UART_MspInit
 .text.MX_USB_OTG_FS_PCD_Init
                0x08002114       0x38 CMakeFiles/NUCLEO-F429ZI.elf.dir/Core/Src/usb_otg.c.obj
                0x08002114                MX_USB_OTG_FS_PCD_Init
 .text.HAL_PCD_MspInit
                0x0800214c       0x88 CMakeFiles/NUCLEO-F429ZI.elf.dir/Core/Src/usb_otg.c.obj
                0x0800214c                HAL_PCD_MspInit
 .text.Reset_Handler
                0x080021d4       0x50 CMakeFiles/NUCLEO-F429ZI.elf.dir/Core/Startup/startup_stm32f429zitx.s.obj
                0x080021d4                Reset_Handler
 .text.Default_Handler
                0x08002224        0x2 CMakeFiles/NUCLEO-F429ZI.elf.dir/Core/Startup/startup_stm32f429zitx.s.obj
                0x08002224                DMA1_Stream3_IRQHandler
                0x08002224                HASH_RNG_IRQHandler
                0x08002224                EXTI2_IRQHandler
                0x08002224                TIM8_CC_IRQHandler
                0x08002224                UART8_IRQHandler
                0x08002224                SPI4_IRQHandler
                0x08002224                TIM1_CC_IRQHandler
                0x08002224                DMA2_Stream5_IRQHandler
                0x08002224                DMA1_Stream5_IRQHandler
                0x08002224                PVD_IRQHandler
                0x08002224                SDIO_IRQHandler
                0x08002224                TAMP_STAMP_IRQHandler
                0x08002224                CAN2_RX1_IRQHandler
                0x08002224                EXTI3_IRQHandler
                0x08002224                TIM8_TRG_COM_TIM14_IRQHandler
                0x08002224                TIM1_UP_TIM10_IRQHandler
                0x08002224                TIM8_UP_TIM13_IRQHandler
                0x08002224                I2C3_ER_IRQHandler
                0x08002224                I2C2_EV_IRQHandler
                0x08002224                DMA1_Stream2_IRQHandler
                0x08002224                CAN1_RX0_IRQHandler
                0x08002224                FPU_IRQHandler
                0x08002224                OTG_HS_WKUP_IRQHandler
                0x08002224                LTDC_ER_IRQHandler
                0x08002224                CAN2_SCE_IRQHandler
                0x08002224                DMA2_Stream2_IRQHandler
                0x08002224                SPI1_IRQHandler
                0x08002224                TIM6_DAC_IRQHandler
                0x08002224                TIM1_BRK_TIM9_IRQHandler
                0x08002224                DCMI_IRQHandler
                0x08002224                CAN2_RX0_IRQHandler
                0x08002224                DMA2_Stream3_IRQHandler
                0x08002224                USART6_IRQHandler
                0x08002224                CAN1_RX1_IRQHandler
                0x08002224                UART5_IRQHandler
                0x08002224                DMA2_Stream0_IRQHandler
                0x08002224                TIM4_IRQHandler
                0x08002224                I2C1_EV_IRQHandler
                0x08002224                DMA1_Stream6_IRQHandler
                0x08002224                DMA1_Stream1_IRQHandler
                0x08002224                TIM3_IRQHandler
                0x08002224                RCC_IRQHandler
                0x08002224                TIM8_BRK_TIM12_IRQHandler
                0x08002224                Default_Handler
                0x08002224                ADC_IRQHandler
                0x08002224                DMA1_Stream7_IRQHandler
                0x08002224                SPI5_IRQHandler
                0x08002224                TIM7_IRQHandler
                0x08002224                CAN2_TX_IRQHandler
                0x08002224                TIM5_IRQHandler
                0x08002224                DMA2_Stream7_IRQHandler
                0x08002224                I2C3_EV_IRQHandler
                0x08002224                EXTI9_5_IRQHandler
                0x08002224                RTC_WKUP_IRQHandler
                0x08002224                LTDC_IRQHandler
                0x08002224                ETH_WKUP_IRQHandler
                0x08002224                SPI2_IRQHandler
                0x08002224                OTG_HS_EP1_IN_IRQHandler
                0x08002224                DMA1_Stream0_IRQHandler
                0x08002224                CAN1_TX_IRQHandler
                0x08002224                EXTI4_IRQHandler
                0x08002224                ETH_IRQHandler
                0x08002224                OTG_HS_EP1_OUT_IRQHandler
                0x08002224                WWDG_IRQHandler
                0x08002224                SPI6_IRQHandler
                0x08002224                TIM2_IRQHandler
                0x08002224                OTG_FS_WKUP_IRQHandler
                0x08002224                TIM1_TRG_COM_TIM11_IRQHandler
                0x08002224                OTG_HS_IRQHandler
                0x08002224                DMA2D_IRQHandler
                0x08002224                UART7_IRQHandler
                0x08002224                I2C2_ER_IRQHandler
                0x08002224                DMA2_Stream1_IRQHandler
                0x08002224                CAN1_SCE_IRQHandler
                0x08002224                FLASH_IRQHandler
                0x08002224                DMA2_Stream4_IRQHandler
                0x08002224                OTG_FS_IRQHandler
                0x08002224                SPI3_IRQHandler
                0x08002224                DMA1_Stream4_IRQHandler
                0x08002224                I2C1_ER_IRQHandler
                0x08002224                FMC_IRQHandler
                0x08002224                DMA2_Stream6_IRQHandler
                0x08002224                SAI1_IRQHandler
                0x08002224                RTC_Alarm_IRQHandler
 *fill*         0x08002226        0x2 
 .text.HAL_InitTick
                0x08002228       0x4c CMakeFiles/NUCLEO-F429ZI.elf.dir/Drivers/STM32F4xx_HAL_Driver/Src/stm32f4xx_hal.c.obj
                0x08002228                HAL_InitTick
 .text.HAL_Init
                0x08002274       0x34 CMakeFiles/NUCLEO-F429ZI.elf.dir/Drivers/STM32F4xx_HAL_Driver/Src/stm32f4xx_hal.c.obj
                0x08002274                HAL_Init
 .text.HAL_IncTick
                0x080022a8       0x18 CMakeFiles/NUCLEO-F429ZI.elf.dir/Drivers/STM32F4xx_HAL_Driver/Src/stm32f4xx_hal.c.obj
                0x080022a8                HAL_IncTick
 .text.HAL_GetTick
                0x080022c0        0xc CMakeFiles/NUCLEO-F429ZI.elf.dir/Drivers/STM32F4xx_HAL_Driver/Src/stm32f4xx_hal.c.obj
                0x080022c0                HAL_GetTick
 .text.HAL_Delay
                0x080022cc       0x28 CMakeFiles/NUCLEO-F429ZI.elf.dir/Drivers/STM32F4xx_HAL_Driver/Src/stm32f4xx_hal.c.obj
                0x080022cc                HAL_Delay
 .text.__NVIC_DisableIRQ
                0x080022f4       0x24 CMakeFiles/NUCLEO-F429ZI.elf.dir/Drivers/STM32F4xx_HAL_Driver/Src/stm32f4xx_hal_cortex.c.obj
 .text.__NVIC_SetPriority
                0x08002318       0x28 CMakeFiles/NUCLEO-F429ZI.elf.dir/Drivers/STM32F4xx_HAL_Driver/Src/stm32f4xx_hal_cortex.c.obj
 .text.NVIC_EncodePriority
                0x08002340       0x3e CMakeFiles/NUCLEO-F429ZI.elf.dir/Drivers/STM32F4xx_HAL_Driver/Src/stm32f4xx_hal_cortex.c.obj
 *fill*         0x0800237e        0x2 
 .text.HAL_NVIC_SetPriorityGrouping
                0x08002380       0x24 CMakeFiles/NUCLEO-F429ZI.elf.dir/Drivers/STM32F4xx_HAL_Driver/Src/stm32f4xx_hal_cortex.c.obj
                0x08002380                HAL_NVIC_SetPriorityGrouping
 .text.HAL_NVIC_SetPriority
                0x080023a4       0x20 CMakeFiles/NUCLEO-F429ZI.elf.dir/Drivers/STM32F4xx_HAL_Driver/Src/stm32f4xx_hal_cortex.c.obj
                0x080023a4                HAL_NVIC_SetPriority
 .text.HAL_NVIC_EnableIRQ
                0x080023c4       0x1c CMakeFiles/NUCLEO-F429ZI.elf.dir/Drivers/STM32F4xx_HAL_Driver/Src/stm32f4xx_hal_cortex.c.obj
                0x080023c4                HAL_NVIC_EnableIRQ
 .text.HAL_NVIC_DisableIRQ
                0x080023e0        0x8 CMakeFiles/NUCLEO-F429ZI.elf.dir/Drivers/STM32F4xx_HAL_Driver/Src/stm32f4xx_hal_cortex.c.obj
                0x080023e0                HAL_NVIC_DisableIRQ
 .text.HAL_SYSTICK_Config
                0x080023e8       0x28 CMakeFiles/NUCLEO-F429ZI.elf.dir/Drivers/STM32F4xx_HAL_Driver/Src/stm32f4xx_hal_cortex.c.obj
                0x080023e8                HAL_SYSTICK_Config
 .text.HAL_DMA_Abort
                0x08002410       0x94 CMakeFiles/NUCLEO-F429ZI.elf.dir/Drivers/STM32F4xx_HAL_Driver/Src/stm32f4xx_hal_dma.c.obj
                0x08002410                HAL_DMA_Abort
 .text.HAL_DMA_Abort_IT
                0x080024a4       0x26 CMakeFiles/NUCLEO-F429ZI.elf.dir/Drivers/STM32F4xx_HAL_Driver/Src/stm32f4xx_hal_dma.c.obj
                0x080024a4                HAL_DMA_Abort_IT
 *fill*         0x080024ca        0x2 
 .text.ETH_MACAddressConfig
                0x080024cc       0x30 CMakeFiles/NUCLEO-F429ZI.elf.dir/Drivers/STM32F4xx_HAL_Driver/Src/stm32f4xx_hal_eth.c.obj
 .text.ETH_DMATxDescListInit
                0x080024fc       0x6e CMakeFiles/NUCLEO-F429ZI.elf.dir/Drivers/STM32F4xx_HAL_Driver/Src/stm32f4xx_hal_eth.c.obj
 .text.ETH_DMARxDescListInit
                0x0800256a       0x84 CMakeFiles/NUCLEO-F429ZI.elf.dir/Drivers/STM32F4xx_HAL_Driver/Src/stm32f4xx_hal_eth.c.obj
 *fill*         0x080025ee        0x2 
 .text.ETH_SetMACConfig
                0x080025f0       0xfc CMakeFiles/NUCLEO-F429ZI.elf.dir/Drivers/STM32F4xx_HAL_Driver/Src/stm32f4xx_hal_eth.c.obj
 .text.ETH_SetDMAConfig
                0x080026ec       0xc0 CMakeFiles/NUCLEO-F429ZI.elf.dir/Drivers/STM32F4xx_HAL_Driver/Src/stm32f4xx_hal_eth.c.obj
 .text.ETH_MACDMAConfig
                0x080027ac       0xa2 CMakeFiles/NUCLEO-F429ZI.elf.dir/Drivers/STM32F4xx_HAL_Driver/Src/stm32f4xx_hal_eth.c.obj
 *fill*         0x0800284e        0x2 
 .text.HAL_ETH_Init
                0x08002850       0xc0 CMakeFiles/NUCLEO-F429ZI.elf.dir/Drivers/STM32F4xx_HAL_Driver/Src/stm32f4xx_hal_eth.c.obj
                0x08002850                HAL_ETH_Init
 .text.HAL_GPIO_Init
                0x08002910      0x20c CMakeFiles/NUCLEO-F429ZI.elf.dir/Drivers/STM32F4xx_HAL_Driver/Src/stm32f4xx_hal_gpio.c.obj
                0x08002910                HAL_GPIO_Init
 .text.HAL_GPIO_ReadPin
                0x08002b1c        0xe CMakeFiles/NUCLEO-F429ZI.elf.dir/Drivers/STM32F4xx_HAL_Driver/Src/stm32f4xx_hal_gpio.c.obj
                0x08002b1c                HAL_GPIO_ReadPin
 .text.HAL_GPIO_WritePin
                0x08002b2a        0xc CMakeFiles/NUCLEO-F429ZI.elf.dir/Drivers/STM32F4xx_HAL_Driver/Src/stm32f4xx_hal_gpio.c.obj
                0x08002b2a                HAL_GPIO_WritePin
 *fill*         0x08002b36        0x2 
 .text.HAL_GPIO_EXTI_IRQHandler
                0x08002b38       0x1c CMakeFiles/NUCLEO-F429ZI.elf.dir/Drivers/STM32F4xx_HAL_Driver/Src/stm32f4xx_hal_gpio.c.obj
                0x08002b38                HAL_GPIO_EXTI_IRQHandler
 .text.HAL_PCD_Init
                0x08002b54      0x12e CMakeFiles/NUCLEO-F429ZI.elf.dir/Drivers/STM32F4xx_HAL_Driver/Src/stm32f4xx_hal_pcd.c.obj
                0x08002b54                HAL_PCD_Init
 *fill*         0x08002c82        0x2 
 .text.HAL_RCC_OscConfig
                0x08002c84      0x3f8 CMakeFiles/NUCLEO-F429ZI.elf.dir/Drivers/STM32F4xx_HAL_Driver/Src/stm32f4xx_hal_rcc.c.obj
                0x08002c84                HAL_RCC_OscConfig
 .text.HAL_RCC_GetSysClockFreq
                0x0800307c       0xdc CMakeFiles/NUCLEO-F429ZI.elf.dir/Drivers/STM32F4xx_HAL_Driver/Src/stm32f4xx_hal_rcc.c.obj
                0x0800307c                HAL_RCC_GetSysClockFreq
 .text.HAL_RCC_ClockConfig
                0x08003158      0x160 CMakeFiles/NUCLEO-F429ZI.elf.dir/Drivers/STM32F4xx_HAL_Driver/Src/stm32f4xx_hal_rcc.c.obj
                0x08003158                HAL_RCC_ClockConfig
 .text.HAL_RCC_GetHCLKFreq
                0x080032b8        0xc CMakeFiles/NUCLEO-F429ZI.elf.dir/Drivers/STM32F4xx_HAL_Driver/Src/stm32f4xx_hal_rcc.c.obj
                0x080032b8                HAL_RCC_GetHCLKFreq
 .text.HAL_RCC_GetPCLK1Freq
                0x080032c4       0x20 CMakeFiles/NUCLEO-F429ZI.elf.dir/Drivers/STM32F4xx_HAL_Driver/Src/stm32f4xx_hal_rcc.c.obj
                0x080032c4                HAL_RCC_GetPCLK1Freq
 .text.HAL_RCC_GetPCLK2Freq
                0x080032e4       0x20 CMakeFiles/NUCLEO-F429ZI.elf.dir/Drivers/STM32F4xx_HAL_Driver/Src/stm32f4xx_hal_rcc.c.obj
                0x080032e4                HAL_RCC_GetPCLK2Freq
 .text.HAL_SPI_Init
                0x08003304       0xbe CMakeFiles/NUCLEO-F429ZI.elf.dir/Drivers/STM32F4xx_HAL_Driver/Src/stm32f4xx_hal_spi.c.obj
                0x08003304                HAL_SPI_Init
 .text.UART_EndRxTransfer
                0x080033c2       0x5c CMakeFiles/NUCLEO-F429ZI.elf.dir/Drivers/STM32F4xx_HAL_Driver/Src/stm32f4xx_hal_uart.c.obj
 .text.UART_Transmit_IT
                0x0800341e       0x60 CMakeFiles/NUCLEO-F429ZI.elf.dir/Drivers/STM32F4xx_HAL_Driver/Src/stm32f4xx_hal_uart.c.obj
 *fill*         0x0800347e        0x2 
 .text.UART_SetConfig
                0x08003480      0x110 CMakeFiles/NUCLEO-F429ZI.elf.dir/Drivers/STM32F4xx_HAL_Driver/Src/stm32f4xx_hal_uart.c.obj
 .text.UART_WaitOnFlagUntilTimeout
                0x08003590       0x84 CMakeFiles/NUCLEO-F429ZI.elf.dir/Drivers/STM32F4xx_HAL_Driver/Src/stm32f4xx_hal_uart.c.obj
 .text.HAL_UART_Init
                0x08003614       0x5e CMakeFiles/NUCLEO-F429ZI.elf.dir/Drivers/STM32F4xx_HAL_Driver/Src/stm32f4xx_hal_uart.c.obj
                0x08003614                HAL_UART_Init
 .text.HAL_UART_Transmit
                0x08003672       0xd8 CMakeFiles/NUCLEO-F429ZI.elf.dir/Drivers/STM32F4xx_HAL_Driver/Src/stm32f4xx_hal_uart.c.obj
                0x08003672                HAL_UART_Transmit
 .text.HAL_UART_TxCpltCallback
                0x0800374a        0x2 CMakeFiles/NUCLEO-F429ZI.elf.dir/Drivers/STM32F4xx_HAL_Driver/Src/stm32f4xx_hal_uart.c.obj
                0x0800374a                HAL_UART_TxCpltCallback
 .text.UART_EndTransmit_IT
                0x0800374c       0x1a CMakeFiles/NUCLEO-F429ZI.elf.dir/Drivers/STM32F4xx_HAL_Driver/Src/stm32f4xx_hal_uart.c.obj
 .text.HAL_UART_RxCpltCallback
                0x08003766        0x2 CMakeFiles/NUCLEO-F429ZI.elf.dir/Drivers/STM32F4xx_HAL_Driver/Src/stm32f4xx_hal_uart.c.obj
                0x08003766                HAL_UART_RxCpltCallback
 .text.HAL_UART_ErrorCallback
                0x08003768        0x2 CMakeFiles/NUCLEO-F429ZI.elf.dir/Drivers/STM32F4xx_HAL_Driver/Src/stm32f4xx_hal_uart.c.obj
                0x08003768                HAL_UART_ErrorCallback
 .text.UART_DMAAbortOnError
                0x0800376a       0x10 CMakeFiles/NUCLEO-F429ZI.elf.dir/Drivers/STM32F4xx_HAL_Driver/Src/stm32f4xx_hal_uart.c.obj
 .text.HAL_UARTEx_RxEventCallback
                0x0800377a        0x2 CMakeFiles/NUCLEO-F429ZI.elf.dir/Drivers/STM32F4xx_HAL_Driver/Src/stm32f4xx_hal_uart.c.obj
                0x0800377a                HAL_UARTEx_RxEventCallback
 .text.UART_Receive_IT
                0x0800377c       0xe2 CMakeFiles/NUCLEO-F429ZI.elf.dir/Drivers/STM32F4xx_HAL_Driver/Src/stm32f4xx_hal_uart.c.obj
 *fill*         0x0800385e        0x2 
 .text.HAL_UART_IRQHandler
                0x08003860      0x27c CMakeFiles/NUCLEO-F429ZI.elf.dir/Drivers/STM32F4xx_HAL_Driver/Src/stm32f4xx_hal_uart.c.obj
                0x08003860                HAL_UART_IRQHandler
 .text.USB_CoreReset
                0x08003adc       0x50 CMakeFiles/NUCLEO-F429ZI.elf.dir/Drivers/STM32F4xx_HAL_Driver/Src/stm32f4xx_ll_usb.c.obj
 .text.USB_CoreInit
                0x08003b2c       0x8a CMakeFiles/NUCLEO-F429ZI.elf.dir/Drivers/STM32F4xx_HAL_Driver/Src/stm32f4xx_ll_usb.c.obj
                0x08003b2c                USB_CoreInit
 .text.USB_DisableGlobalInt
                0x08003bb6        0xc CMakeFiles/NUCLEO-F429ZI.elf.dir/Drivers/STM32F4xx_HAL_Driver/Src/stm32f4xx_ll_usb.c.obj
                0x08003bb6                USB_DisableGlobalInt
 *fill*         0x08003bc2        0x2 
 .text.USB_FlushTxFifo
                0x08003bc4       0x50 CMakeFiles/NUCLEO-F429ZI.elf.dir/Drivers/STM32F4xx_HAL_Driver/Src/stm32f4xx_ll_usb.c.obj
                0x08003bc4                USB_FlushTxFifo
 .text.USB_FlushRxFifo
                0x08003c14       0x4c CMakeFiles/NUCLEO-F429ZI.elf.dir/Drivers/STM32F4xx_HAL_Driver/Src/stm32f4xx_ll_usb.c.obj
                0x08003c14                USB_FlushRxFifo
 .text.USB_SetDevSpeed
                0x08003c60        0xe CMakeFiles/NUCLEO-F429ZI.elf.dir/Drivers/STM32F4xx_HAL_Driver/Src/stm32f4xx_ll_usb.c.obj
                0x08003c60                USB_SetDevSpeed
 *fill*         0x08003c6e        0x2 
 .text.USB_DevInit
                0x08003c70      0x190 CMakeFiles/NUCLEO-F429ZI.elf.dir/Drivers/STM32F4xx_HAL_Driver/Src/stm32f4xx_ll_usb.c.obj
                0x08003c70                USB_DevInit
 .text.USB_DevDisconnect
                0x08003e00       0x1c CMakeFiles/NUCLEO-F429ZI.elf.dir/Drivers/STM32F4xx_HAL_Driver/Src/stm32f4xx_ll_usb.c.obj
                0x08003e00                USB_DevDisconnect
 .text.USB_GetMode
                0x08003e1c        0x8 CMakeFiles/NUCLEO-F429ZI.elf.dir/Drivers/STM32F4xx_HAL_Driver/Src/stm32f4xx_ll_usb.c.obj
                0x08003e1c                USB_GetMode
 .text.USB_SetCurrentMode
                0x08003e24       0x62 CMakeFiles/NUCLEO-F429ZI.elf.dir/Drivers/STM32F4xx_HAL_Driver/Src/stm32f4xx_ll_usb.c.obj
                0x08003e24                USB_SetCurrentMode
 *fill*         0x08003e86        0x2 
 .text.SystickHook
                0x08003e88       0x24 CMakeFiles/NUCLEO-F429ZI.elf.dir/blinky/bsp/hook.c.obj
 .text.rkh_hook_start
                0x08003eac       0x18 CMakeFiles/NUCLEO-F429ZI.elf.dir/blinky/bsp/hook.c.obj
                0x08003eac                rkh_hook_start
 .text.rkh_hook_timetick
                0x08003ec4       0x14 CMakeFiles/NUCLEO-F429ZI.elf.dir/blinky/bsp/hook.c.obj
                0x08003ec4                rkh_hook_timetick
 .text.rkh_hook_idle
                0x08003ed8        0x4 CMakeFiles/NUCLEO-F429ZI.elf.dir/blinky/bsp/hook.c.obj
                0x08003ed8                rkh_hook_idle
 .text.BSP_LED_On
                0x08003edc       0x20 CMakeFiles/NUCLEO-F429ZI.elf.dir/bsp/stm32f4xx_nucleo_144.c.obj
                0x08003edc                BSP_LED_On
 .text.execute_list
                0x08003efc       0x12 CMakeFiles/NUCLEO-F429ZI.elf.dir/mTime/mTime.c.obj
 *fill*         0x08003f0e        0x2 
 .text.mTime_init
                0x08003f10       0x18 CMakeFiles/NUCLEO-F429ZI.elf.dir/mTime/mTime.c.obj
                0x08003f10                mTime_init
 .text.mTime_tick
                0x08003f28       0x5c CMakeFiles/NUCLEO-F429ZI.elf.dir/mTime/mTime.c.obj
                0x08003f28                mTime_tick
 .text.bsp_init
                0x08003f84       0x60 CMakeFiles/NUCLEO-F429ZI.elf.dir/salt/bsp/bsp-salt.c.obj
                0x08003f84                bsp_init
 .text.bsp_regStatus
                0x08003fe4        0xa CMakeFiles/NUCLEO-F429ZI.elf.dir/salt/bsp/bsp-salt.c.obj
                0x08003fe4                bsp_regStatus
 .text.bsp_netStatus
                0x08003fee        0xa CMakeFiles/NUCLEO-F429ZI.elf.dir/salt/bsp/bsp-salt.c.obj
                0x08003fee                bsp_netStatus
 .text.bsp_modStatusToggle
                0x08003ff8        0xa CMakeFiles/NUCLEO-F429ZI.elf.dir/salt/bsp/bsp-salt.c.obj
                0x08003ff8                bsp_modStatusToggle
 *fill*         0x08004002        0x2 
 .text.saltCfg_clientId
                0x08004004       0x10 CMakeFiles/NUCLEO-F429ZI.elf.dir/salt/configuration/saltCfg.c.obj
                0x08004004                saltCfg_clientId
 .text.saltCfg_topic
                0x08004014       0x28 CMakeFiles/NUCLEO-F429ZI.elf.dir/salt/configuration/saltCfg.c.obj
                0x08004014                saltCfg_topic
 *fill*         0x0800403c        0x4 
 .text.convertToSampleValue
                0x08004040       0x2c CMakeFiles/NUCLEO-F429ZI.elf.dir/salt/peripherals/analog-inputs/anIn.c.obj
                0x08004040                convertToSampleValue
 .text.anInInit
                0x0800406c       0x14 CMakeFiles/NUCLEO-F429ZI.elf.dir/salt/peripherals/analog-inputs/anIn.c.obj
                0x0800406c                anInInit
 .text.anInGet  0x08004080       0x14 CMakeFiles/NUCLEO-F429ZI.elf.dir/salt/peripherals/analog-inputs/anIn.c.obj
                0x08004080                anInGet
 .text.anInGetSample
                0x08004094        0xc CMakeFiles/NUCLEO-F429ZI.elf.dir/salt/peripherals/analog-inputs/anIn.c.obj
                0x08004094                anInGetSample
 .text.buzzerSetMode
                0x080040a0        0xc CMakeFiles/NUCLEO-F429ZI.elf.dir/salt/peripherals/ihm/buzzer.c.obj
                0x080040a0                buzzerSetMode
 .text.buzzerInit
                0x080040ac        0xa CMakeFiles/NUCLEO-F429ZI.elf.dir/salt/peripherals/ihm/buzzer.c.obj
                0x080040ac                buzzerInit
 *fill*         0x080040b6        0x2 
 .text.onSwitchGet
                0x080040b8       0x18 CMakeFiles/NUCLEO-F429ZI.elf.dir/salt/peripherals/ihm/onSwitch.c.obj
                0x080040b8                onSwitchGet
 .text.onSwitchSetIntCb
                0x080040d0        0xc CMakeFiles/NUCLEO-F429ZI.elf.dir/salt/peripherals/ihm/onSwitch.c.obj
                0x080040d0                onSwitchSetIntCb
 .text.onSwitchInit
                0x080040dc       0x60 CMakeFiles/NUCLEO-F429ZI.elf.dir/salt/peripherals/ihm/onSwitch.c.obj
                0x080040dc                onSwitchInit
 .text.HAL_GPIO_EXTI_Callback
                0x0800413c       0x1c CMakeFiles/NUCLEO-F429ZI.elf.dir/salt/peripherals/ihm/onSwitch.c.obj
                0x0800413c                HAL_GPIO_EXTI_Callback
 .text.EXTI15_10_IRQHandler
                0x08004158        0xc CMakeFiles/NUCLEO-F429ZI.elf.dir/salt/peripherals/ihm/onSwitch.c.obj
                0x08004158                EXTI15_10_IRQHandler
 .text.AS1116_CS_Deselect
                0x08004164       0x14 CMakeFiles/NUCLEO-F429ZI.elf.dir/salt/peripherals/ledPanel/as1116.c.obj
 .text.AS1116_CS_Select
                0x08004178       0x14 CMakeFiles/NUCLEO-F429ZI.elf.dir/salt/peripherals/ledPanel/as1116.c.obj
 .text.as1116WriteReg
                0x0800418c       0x2c CMakeFiles/NUCLEO-F429ZI.elf.dir/salt/peripherals/ledPanel/as1116.c.obj
 .text.as1116Init
                0x080041b8       0xcc CMakeFiles/NUCLEO-F429ZI.elf.dir/salt/peripherals/ledPanel/as1116.c.obj
                0x080041b8                as1116Init
 .text.as1116SetDigit
                0x08004284        0x2 CMakeFiles/NUCLEO-F429ZI.elf.dir/salt/peripherals/ledPanel/as1116.c.obj
                0x08004284                as1116SetDigit
 *fill*         0x08004286        0x2 
 .text.LED_Init
                0x08004288       0x48 CMakeFiles/NUCLEO-F429ZI.elf.dir/salt/peripherals/ledPanel/ledPanel.c.obj
 .text.ledPanelSetCfgInt
                0x080042d0       0xfc CMakeFiles/NUCLEO-F429ZI.elf.dir/salt/peripherals/ledPanel/ledPanel.c.obj
 .text.ledPanelSetCfg
                0x080043cc       0x58 CMakeFiles/NUCLEO-F429ZI.elf.dir/salt/peripherals/ledPanel/ledPanel.c.obj
                0x080043cc                ledPanelSetCfg
 .text.ledPanelInit
                0x08004424       0x44 CMakeFiles/NUCLEO-F429ZI.elf.dir/salt/peripherals/ledPanel/ledPanel.c.obj
                0x08004424                ledPanelInit
 .text.postFIFOEvtCmd
                0x08004468       0x2c CMakeFiles/NUCLEO-F429ZI.elf.dir/salt/peripherals/module-command/modcmdSim900.c.obj
 .text.sendModCmd_noArgs
                0x08004494       0x10 CMakeFiles/NUCLEO-F429ZI.elf.dir/salt/peripherals/module-command/modcmdSim900.c.obj
 .text.sendModCmd_rui16
                0x080044a4       0x10 CMakeFiles/NUCLEO-F429ZI.elf.dir/salt/peripherals/module-command/modcmdSim900.c.obj
 .text.sendModCmd_3StrArgs
                0x080044b4       0x10 CMakeFiles/NUCLEO-F429ZI.elf.dir/salt/peripherals/module-command/modcmdSim900.c.obj
 .text.doSearch
                0x080044c4       0x18 CMakeFiles/NUCLEO-F429ZI.elf.dir/salt/peripherals/module-command/modcmdSim900.c.obj
 .text.ModCmd_init
                0x080044dc       0x48 CMakeFiles/NUCLEO-F429ZI.elf.dir/salt/peripherals/module-command/modcmdSim900.c.obj
                0x080044dc                ModCmd_init
 .text.ModCmd_sync
                0x08004524       0x10 CMakeFiles/NUCLEO-F429ZI.elf.dir/salt/peripherals/module-command/modcmdSim900.c.obj
                0x08004524                ModCmd_sync
 .text.ModCmd_initStr
                0x08004534       0x10 CMakeFiles/NUCLEO-F429ZI.elf.dir/salt/peripherals/module-command/modcmdSim900.c.obj
                0x08004534                ModCmd_initStr
 .text.ModCmd_getPinStatus
                0x08004544       0x10 CMakeFiles/NUCLEO-F429ZI.elf.dir/salt/peripherals/module-command/modcmdSim900.c.obj
                0x08004544                ModCmd_getPinStatus
 .text.ModCmd_setPin
                0x08004554       0x10 CMakeFiles/NUCLEO-F429ZI.elf.dir/salt/peripherals/module-command/modcmdSim900.c.obj
                0x08004554                ModCmd_setPin
 .text.ModCmd_getRegStatus
                0x08004564       0x10 CMakeFiles/NUCLEO-F429ZI.elf.dir/salt/peripherals/module-command/modcmdSim900.c.obj
                0x08004564                ModCmd_getRegStatus
 .text.ModCmd_enableNetTime
                0x08004574       0x10 CMakeFiles/NUCLEO-F429ZI.elf.dir/salt/peripherals/module-command/modcmdSim900.c.obj
                0x08004574                ModCmd_enableNetTime
 .text.ModCmd_getImei
                0x08004584       0x10 CMakeFiles/NUCLEO-F429ZI.elf.dir/salt/peripherals/module-command/modcmdSim900.c.obj
                0x08004584                ModCmd_getImei
 .text.ModCmd_cipShutdown
                0x08004594       0x10 CMakeFiles/NUCLEO-F429ZI.elf.dir/salt/peripherals/module-command/modcmdSim900.c.obj
                0x08004594                ModCmd_cipShutdown
 .text.ModCmd_setManualGet
                0x080045a4       0x10 CMakeFiles/NUCLEO-F429ZI.elf.dir/salt/peripherals/module-command/modcmdSim900.c.obj
                0x080045a4                ModCmd_setManualGet
 .text.ModCmd_getLocalTime
                0x080045b4       0x10 CMakeFiles/NUCLEO-F429ZI.elf.dir/salt/peripherals/module-command/modcmdSim900.c.obj
                0x080045b4                ModCmd_getLocalTime
 .text.ModCmd_getOper
                0x080045c4       0x10 CMakeFiles/NUCLEO-F429ZI.elf.dir/salt/peripherals/module-command/modcmdSim900.c.obj
                0x080045c4                ModCmd_getOper
 .text.ModCmd_setupAPN
                0x080045d4       0x14 CMakeFiles/NUCLEO-F429ZI.elf.dir/salt/peripherals/module-command/modcmdSim900.c.obj
                0x080045d4                ModCmd_setupAPN
 .text.ModCmd_startGPRS
                0x080045e8       0x10 CMakeFiles/NUCLEO-F429ZI.elf.dir/salt/peripherals/module-command/modcmdSim900.c.obj
                0x080045e8                ModCmd_startGPRS
 .text.ModCmd_requestIP
                0x080045f8       0x10 CMakeFiles/NUCLEO-F429ZI.elf.dir/salt/peripherals/module-command/modcmdSim900.c.obj
                0x080045f8                ModCmd_requestIP
 .text.ModCmd_getConnStatus
                0x08004608       0x10 CMakeFiles/NUCLEO-F429ZI.elf.dir/salt/peripherals/module-command/modcmdSim900.c.obj
                0x08004608                ModCmd_getConnStatus
 .text.ModCmd_connect
                0x08004618       0x14 CMakeFiles/NUCLEO-F429ZI.elf.dir/salt/peripherals/module-command/modcmdSim900.c.obj
                0x08004618                ModCmd_connect
 .text.ModCmd_disconnect
                0x0800462c       0x10 CMakeFiles/NUCLEO-F429ZI.elf.dir/salt/peripherals/module-command/modcmdSim900.c.obj
                0x0800462c                ModCmd_disconnect
 .text.ModCmd_sendDataRequest
                0x0800463c       0x10 CMakeFiles/NUCLEO-F429ZI.elf.dir/salt/peripherals/module-command/modcmdSim900.c.obj
                0x0800463c                ModCmd_sendDataRequest
 .text.ModCmd_sendData
                0x0800464c       0x18 CMakeFiles/NUCLEO-F429ZI.elf.dir/salt/peripherals/module-command/modcmdSim900.c.obj
                0x0800464c                ModCmd_sendData
 .text.ModCmd_readData
                0x08004664       0x10 CMakeFiles/NUCLEO-F429ZI.elf.dir/salt/peripherals/module-command/modcmdSim900.c.obj
                0x08004664                ModCmd_readData
 .text.ModCmd_errorReport
                0x08004674       0x10 CMakeFiles/NUCLEO-F429ZI.elf.dir/salt/peripherals/module-command/modcmdSim900.c.obj
                0x08004674                ModCmd_errorReport
 .text.ModCmd_startGPS
                0x08004684       0x10 CMakeFiles/NUCLEO-F429ZI.elf.dir/salt/peripherals/module-command/modcmdSim900.c.obj
                0x08004684                ModCmd_startGPS
 .text.pulseCounterInit
                0x08004694       0x28 CMakeFiles/NUCLEO-F429ZI.elf.dir/salt/peripherals/pulse-counter/pulseCounter.c.obj
                0x08004694                pulseCounterInit
 .text.GPIO_Init
                0x080046bc       0x70 CMakeFiles/NUCLEO-F429ZI.elf.dir/salt/peripherals/pulse-counter/pulseCounterFromEduCiaaBsp.c.obj
 .text.pulseCounterEnableInt
                0x0800472c       0x20 CMakeFiles/NUCLEO-F429ZI.elf.dir/salt/peripherals/pulse-counter/pulseCounterFromEduCiaaBsp.c.obj
                0x0800472c                pulseCounterEnableInt
 .text.pulseCounterInitBsp
                0x0800474c       0x2c CMakeFiles/NUCLEO-F429ZI.elf.dir/salt/peripherals/pulse-counter/pulseCounterFromEduCiaaBsp.c.obj
                0x0800474c                pulseCounterInitBsp
 .text.EXTI0_IRQHandler
                0x08004778        0xa CMakeFiles/NUCLEO-F429ZI.elf.dir/salt/peripherals/pulse-counter/pulseCounterFromEduCiaaBsp.c.obj
                0x08004778                EXTI0_IRQHandler
 .text.EXTI1_IRQHandler
                0x08004782        0xa CMakeFiles/NUCLEO-F429ZI.elf.dir/salt/peripherals/pulse-counter/pulseCounterFromEduCiaaBsp.c.obj
                0x08004782                EXTI1_IRQHandler
 .text.relayInit
                0x0800478c       0x24 CMakeFiles/NUCLEO-F429ZI.elf.dir/salt/peripherals/relay-control/relay.c.obj
                0x0800478c                relayInit
 .text.relaySetAlEnable
                0x080047b0       0x2e CMakeFiles/NUCLEO-F429ZI.elf.dir/salt/peripherals/relay-control/relay.c.obj
                0x080047b0                relaySetAlEnable
 .text.relaySetCTActive
                0x080047de       0x3a CMakeFiles/NUCLEO-F429ZI.elf.dir/salt/peripherals/relay-control/relay.c.obj
                0x080047de                relaySetCTActive
 .text.relaySetFEActive
                0x08004818       0x3a CMakeFiles/NUCLEO-F429ZI.elf.dir/salt/peripherals/relay-control/relay.c.obj
                0x08004818                relaySetFEActive
 .text.relaySetRemoteMode
                0x08004852        0xc CMakeFiles/NUCLEO-F429ZI.elf.dir/salt/peripherals/relay-control/relay.c.obj
                0x08004852                relaySetRemoteMode
 *fill*         0x0800485e        0x2 
 .text.GPIO_Clock_Enable
                0x08004860       0x38 CMakeFiles/NUCLEO-F429ZI.elf.dir/salt/peripherals/relay-control/relayFromEduCiaaBsp.c.obj
 .text.relaySetActivated
                0x08004898       0x28 CMakeFiles/NUCLEO-F429ZI.elf.dir/salt/peripherals/relay-control/relayFromEduCiaaBsp.c.obj
                0x08004898                relaySetActivated
 .text.relayInitBsp
                0x080048c0       0x5c CMakeFiles/NUCLEO-F429ZI.elf.dir/salt/peripherals/relay-control/relayFromEduCiaaBsp.c.obj
                0x080048c0                relayInitBsp
 .text.relayGetActivated
                0x0800491c       0x20 CMakeFiles/NUCLEO-F429ZI.elf.dir/salt/peripherals/relay-control/relayFromEduCiaaBsp.c.obj
                0x0800491c                relayGetActivated
 .text.USART1_IRQHandler
                0x0800493c       0x30 CMakeFiles/NUCLEO-F429ZI.elf.dir/salt/peripherals/serial/serial.c.obj
                0x0800493c                USART1_IRQHandler
 .text.USART2_IRQHandler
                0x0800496c       0x40 CMakeFiles/NUCLEO-F429ZI.elf.dir/salt/peripherals/serial/serial.c.obj
                0x0800496c                USART2_IRQHandler
 .text.USART3_IRQHandler
                0x080049ac       0x2c CMakeFiles/NUCLEO-F429ZI.elf.dir/salt/peripherals/serial/serial.c.obj
                0x080049ac                USART3_IRQHandler
 .text.UART4_IRQHandler
                0x080049d8       0x30 CMakeFiles/NUCLEO-F429ZI.elf.dir/salt/peripherals/serial/serial.c.obj
                0x080049d8                UART4_IRQHandler
 .text.serialInit
                0x08004a08       0xd0 CMakeFiles/NUCLEO-F429ZI.elf.dir/salt/peripherals/serial/serial.c.obj
                0x08004a08                serialInit
 .text.serialSetIntCb
                0x08004ad8       0x34 CMakeFiles/NUCLEO-F429ZI.elf.dir/salt/peripherals/serial/serial.c.obj
                0x08004ad8                serialSetIntCb
 .text.serialPutByte
                0x08004b0c       0x3c CMakeFiles/NUCLEO-F429ZI.elf.dir/salt/peripherals/serial/serial.c.obj
                0x08004b0c                serialPutByte
 .text.serialPutString
                0x08004b48       0x18 CMakeFiles/NUCLEO-F429ZI.elf.dir/salt/peripherals/serial/serial.c.obj
                0x08004b48                serialPutString
 .text.serialPutChars
                0x08004b60       0x2c CMakeFiles/NUCLEO-F429ZI.elf.dir/salt/peripherals/serial/serial.c.obj
                0x08004b60                serialPutChars
 .text.GPIO_Clock_Enable
                0x08004b8c       0x60 CMakeFiles/NUCLEO-F429ZI.elf.dir/salt/peripherals/sim808/sim808.c.obj
 .text.UART_Init
                0x08004bec       0x3c CMakeFiles/NUCLEO-F429ZI.elf.dir/salt/peripherals/sim808/sim808.c.obj
 .text.sim808SetControlPin
                0x08004c28       0xac CMakeFiles/NUCLEO-F429ZI.elf.dir/salt/peripherals/sim808/sim808.c.obj
                0x08004c28                sim808SetControlPin
 .text.sim808Init
                0x08004cd4       0x88 CMakeFiles/NUCLEO-F429ZI.elf.dir/salt/peripherals/sim808/sim808.c.obj
                0x08004cd4                sim808Init
 .text.crc16    0x08004d5c       0x38 CMakeFiles/NUCLEO-F429ZI.elf.dir/salt/peripherals/teloc/teloc.c.obj
                0x08004d5c                crc16
 .text.telocParse
                0x08004d94       0xbc CMakeFiles/NUCLEO-F429ZI.elf.dir/salt/peripherals/teloc/teloc.c.obj
                0x08004d94                telocParse
 .text.telocInit
                0x08004e50       0x38 CMakeFiles/NUCLEO-F429ZI.elf.dir/salt/peripherals/teloc/teloc.c.obj
                0x08004e50                telocInit
 .text.velEvGpsCallback
                0x08004e88       0x48 CMakeFiles/NUCLEO-F429ZI.elf.dir/salt/state-machines/connector-manager/conmgr.c.obj
 .text.open     0x08004ed0       0x18 CMakeFiles/NUCLEO-F429ZI.elf.dir/salt/state-machines/connector-manager/conmgr.c.obj
 .text.close    0x08004ee8       0x18 CMakeFiles/NUCLEO-F429ZI.elf.dir/salt/state-machines/connector-manager/conmgr.c.obj
 .text.setSigLevel
                0x08004f00        0x6 CMakeFiles/NUCLEO-F429ZI.elf.dir/salt/state-machines/connector-manager/conmgr.c.obj
 .text.initializeInit
                0x08004f06        0x8 CMakeFiles/NUCLEO-F429ZI.elf.dir/salt/state-machines/connector-manager/conmgr.c.obj
 .text.configureInit
                0x08004f0e        0x8 CMakeFiles/NUCLEO-F429ZI.elf.dir/salt/state-machines/connector-manager/conmgr.c.obj
 .text.connectInit
                0x08004f16        0x8 CMakeFiles/NUCLEO-F429ZI.elf.dir/salt/state-machines/connector-manager/conmgr.c.obj
 .text.connectTry
                0x08004f1e        0xc CMakeFiles/NUCLEO-F429ZI.elf.dir/salt/state-machines/connector-manager/conmgr.c.obj
 *fill*         0x08004f2a        0x2 
 .text.sendOk   0x08004f2c       0x20 CMakeFiles/NUCLEO-F429ZI.elf.dir/salt/state-machines/connector-manager/conmgr.c.obj
 .text.recvOk   0x08004f4c       0x20 CMakeFiles/NUCLEO-F429ZI.elf.dir/salt/state-machines/connector-manager/conmgr.c.obj
 .text.setGpsData
                0x08004f6c       0x16 CMakeFiles/NUCLEO-F429ZI.elf.dir/salt/state-machines/connector-manager/conmgr.c.obj
 .text.isConnected
                0x08004f82        0x8 CMakeFiles/NUCLEO-F429ZI.elf.dir/salt/state-machines/connector-manager/conmgr.c.obj
 .text.checkSyncTry
                0x08004f8a       0x10 CMakeFiles/NUCLEO-F429ZI.elf.dir/salt/state-machines/connector-manager/conmgr.c.obj
                0x08004f8a                checkSyncTry
 .text.checkConfigTry
                0x08004f9a       0x10 CMakeFiles/NUCLEO-F429ZI.elf.dir/salt/state-machines/connector-manager/conmgr.c.obj
                0x08004f9a                checkConfigTry
 .text.checkConnectTry
                0x08004faa       0x10 CMakeFiles/NUCLEO-F429ZI.elf.dir/salt/state-machines/connector-manager/conmgr.c.obj
                0x08004faa                checkConnectTry
 .text.checkConnectedFailCounter
                0x08004fba       0x10 CMakeFiles/NUCLEO-F429ZI.elf.dir/salt/state-machines/connector-manager/conmgr.c.obj
                0x08004fba                checkConnectedFailCounter
 *fill*         0x08004fca        0x2 
 .text.recvFail
                0x08004fcc       0x1c CMakeFiles/NUCLEO-F429ZI.elf.dir/salt/state-machines/connector-manager/conmgr.c.obj
 .text.sendFail
                0x08004fe8       0x1c CMakeFiles/NUCLEO-F429ZI.elf.dir/salt/state-machines/connector-manager/conmgr.c.obj
 .text.configTry
                0x08005004       0x12 CMakeFiles/NUCLEO-F429ZI.elf.dir/salt/state-machines/connector-manager/conmgr.c.obj
 .text.tryGetStatus
                0x08005016       0x12 CMakeFiles/NUCLEO-F429ZI.elf.dir/salt/state-machines/connector-manager/conmgr.c.obj
 .text.sendSync
                0x08005028       0x12 CMakeFiles/NUCLEO-F429ZI.elf.dir/salt/state-machines/connector-manager/conmgr.c.obj
 *fill*         0x0800503a        0x2 
 .text.setInitTimeOut
                0x0800503c       0x20 CMakeFiles/NUCLEO-F429ZI.elf.dir/salt/state-machines/connector-manager/conmgr.c.obj
 .text.startRegStatus
                0x0800505c       0x10 CMakeFiles/NUCLEO-F429ZI.elf.dir/salt/state-machines/connector-manager/conmgr.c.obj
 .text.failureEntry
                0x0800506c       0x20 CMakeFiles/NUCLEO-F429ZI.elf.dir/salt/state-machines/connector-manager/conmgr.c.obj
 .text.waitNetClockSyncEntry
                0x0800508c       0x20 CMakeFiles/NUCLEO-F429ZI.elf.dir/salt/state-machines/connector-manager/conmgr.c.obj
 .text.waitRetryConfigEntry
                0x080050ac       0x20 CMakeFiles/NUCLEO-F429ZI.elf.dir/salt/state-machines/connector-manager/conmgr.c.obj
 .text.connectingEntry
                0x080050cc       0x20 CMakeFiles/NUCLEO-F429ZI.elf.dir/salt/state-machines/connector-manager/conmgr.c.obj
 .text.idleEntry
                0x080050ec       0x20 CMakeFiles/NUCLEO-F429ZI.elf.dir/salt/state-machines/connector-manager/conmgr.c.obj
 .text.wReopenEntry
                0x0800510c       0x20 CMakeFiles/NUCLEO-F429ZI.elf.dir/salt/state-machines/connector-manager/conmgr.c.obj
 .text.waitRetryConnEntry
                0x0800512c       0x20 CMakeFiles/NUCLEO-F429ZI.elf.dir/salt/state-machines/connector-manager/conmgr.c.obj
 .text.sendInit
                0x0800514c        0x8 CMakeFiles/NUCLEO-F429ZI.elf.dir/salt/state-machines/connector-manager/conmgr.c.obj
 .text.errorReport
                0x08005154        0x8 CMakeFiles/NUCLEO-F429ZI.elf.dir/salt/state-machines/connector-manager/conmgr.c.obj
 .text.initGps  0x0800515c        0x8 CMakeFiles/NUCLEO-F429ZI.elf.dir/salt/state-machines/connector-manager/conmgr.c.obj
 .text.checkPin
                0x08005164        0x8 CMakeFiles/NUCLEO-F429ZI.elf.dir/salt/state-machines/connector-manager/conmgr.c.obj
 .text.setPin   0x0800516c        0xc CMakeFiles/NUCLEO-F429ZI.elf.dir/salt/state-machines/connector-manager/conmgr.c.obj
 .text.netTimeEnable
                0x08005178        0x8 CMakeFiles/NUCLEO-F429ZI.elf.dir/salt/state-machines/connector-manager/conmgr.c.obj
 .text.getImei  0x08005180        0x8 CMakeFiles/NUCLEO-F429ZI.elf.dir/salt/state-machines/connector-manager/conmgr.c.obj
 .text.storeOper
                0x08005188        0xc CMakeFiles/NUCLEO-F429ZI.elf.dir/salt/state-machines/connector-manager/conmgr.c.obj
 .text.storeImei
                0x08005194       0x1c CMakeFiles/NUCLEO-F429ZI.elf.dir/salt/state-machines/connector-manager/conmgr.c.obj
 .text.cipShutdown
                0x080051b0        0x8 CMakeFiles/NUCLEO-F429ZI.elf.dir/salt/state-machines/connector-manager/conmgr.c.obj
 .text.setupManualGet
                0x080051b8        0x8 CMakeFiles/NUCLEO-F429ZI.elf.dir/salt/state-machines/connector-manager/conmgr.c.obj
 .text.regExit  0x080051c0        0xa CMakeFiles/NUCLEO-F429ZI.elf.dir/salt/state-machines/connector-manager/conmgr.c.obj
 .text.regEntry
                0x080051ca        0xa CMakeFiles/NUCLEO-F429ZI.elf.dir/salt/state-machines/connector-manager/conmgr.c.obj
 .text.unregExit
                0x080051d4       0x14 CMakeFiles/NUCLEO-F429ZI.elf.dir/salt/state-machines/connector-manager/conmgr.c.obj
 .text.failureExit
                0x080051e8       0x12 CMakeFiles/NUCLEO-F429ZI.elf.dir/salt/state-machines/connector-manager/conmgr.c.obj
 .text.waitNetClockSyncExit
                0x080051fa        0xa CMakeFiles/NUCLEO-F429ZI.elf.dir/salt/state-machines/connector-manager/conmgr.c.obj
 .text.connectingExit
                0x08005204        0xa CMakeFiles/NUCLEO-F429ZI.elf.dir/salt/state-machines/connector-manager/conmgr.c.obj
 .text.idleExit
                0x0800520e        0xa CMakeFiles/NUCLEO-F429ZI.elf.dir/salt/state-machines/connector-manager/conmgr.c.obj
 .text.wReopenExit
                0x08005218        0xa CMakeFiles/NUCLEO-F429ZI.elf.dir/salt/state-machines/connector-manager/conmgr.c.obj
 .text.waitRetryConnExit
                0x08005222       0x12 CMakeFiles/NUCLEO-F429ZI.elf.dir/salt/state-machines/connector-manager/conmgr.c.obj
 .text.unregEntry
                0x08005234       0x48 CMakeFiles/NUCLEO-F429ZI.elf.dir/salt/state-machines/connector-manager/conmgr.c.obj
 .text.checkRegStatus
                0x0800527c        0x8 CMakeFiles/NUCLEO-F429ZI.elf.dir/salt/state-machines/connector-manager/conmgr.c.obj
 .text.localTimeGet
                0x08005284        0x8 CMakeFiles/NUCLEO-F429ZI.elf.dir/salt/state-machines/connector-manager/conmgr.c.obj
 .text.rtimeSync
                0x0800528c        0xa CMakeFiles/NUCLEO-F429ZI.elf.dir/salt/state-machines/connector-manager/conmgr.c.obj
 .text.getOper  0x08005296        0x8 CMakeFiles/NUCLEO-F429ZI.elf.dir/salt/state-machines/connector-manager/conmgr.c.obj
 *fill*         0x0800529e        0x2 
 .text.getAPNbyOper
                0x080052a0       0x28 CMakeFiles/NUCLEO-F429ZI.elf.dir/salt/state-machines/connector-manager/conmgr.c.obj
 .text.setupAPN
                0x080052c8       0x14 CMakeFiles/NUCLEO-F429ZI.elf.dir/salt/state-machines/connector-manager/conmgr.c.obj
 .text.startGPRS
                0x080052dc        0x8 CMakeFiles/NUCLEO-F429ZI.elf.dir/salt/state-machines/connector-manager/conmgr.c.obj
 .text.getConnStatus
                0x080052e4        0x8 CMakeFiles/NUCLEO-F429ZI.elf.dir/salt/state-machines/connector-manager/conmgr.c.obj
 .text.requestIp
                0x080052ec        0x8 CMakeFiles/NUCLEO-F429ZI.elf.dir/salt/state-machines/connector-manager/conmgr.c.obj
 .text.socketOpen
                0x080052f4       0x1c CMakeFiles/NUCLEO-F429ZI.elf.dir/salt/state-machines/connector-manager/conmgr.c.obj
 .text.socketClose
                0x08005310        0x8 CMakeFiles/NUCLEO-F429ZI.elf.dir/salt/state-machines/connector-manager/conmgr.c.obj
 .text.socketDisconnected
                0x08005318       0x20 CMakeFiles/NUCLEO-F429ZI.elf.dir/salt/state-machines/connector-manager/conmgr.c.obj
 .text.socketConnected
                0x08005338       0x24 CMakeFiles/NUCLEO-F429ZI.elf.dir/salt/state-machines/connector-manager/conmgr.c.obj
 .text.readData
                0x0800535c       0x18 CMakeFiles/NUCLEO-F429ZI.elf.dir/salt/state-machines/connector-manager/conmgr.c.obj
 .text.sendRequest
                0x08005374        0xe CMakeFiles/NUCLEO-F429ZI.elf.dir/salt/state-machines/connector-manager/conmgr.c.obj
 *fill*         0x08005382        0x2 
 .text.getStatusExit
                0x08005384       0x10 CMakeFiles/NUCLEO-F429ZI.elf.dir/salt/state-machines/connector-manager/conmgr.c.obj
 .text.defer    0x08005394       0x20 CMakeFiles/NUCLEO-F429ZI.elf.dir/salt/state-machines/connector-manager/conmgr.c.obj
 .text.flushData
                0x080053b4       0x10 CMakeFiles/NUCLEO-F429ZI.elf.dir/salt/state-machines/connector-manager/conmgr.c.obj
 .text.init     0x080053c4       0x3c CMakeFiles/NUCLEO-F429ZI.elf.dir/salt/state-machines/connector-manager/conmgr.c.obj
 .text.ConMgr_ReceiveDataGetRef
                0x08005400        0x8 CMakeFiles/NUCLEO-F429ZI.elf.dir/salt/state-machines/connector-manager/conmgr.c.obj
                0x08005400                ConMgr_ReceiveDataGetRef
 .text.ConMgr_imei
                0x08005408        0x8 CMakeFiles/NUCLEO-F429ZI.elf.dir/salt/state-machines/connector-manager/conmgr.c.obj
                0x08005408                ConMgr_imei
 .text.effect_enable
                0x08005410        0x2 CMakeFiles/NUCLEO-F429ZI.elf.dir/salt/state-machines/logic/logic.c.obj
 .text.effect_disable
                0x08005412        0x2 CMakeFiles/NUCLEO-F429ZI.elf.dir/salt/state-machines/logic/logic.c.obj
 .text.effect_cmdTOut
                0x08005414        0x8 CMakeFiles/NUCLEO-F429ZI.elf.dir/salt/state-machines/logic/logic.c.obj
 .text.entry_missing
                0x0800541c       0x1c CMakeFiles/NUCLEO-F429ZI.elf.dir/salt/state-machines/logic/logic.c.obj
 .text.exit_disable
                0x08005438        0x2 CMakeFiles/NUCLEO-F429ZI.elf.dir/salt/state-machines/logic/logic.c.obj
 .text.exit_controlAutomatic
                0x0800543a        0x2 CMakeFiles/NUCLEO-F429ZI.elf.dir/salt/state-machines/logic/logic.c.obj
 .text.exit_controlBlink
                0x0800543c        0x2 CMakeFiles/NUCLEO-F429ZI.elf.dir/salt/state-machines/logic/logic.c.obj
 .text.exit_controlAutomaticEnable
                0x0800543e        0x2 CMakeFiles/NUCLEO-F429ZI.elf.dir/salt/state-machines/logic/logic.c.obj
 .text.exit_controlBlinkEnable
                0x08005440        0x2 CMakeFiles/NUCLEO-F429ZI.elf.dir/salt/state-machines/logic/logic.c.obj
 .text.exit_controlBlinkDisable
                0x08005442        0x2 CMakeFiles/NUCLEO-F429ZI.elf.dir/salt/state-machines/logic/logic.c.obj
 .text.exit_controlBlinkBrake
                0x08005444        0x2 CMakeFiles/NUCLEO-F429ZI.elf.dir/salt/state-machines/logic/logic.c.obj
 .text.exit_hasler
                0x08005446        0x2 CMakeFiles/NUCLEO-F429ZI.elf.dir/salt/state-machines/logic/logic.c.obj
 .text.exit_external
                0x08005448        0x2 CMakeFiles/NUCLEO-F429ZI.elf.dir/salt/state-machines/logic/logic.c.obj
 .text.exit_gps
                0x0800544a        0x2 CMakeFiles/NUCLEO-F429ZI.elf.dir/salt/state-machines/logic/logic.c.obj
 .text.exit_missing
                0x0800544c        0x2 CMakeFiles/NUCLEO-F429ZI.elf.dir/salt/state-machines/logic/logic.c.obj
 .text.guard_cmdEnable
                0x0800544e       0x10 CMakeFiles/NUCLEO-F429ZI.elf.dir/salt/state-machines/logic/logic.c.obj
                0x0800544e                guard_cmdEnable
 .text.guard_cmdAutomatic
                0x0800545e        0xe CMakeFiles/NUCLEO-F429ZI.elf.dir/salt/state-machines/logic/logic.c.obj
                0x0800545e                guard_cmdAutomatic
 .text.guard_cmdAutomaticNot
                0x0800546c       0x16 CMakeFiles/NUCLEO-F429ZI.elf.dir/salt/state-machines/logic/logic.c.obj
                0x0800546c                guard_cmdAutomaticNot
 .text.guard_currentCmdStop
                0x08005482        0xc CMakeFiles/NUCLEO-F429ZI.elf.dir/salt/state-machines/logic/logic.c.obj
                0x08005482                guard_currentCmdStop
 .text.guard_currentCmdDrift
                0x0800548e        0xe CMakeFiles/NUCLEO-F429ZI.elf.dir/salt/state-machines/logic/logic.c.obj
                0x0800548e                guard_currentCmdDrift
 .text.guard_currentCmdIsolated
                0x0800549c        0xe CMakeFiles/NUCLEO-F429ZI.elf.dir/salt/state-machines/logic/logic.c.obj
                0x0800549c                guard_currentCmdIsolated
 .text.guard_cmdStopNot
                0x080054aa       0x14 CMakeFiles/NUCLEO-F429ZI.elf.dir/salt/state-machines/logic/logic.c.obj
                0x080054aa                guard_cmdStopNot
 .text.guard_cmdDriftNot
                0x080054be       0x16 CMakeFiles/NUCLEO-F429ZI.elf.dir/salt/state-machines/logic/logic.c.obj
                0x080054be                guard_cmdDriftNot
 .text.guard_cmdIsolatedNot
                0x080054d4       0x16 CMakeFiles/NUCLEO-F429ZI.elf.dir/salt/state-machines/logic/logic.c.obj
                0x080054d4                guard_cmdIsolatedNot
 .text.guard_VelAboveCTon
                0x080054ea       0x1c CMakeFiles/NUCLEO-F429ZI.elf.dir/salt/state-machines/logic/logic.c.obj
                0x080054ea                guard_VelAboveCTon
 .text.guard_currentVelAboveCTon
                0x08005506        0xc CMakeFiles/NUCLEO-F429ZI.elf.dir/salt/state-machines/logic/logic.c.obj
                0x08005506                guard_currentVelAboveCTon
 .text.guard_VelBelowCToff
                0x08005512       0x1c CMakeFiles/NUCLEO-F429ZI.elf.dir/salt/state-machines/logic/logic.c.obj
                0x08005512                guard_VelBelowCToff
 .text.guard_VelAboveFEon
                0x0800552e       0x1c CMakeFiles/NUCLEO-F429ZI.elf.dir/salt/state-machines/logic/logic.c.obj
                0x0800552e                guard_VelAboveFEon
 .text.guard_currentVelAboveFEon
                0x0800554a        0xc CMakeFiles/NUCLEO-F429ZI.elf.dir/salt/state-machines/logic/logic.c.obj
                0x0800554a                guard_currentVelAboveFEon
 .text.guard_nextBlinkBrake
                0x08005556       0x22 CMakeFiles/NUCLEO-F429ZI.elf.dir/salt/state-machines/logic/logic.c.obj
                0x08005556                guard_nextBlinkBrake
 .text.guard_velRightVel
                0x08005578       0x1c CMakeFiles/NUCLEO-F429ZI.elf.dir/salt/state-machines/logic/logic.c.obj
                0x08005578                guard_velRightVel
 .text.guard_velRight
                0x08005594        0xa CMakeFiles/NUCLEO-F429ZI.elf.dir/salt/state-machines/logic/logic.c.obj
                0x08005594                guard_velRight
 .text.guard_velDisp
                0x0800559e        0xc CMakeFiles/NUCLEO-F429ZI.elf.dir/salt/state-machines/logic/logic.c.obj
                0x0800559e                guard_velDisp
 .text.guard_velWrongVel
                0x080055aa        0xe CMakeFiles/NUCLEO-F429ZI.elf.dir/salt/state-machines/logic/logic.c.obj
                0x080055aa                guard_velWrongVel
 .text.guard_velWrong
                0x080055b8        0xa CMakeFiles/NUCLEO-F429ZI.elf.dir/salt/state-machines/logic/logic.c.obj
                0x080055b8                guard_velWrong
 .text.effect_gpsTout
                0x080055c2       0x10 CMakeFiles/NUCLEO-F429ZI.elf.dir/salt/state-machines/logic/logic.c.obj
 .text.configAlCtFe
                0x080055d2       0x62 CMakeFiles/NUCLEO-F429ZI.elf.dir/salt/state-machines/logic/logic.c.obj
 .text.exit_preventiveStop
                0x08005634        0xe CMakeFiles/NUCLEO-F429ZI.elf.dir/salt/state-machines/logic/logic.c.obj
 .text.exit_remoteStop
                0x08005642        0xe CMakeFiles/NUCLEO-F429ZI.elf.dir/salt/state-machines/logic/logic.c.obj
 .text.entry_remoteStop
                0x08005650        0xe CMakeFiles/NUCLEO-F429ZI.elf.dir/salt/state-machines/logic/logic.c.obj
 .text.exit_remoteDrift
                0x0800565e        0xe CMakeFiles/NUCLEO-F429ZI.elf.dir/salt/state-machines/logic/logic.c.obj
 .text.entry_remoteDrift
                0x0800566c        0xe CMakeFiles/NUCLEO-F429ZI.elf.dir/salt/state-machines/logic/logic.c.obj
 .text.exit_remoteIsolated
                0x0800567a        0xe CMakeFiles/NUCLEO-F429ZI.elf.dir/salt/state-machines/logic/logic.c.obj
 .text.entry_remoteIsolated
                0x08005688        0xe CMakeFiles/NUCLEO-F429ZI.elf.dir/salt/state-machines/logic/logic.c.obj
 .text.entry_controlAutomaticEnable
                0x08005696        0xe CMakeFiles/NUCLEO-F429ZI.elf.dir/salt/state-machines/logic/logic.c.obj
 .text.setVelDisplay
                0x080056a4       0xc4 CMakeFiles/NUCLEO-F429ZI.elf.dir/salt/state-machines/logic/logic.c.obj
 .text.entry_disable
                0x08005768       0x32 CMakeFiles/NUCLEO-F429ZI.elf.dir/salt/state-machines/logic/logic.c.obj
 .text.entry_enable
                0x0800579a       0x2c CMakeFiles/NUCLEO-F429ZI.elf.dir/salt/state-machines/logic/logic.c.obj
 .text.effect_vel
                0x080057c6        0xa CMakeFiles/NUCLEO-F429ZI.elf.dir/salt/state-machines/logic/logic.c.obj
 .text.entry_controlAutomatic
                0x080057d0        0xe CMakeFiles/NUCLEO-F429ZI.elf.dir/salt/state-machines/logic/logic.c.obj
 .text.entry_controlBlink
                0x080057de       0x14 CMakeFiles/NUCLEO-F429ZI.elf.dir/salt/state-machines/logic/logic.c.obj
 .text.exit_enable
                0x080057f2       0x14 CMakeFiles/NUCLEO-F429ZI.elf.dir/salt/state-machines/logic/logic.c.obj
 *fill*         0x08005806        0x2 
 .text.effect_cmd
                0x08005808       0xd0 CMakeFiles/NUCLEO-F429ZI.elf.dir/salt/state-machines/logic/logic.c.obj
 .text.effect_gps
                0x080058d8       0x3e CMakeFiles/NUCLEO-F429ZI.elf.dir/salt/state-machines/logic/logic.c.obj
 .text.entry_preventiveStop
                0x08005916       0x28 CMakeFiles/NUCLEO-F429ZI.elf.dir/salt/state-machines/logic/logic.c.obj
 *fill*         0x0800593e        0x2 
 .text.entry_controlBlinkEnable
                0x08005940       0x3c CMakeFiles/NUCLEO-F429ZI.elf.dir/salt/state-machines/logic/logic.c.obj
 .text.entry_controlBlinkDisable
                0x0800597c       0x3c CMakeFiles/NUCLEO-F429ZI.elf.dir/salt/state-machines/logic/logic.c.obj
 .text.entry_controlBlinkBrake
                0x080059b8       0x3c CMakeFiles/NUCLEO-F429ZI.elf.dir/salt/state-machines/logic/logic.c.obj
 .text.entry_hasler
                0x080059f4       0x1e CMakeFiles/NUCLEO-F429ZI.elf.dir/salt/state-machines/logic/logic.c.obj
 *fill*         0x08005a12        0x2 
 .text.effect_velHasler
                0x08005a14       0x3c CMakeFiles/NUCLEO-F429ZI.elf.dir/salt/state-machines/logic/logic.c.obj
 .text.entry_external
                0x08005a50       0x1e CMakeFiles/NUCLEO-F429ZI.elf.dir/salt/state-machines/logic/logic.c.obj
 *fill*         0x08005a6e        0x2 
 .text.effect_velExternal
                0x08005a70       0x3c CMakeFiles/NUCLEO-F429ZI.elf.dir/salt/state-machines/logic/logic.c.obj
 .text.entry_gps
                0x08005aac       0x1e CMakeFiles/NUCLEO-F429ZI.elf.dir/salt/state-machines/logic/logic.c.obj
 *fill*         0x08005aca        0x2 
 .text.effect_velGps
                0x08005acc       0x3c CMakeFiles/NUCLEO-F429ZI.elf.dir/salt/state-machines/logic/logic.c.obj
 .text.exit_remote
                0x08005b08       0x1a CMakeFiles/NUCLEO-F429ZI.elf.dir/salt/state-machines/logic/logic.c.obj
 .text.entry_remote
                0x08005b22       0x1a CMakeFiles/NUCLEO-F429ZI.elf.dir/salt/state-machines/logic/logic.c.obj
 .text.exit_controlAutomaticDisable
                0x08005b3c        0xa CMakeFiles/NUCLEO-F429ZI.elf.dir/salt/state-machines/logic/logic.c.obj
 .text.entry_controlAutomaticDisable
                0x08005b46       0x14 CMakeFiles/NUCLEO-F429ZI.elf.dir/salt/state-machines/logic/logic.c.obj
 .text.exit_controlAutomaticBrake
                0x08005b5a        0xa CMakeFiles/NUCLEO-F429ZI.elf.dir/salt/state-machines/logic/logic.c.obj
 .text.entry_controlAutomaticBrake
                0x08005b64       0x40 CMakeFiles/NUCLEO-F429ZI.elf.dir/salt/state-machines/logic/logic.c.obj
 *fill*         0x08005ba4        0x4 
 .text.init     0x08005ba8       0xe8 CMakeFiles/NUCLEO-F429ZI.elf.dir/salt/state-machines/logic/logic.c.obj
 .text.dispatch
                0x08005c90       0x16 CMakeFiles/NUCLEO-F429ZI.elf.dir/salt/state-machines/logic/logic.c.obj
 *fill*         0x08005ca6        0x2 
 .text.logic_ctor
                0x08005ca8       0x5c CMakeFiles/NUCLEO-F429ZI.elf.dir/salt/state-machines/logic/logic.c.obj
                0x08005ca8                logic_ctor
 .text.logic_getData
                0x08005d04       0x78 CMakeFiles/NUCLEO-F429ZI.elf.dir/salt/state-machines/logic/logic.c.obj
                0x08005d04                logic_getData
 .text.logic_getPublishPeriod
                0x08005d7c        0xc CMakeFiles/NUCLEO-F429ZI.elf.dir/salt/state-machines/logic/logic.c.obj
                0x08005d7c                logic_getPublishPeriod
 .text.sim808AChannelOpen
                0x08005d88        0x2 CMakeFiles/NUCLEO-F429ZI.elf.dir/salt/state-machines/module-manager/modmgr.c.obj
 .text.sim808AChannelClose
                0x08005d8a        0x2 CMakeFiles/NUCLEO-F429ZI.elf.dir/salt/state-machines/module-manager/modmgr.c.obj
 .text.isInterCmdTime
                0x08005d8c        0xe CMakeFiles/NUCLEO-F429ZI.elf.dir/salt/state-machines/module-manager/modmgr.c.obj
                0x08005d8c                isInterCmdTime
 .text.isDataCmd
                0x08005d9a        0xc CMakeFiles/NUCLEO-F429ZI.elf.dir/salt/state-machines/module-manager/modmgr.c.obj
                0x08005d9a                isDataCmd
 *fill*         0x08005da6        0x2 
 .text.forwardModMgrEvt
                0x08005da8       0x30 CMakeFiles/NUCLEO-F429ZI.elf.dir/salt/state-machines/module-manager/modmgr.c.obj
 .text.notifyURC
                0x08005dd8       0x10 CMakeFiles/NUCLEO-F429ZI.elf.dir/salt/state-machines/module-manager/modmgr.c.obj
 .text.defer    0x08005de8       0x10 CMakeFiles/NUCLEO-F429ZI.elf.dir/salt/state-machines/module-manager/modmgr.c.obj
 .text.sendCmd  0x08005df8       0x18 CMakeFiles/NUCLEO-F429ZI.elf.dir/salt/state-machines/module-manager/modmgr.c.obj
 .text.sendData
                0x08005e10       0x18 CMakeFiles/NUCLEO-F429ZI.elf.dir/salt/state-machines/module-manager/modmgr.c.obj
 .text.setupResponse
                0x08005e28       0x20 CMakeFiles/NUCLEO-F429ZI.elf.dir/salt/state-machines/module-manager/modmgr.c.obj
 .text.startDelay
                0x08005e48       0x20 CMakeFiles/NUCLEO-F429ZI.elf.dir/salt/state-machines/module-manager/modmgr.c.obj
 .text.noResponse
                0x08005e68       0x20 CMakeFiles/NUCLEO-F429ZI.elf.dir/salt/state-machines/module-manager/modmgr.c.obj
 .text.sendResponse
                0x08005e88       0x12 CMakeFiles/NUCLEO-F429ZI.elf.dir/salt/state-machines/module-manager/modmgr.c.obj
 *fill*         0x08005e9a        0x2 
 .text.moreCmd  0x08005e9c       0x1c CMakeFiles/NUCLEO-F429ZI.elf.dir/salt/state-machines/module-manager/modmgr.c.obj
 .text.initialization
                0x08005eb8       0x48 CMakeFiles/NUCLEO-F429ZI.elf.dir/salt/state-machines/module-manager/modmgr.c.obj
 .text.sim808APuts
                0x08005f00        0xc CMakeFiles/NUCLEO-F429ZI.elf.dir/salt/state-machines/module-manager/modmgr.c.obj
 .text.sim808APutnchar
                0x08005f0c        0xe CMakeFiles/NUCLEO-F429ZI.elf.dir/salt/state-machines/module-manager/modmgr.c.obj
 *fill*         0x08005f1a        0x2 
 .text.connack_response_callback
                0x08005f1c       0x24 CMakeFiles/NUCLEO-F429ZI.elf.dir/salt/state-machines/mqtt-protocol/mqttProt.c.obj
 .text.initSendOk
                0x08005f40        0x2 CMakeFiles/NUCLEO-F429ZI.elf.dir/salt/state-machines/mqtt-protocol/mqttProt.c.obj
 *fill*         0x08005f42        0x2 
 .text.activateSync
                0x08005f44       0x10 CMakeFiles/NUCLEO-F429ZI.elf.dir/salt/state-machines/mqtt-protocol/mqttProt.c.obj
 .text.releaseUse
                0x08005f54       0x14 CMakeFiles/NUCLEO-F429ZI.elf.dir/salt/state-machines/mqtt-protocol/mqttProt.c.obj
 .text.deactivateSync
                0x08005f68       0x10 CMakeFiles/NUCLEO-F429ZI.elf.dir/salt/state-machines/mqtt-protocol/mqttProt.c.obj
 .text.reconnect
                0x08005f78       0x18 CMakeFiles/NUCLEO-F429ZI.elf.dir/salt/state-machines/mqtt-protocol/mqttProt.c.obj
 .text.reconnectSync
                0x08005f90       0x14 CMakeFiles/NUCLEO-F429ZI.elf.dir/salt/state-machines/mqtt-protocol/mqttProt.c.obj
 .text.recvAll  0x08005fa4       0x18 CMakeFiles/NUCLEO-F429ZI.elf.dir/salt/state-machines/mqtt-protocol/mqttProt.c.obj
 .text.isConnectOk
                0x08005fbc       0x10 CMakeFiles/NUCLEO-F429ZI.elf.dir/salt/state-machines/mqtt-protocol/mqttProt.c.obj
 .text.isNotResend
                0x08005fcc       0x10 CMakeFiles/NUCLEO-F429ZI.elf.dir/salt/state-machines/mqtt-protocol/mqttProt.c.obj
 .text.isLocked
                0x08005fdc       0x30 CMakeFiles/NUCLEO-F429ZI.elf.dir/salt/state-machines/mqtt-protocol/mqttProt.c.obj
 .text.exWaitSync
                0x0800600c        0xa CMakeFiles/NUCLEO-F429ZI.elf.dir/salt/state-machines/mqtt-protocol/mqttProt.c.obj
 .text.exWaitToPublish
                0x08006016        0xa CMakeFiles/NUCLEO-F429ZI.elf.dir/salt/state-machines/mqtt-protocol/mqttProt.c.obj
 .text.enWaitSync
                0x08006020       0x3c CMakeFiles/NUCLEO-F429ZI.elf.dir/salt/state-machines/mqtt-protocol/mqttProt.c.obj
 .text.enWaitToPublish
                0x0800605c       0x3c CMakeFiles/NUCLEO-F429ZI.elf.dir/salt/state-machines/mqtt-protocol/mqttProt.c.obj
 .text.initRecvAll
                0x08006098        0x8 CMakeFiles/NUCLEO-F429ZI.elf.dir/salt/state-machines/mqtt-protocol/mqttProt.c.obj
 .text.isReconnect
                0x080060a0        0xc CMakeFiles/NUCLEO-F429ZI.elf.dir/salt/state-machines/mqtt-protocol/mqttProt.c.obj
 .text.recvFail
                0x080060ac       0x1c CMakeFiles/NUCLEO-F429ZI.elf.dir/salt/state-machines/mqtt-protocol/mqttProt.c.obj
 .text.sendAll  0x080060c8       0x30 CMakeFiles/NUCLEO-F429ZI.elf.dir/salt/state-machines/mqtt-protocol/mqttProt.c.obj
 .text.parseRecv
                0x080060f8       0x2c CMakeFiles/NUCLEO-F429ZI.elf.dir/salt/state-machines/mqtt-protocol/mqttProt.c.obj
 .text.brokerConnect
                0x08006124       0x68 CMakeFiles/NUCLEO-F429ZI.elf.dir/salt/state-machines/mqtt-protocol/mqttProt.c.obj
 .text.publish  0x0800618c       0x3e CMakeFiles/NUCLEO-F429ZI.elf.dir/salt/state-machines/mqtt-protocol/mqttProt.c.obj
 *fill*         0x080061ca        0x2 
 .text.noConsumed
                0x080061cc       0x14 CMakeFiles/NUCLEO-F429ZI.elf.dir/salt/state-machines/mqtt-protocol/mqttProt.c.obj
 .text.parseError
                0x080061e0       0x14 CMakeFiles/NUCLEO-F429ZI.elf.dir/salt/state-machines/mqtt-protocol/mqttProt.c.obj
 .text.isUnpackError
                0x080061f4       0x10 CMakeFiles/NUCLEO-F429ZI.elf.dir/salt/state-machines/mqtt-protocol/mqttProt.c.obj
 .text.handleRecvMsg
                0x08006204       0x14 CMakeFiles/NUCLEO-F429ZI.elf.dir/salt/state-machines/mqtt-protocol/mqttProt.c.obj
 .text.isConsumed
                0x08006218       0x10 CMakeFiles/NUCLEO-F429ZI.elf.dir/salt/state-machines/mqtt-protocol/mqttProt.c.obj
 .text.recvMsgError
                0x08006228       0x14 CMakeFiles/NUCLEO-F429ZI.elf.dir/salt/state-machines/mqtt-protocol/mqttProt.c.obj
 .text.cleanBuf
                0x0800623c       0x14 CMakeFiles/NUCLEO-F429ZI.elf.dir/salt/state-machines/mqtt-protocol/mqttProt.c.obj
 .text.isNotError
                0x08006250       0x10 CMakeFiles/NUCLEO-F429ZI.elf.dir/salt/state-machines/mqtt-protocol/mqttProt.c.obj
 .text.initSendAll
                0x08006260       0x14 CMakeFiles/NUCLEO-F429ZI.elf.dir/salt/state-machines/mqtt-protocol/mqttProt.c.obj
 .text.isRecvBufFull
                0x08006274       0x10 CMakeFiles/NUCLEO-F429ZI.elf.dir/salt/state-machines/mqtt-protocol/mqttProt.c.obj
 .text.isInitOk
                0x08006284       0x10 CMakeFiles/NUCLEO-F429ZI.elf.dir/salt/state-machines/mqtt-protocol/mqttProt.c.obj
 .text.endSendAll
                0x08006294        0xc CMakeFiles/NUCLEO-F429ZI.elf.dir/salt/state-machines/mqtt-protocol/mqttProt.c.obj
 .text.sendOneMsg
                0x080062a0       0x14 CMakeFiles/NUCLEO-F429ZI.elf.dir/salt/state-machines/mqtt-protocol/mqttProt.c.obj
 .text.isThereMsg
                0x080062b4       0x10 CMakeFiles/NUCLEO-F429ZI.elf.dir/salt/state-machines/mqtt-protocol/mqttProt.c.obj
 .text.nextSend
                0x080062c4       0x10 CMakeFiles/NUCLEO-F429ZI.elf.dir/salt/state-machines/mqtt-protocol/mqttProt.c.obj
 .text.setMsgState
                0x080062d4       0x14 CMakeFiles/NUCLEO-F429ZI.elf.dir/salt/state-machines/mqtt-protocol/mqttProt.c.obj
 .text.sendMsgFail
                0x080062e8       0x1c CMakeFiles/NUCLEO-F429ZI.elf.dir/salt/state-machines/mqtt-protocol/mqttProt.c.obj
 .text.isSetMsgStateOk
                0x08006304       0x10 CMakeFiles/NUCLEO-F429ZI.elf.dir/salt/state-machines/mqtt-protocol/mqttProt.c.obj
 .text.init     0x08006314       0x34 CMakeFiles/NUCLEO-F429ZI.elf.dir/salt/state-machines/mqtt-protocol/mqttProt.c.obj
 .text.pubDft   0x08006348       0x54 CMakeFiles/NUCLEO-F429ZI.elf.dir/salt/state-machines/mqtt-protocol/mqttProt.c.obj
 .text.dispatch
                0x0800639c       0x16 CMakeFiles/NUCLEO-F429ZI.elf.dir/salt/state-machines/mqtt-protocol/mqttProt.c.obj
 *fill*         0x080063b2        0x2 
 .text.configClient
                0x080063b4       0x18 CMakeFiles/NUCLEO-F429ZI.elf.dir/salt/state-machines/mqtt-protocol/mqttProt.c.obj
 .text.MQTTProt_ctor
                0x080063cc       0x78 CMakeFiles/NUCLEO-F429ZI.elf.dir/salt/state-machines/mqtt-protocol/mqttProt.c.obj
                0x080063cc                MQTTProt_ctor
 .text.GregorianDay
                0x08006444       0x88 CMakeFiles/NUCLEO-F429ZI.elf.dir/salt/utilities/date/date.c.obj
 .text.mk_date  0x080064cc       0xc0 CMakeFiles/NUCLEO-F429ZI.elf.dir/salt/utilities/date/date.c.obj
                0x080064cc                mk_date
 .text.str_time
                0x0800658c       0x2c CMakeFiles/NUCLEO-F429ZI.elf.dir/salt/utilities/date/date.c.obj
                0x0800658c                str_time
 .text.epoch_get
                0x080065b8        0xc CMakeFiles/NUCLEO-F429ZI.elf.dir/salt/utilities/epoch/epoch.c.obj
                0x080065b8                epoch_get
 .text.jsmn_alloc_token
                0x080065c4       0x26 CMakeFiles/NUCLEO-F429ZI.elf.dir/salt/utilities/parser/salt-command/saltCmd.c.obj
 .text.jsmn_fill_token
                0x080065ea        0xc CMakeFiles/NUCLEO-F429ZI.elf.dir/salt/utilities/parser/salt-command/saltCmd.c.obj
 *fill*         0x080065f6        0x2 
 .text.jsmn_parse_primitive
                0x080065f8       0xa0 CMakeFiles/NUCLEO-F429ZI.elf.dir/salt/utilities/parser/salt-command/saltCmd.c.obj
 .text.jsmn_parse_string
                0x08006698       0xec CMakeFiles/NUCLEO-F429ZI.elf.dir/salt/utilities/parser/salt-command/saltCmd.c.obj
 .text.jsmn_parse
                0x08006784      0x20c CMakeFiles/NUCLEO-F429ZI.elf.dir/salt/utilities/parser/salt-command/saltCmd.c.obj
                0x08006784                jsmn_parse
 .text.jsmn_init
                0x08006990        0xe CMakeFiles/NUCLEO-F429ZI.elf.dir/salt/utilities/parser/salt-command/saltCmd.c.obj
                0x08006990                jsmn_init
 *fill*         0x0800699e        0x2 
 .text.saltCmdParse
                0x080069a0      0x384 CMakeFiles/NUCLEO-F429ZI.elf.dir/salt/utilities/parser/salt-command/saltCmd.c.obj
                0x080069a0                saltCmdParse
 .text.isURC_set
                0x08006d24        0xc CMakeFiles/NUCLEO-F429ZI.elf.dir/salt/utilities/parser/sim900/sim900parser.c.obj
 .text.data_collect
                0x08006d30       0x24 CMakeFiles/NUCLEO-F429ZI.elf.dir/salt/utilities/parser/sim900/sim900parser.c.obj
 .text.lTimeInit
                0x08006d54       0x24 CMakeFiles/NUCLEO-F429ZI.elf.dir/salt/utilities/parser/sim900/sim900parser.c.obj
 .text.yearCollect
                0x08006d78       0x1c CMakeFiles/NUCLEO-F429ZI.elf.dir/salt/utilities/parser/sim900/sim900parser.c.obj
 .text.imeiInit
                0x08006d94       0x10 CMakeFiles/NUCLEO-F429ZI.elf.dir/salt/utilities/parser/sim900/sim900parser.c.obj
 .text.imeiCollect
                0x08006da4       0x1c CMakeFiles/NUCLEO-F429ZI.elf.dir/salt/utilities/parser/sim900/sim900parser.c.obj
 .text.copsInit
                0x08006dc0       0x10 CMakeFiles/NUCLEO-F429ZI.elf.dir/salt/utilities/parser/sim900/sim900parser.c.obj
 .text.copsCollect
                0x08006dd0       0x1c CMakeFiles/NUCLEO-F429ZI.elf.dir/salt/utilities/parser/sim900/sim900parser.c.obj
 .text.csqInit  0x08006dec       0x10 CMakeFiles/NUCLEO-F429ZI.elf.dir/salt/utilities/parser/sim900/sim900parser.c.obj
 .text.csqCollect
                0x08006dfc       0x20 CMakeFiles/NUCLEO-F429ZI.elf.dir/salt/utilities/parser/sim900/sim900parser.c.obj
 .text.dummy    0x08006e1c        0x2 CMakeFiles/NUCLEO-F429ZI.elf.dir/salt/utilities/parser/sim900/sim900parser.c.obj
 *fill*         0x08006e1e        0x2 
 .text.gpsInit  0x08006e20       0x24 CMakeFiles/NUCLEO-F429ZI.elf.dir/salt/utilities/parser/sim900/sim900parser.c.obj
 .text.gpsTimeCollect
                0x08006e44       0x1c CMakeFiles/NUCLEO-F429ZI.elf.dir/salt/utilities/parser/sim900/sim900parser.c.obj
 .text.gpsStatusSet
                0x08006e60       0x38 CMakeFiles/NUCLEO-F429ZI.elf.dir/salt/utilities/parser/sim900/sim900parser.c.obj
 .text.gpsLatitudeIndicatorSet
                0x08006e98       0x38 CMakeFiles/NUCLEO-F429ZI.elf.dir/salt/utilities/parser/sim900/sim900parser.c.obj
 .text.gpsLongitudeIndicatorSet
                0x08006ed0       0x38 CMakeFiles/NUCLEO-F429ZI.elf.dir/salt/utilities/parser/sim900/sim900parser.c.obj
 .text.yearGet  0x08006f08       0x2c CMakeFiles/NUCLEO-F429ZI.elf.dir/salt/utilities/parser/sim900/sim900parser.c.obj
 .text.monthGet