Archive member included to satisfy reference by file (symbol)

/usr/local/Cellar/arm-none-eabi-gcc/10.3-2021.10/gcc/bin/../lib/gcc/arm-none-eabi/10.3.1/thumb/v7e-m/nofp/libgcc.a(_arm_muldf3.o)
                              CMakeFiles/NUCLEO-F429ZI.elf.dir/qpc/bsp/bsp.c.obj (__aeabi_dmul)
/usr/local/Cellar/arm-none-eabi-gcc/10.3-2021.10/gcc/bin/../lib/gcc/arm-none-eabi/10.3.1/thumb/v7e-m/nofp/libgcc.a(_aeabi_uldivmod.o)
                              CMakeFiles/NUCLEO-F429ZI.elf.dir/Drivers/STM32F4xx_HAL_Driver/Src/stm32f4xx_hal_rcc.c.obj (__aeabi_uldivmod)
/usr/local/Cellar/arm-none-eabi-gcc/10.3-2021.10/gcc/bin/../lib/gcc/arm-none-eabi/10.3.1/thumb/v7e-m/nofp/libgcc.a(_udivmoddi4.o)
                              /usr/local/Cellar/arm-none-eabi-gcc/10.3-2021.10/gcc/bin/../lib/gcc/arm-none-eabi/10.3.1/thumb/v7e-m/nofp/libgcc.a(_aeabi_uldivmod.o) (__udivmoddi4)
/usr/local/Cellar/arm-none-eabi-gcc/10.3-2021.10/gcc/bin/../lib/gcc/arm-none-eabi/10.3.1/thumb/v7e-m/nofp/libgcc.a(_dvmd_tls.o)
                              /usr/local/Cellar/arm-none-eabi-gcc/10.3-2021.10/gcc/bin/../lib/gcc/arm-none-eabi/10.3.1/thumb/v7e-m/nofp/libgcc.a(_aeabi_uldivmod.o) (__aeabi_ldiv0)
/usr/local/Cellar/arm-none-eabi-gcc/10.3-2021.10/gcc/bin/../lib/gcc/arm-none-eabi/10.3.1/../../../../arm-none-eabi/lib/thumb/v7e-m/nofp/libg.a(lib_a-errno.o)
                              CMakeFiles/NUCLEO-F429ZI.elf.dir/Core/Src/syscalls.c.obj (__errno)
/usr/local/Cellar/arm-none-eabi-gcc/10.3-2021.10/gcc/bin/../lib/gcc/arm-none-eabi/10.3.1/../../../../arm-none-eabi/lib/thumb/v7e-m/nofp/libg.a(lib_a-exit.o)
                              /usr/local/Cellar/arm-none-eabi-gcc/10.3-2021.10/gcc/bin/../lib/gcc/arm-none-eabi/10.3.1/../../../../arm-none-eabi/lib/thumb/v7e-m/nofp/crt0.o (exit)
/usr/local/Cellar/arm-none-eabi-gcc/10.3-2021.10/gcc/bin/../lib/gcc/arm-none-eabi/10.3.1/../../../../arm-none-eabi/lib/thumb/v7e-m/nofp/libg.a(lib_a-impure.o)
                              /usr/local/Cellar/arm-none-eabi-gcc/10.3-2021.10/gcc/bin/../lib/gcc/arm-none-eabi/10.3.1/../../../../arm-none-eabi/lib/thumb/v7e-m/nofp/libg.a(lib_a-exit.o) (_global_impure_ptr)
/usr/local/Cellar/arm-none-eabi-gcc/10.3-2021.10/gcc/bin/../lib/gcc/arm-none-eabi/10.3.1/../../../../arm-none-eabi/lib/thumb/v7e-m/nofp/libg.a(lib_a-init.o)
                              /usr/local/Cellar/arm-none-eabi-gcc/10.3-2021.10/gcc/bin/../lib/gcc/arm-none-eabi/10.3.1/../../../../arm-none-eabi/lib/thumb/v7e-m/nofp/crt0.o (__libc_init_array)
/usr/local/Cellar/arm-none-eabi-gcc/10.3-2021.10/gcc/bin/../lib/gcc/arm-none-eabi/10.3.1/../../../../arm-none-eabi/lib/thumb/v7e-m/nofp/libg.a(lib_a-memset.o)
                              /usr/local/Cellar/arm-none-eabi-gcc/10.3-2021.10/gcc/bin/../lib/gcc/arm-none-eabi/10.3.1/../../../../arm-none-eabi/lib/thumb/v7e-m/nofp/crt0.o (memset)
/usr/local/Cellar/arm-none-eabi-gcc/10.3-2021.10/gcc/bin/../lib/gcc/arm-none-eabi/10.3.1/../../../../arm-none-eabi/lib/thumb/v7e-m/nofp/libg.a(lib_a-__call_atexit.o)
                              /usr/local/Cellar/arm-none-eabi-gcc/10.3-2021.10/gcc/bin/../lib/gcc/arm-none-eabi/10.3.1/../../../../arm-none-eabi/lib/thumb/v7e-m/nofp/libg.a(lib_a-exit.o) (__call_exitprocs)
/usr/local/Cellar/arm-none-eabi-gcc/10.3-2021.10/gcc/bin/../lib/gcc/arm-none-eabi/10.3.1/../../../../arm-none-eabi/lib/thumb/v7e-m/nofp/libg.a(lib_a-atexit.o)
                              /usr/local/Cellar/arm-none-eabi-gcc/10.3-2021.10/gcc/bin/../lib/gcc/arm-none-eabi/10.3.1/../../../../arm-none-eabi/lib/thumb/v7e-m/nofp/libg.a(lib_a-__call_atexit.o) (atexit)
/usr/local/Cellar/arm-none-eabi-gcc/10.3-2021.10/gcc/bin/../lib/gcc/arm-none-eabi/10.3.1/../../../../arm-none-eabi/lib/thumb/v7e-m/nofp/libg.a(lib_a-fini.o)
                              /usr/local/Cellar/arm-none-eabi-gcc/10.3-2021.10/gcc/bin/../lib/gcc/arm-none-eabi/10.3.1/../../../../arm-none-eabi/lib/thumb/v7e-m/nofp/libg.a(lib_a-__call_atexit.o) (__libc_fini_array)
/usr/local/Cellar/arm-none-eabi-gcc/10.3-2021.10/gcc/bin/../lib/gcc/arm-none-eabi/10.3.1/../../../../arm-none-eabi/lib/thumb/v7e-m/nofp/libg.a(lib_a-lock.o)
                              /usr/local/Cellar/arm-none-eabi-gcc/10.3-2021.10/gcc/bin/../lib/gcc/arm-none-eabi/10.3.1/../../../../arm-none-eabi/lib/thumb/v7e-m/nofp/libg.a(lib_a-__call_atexit.o) (__retarget_lock_acquire_recursive)
/usr/local/Cellar/arm-none-eabi-gcc/10.3-2021.10/gcc/bin/../lib/gcc/arm-none-eabi/10.3.1/../../../../arm-none-eabi/lib/thumb/v7e-m/nofp/libg.a(lib_a-__atexit.o)
                              /usr/local/Cellar/arm-none-eabi-gcc/10.3-2021.10/gcc/bin/../lib/gcc/arm-none-eabi/10.3.1/../../../../arm-none-eabi/lib/thumb/v7e-m/nofp/libg.a(lib_a-atexit.o) (__register_exitproc)

Discarded input sections

 .text          0x0000000000000000        0x0 /usr/local/Cellar/arm-none-eabi-gcc/10.3-2021.10/gcc/bin/../lib/gcc/arm-none-eabi/10.3.1/thumb/v7e-m/nofp/crti.o
[...]
Memory Configuration

Name             Origin             Length             Attributes
CCMRAM           0x0000000010000000 0x0000000000010000 xrw
RAM              0x0000000020000000 0x0000000000030000 xrw
FLASH            0x0000000008000000 0x0000000000200000 xr
*default*        0x0000000000000000 0xffffffffffffffff

Linker script and memory map

LOAD /usr/local/Cellar/arm-none-eabi-gcc/10.3-2021.10/gcc/bin/../lib/gcc/arm-none-eabi/10.3.1/thumb/v7e-m/nofp/crti.o
LOAD /usr/local/Cellar/arm-none-eabi-gcc/10.3-2021.10/gcc/bin/../lib/gcc/arm-none-eabi/10.3.1/thumb/v7e-m/nofp/crtbegin.o
LOAD /usr/local/Cellar/arm-none-eabi-gcc/10.3-2021.10/gcc/bin/../lib/gcc/arm-none-eabi/10.3.1/../../../../arm-none-eabi/lib/thumb/v7e-m/nofp/crt0.o
LOAD CMakeFiles/NUCLEO-F429ZI.elf.dir/Core/Src/eth.c.obj
LOAD CMakeFiles/NUCLEO-F429ZI.elf.dir/Core/Src/gpio.c.obj
LOAD CMakeFiles/NUCLEO-F429ZI.elf.dir/Core/Src/main.c.obj
LOAD CMakeFiles/NUCLEO-F429ZI.elf.dir/Core/Src/stm32f4xx_hal_msp.c.obj
LOAD CMakeFiles/NUCLEO-F429ZI.elf.dir/Core/Src/stm32f4xx_it.c.obj
LOAD CMakeFiles/NUCLEO-F429ZI.elf.dir/Core/Src/syscalls.c.obj
LOAD CMakeFiles/NUCLEO-F429ZI.elf.dir/Core/Src/sysmem.c.obj
LOAD CMakeFiles/NUCLEO-F429ZI.elf.dir/Core/Src/system_stm32f4xx.c.obj
LOAD CMakeFiles/NUCLEO-F429ZI.elf.dir/Core/Src/usart.c.obj
LOAD CMakeFiles/NUCLEO-F429ZI.elf.dir/Core/Src/usb_otg.c.obj
LOAD CMakeFiles/NUCLEO-F429ZI.elf.dir/Core/Startup/startup_stm32f429zitx.s.obj
LOAD CMakeFiles/NUCLEO-F429ZI.elf.dir/Drivers/STM32F4xx_HAL_Driver/Src/stm32f4xx_hal.c.obj
LOAD CMakeFiles/NUCLEO-F429ZI.elf.dir/Drivers/STM32F4xx_HAL_Driver/Src/stm32f4xx_hal_cortex.c.obj
LOAD CMakeFiles/NUCLEO-F429ZI.elf.dir/Drivers/STM32F4xx_HAL_Driver/Src/stm32f4xx_hal_dma.c.obj
LOAD CMakeFiles/NUCLEO-F429ZI.elf.dir/Drivers/STM32F4xx_HAL_Driver/Src/stm32f4xx_hal_dma_ex.c.obj
LOAD CMakeFiles/NUCLEO-F429ZI.elf.dir/Drivers/STM32F4xx_HAL_Driver/Src/stm32f4xx_hal_eth.c.obj
LOAD CMakeFiles/NUCLEO-F429ZI.elf.dir/Drivers/STM32F4xx_HAL_Driver/Src/stm32f4xx_hal_exti.c.obj
LOAD CMakeFiles/NUCLEO-F429ZI.elf.dir/Drivers/STM32F4xx_HAL_Driver/Src/stm32f4xx_hal_flash.c.obj
LOAD CMakeFiles/NUCLEO-F429ZI.elf.dir/Drivers/STM32F4xx_HAL_Driver/Src/stm32f4xx_hal_flash_ex.c.obj
LOAD CMakeFiles/NUCLEO-F429ZI.elf.dir/Drivers/STM32F4xx_HAL_Driver/Src/stm32f4xx_hal_flash_ramfunc.c.obj
LOAD CMakeFiles/NUCLEO-F429ZI.elf.dir/Drivers/STM32F4xx_HAL_Driver/Src/stm32f4xx_hal_gpio.c.obj
LOAD CMakeFiles/NUCLEO-F429ZI.elf.dir/Drivers/STM32F4xx_HAL_Driver/Src/stm32f4xx_hal_pcd.c.obj
LOAD CMakeFiles/NUCLEO-F429ZI.elf.dir/Drivers/STM32F4xx_HAL_Driver/Src/stm32f4xx_hal_pcd_ex.c.obj
LOAD CMakeFiles/NUCLEO-F429ZI.elf.dir/Drivers/STM32F4xx_HAL_Driver/Src/stm32f4xx_hal_pwr.c.obj
LOAD CMakeFiles/NUCLEO-F429ZI.elf.dir/Drivers/STM32F4xx_HAL_Driver/Src/stm32f4xx_hal_pwr_ex.c.obj
LOAD CMakeFiles/NUCLEO-F429ZI.elf.dir/Drivers/STM32F4xx_HAL_Driver/Src/stm32f4xx_hal_rcc.c.obj
LOAD CMakeFiles/NUCLEO-F429ZI.elf.dir/Drivers/STM32F4xx_HAL_Driver/Src/stm32f4xx_hal_rcc_ex.c.obj
LOAD CMakeFiles/NUCLEO-F429ZI.elf.dir/Drivers/STM32F4xx_HAL_Driver/Src/stm32f4xx_hal_tim.c.obj
LOAD CMakeFiles/NUCLEO-F429ZI.elf.dir/Drivers/STM32F4xx_HAL_Driver/Src/stm32f4xx_hal_tim_ex.c.obj
LOAD CMakeFiles/NUCLEO-F429ZI.elf.dir/Drivers/STM32F4xx_HAL_Driver/Src/stm32f4xx_hal_uart.c.obj
LOAD CMakeFiles/NUCLEO-F429ZI.elf.dir/Drivers/STM32F4xx_HAL_Driver/Src/stm32f4xx_ll_usb.c.obj
LOAD CMakeFiles/NUCLEO-F429ZI.elf.dir/qpc/blinky/blinky.c.obj
LOAD CMakeFiles/NUCLEO-F429ZI.elf.dir/qpc/bsp/bsp.c.obj
LOAD CMakeFiles/NUCLEO-F429ZI.elf.dir/qpc/bsp/stm32f4xx_nucleo_144.c.obj
LOAD CMakeFiles/NUCLEO-F429ZI.elf.dir/qpc/ports/arm-cm/qk/gnu/qk_port.c.obj
LOAD CMakeFiles/NUCLEO-F429ZI.elf.dir/qpc/src/qf/qep_hsm.c.obj
LOAD CMakeFiles/NUCLEO-F429ZI.elf.dir/qpc/src/qf/qep_msm.c.obj
LOAD CMakeFiles/NUCLEO-F429ZI.elf.dir/qpc/src/qf/qf_act.c.obj
LOAD CMakeFiles/NUCLEO-F429ZI.elf.dir/qpc/src/qf/qf_actq.c.obj
LOAD CMakeFiles/NUCLEO-F429ZI.elf.dir/qpc/src/qf/qf_defer.c.obj
LOAD CMakeFiles/NUCLEO-F429ZI.elf.dir/qpc/src/qf/qf_dyn.c.obj
LOAD CMakeFiles/NUCLEO-F429ZI.elf.dir/qpc/src/qf/qf_mem.c.obj
LOAD CMakeFiles/NUCLEO-F429ZI.elf.dir/qpc/src/qf/qf_ps.c.obj
LOAD CMakeFiles/NUCLEO-F429ZI.elf.dir/qpc/src/qf/qf_qact.c.obj
LOAD CMakeFiles/NUCLEO-F429ZI.elf.dir/qpc/src/qf/qf_qeq.c.obj
LOAD CMakeFiles/NUCLEO-F429ZI.elf.dir/qpc/src/qf/qf_qmact.c.obj
LOAD CMakeFiles/NUCLEO-F429ZI.elf.dir/qpc/src/qf/qf_time.c.obj
LOAD CMakeFiles/NUCLEO-F429ZI.elf.dir/qpc/src/qk/qk.c.obj
START GROUP
LOAD /usr/local/Cellar/arm-none-eabi-gcc/10.3-2021.10/gcc/bin/../lib/gcc/arm-none-eabi/10.3.1/thumb/v7e-m/nofp/libgcc.a
LOAD /usr/local/Cellar/arm-none-eabi-gcc/10.3-2021.10/gcc/bin/../lib/gcc/arm-none-eabi/10.3.1/../../../../arm-none-eabi/lib/thumb/v7e-m/nofp/libg.a
LOAD /usr/local/Cellar/arm-none-eabi-gcc/10.3-2021.10/gcc/bin/../lib/gcc/arm-none-eabi/10.3.1/../../../../arm-none-eabi/lib/thumb/v7e-m/nofp/libc.a
END GROUP
LOAD /usr/local/Cellar/arm-none-eabi-gcc/10.3-2021.10/gcc/bin/../lib/gcc/arm-none-eabi/10.3.1/thumb/v7e-m/nofp/crtend.o
LOAD /usr/local/Cellar/arm-none-eabi-gcc/10.3-2021.10/gcc/bin/../lib/gcc/arm-none-eabi/10.3.1/thumb/v7e-m/nofp/crtn.o
                0x0000000020030000                _estack = (ORIGIN (RAM) + LENGTH (RAM))
                0x0000000000000200                _Min_Heap_Size = 0x200
                0x0000000000000400                _Min_Stack_Size = 0x400

.isr_vector     0x0000000008000000      0x1ac
                0x0000000008000000                . = ALIGN (0x4)
 *(.isr_vector)
 .isr_vector    0x0000000008000000      0x1ac CMakeFiles/NUCLEO-F429ZI.elf.dir/Core/Startup/startup_stm32f429zitx.s.obj
                0x0000000008000000                g_pfnVectors
                0x00000000080001ac                . = ALIGN (0x4)

.text           0x00000000080001b0     0x19ec
                0x00000000080001b0                . = ALIGN (0x4)
 *(.text)
 .text          0x00000000080001b0       0x40 /usr/local/Cellar/arm-none-eabi-gcc/10.3-2021.10/gcc/bin/../lib/gcc/arm-none-eabi/10.3.1/thumb/v7e-m/nofp/crtbegin.o
 .text          0x00000000080001f0      0x254 /usr/local/Cellar/arm-none-eabi-gcc/10.3-2021.10/gcc/bin/../lib/gcc/arm-none-eabi/10.3.1/thumb/v7e-m/nofp/libgcc.a(_arm_muldf3.o)
                0x00000000080001f0                __aeabi_dmul
                0x00000000080001f0                __muldf3
 *(.text*)
 .text.main     0x0000000008000444       0x14 CMakeFiles/NUCLEO-F429ZI.elf.dir/Core/Src/main.c.obj
                0x0000000008000444                main
 .text.HardFault_Handler
                0x0000000008000458        0x2 CMakeFiles/NUCLEO-F429ZI.elf.dir/Core/Src/stm32f4xx_it.c.obj
                0x0000000008000458                HardFault_Handler
 .text.MemManage_Handler
                0x000000000800045a        0x2 CMakeFiles/NUCLEO-F429ZI.elf.dir/Core/Src/stm32f4xx_it.c.obj
                0x000000000800045a                MemManage_Handler
 .text.BusFault_Handler
                0x000000000800045c        0x2 CMakeFiles/NUCLEO-F429ZI.elf.dir/Core/Src/stm32f4xx_it.c.obj
                0x000000000800045c                BusFault_Handler
 .text.UsageFault_Handler
                0x000000000800045e        0x2 CMakeFiles/NUCLEO-F429ZI.elf.dir/Core/Src/stm32f4xx_it.c.obj
                0x000000000800045e                UsageFault_Handler
 .text.SVC_Handler
                0x0000000008000460        0x2 CMakeFiles/NUCLEO-F429ZI.elf.dir/Core/Src/stm32f4xx_it.c.obj
                0x0000000008000460                SVC_Handler
 .text.DebugMon_Handler
                0x0000000008000462        0x2 CMakeFiles/NUCLEO-F429ZI.elf.dir/Core/Src/stm32f4xx_it.c.obj
                0x0000000008000462                DebugMon_Handler
 .text.SystemInit
                0x0000000008000464        0x2 CMakeFiles/NUCLEO-F429ZI.elf.dir/Core/Src/system_stm32f4xx.c.obj
                0x0000000008000464                SystemInit
 *fill*         0x0000000008000466        0x2 
 .text.SystemCoreClockUpdate
                0x0000000008000468       0xa0 CMakeFiles/NUCLEO-F429ZI.elf.dir/Core/Src/system_stm32f4xx.c.obj
                0x0000000008000468                SystemCoreClockUpdate
 .text.Reset_Handler
                0x0000000008000508       0x50 CMakeFiles/NUCLEO-F429ZI.elf.dir/Core/Startup/startup_stm32f429zitx.s.obj
                0x0000000008000508                Reset_Handler
 .text.Default_Handler
                0x0000000008000558        0x2 CMakeFiles/NUCLEO-F429ZI.elf.dir/Core/Startup/startup_stm32f429zitx.s.obj
                0x0000000008000558                DMA1_Stream3_IRQHandler
                0x0000000008000558                HASH_RNG_IRQHandler
                0x0000000008000558                EXTI2_IRQHandler
                0x0000000008000558                TIM8_CC_IRQHandler
                0x0000000008000558                UART8_IRQHandler
                0x0000000008000558                SPI4_IRQHandler
                0x0000000008000558                TIM1_CC_IRQHandler
                0x0000000008000558                DMA2_Stream5_IRQHandler
                0x0000000008000558                DMA1_Stream5_IRQHandler
                0x0000000008000558                PVD_IRQHandler
                0x0000000008000558                SDIO_IRQHandler
                0x0000000008000558                TAMP_STAMP_IRQHandler
                0x0000000008000558                CAN2_RX1_IRQHandler
                0x0000000008000558                EXTI3_IRQHandler
                0x0000000008000558                TIM8_TRG_COM_TIM14_IRQHandler
                0x0000000008000558                TIM1_UP_TIM10_IRQHandler
                0x0000000008000558                TIM8_UP_TIM13_IRQHandler
                0x0000000008000558                I2C3_ER_IRQHandler
                0x0000000008000558                EXTI0_IRQHandler
                0x0000000008000558                I2C2_EV_IRQHandler
                0x0000000008000558                DMA1_Stream2_IRQHandler
                0x0000000008000558                CAN1_RX0_IRQHandler
                0x0000000008000558                FPU_IRQHandler
                0x0000000008000558                OTG_HS_WKUP_IRQHandler
                0x0000000008000558                LTDC_ER_IRQHandler
                0x0000000008000558                CAN2_SCE_IRQHandler
                0x0000000008000558                DMA2_Stream2_IRQHandler
                0x0000000008000558                SPI1_IRQHandler
                0x0000000008000558                TIM6_DAC_IRQHandler
                0x0000000008000558                TIM1_BRK_TIM9_IRQHandler
                0x0000000008000558                DCMI_IRQHandler
                0x0000000008000558                CAN2_RX0_IRQHandler
                0x0000000008000558                DMA2_Stream3_IRQHandler
                0x0000000008000558                USART6_IRQHandler
                0x0000000008000558                USART3_IRQHandler
                0x0000000008000558                CAN1_RX1_IRQHandler
                0x0000000008000558                UART5_IRQHandler
                0x0000000008000558                DMA2_Stream0_IRQHandler
                0x0000000008000558                TIM4_IRQHandler
                0x0000000008000558                I2C1_EV_IRQHandler
                0x0000000008000558                DMA1_Stream6_IRQHandler
                0x0000000008000558                DMA1_Stream1_IRQHandler
                0x0000000008000558                UART4_IRQHandler
                0x0000000008000558                TIM3_IRQHandler
                0x0000000008000558                RCC_IRQHandler
                0x0000000008000558                TIM8_BRK_TIM12_IRQHandler
                0x0000000008000558                Default_Handler
                0x0000000008000558                EXTI15_10_IRQHandler
                0x0000000008000558                ADC_IRQHandler
                0x0000000008000558                DMA1_Stream7_IRQHandler
                0x0000000008000558                SPI5_IRQHandler
                0x0000000008000558                TIM7_IRQHandler
                0x0000000008000558                CAN2_TX_IRQHandler
                0x0000000008000558                TIM5_IRQHandler
                0x0000000008000558                DMA2_Stream7_IRQHandler
                0x0000000008000558                I2C3_EV_IRQHandler
                0x0000000008000558                EXTI9_5_IRQHandler
                0x0000000008000558                RTC_WKUP_IRQHandler
                0x0000000008000558                LTDC_IRQHandler
                0x0000000008000558                ETH_WKUP_IRQHandler
                0x0000000008000558                SPI2_IRQHandler
                0x0000000008000558                OTG_HS_EP1_IN_IRQHandler
                0x0000000008000558                DMA1_Stream0_IRQHandler
                0x0000000008000558                CAN1_TX_IRQHandler
                0x0000000008000558                EXTI4_IRQHandler
                0x0000000008000558                ETH_IRQHandler
                0x0000000008000558                OTG_HS_EP1_OUT_IRQHandler
                0x0000000008000558                WWDG_IRQHandler
                0x0000000008000558                SPI6_IRQHandler
                0x0000000008000558                TIM2_IRQHandler
                0x0000000008000558                OTG_FS_WKUP_IRQHandler
                0x0000000008000558                TIM1_TRG_COM_TIM11_IRQHandler
                0x0000000008000558                OTG_HS_IRQHandler
                0x0000000008000558                DMA2D_IRQHandler
                0x0000000008000558                EXTI1_IRQHandler
                0x0000000008000558                UART7_IRQHandler
                0x0000000008000558                USART2_IRQHandler
                0x0000000008000558                I2C2_ER_IRQHandler
                0x0000000008000558                DMA2_Stream1_IRQHandler
                0x0000000008000558                CAN1_SCE_IRQHandler
                0x0000000008000558                FLASH_IRQHandler
                0x0000000008000558                DMA2_Stream4_IRQHandler
                0x0000000008000558                USART1_IRQHandler
                0x0000000008000558                OTG_FS_IRQHandler
                0x0000000008000558                SPI3_IRQHandler
                0x0000000008000558                DMA1_Stream4_IRQHandler
                0x0000000008000558                I2C1_ER_IRQHandler
                0x0000000008000558                FMC_IRQHandler
                0x0000000008000558                DMA2_Stream6_IRQHandler
                0x0000000008000558                SAI1_IRQHandler
                0x0000000008000558                RTC_Alarm_IRQHandler
 *fill*         0x000000000800055a        0x2 
 .text.HAL_NVIC_SetPriority
                0x000000000800055c       0x70 CMakeFiles/NUCLEO-F429ZI.elf.dir/Drivers/STM32F4xx_HAL_Driver/Src/stm32f4xx_hal_cortex.c.obj
                0x000000000800055c                HAL_NVIC_SetPriority
 .text.HAL_NVIC_EnableIRQ
                0x00000000080005cc       0x1c CMakeFiles/NUCLEO-F429ZI.elf.dir/Drivers/STM32F4xx_HAL_Driver/Src/stm32f4xx_hal_cortex.c.obj
                0x00000000080005cc                HAL_NVIC_EnableIRQ
 .text.HAL_GPIO_Init
                0x00000000080005e8      0x1fc CMakeFiles/NUCLEO-F429ZI.elf.dir/Drivers/STM32F4xx_HAL_Driver/Src/stm32f4xx_hal_gpio.c.obj
                0x00000000080005e8                HAL_GPIO_Init
 .text.HAL_GPIO_WritePin
                0x00000000080007e4        0xc CMakeFiles/NUCLEO-F429ZI.elf.dir/Drivers/STM32F4xx_HAL_Driver/Src/stm32f4xx_hal_gpio.c.obj
                0x00000000080007e4                HAL_GPIO_WritePin
 .text.Blinky_initial
                0x00000000080007f0       0x1c CMakeFiles/NUCLEO-F429ZI.elf.dir/qpc/blinky/blinky.c.obj
 .text.Blinky_off
                0x000000000800080c       0x2c CMakeFiles/NUCLEO-F429ZI.elf.dir/qpc/blinky/blinky.c.obj
 .text.Blinky_on
                0x0000000008000838       0x2c CMakeFiles/NUCLEO-F429ZI.elf.dir/qpc/blinky/blinky.c.obj
 .text.Blinky_ctor
                0x0000000008000864       0x24 CMakeFiles/NUCLEO-F429ZI.elf.dir/qpc/blinky/blinky.c.obj
                0x0000000008000864                Blinky_ctor
 .text.Q_onError
                0x0000000008000888       0x16 CMakeFiles/NUCLEO-F429ZI.elf.dir/qpc/bsp/bsp.c.obj
                0x0000000008000888                Q_onError
 .text.SysTick_Handler
                0x000000000800089e       0x2a CMakeFiles/NUCLEO-F429ZI.elf.dir/qpc/bsp/bsp.c.obj
                0x000000000800089e                SysTick_Handler
 .text.BSP_init
                0x00000000080008c8       0x48 CMakeFiles/NUCLEO-F429ZI.elf.dir/qpc/bsp/bsp.c.obj
                0x00000000080008c8                BSP_init
 .text.BSP_start
                0x0000000008000910       0x48 CMakeFiles/NUCLEO-F429ZI.elf.dir/qpc/bsp/bsp.c.obj
                0x0000000008000910                BSP_start
 .text.BSP_ledOn
                0x0000000008000958       0x16 CMakeFiles/NUCLEO-F429ZI.elf.dir/qpc/bsp/bsp.c.obj
                0x0000000008000958                BSP_ledOn
 .text.BSP_ledOff
                0x000000000800096e       0x16 CMakeFiles/NUCLEO-F429ZI.elf.dir/qpc/bsp/bsp.c.obj
                0x000000000800096e                BSP_ledOff
 .text.QF_onStartup
                0x0000000008000984       0x68 CMakeFiles/NUCLEO-F429ZI.elf.dir/qpc/bsp/bsp.c.obj
                0x0000000008000984                QF_onStartup
 *fill*         0x00000000080009ec        0x4 
 .text.QK_onIdle
                0x00000000080009f0       0x48 CMakeFiles/NUCLEO-F429ZI.elf.dir/qpc/bsp/bsp.c.obj
                0x00000000080009f0                QK_onIdle
 .text.BSP_LED_Init
                0x0000000008000a38       0x78 CMakeFiles/NUCLEO-F429ZI.elf.dir/qpc/bsp/stm32f4xx_nucleo_144.c.obj
                0x0000000008000a38                BSP_LED_Init
 .text.BSP_LED_On
                0x0000000008000ab0       0x20 CMakeFiles/NUCLEO-F429ZI.elf.dir/qpc/bsp/stm32f4xx_nucleo_144.c.obj
                0x0000000008000ab0                BSP_LED_On
 .text.BSP_LED_Off
                0x0000000008000ad0       0x20 CMakeFiles/NUCLEO-F429ZI.elf.dir/qpc/bsp/stm32f4xx_nucleo_144.c.obj
                0x0000000008000ad0                BSP_LED_Off
 .text.BSP_PB_Init
                0x0000000008000af0       0x80 CMakeFiles/NUCLEO-F429ZI.elf.dir/qpc/bsp/stm32f4xx_nucleo_144.c.obj
                0x0000000008000af0                BSP_PB_Init
 .text.QF_int_disable_
                0x0000000008000b70       0x20 CMakeFiles/NUCLEO-F429ZI.elf.dir/qpc/ports/arm-cm/qk/gnu/qk_port.c.obj
                0x0000000008000b70                QF_int_disable_
 .text.QF_int_enable_
                0x0000000008000b90       0x20 CMakeFiles/NUCLEO-F429ZI.elf.dir/qpc/ports/arm-cm/qk/gnu/qk_port.c.obj
                0x0000000008000b90                QF_int_enable_
 .text.QF_crit_entry_
                0x0000000008000bb0       0x20 CMakeFiles/NUCLEO-F429ZI.elf.dir/qpc/ports/arm-cm/qk/gnu/qk_port.c.obj
                0x0000000008000bb0                QF_crit_entry_
 .text.QF_crit_exit_
                0x0000000008000bd0       0x20 CMakeFiles/NUCLEO-F429ZI.elf.dir/qpc/ports/arm-cm/qk/gnu/qk_port.c.obj
                0x0000000008000bd0                QF_crit_exit_
 .text.QK_init  0x0000000008000bf0       0x3c CMakeFiles/NUCLEO-F429ZI.elf.dir/qpc/ports/arm-cm/qk/gnu/qk_port.c.obj
                0x0000000008000bf0                QK_init
 .text.PendSV_Handler
                0x0000000008000c2c       0x44 CMakeFiles/NUCLEO-F429ZI.elf.dir/qpc/ports/arm-cm/qk/gnu/qk_port.c.obj
                0x0000000008000c2c                PendSV_Handler
 .text.QK_thread_ret
                0x0000000008000c70       0x14 CMakeFiles/NUCLEO-F429ZI.elf.dir/qpc/ports/arm-cm/qk/gnu/qk_port.c.obj
                0x0000000008000c70                QK_thread_ret
 .text.NMI_Handler
                0x0000000008000c84        0xc CMakeFiles/NUCLEO-F429ZI.elf.dir/qpc/ports/arm-cm/qk/gnu/qk_port.c.obj
                0x0000000008000c84                NMI_Handler
 .text.QHsm_top
                0x0000000008000c90        0x4 CMakeFiles/NUCLEO-F429ZI.elf.dir/qpc/src/qf/qep_hsm.c.obj
                0x0000000008000c90                QHsm_top
 .text.QHsm_init_
                0x0000000008000c94       0xe8 CMakeFiles/NUCLEO-F429ZI.elf.dir/qpc/src/qf/qep_hsm.c.obj
                0x0000000008000c94                QHsm_init_
 .text.QHsm_isIn_
                0x0000000008000d7c       0x74 CMakeFiles/NUCLEO-F429ZI.elf.dir/qpc/src/qf/qep_hsm.c.obj
                0x0000000008000d7c                QHsm_isIn_
 .text.QHsm_ctor
                0x0000000008000df0       0x14 CMakeFiles/NUCLEO-F429ZI.elf.dir/qpc/src/qf/qep_hsm.c.obj
                0x0000000008000df0                QHsm_ctor
 .text.QHsm_tran_
                0x0000000008000e04      0x168 CMakeFiles/NUCLEO-F429ZI.elf.dir/qpc/src/qf/qep_hsm.c.obj
                0x0000000008000e04                QHsm_tran_
 .text.QHsm_dispatch_
                0x0000000008000f6c      0x188 CMakeFiles/NUCLEO-F429ZI.elf.dir/qpc/src/qf/qep_hsm.c.obj
                0x0000000008000f6c                QHsm_dispatch_
 .text.QF_bzero_
                0x00000000080010f4       0x10 CMakeFiles/NUCLEO-F429ZI.elf.dir/qpc/src/qf/qf_act.c.obj
                0x00000000080010f4                QF_bzero_
 .text.QActive_post_
                0x0000000008001104       0xe8 CMakeFiles/NUCLEO-F429ZI.elf.dir/qpc/src/qf/qf_actq.c.obj
                0x0000000008001104                QActive_post_
 .text.QActive_get_
                0x00000000080011ec       0x60 CMakeFiles/NUCLEO-F429ZI.elf.dir/qpc/src/qf/qf_actq.c.obj
                0x00000000080011ec                QActive_get_
 .text.QF_poolInit
                0x000000000800124c       0x68 CMakeFiles/NUCLEO-F429ZI.elf.dir/qpc/src/qf/qf_dyn.c.obj
                0x000000000800124c                QF_poolInit
 .text.QF_gc    0x00000000080012b4       0x88 CMakeFiles/NUCLEO-F429ZI.elf.dir/qpc/src/qf/qf_dyn.c.obj
                0x00000000080012b4                QF_gc
 .text.QMPool_init
                0x000000000800133c       0x8c CMakeFiles/NUCLEO-F429ZI.elf.dir/qpc/src/qf/qf_mem.c.obj
                0x000000000800133c                QMPool_init
 .text.QMPool_put
                0x00000000080013c8       0x48 CMakeFiles/NUCLEO-F429ZI.elf.dir/qpc/src/qf/qf_mem.c.obj
                0x00000000080013c8                QMPool_put
 .text.QActive_psInit
                0x0000000008001410       0x34 CMakeFiles/NUCLEO-F429ZI.elf.dir/qpc/src/qf/qf_ps.c.obj
                0x0000000008001410                QActive_psInit
 .text.QActive_ctor
                0x0000000008001444       0x20 CMakeFiles/NUCLEO-F429ZI.elf.dir/qpc/src/qf/qf_qact.c.obj
                0x0000000008001444                QActive_ctor
 .text.QActive_register_
                0x0000000008001464       0x94 CMakeFiles/NUCLEO-F429ZI.elf.dir/qpc/src/qf/qf_qact.c.obj
                0x0000000008001464                QActive_register_
 .text.QEQueue_init
                0x00000000080014f8       0x1e CMakeFiles/NUCLEO-F429ZI.elf.dir/qpc/src/qf/qf_qeq.c.obj
                0x00000000080014f8                QEQueue_init
 *fill*         0x0000000008001516        0x2 
 .text.QTimeEvt_ctorX
                0x0000000008001518       0x3c CMakeFiles/NUCLEO-F429ZI.elf.dir/qpc/src/qf/qf_time.c.obj
                0x0000000008001518                QTimeEvt_ctorX
 .text.QTimeEvt_armX
                0x0000000008001554       0x74 CMakeFiles/NUCLEO-F429ZI.elf.dir/qpc/src/qf/qf_time.c.obj
                0x0000000008001554                QTimeEvt_armX
 .text.QTimeEvt_tick_
                0x00000000080015c8      0x100 CMakeFiles/NUCLEO-F429ZI.elf.dir/qpc/src/qf/qf_time.c.obj
                0x00000000080015c8                QTimeEvt_tick_
 .text.QK_schedLock
                0x00000000080016c8       0x4c CMakeFiles/NUCLEO-F429ZI.elf.dir/qpc/src/qk/qk.c.obj
                0x00000000080016c8                QK_schedLock
 .text.QK_sched_
                0x0000000008001714       0x88 CMakeFiles/NUCLEO-F429ZI.elf.dir/qpc/src/qk/qk.c.obj
                0x0000000008001714                QK_sched_
 .text.QK_activate_
                0x000000000800179c      0x16c CMakeFiles/NUCLEO-F429ZI.elf.dir/qpc/src/qk/qk.c.obj
                0x000000000800179c                QK_activate_
 .text.QK_schedUnlock
                0x0000000008001908       0x58 CMakeFiles/NUCLEO-F429ZI.elf.dir/qpc/src/qk/qk.c.obj
                0x0000000008001908                QK_schedUnlock
 .text.QF_init  0x0000000008001960       0x68 CMakeFiles/NUCLEO-F429ZI.elf.dir/qpc/src/qk/qk.c.obj
                0x0000000008001960                QF_init
 .text.QF_run   0x00000000080019c8       0x30 CMakeFiles/NUCLEO-F429ZI.elf.dir/qpc/src/qk/qk.c.obj
                0x00000000080019c8                QF_run
 .text.QActive_start_
                0x00000000080019f8       0x64 CMakeFiles/NUCLEO-F429ZI.elf.dir/qpc/src/qk/qk.c.obj
                0x00000000080019f8                QActive_start_
 .text.__libc_init_array
                0x0000000008001a5c       0x48 /usr/local/Cellar/arm-none-eabi-gcc/10.3-2021.10/gcc/bin/../lib/gcc/arm-none-eabi/10.3.1/../../../../arm-none-eabi/lib/thumb/v7e-m/nofp/libg.a(lib_a-init.o)
                0x0000000008001a5c                __libc_init_array
 .text.startup.register_fini
                0x0000000008001aa4       0x14 /usr/local/Cellar/arm-none-eabi-gcc/10.3-2021.10/gcc/bin/../lib/gcc/arm-none-eabi/10.3.1/../../../../arm-none-eabi/lib/thumb/v7e-m/nofp/libg.a(lib_a-__call_atexit.o)
 .text.atexit   0x0000000008001ab8        0xc /usr/local/Cellar/arm-none-eabi-gcc/10.3-2021.10/gcc/bin/../lib/gcc/arm-none-eabi/10.3.1/../../../../arm-none-eabi/lib/thumb/v7e-m/nofp/libg.a(lib_a-atexit.o)
                0x0000000008001ab8                atexit
 .text.__libc_fini_array
                0x0000000008001ac4       0x2c /usr/local/Cellar/arm-none-eabi-gcc/10.3-2021.10/gcc/bin/../lib/gcc/arm-none-eabi/10.3.1/../../../../arm-none-eabi/lib/thumb/v7e-m/nofp/libg.a(lib_a-fini.o)
                0x0000000008001ac4                __libc_fini_array
 .text.__retarget_lock_acquire_recursive
                0x0000000008001af0        0x4 /usr/local/Cellar/arm-none-eabi-gcc/10.3-2021.10/gcc/bin/../lib/gcc/arm-none-eabi/10.3.1/../../../../arm-none-eabi/lib/thumb/v7e-m/nofp/libg.a(lib_a-lock.o)
                0x0000000008001af0                __retarget_lock_acquire_recursive
 .text.__retarget_lock_release_recursive
                0x0000000008001af4        0x4 /usr/local/Cellar/arm-none-eabi-gcc/10.3-2021.10/gcc/bin/../lib/gcc/arm-none-eabi/10.3.1/../../../../arm-none-eabi/lib/thumb/v7e-m/nofp/libg.a(lib_a-lock.o)
                0x0000000008001af4                __retarget_lock_release_recursive
 .text.__register_exitproc
                0x0000000008001af8       0x8c /usr/local/Cellar/arm-none-eabi-gcc/10.3-2021.10/gcc/bin/../lib/gcc/arm-none-eabi/10.3.1/../../../../arm-none-eabi/lib/thumb/v7e-m/nofp/libg.a(lib_a-__atexit.o)
                0x0000000008001af8                __register_exitproc
 *(.glue_7)
 .glue_7        0x0000000008001b84        0x0 linker stubs
 *(.glue_7t)
 .glue_7t       0x0000000008001b84        0x0 linker stubs
 *(.eh_frame)
 .eh_frame      0x0000000008001b84        0x0 /usr/local/Cellar/arm-none-eabi-gcc/10.3-2021.10/gcc/bin/../lib/gcc/arm-none-eabi/10.3.1/thumb/v7e-m/nofp/crtbegin.o
 *(.init)
 .init          0x0000000008001b84        0x4 /usr/local/Cellar/arm-none-eabi-gcc/10.3-2021.10/gcc/bin/../lib/gcc/arm-none-eabi/10.3.1/thumb/v7e-m/nofp/crti.o
                0x0000000008001b84                _init
 .init          0x0000000008001b88        0x8 /usr/local/Cellar/arm-none-eabi-gcc/10.3-2021.10/gcc/bin/../lib/gcc/arm-none-eabi/10.3.1/thumb/v7e-m/nofp/crtn.o
 *(.fini)
 .fini          0x0000000008001b90        0x4 /usr/local/Cellar/arm-none-eabi-gcc/10.3-2021.10/gcc/bin/../lib/gcc/arm-none-eabi/10.3.1/thumb/v7e-m/nofp/crti.o
                0x0000000008001b90                _fini
 .fini          0x0000000008001b94        0x8 /usr/local/Cellar/arm-none-eabi-gcc/10.3-2021.10/gcc/bin/../lib/gcc/arm-none-eabi/10.3.1/thumb/v7e-m/nofp/crtn.o
                0x0000000008001b9c                . = ALIGN (0x4)
                0x0000000008001b9c                _etext = .

.vfp11_veneer   0x0000000008001b9c        0x0
 .vfp11_veneer  0x0000000008001b9c        0x0 linker stubs

.v4_bx          0x0000000008001b9c        0x0
 .v4_bx         0x0000000008001b9c        0x0 linker stubs

.iplt           0x0000000008001b9c        0x0
 .iplt          0x0000000008001b9c        0x0 /usr/local/Cellar/arm-none-eabi-gcc/10.3-2021.10/gcc/bin/../lib/gcc/arm-none-eabi/10.3.1/thumb/v7e-m/nofp/crtbegin.o

.rodata         0x0000000008001b9c       0x84
                0x0000000008001b9c                . = ALIGN (0x4)
 *(.rodata)
 *(.rodata*)
 .rodata.AHBPrescTable
                0x0000000008001b9c       0x10 CMakeFiles/NUCLEO-F429ZI.elf.dir/Core/Src/system_stm32f4xx.c.obj
                0x0000000008001b9c                AHBPrescTable
 .rodata.AO_Blinky
                0x0000000008001bac        0x4 CMakeFiles/NUCLEO-F429ZI.elf.dir/qpc/blinky/blinky.c.obj
                0x0000000008001bac                AO_Blinky
 .rodata.GPIO_PIN
                0x0000000008001bb0        0x6 CMakeFiles/NUCLEO-F429ZI.elf.dir/qpc/bsp/stm32f4xx_nucleo_144.c.obj
                0x0000000008001bb0                GPIO_PIN
 *fill*         0x0000000008001bb6        0x2 
 .rodata.QF_port_module_
                0x0000000008001bb8        0x8 CMakeFiles/NUCLEO-F429ZI.elf.dir/qpc/ports/arm-cm/qk/gnu/qk_port.c.obj
                0x0000000008001bb8                QF_port_module_
 .rodata.QEvt_reserved_
                0x0000000008001bc0       0x10 CMakeFiles/NUCLEO-F429ZI.elf.dir/qpc/src/qf/qep_hsm.c.obj
                0x0000000008001bc0                QEvt_reserved_
 .rodata.Q_this_module_
                0x0000000008001bd0        0x8 CMakeFiles/NUCLEO-F429ZI.elf.dir/qpc/src/qf/qep_hsm.c.obj
 .rodata.vtable.0
                0x0000000008001bd8        0xc CMakeFiles/NUCLEO-F429ZI.elf.dir/qpc/src/qf/qep_hsm.c.obj
 .rodata.Q_this_module_
                0x0000000008001be4        0x8 CMakeFiles/NUCLEO-F429ZI.elf.dir/qpc/src/qf/qf_actq.c.obj
 .rodata.Q_this_module_
                0x0000000008001bec        0x7 CMakeFiles/NUCLEO-F429ZI.elf.dir/qpc/src/qf/qf_dyn.c.obj
 *fill*         0x0000000008001bf3        0x1 
 .rodata.Q_this_module_
                0x0000000008001bf4        0x7 CMakeFiles/NUCLEO-F429ZI.elf.dir/qpc/src/qf/qf_mem.c.obj
 *fill*         0x0000000008001bfb        0x1 
 .rodata.Q_this_module_
                0x0000000008001bfc        0x8 CMakeFiles/NUCLEO-F429ZI.elf.dir/qpc/src/qf/qf_qact.c.obj
 .rodata.vtable.0
                0x0000000008001c04        0xc CMakeFiles/NUCLEO-F429ZI.elf.dir/qpc/src/qf/qf_qact.c.obj
 .rodata.Q_this_module_
                0x0000000008001c10        0x8 CMakeFiles/NUCLEO-F429ZI.elf.dir/qpc/src/qf/qf_time.c.obj
 .rodata.Q_this_module_
                0x0000000008001c18        0x3 CMakeFiles/NUCLEO-F429ZI.elf.dir/qpc/src/qk/qk.c.obj
 *fill*         0x0000000008001c1b        0x1 
 .rodata._global_impure_ptr
                0x0000000008001c1c        0x4 /usr/local/Cellar/arm-none-eabi-gcc/10.3-2021.10/gcc/bin/../lib/gcc/arm-none-eabi/10.3.1/../../../../arm-none-eabi/lib/thumb/v7e-m/nofp/libg.a(lib_a-impure.o)
                0x0000000008001c1c                _global_impure_ptr
                0x0000000008001c20                . = ALIGN (0x4)

.rel.dyn        0x0000000008001c20        0x0
 .rel.iplt      0x0000000008001c20        0x0 /usr/local/Cellar/arm-none-eabi-gcc/10.3-2021.10/gcc/bin/../lib/gcc/arm-none-eabi/10.3.1/thumb/v7e-m/nofp/crtbegin.o

.ARM.extab      0x0000000008001c20        0x0
                0x0000000008001c20                . = ALIGN (0x4)
 *(.ARM.extab* .gnu.linkonce.armextab.*)
                0x0000000008001c20                . = ALIGN (0x4)

.ARM            0x0000000008001c20        0x0
                0x0000000008001c20                . = ALIGN (0x4)
                0x0000000008001c20                __exidx_start = .
 *(.ARM.exidx*)
                0x0000000008001c20                __exidx_end = .
                0x0000000008001c20                . = ALIGN (0x4)

.preinit_array  0x0000000008001c20        0x0
                0x0000000008001c20                . = ALIGN (0x4)
                0x0000000008001c20                PROVIDE (__preinit_array_start = .)
 *(.preinit_array*)
                0x0000000008001c20                PROVIDE (__preinit_array_end = .)
                0x0000000008001c20                . = ALIGN (0x4)

.init_array     0x0000000008001c20        0x8
                0x0000000008001c20                . = ALIGN (0x4)
                0x0000000008001c20                PROVIDE (__init_array_start = .)
 *(SORT_BY_NAME(.init_array.*))
 .init_array.00000
                0x0000000008001c20        0x4 /usr/local/Cellar/arm-none-eabi-gcc/10.3-2021.10/gcc/bin/../lib/gcc/arm-none-eabi/10.3.1/../../../../arm-none-eabi/lib/thumb/v7e-m/nofp/libg.a(lib_a-__call_atexit.o)
 *(.init_array*)
 .init_array    0x0000000008001c24        0x4 /usr/local/Cellar/arm-none-eabi-gcc/10.3-2021.10/gcc/bin/../lib/gcc/arm-none-eabi/10.3.1/thumb/v7e-m/nofp/crtbegin.o
                0x0000000008001c28                PROVIDE (__init_array_end = .)
                0x0000000008001c28                . = ALIGN (0x4)

.fini_array     0x0000000008001c28        0x4
                0x0000000008001c28                . = ALIGN (0x4)
                0x0000000008001c28                PROVIDE (__fini_array_start = .)
 *(SORT_BY_NAME(.fini_array.*))
 *(.fini_array*)
 .fini_array    0x0000000008001c28        0x4 /usr/local/Cellar/arm-none-eabi-gcc/10.3-2021.10/gcc/bin/../lib/gcc/arm-none-eabi/10.3.1/thumb/v7e-m/nofp/crtbegin.o
                0x0000000008001c2c                PROVIDE (__fini_array_end = .)
                0x0000000008001c2c                . = ALIGN (0x4)
                0x0000000008001c2c                _sidata = LOADADDR (.data)

.data           0x0000000020000000      0x444 load address 0x0000000008001c2c
                0x0000000020000000                . = ALIGN (0x4)
                0x0000000020000000                _sdata = .
 *(.data)
 *(.data*)
 .data.SystemCoreClock
                0x0000000020000000        0x4 CMakeFiles/NUCLEO-F429ZI.elf.dir/Core/Src/system_stm32f4xx.c.obj
                0x0000000020000000                SystemCoreClock
 .data.BUTTON_PORT
                0x0000000020000004        0x4 CMakeFiles/NUCLEO-F429ZI.elf.dir/qpc/bsp/stm32f4xx_nucleo_144.c.obj
                0x0000000020000004                BUTTON_PORT
 .data.GPIO_PORT
                0x0000000020000008        0xc CMakeFiles/NUCLEO-F429ZI.elf.dir/qpc/bsp/stm32f4xx_nucleo_144.c.obj
                0x0000000020000008                GPIO_PORT
 *fill*         0x0000000020000014        0x4 
 .data.impure_data
                0x0000000020000018      0x428 /usr/local/Cellar/arm-none-eabi-gcc/10.3-2021.10/gcc/bin/../lib/gcc/arm-none-eabi/10.3.1/../../../../arm-none-eabi/lib/thumb/v7e-m/nofp/libg.a(lib_a-impure.o)
 .data.__atexit_recursive_mutex
                0x0000000020000440        0x4 /usr/local/Cellar/arm-none-eabi-gcc/10.3-2021.10/gcc/bin/../lib/gcc/arm-none-eabi/10.3.1/../../../../arm-none-eabi/lib/thumb/v7e-m/nofp/libg.a(lib_a-__call_atexit.o)
                0x0000000020000440                __atexit_recursive_mutex
 *(.RamFunc)
 *(.RamFunc*)
                0x0000000020000444                . = ALIGN (0x4)
                0x0000000020000444                _edata = .
                0x0000000008002070                _siccmram = LOADADDR (.ccmram)

.igot.plt       0x0000000020000444        0x0 load address 0x0000000008002070
 .igot.plt      0x0000000020000444        0x0 /usr/local/Cellar/arm-none-eabi-gcc/10.3-2021.10/gcc/bin/../lib/gcc/arm-none-eabi/10.3.1/thumb/v7e-m/nofp/crtbegin.o

.ccmram         0x0000000010000000        0x0 load address 0x0000000008002070
                0x0000000010000000                . = ALIGN (0x4)
                0x0000000010000000                _sccmram = .
 *(.ccmram)
 *(.ccmram*)
                0x0000000010000000                . = ALIGN (0x4)
                0x0000000010000000                _eccmram = .
                0x0000000010000000                . = ALIGN (0x4)

.bss            0x0000000020000444      0x208
                0x0000000020000444                _sbss = .
                0x0000000020000444                __bss_start__ = _sbss
 *(.bss)
 .bss           0x0000000020000444       0x1c /usr/local/Cellar/arm-none-eabi-gcc/10.3-2021.10/gcc/bin/../lib/gcc/arm-none-eabi/10.3.1/thumb/v7e-m/nofp/crtbegin.o
 *(.bss*)
 .bss.Blinky_inst
                0x0000000020000460       0x3c CMakeFiles/NUCLEO-F429ZI.elf.dir/qpc/blinky/blinky.c.obj
                0x0000000020000460                Blinky_inst
 .bss.blinkyQueueSto.0
                0x000000002000049c       0x28 CMakeFiles/NUCLEO-F429ZI.elf.dir/qpc/bsp/bsp.c.obj
 .bss.smlPoolSto.2
                0x00000000200004c4       0x50 CMakeFiles/NUCLEO-F429ZI.elf.dir/qpc/bsp/bsp.c.obj
 .bss.subscrSto.1
                0x0000000020000514       0x28 CMakeFiles/NUCLEO-F429ZI.elf.dir/qpc/bsp/bsp.c.obj
 .bss.QActive_registry_
                0x000000002000053c       0x84 CMakeFiles/NUCLEO-F429ZI.elf.dir/qpc/src/qf/qf_act.c.obj
                0x000000002000053c                QActive_registry_
 .bss.QF_priv_  0x00000000200005c0       0x40 CMakeFiles/NUCLEO-F429ZI.elf.dir/qpc/src/qf/qf_act.c.obj
                0x00000000200005c0                QF_priv_
 .bss.QActive_maxPubSignal_
                0x0000000020000600        0x4 CMakeFiles/NUCLEO-F429ZI.elf.dir/qpc/src/qf/qf_ps.c.obj
                0x0000000020000600                QActive_maxPubSignal_
 .bss.QActive_subscrList_
                0x0000000020000604        0x4 CMakeFiles/NUCLEO-F429ZI.elf.dir/qpc/src/qf/qf_ps.c.obj
                0x0000000020000604                QActive_subscrList_
 .bss.QTimeEvt_timeEvtHead_
                0x0000000020000608       0x14 CMakeFiles/NUCLEO-F429ZI.elf.dir/qpc/src/qf/qf_time.c.obj
                0x0000000020000608                QTimeEvt_timeEvtHead_
 .bss.QK_priv_  0x000000002000061c       0x2c CMakeFiles/NUCLEO-F429ZI.elf.dir/qpc/src/qk/qk.c.obj
                0x000000002000061c                QK_priv_
 .bss.__lock___atexit_recursive_mutex
                0x0000000020000648        0x1 /usr/local/Cellar/arm-none-eabi-gcc/10.3-2021.10/gcc/bin/../lib/gcc/arm-none-eabi/10.3.1/../../../../arm-none-eabi/lib/thumb/v7e-m/nofp/libg.a(lib_a-lock.o)
                0x0000000020000648                __lock___atexit_recursive_mutex
 *(COMMON)
                0x000000002000064c                . = ALIGN (0x4)
 *fill*         0x0000000020000649        0x3 
                0x000000002000064c                _ebss = .
                0x000000002000064c                __bss_end__ = _ebss

._user_heap_stack
                0x000000002000064c      0x604
                0x0000000020000650                . = ALIGN (0x8)
 *fill*         0x000000002000064c        0x4 
                [!provide]                        PROVIDE (end = .)
                0x0000000020000650                PROVIDE (_end = .)
                0x0000000020000850                . = (. + _Min_Heap_Size)
 *fill*         0x0000000020000650      0x200 
                0x0000000020000c50                . = (. + _Min_Stack_Size)
 *fill*         0x0000000020000850      0x400 
                0x0000000020000c50                . = ALIGN (0x8)

/DISCARD/
 libc.a(*)
 libm.a(*)
 libgcc.a(*)

.ARM.attributes
                0x0000000000000000       0x2a
 *(.ARM.attributes)
 .ARM.attributes
                0x0000000000000000       0x1e /usr/local/Cellar/arm-none-eabi-gcc/10.3-2021.10/gcc/bin/../lib/gcc/arm-none-eabi/10.3.1/thumb/v7e-m/nofp/crti.o
 .ARM.attributes
                0x000000000000001e       0x2e /usr/local/Cellar/arm-none-eabi-gcc/10.3-2021.10/gcc/bin/../lib/gcc/arm-none-eabi/10.3.1/thumb/v7e-m/nofp/crtbegin.o
 .ARM.attributes
                0x000000000000004c       0x2e CMakeFiles/NUCLEO-F429ZI.elf.dir/Core/Src/main.c.obj
 .ARM.attributes
                0x000000000000007a       0x2e CMakeFiles/NUCLEO-F429ZI.elf.dir/Core/Src/stm32f4xx_it.c.obj
 .ARM.attributes
                0x00000000000000a8       0x2e CMakeFiles/NUCLEO-F429ZI.elf.dir/Core/Src/system_stm32f4xx.c.obj
 .ARM.attributes
                0x00000000000000d6       0x21 CMakeFiles/NUCLEO-F429ZI.elf.dir/Core/Startup/startup_stm32f429zitx.s.obj
 .ARM.attributes
                0x00000000000000f7       0x2e CMakeFiles/NUCLEO-F429ZI.elf.dir/Drivers/STM32F4xx_HAL_Driver/Src/stm32f4xx_hal_cortex.c.obj
 .ARM.attributes
                0x0000000000000125       0x2e CMakeFiles/NUCLEO-F429ZI.elf.dir/Drivers/STM32F4xx_HAL_Driver/Src/stm32f4xx_hal_gpio.c.obj
 .ARM.attributes
                0x0000000000000153       0x2e CMakeFiles/NUCLEO-F429ZI.elf.dir/qpc/blinky/blinky.c.obj
 .ARM.attributes
                0x0000000000000181       0x2e CMakeFiles/NUCLEO-F429ZI.elf.dir/qpc/bsp/bsp.c.obj
 .ARM.attributes
                0x00000000000001af       0x2e CMakeFiles/NUCLEO-F429ZI.elf.dir/qpc/bsp/stm32f4xx_nucleo_144.c.obj
 .ARM.attributes
                0x00000000000001dd       0x2e CMakeFiles/NUCLEO-F429ZI.elf.dir/qpc/ports/arm-cm/qk/gnu/qk_port.c.obj
 .ARM.attributes
                0x000000000000020b       0x2e CMakeFiles/NUCLEO-F429ZI.elf.dir/qpc/src/qf/qep_hsm.c.obj
 .ARM.attributes
                0x0000000000000239       0x2e CMakeFiles/NUCLEO-F429ZI.elf.dir/qpc/src/qf/qf_act.c.obj
 .ARM.attributes
                0x0000000000000267       0x2e CMakeFiles/NUCLEO-F429ZI.elf.dir/qpc/src/qf/qf_actq.c.obj
 .ARM.attributes
                0x0000000000000295       0x2e CMakeFiles/NUCLEO-F429ZI.elf.dir/qpc/src/qf/qf_dyn.c.obj
 .ARM.attributes
                0x00000000000002c3       0x2e CMakeFiles/NUCLEO-F429ZI.elf.dir/qpc/src/qf/qf_mem.c.obj
 .ARM.attributes
                0x00000000000002f1       0x2e CMakeFiles/NUCLEO-F429ZI.elf.dir/qpc/src/qf/qf_ps.c.obj
 .ARM.attributes
                0x000000000000031f       0x2e CMakeFiles/NUCLEO-F429ZI.elf.dir/qpc/src/qf/qf_qact.c.obj
 .ARM.attributes
                0x000000000000034d       0x2e CMakeFiles/NUCLEO-F429ZI.elf.dir/qpc/src/qf/qf_qeq.c.obj
 .ARM.attributes
                0x000000000000037b       0x2e CMakeFiles/NUCLEO-F429ZI.elf.dir/qpc/src/qf/qf_time.c.obj
 .ARM.attributes
                0x00000000000003a9       0x2e CMakeFiles/NUCLEO-F429ZI.elf.dir/qpc/src/qk/qk.c.obj
 .ARM.attributes
                0x00000000000003d7       0x1e /usr/local/Cellar/arm-none-eabi-gcc/10.3-2021.10/gcc/bin/../lib/gcc/arm-none-eabi/10.3.1/thumb/v7e-m/nofp/libgcc.a(_arm_muldf3.o)
 .ARM.attributes
                0x00000000000003f5       0x2e /usr/local/Cellar/arm-none-eabi-gcc/10.3-2021.10/gcc/bin/../lib/gcc/arm-none-eabi/10.3.1/../../../../arm-none-eabi/lib/thumb/v7e-m/nofp/libg.a(lib_a-impure.o)
 .ARM.attributes
                0x0000000000000423       0x2e /usr/local/Cellar/arm-none-eabi-gcc/10.3-2021.10/gcc/bin/../lib/gcc/arm-none-eabi/10.3.1/../../../../arm-none-eabi/lib/thumb/v7e-m/nofp/libg.a(lib_a-init.o)
 .ARM.attributes
                0x0000000000000451       0x2e /usr/local/Cellar/arm-none-eabi-gcc/10.3-2021.10/gcc/bin/../lib/gcc/arm-none-eabi/10.3.1/../../../../arm-none-eabi/lib/thumb/v7e-m/nofp/libg.a(lib_a-__call_atexit.o)
 .ARM.attributes
                0x000000000000047f       0x2e /usr/local/Cellar/arm-none-eabi-gcc/10.3-2021.10/gcc/bin/../lib/gcc/arm-none-eabi/10.3.1/../../../../arm-none-eabi/lib/thumb/v7e-m/nofp/libg.a(lib_a-atexit.o)
 .ARM.attributes
                0x00000000000004ad       0x2e /usr/local/Cellar/arm-none-eabi-gcc/10.3-2021.10/gcc/bin/../lib/gcc/arm-none-eabi/10.3.1/../../../../arm-none-eabi/lib/thumb/v7e-m/nofp/libg.a(lib_a-fini.o)
 .ARM.attributes
                0x00000000000004db       0x2e /usr/local/Cellar/arm-none-eabi-gcc/10.3-2021.10/gcc/bin/../lib/gcc/arm-none-eabi/10.3.1/../../../../arm-none-eabi/lib/thumb/v7e-m/nofp/libg.a(lib_a-lock.o)
 .ARM.attributes
                0x0000000000000509       0x2e /usr/local/Cellar/arm-none-eabi-gcc/10.3-2021.10/gcc/bin/../lib/gcc/arm-none-eabi/10.3.1/../../../../arm-none-eabi/lib/thumb/v7e-m/nofp/libg.a(lib_a-__atexit.o)
 .ARM.attributes
                0x0000000000000537       0x1e /usr/local/Cellar/arm-none-eabi-gcc/10.3-2021.10/gcc/bin/../lib/gcc/arm-none-eabi/10.3.1/thumb/v7e-m/nofp/crtn.o
OUTPUT(NUCLEO-F429ZI.elf elf32-littlearm)
LOAD linker stubs
LOAD /usr/local/Cellar/arm-none-eabi-gcc/10.3-2021.10/gcc/bin/../lib/gcc/arm-none-eabi/10.3.1/../../../../arm-none-eabi/lib/thumb/v7e-m/nofp/libc.a
LOAD /usr/local/Cellar/arm-none-eabi-gcc/10.3-2021.10/gcc/bin/../lib/gcc/arm-none-eabi/10.3.1/../../../../arm-none-eabi/lib/thumb/v7e-m/nofp/libm.a
LOAD /usr/local/Cellar/arm-none-eabi-gcc/10.3-2021.10/gcc/bin/../lib/gcc/arm-none-eabi/10.3.1/thumb/v7e-m/nofp/libgcc.a

.debug_info     0x0000000000000000     0xbca9
 .debug_info    0x0000000000000000      0x5cd CMakeFiles/NUCLEO-F429ZI.elf.dir/Core/Src/main.c.obj
 .debug_info    0x00000000000005cd       0xdf CMakeFiles/NUCLEO-F429ZI.elf.dir/Core/Src/stm32f4xx_it.c.obj
 .debug_info    0x00000000000006ac      0x399 CMakeFiles/NUCLEO-F429ZI.elf.dir/Core/Src/system_stm32f4xx.c.obj
 .debug_info    0x0000000000000a45       0x22 CMakeFiles/NUCLEO-F429ZI.elf.dir/Core/Startup/startup_stm32f429zitx.s.obj
 .debug_info    0x0000000000000a67     0x10ce CMakeFiles/NUCLEO-F429ZI.elf.dir/Drivers/STM32F4xx_HAL_Driver/Src/stm32f4xx_hal_cortex.c.obj
 .debug_info    0x0000000000001b35      0x7cc CMakeFiles/NUCLEO-F429ZI.elf.dir/Drivers/STM32F4xx_HAL_Driver/Src/stm32f4xx_hal_gpio.c.obj
 .debug_info    0x0000000000002301      0x88d CMakeFiles/NUCLEO-F429ZI.elf.dir/qpc/blinky/blinky.c.obj
 .debug_info    0x0000000000002b8e     0x145a CMakeFiles/NUCLEO-F429ZI.elf.dir/qpc/bsp/bsp.c.obj
 .debug_info    0x0000000000003fe8      0xb0d CMakeFiles/NUCLEO-F429ZI.elf.dir/qpc/bsp/stm32f4xx_nucleo_144.c.obj
 .debug_info    0x0000000000004af5      0x1a7 CMakeFiles/NUCLEO-F429ZI.elf.dir/qpc/ports/arm-cm/qk/gnu/qk_port.c.obj
 .debug_info    0x0000000000004c9c      0xf60 CMakeFiles/NUCLEO-F429ZI.elf.dir/qpc/src/qf/qep_hsm.c.obj
 .debug_info    0x0000000000005bfc      0x742 CMakeFiles/NUCLEO-F429ZI.elf.dir/qpc/src/qf/qf_act.c.obj
 .debug_info    0x000000000000633e      0xf78 CMakeFiles/NUCLEO-F429ZI.elf.dir/qpc/src/qf/qf_actq.c.obj
 .debug_info    0x00000000000072b6      0x8e6 CMakeFiles/NUCLEO-F429ZI.elf.dir/qpc/src/qf/qf_dyn.c.obj
 .debug_info    0x0000000000007b9c      0x4b9 CMakeFiles/NUCLEO-F429ZI.elf.dir/qpc/src/qf/qf_mem.c.obj
 .debug_info    0x0000000000008055     0x1064 CMakeFiles/NUCLEO-F429ZI.elf.dir/qpc/src/qf/qf_ps.c.obj
 .debug_info    0x00000000000090b9      0x7a8 CMakeFiles/NUCLEO-F429ZI.elf.dir/qpc/src/qf/qf_qact.c.obj
 .debug_info    0x0000000000009861      0x58e CMakeFiles/NUCLEO-F429ZI.elf.dir/qpc/src/qf/qf_qeq.c.obj
 .debug_info    0x0000000000009def      0xbf8 CMakeFiles/NUCLEO-F429ZI.elf.dir/qpc/src/qf/qf_time.c.obj
 .debug_info    0x000000000000a9e7     0x12c2 CMakeFiles/NUCLEO-F429ZI.elf.dir/qpc/src/qk/qk.c.obj

.debug_abbrev   0x0000000000000000     0x2eed
 .debug_abbrev  0x0000000000000000      0x1b5 CMakeFiles/NUCLEO-F429ZI.elf.dir/Core/Src/main.c.obj
 .debug_abbrev  0x00000000000001b5       0x44 CMakeFiles/NUCLEO-F429ZI.elf.dir/Core/Src/stm32f4xx_it.c.obj
 .debug_abbrev  0x00000000000001f9      0x119 CMakeFiles/NUCLEO-F429ZI.elf.dir/Core/Src/system_stm32f4xx.c.obj
 .debug_abbrev  0x0000000000000312       0x12 CMakeFiles/NUCLEO-F429ZI.elf.dir/Core/Startup/startup_stm32f429zitx.s.obj
 .debug_abbrev  0x0000000000000324      0x36a CMakeFiles/NUCLEO-F429ZI.elf.dir/Drivers/STM32F4xx_HAL_Driver/Src/stm32f4xx_hal_cortex.c.obj
 .debug_abbrev  0x000000000000068e      0x1ef CMakeFiles/NUCLEO-F429ZI.elf.dir/Drivers/STM32F4xx_HAL_Driver/Src/stm32f4xx_hal_gpio.c.obj
 .debug_abbrev  0x000000000000087d      0x27c CMakeFiles/NUCLEO-F429ZI.elf.dir/qpc/blinky/blinky.c.obj
 .debug_abbrev  0x0000000000000af9      0x3ce CMakeFiles/NUCLEO-F429ZI.elf.dir/qpc/bsp/bsp.c.obj
 .debug_abbrev  0x0000000000000ec7      0x227 CMakeFiles/NUCLEO-F429ZI.elf.dir/qpc/bsp/stm32f4xx_nucleo_144.c.obj
 .debug_abbrev  0x00000000000010ee       0xe6 CMakeFiles/NUCLEO-F429ZI.elf.dir/qpc/ports/arm-cm/qk/gnu/qk_port.c.obj
 .debug_abbrev  0x00000000000011d4      0x391 CMakeFiles/NUCLEO-F429ZI.elf.dir/qpc/src/qf/qep_hsm.c.obj
 .debug_abbrev  0x0000000000001565      0x1f7 CMakeFiles/NUCLEO-F429ZI.elf.dir/qpc/src/qf/qf_act.c.obj
 .debug_abbrev  0x000000000000175c      0x3d4 CMakeFiles/NUCLEO-F429ZI.elf.dir/qpc/src/qf/qf_actq.c.obj
 .debug_abbrev  0x0000000000001b30      0x2c9 CMakeFiles/NUCLEO-F429ZI.elf.dir/qpc/src/qf/qf_dyn.c.obj
 .debug_abbrev  0x0000000000001df9      0x191 CMakeFiles/NUCLEO-F429ZI.elf.dir/qpc/src/qf/qf_mem.c.obj
 .debug_abbrev  0x0000000000001f8a      0x3d6 CMakeFiles/NUCLEO-F429ZI.elf.dir/qpc/src/qf/qf_ps.c.obj
 .debug_abbrev  0x0000000000002360      0x237 CMakeFiles/NUCLEO-F429ZI.elf.dir/qpc/src/qf/qf_qact.c.obj
 .debug_abbrev  0x0000000000002597      0x21a CMakeFiles/NUCLEO-F429ZI.elf.dir/qpc/src/qf/qf_qeq.c.obj
 .debug_abbrev  0x00000000000027b1      0x363 CMakeFiles/NUCLEO-F429ZI.elf.dir/qpc/src/qf/qf_time.c.obj
 .debug_abbrev  0x0000000000002b14      0x3d9 CMakeFiles/NUCLEO-F429ZI.elf.dir/qpc/src/qk/qk.c.obj

.debug_aranges  0x0000000000000000      0x5c8
 .debug_aranges
                0x0000000000000000       0x30 CMakeFiles/NUCLEO-F429ZI.elf.dir/Core/Src/main.c.obj
 .debug_aranges
                0x0000000000000030       0x48 CMakeFiles/NUCLEO-F429ZI.elf.dir/Core/Src/stm32f4xx_it.c.obj
 .debug_aranges
                0x0000000000000078       0x28 CMakeFiles/NUCLEO-F429ZI.elf.dir/Core/Src/system_stm32f4xx.c.obj
 .debug_aranges
                0x00000000000000a0       0x28 CMakeFiles/NUCLEO-F429ZI.elf.dir/Core/Startup/startup_stm32f429zitx.s.obj
 .debug_aranges
                0x00000000000000c8       0xa8 CMakeFiles/NUCLEO-F429ZI.elf.dir/Drivers/STM32F4xx_HAL_Driver/Src/stm32f4xx_hal_cortex.c.obj
 .debug_aranges
                0x0000000000000170       0x58 CMakeFiles/NUCLEO-F429ZI.elf.dir/Drivers/STM32F4xx_HAL_Driver/Src/stm32f4xx_hal_gpio.c.obj
 .debug_aranges
                0x00000000000001c8       0x38 CMakeFiles/NUCLEO-F429ZI.elf.dir/qpc/blinky/blinky.c.obj
 .debug_aranges
                0x0000000000000200       0x70 CMakeFiles/NUCLEO-F429ZI.elf.dir/qpc/bsp/bsp.c.obj
 .debug_aranges
                0x0000000000000270       0x60 CMakeFiles/NUCLEO-F429ZI.elf.dir/qpc/bsp/stm32f4xx_nucleo_144.c.obj
 .debug_aranges
                0x00000000000002d0       0x58 CMakeFiles/NUCLEO-F429ZI.elf.dir/qpc/ports/arm-cm/qk/gnu/qk_port.c.obj
 .debug_aranges
                0x0000000000000328       0x50 CMakeFiles/NUCLEO-F429ZI.elf.dir/qpc/src/qf/qep_hsm.c.obj
 .debug_aranges
                0x0000000000000378       0x20 CMakeFiles/NUCLEO-F429ZI.elf.dir/qpc/src/qf/qf_act.c.obj
 .debug_aranges
                0x0000000000000398       0x58 CMakeFiles/NUCLEO-F429ZI.elf.dir/qpc/src/qf/qf_actq.c.obj
 .debug_aranges
                0x00000000000003f0       0x50 CMakeFiles/NUCLEO-F429ZI.elf.dir/qpc/src/qf/qf_dyn.c.obj
 .debug_aranges
                0x0000000000000440       0x30 CMakeFiles/NUCLEO-F429ZI.elf.dir/qpc/src/qf/qf_mem.c.obj
 .debug_aranges
                0x0000000000000470       0x40 CMakeFiles/NUCLEO-F429ZI.elf.dir/qpc/src/qf/qf_ps.c.obj
 .debug_aranges
                0x00000000000004b0       0x30 CMakeFiles/NUCLEO-F429ZI.elf.dir/qpc/src/qf/qf_qact.c.obj
 .debug_aranges
                0x00000000000004e0       0x38 CMakeFiles/NUCLEO-F429ZI.elf.dir/qpc/src/qf/qf_qeq.c.obj
 .debug_aranges
                0x0000000000000518       0x58 CMakeFiles/NUCLEO-F429ZI.elf.dir/qpc/src/qf/qf_time.c.obj
 .debug_aranges
                0x0000000000000570       0x58 CMakeFiles/NUCLEO-F429ZI.elf.dir/qpc/src/qk/qk.c.obj

.debug_ranges   0x0000000000000000      0x710
 .debug_ranges  0x0000000000000000       0x20 CMakeFiles/NUCLEO-F429ZI.elf.dir/Core/Src/main.c.obj
 .debug_ranges  0x0000000000000020       0x38 CMakeFiles/NUCLEO-F429ZI.elf.dir/Core/Src/stm32f4xx_it.c.obj
 .debug_ranges  0x0000000000000058       0x18 CMakeFiles/NUCLEO-F429ZI.elf.dir/Core/Src/system_stm32f4xx.c.obj
 .debug_ranges  0x0000000000000070       0x20 CMakeFiles/NUCLEO-F429ZI.elf.dir/Core/Startup/startup_stm32f429zitx.s.obj
 .debug_ranges  0x0000000000000090       0xf8 CMakeFiles/NUCLEO-F429ZI.elf.dir/Drivers/STM32F4xx_HAL_Driver/Src/stm32f4xx_hal_cortex.c.obj
 .debug_ranges  0x0000000000000188       0x48 CMakeFiles/NUCLEO-F429ZI.elf.dir/Drivers/STM32F4xx_HAL_Driver/Src/stm32f4xx_hal_gpio.c.obj
 .debug_ranges  0x00000000000001d0       0x28 CMakeFiles/NUCLEO-F429ZI.elf.dir/qpc/blinky/blinky.c.obj
 .debug_ranges  0x00000000000001f8       0x60 CMakeFiles/NUCLEO-F429ZI.elf.dir/qpc/bsp/bsp.c.obj
 .debug_ranges  0x0000000000000258       0x50 CMakeFiles/NUCLEO-F429ZI.elf.dir/qpc/bsp/stm32f4xx_nucleo_144.c.obj
 .debug_ranges  0x00000000000002a8       0x48 CMakeFiles/NUCLEO-F429ZI.elf.dir/qpc/ports/arm-cm/qk/gnu/qk_port.c.obj
 .debug_ranges  0x00000000000002f0       0xc0 CMakeFiles/NUCLEO-F429ZI.elf.dir/qpc/src/qf/qep_hsm.c.obj
 .debug_ranges  0x00000000000003b0       0x10 CMakeFiles/NUCLEO-F429ZI.elf.dir/qpc/src/qf/qf_act.c.obj
 .debug_ranges  0x00000000000003c0       0x90 CMakeFiles/NUCLEO-F429ZI.elf.dir/qpc/src/qf/qf_actq.c.obj
 .debug_ranges  0x0000000000000450       0x88 CMakeFiles/NUCLEO-F429ZI.elf.dir/qpc/src/qf/qf_dyn.c.obj
 .debug_ranges  0x00000000000004d8       0x50 CMakeFiles/NUCLEO-F429ZI.elf.dir/qpc/src/qf/qf_mem.c.obj
 .debug_ranges  0x0000000000000528       0x80 CMakeFiles/NUCLEO-F429ZI.elf.dir/qpc/src/qf/qf_ps.c.obj
 .debug_ranges  0x00000000000005a8       0x20 CMakeFiles/NUCLEO-F429ZI.elf.dir/qpc/src/qf/qf_qact.c.obj
 .debug_ranges  0x00000000000005c8       0x40 CMakeFiles/NUCLEO-F429ZI.elf.dir/qpc/src/qf/qf_qeq.c.obj
 .debug_ranges  0x0000000000000608       0x90 CMakeFiles/NUCLEO-F429ZI.elf.dir/qpc/src/qf/qf_time.c.obj
 .debug_ranges  0x0000000000000698       0x78 CMakeFiles/NUCLEO-F429ZI.elf.dir/qpc/src/qk/qk.c.obj

.debug_line     0x0000000000000000     0x5eb3
 .debug_line    0x0000000000000000      0x39b CMakeFiles/NUCLEO-F429ZI.elf.dir/Core/Src/main.c.obj
 .debug_line    0x000000000000039b      0x10d CMakeFiles/NUCLEO-F429ZI.elf.dir/Core/Src/stm32f4xx_it.c.obj
 .debug_line    0x00000000000004a8      0x25d CMakeFiles/NUCLEO-F429ZI.elf.dir/Core/Src/system_stm32f4xx.c.obj
 .debug_line    0x0000000000000705       0xa0 CMakeFiles/NUCLEO-F429ZI.elf.dir/Core/Startup/startup_stm32f429zitx.s.obj
 .debug_line    0x00000000000007a5      0x7e8 CMakeFiles/NUCLEO-F429ZI.elf.dir/Drivers/STM32F4xx_HAL_Driver/Src/stm32f4xx_hal_cortex.c.obj
 .debug_line    0x0000000000000f8d      0x74b CMakeFiles/NUCLEO-F429ZI.elf.dir/Drivers/STM32F4xx_HAL_Driver/Src/stm32f4xx_hal_gpio.c.obj
 .debug_line    0x00000000000016d8      0x2da CMakeFiles/NUCLEO-F429ZI.elf.dir/qpc/blinky/blinky.c.obj
 .debug_line    0x00000000000019b2      0x56f CMakeFiles/NUCLEO-F429ZI.elf.dir/qpc/bsp/bsp.c.obj
 .debug_line    0x0000000000001f21      0x418 CMakeFiles/NUCLEO-F429ZI.elf.dir/qpc/bsp/stm32f4xx_nucleo_144.c.obj
 .debug_line    0x0000000000002339      0x295 CMakeFiles/NUCLEO-F429ZI.elf.dir/qpc/ports/arm-cm/qk/gnu/qk_port.c.obj
 .debug_line    0x00000000000025ce      0x933 CMakeFiles/NUCLEO-F429ZI.elf.dir/qpc/src/qf/qep_hsm.c.obj
 .debug_line    0x0000000000002f01      0x210 CMakeFiles/NUCLEO-F429ZI.elf.dir/qpc/src/qf/qf_act.c.obj
 .debug_line    0x0000000000003111      0x7ea CMakeFiles/NUCLEO-F429ZI.elf.dir/qpc/src/qf/qf_actq.c.obj
 .debug_line    0x00000000000038fb      0x53a CMakeFiles/NUCLEO-F429ZI.elf.dir/qpc/src/qf/qf_dyn.c.obj
 .debug_line    0x0000000000003e35      0x42b CMakeFiles/NUCLEO-F429ZI.elf.dir/qpc/src/qf/qf_mem.c.obj
 .debug_line    0x0000000000004260      0x6e3 CMakeFiles/NUCLEO-F429ZI.elf.dir/qpc/src/qf/qf_ps.c.obj
 .debug_line    0x0000000000004943      0x36d CMakeFiles/NUCLEO-F429ZI.elf.dir/qpc/src/qf/qf_qact.c.obj
 .debug_line    0x0000000000004cb0      0x4da CMakeFiles/NUCLEO-F429ZI.elf.dir/qpc/src/qf/qf_qeq.c.obj
 .debug_line    0x000000000000518a      0x60d CMakeFiles/NUCLEO-F429ZI.elf.dir/qpc/src/qf/qf_time.c.obj
 .debug_line    0x0000000000005797      0x71c CMakeFiles/NUCLEO-F429ZI.elf.dir/qpc/src/qk/qk.c.obj

.debug_str      0x0000000000000000     0x21f0
 .debug_str     0x0000000000000000      0x478 CMakeFiles/NUCLEO-F429ZI.elf.dir/Core/Src/main.c.obj
                                        0x4d5 (size before relaxing)
 .debug_str     0x0000000000000478       0x98 CMakeFiles/NUCLEO-F429ZI.elf.dir/Core/Src/stm32f4xx_it.c.obj
                                        0x21a (size before relaxing)
 .debug_str     0x0000000000000510       0x9f CMakeFiles/NUCLEO-F429ZI.elf.dir/Core/Src/system_stm32f4xx.c.obj
                                        0x356 (size before relaxing)
 .debug_str     0x00000000000005af       0x4e CMakeFiles/NUCLEO-F429ZI.elf.dir/Core/Startup/startup_stm32f429zitx.s.obj
                                         0x7b (size before relaxing)
 .debug_str     0x00000000000005fd      0xa8a CMakeFiles/NUCLEO-F429ZI.elf.dir/Drivers/STM32F4xx_HAL_Driver/Src/stm32f4xx_hal_cortex.c.obj
                                        0xcb2 (size before relaxing)
 .debug_str     0x0000000000001087      0x201 CMakeFiles/NUCLEO-F429ZI.elf.dir/Drivers/STM32F4xx_HAL_Driver/Src/stm32f4xx_hal_gpio.c.obj
                                        0x515 (size before relaxing)
 .debug_str     0x0000000000001288      0x380 CMakeFiles/NUCLEO-F429ZI.elf.dir/qpc/blinky/blinky.c.obj
                                        0x57a (size before relaxing)
 .debug_str     0x0000000000001608      0x24a CMakeFiles/NUCLEO-F429ZI.elf.dir/qpc/bsp/bsp.c.obj
                                        0xe1e (size before relaxing)
 .debug_str     0x0000000000001852      0x11f CMakeFiles/NUCLEO-F429ZI.elf.dir/qpc/bsp/stm32f4xx_nucleo_144.c.obj
                                        0xae9 (size before relaxing)
 .debug_str     0x0000000000001971       0x9b CMakeFiles/NUCLEO-F429ZI.elf.dir/qpc/ports/arm-cm/qk/gnu/qk_port.c.obj
                                        0x269 (size before relaxing)
 .debug_str     0x0000000000001a0c       0xf3 CMakeFiles/NUCLEO-F429ZI.elf.dir/qpc/src/qf/qep_hsm.c.obj
                                        0x51c (size before relaxing)
 .debug_str     0x0000000000001aff       0xaf CMakeFiles/NUCLEO-F429ZI.elf.dir/qpc/src/qf/qf_act.c.obj
                                        0x4c9 (size before relaxing)
 .debug_str     0x0000000000001bae      0x1c2 CMakeFiles/NUCLEO-F429ZI.elf.dir/qpc/src/qf/qf_actq.c.obj
                                        0x682 (size before relaxing)
 .debug_str     0x0000000000001d70       0xef CMakeFiles/NUCLEO-F429ZI.elf.dir/qpc/src/qf/qf_dyn.c.obj
                                        0x3ef (size before relaxing)
 .debug_str     0x0000000000001e5f       0x45 CMakeFiles/NUCLEO-F429ZI.elf.dir/qpc/src/qf/qf_mem.c.obj
                                        0x2ff (size before relaxing)
 .debug_str     0x0000000000001ea4      0x126 CMakeFiles/NUCLEO-F429ZI.elf.dir/qpc/src/qf/qf_ps.c.obj
                                        0x6ba (size before relaxing)
 .debug_str     0x0000000000001fca       0x6a CMakeFiles/NUCLEO-F429ZI.elf.dir/qpc/src/qf/qf_qact.c.obj
                                        0x4e2 (size before relaxing)
 .debug_str     0x0000000000002034       0x7e CMakeFiles/NUCLEO-F429ZI.elf.dir/qpc/src/qf/qf_qeq.c.obj
                                        0x30b (size before relaxing)
 .debug_str     0x00000000000020b2       0xb4 CMakeFiles/NUCLEO-F429ZI.elf.dir/qpc/src/qf/qf_time.c.obj
                                        0x5e7 (size before relaxing)
 .debug_str     0x0000000000002166       0x8a CMakeFiles/NUCLEO-F429ZI.elf.dir/qpc/src/qk/qk.c.obj
                                        0x7d5 (size before relaxing)

.comment        0x0000000000000000       0x49
 .comment       0x0000000000000000       0x49 CMakeFiles/NUCLEO-F429ZI.elf.dir/Core/Src/main.c.obj
                                         0x4a (size before relaxing)
 .comment       0x0000000000000049       0x4a CMakeFiles/NUCLEO-F429ZI.elf.dir/Core/Src/stm32f4xx_it.c.obj
 .comment       0x0000000000000049       0x4a CMakeFiles/NUCLEO-F429ZI.elf.dir/Core/Src/system_stm32f4xx.c.obj
 .comment       0x0000000000000049       0x4a CMakeFiles/NUCLEO-F429ZI.elf.dir/Drivers/STM32F4xx_HAL_Driver/Src/stm32f4xx_hal_cortex.c.obj
 .comment       0x0000000000000049       0x4a CMakeFiles/NUCLEO-F429ZI.elf.dir/Drivers/STM32F4xx_HAL_Driver/Src/stm32f4xx_hal_gpio.c.obj
 .comment       0x0000000000000049       0x4a CMakeFiles/NUCLEO-F429ZI.elf.dir/qpc/blinky/blinky.c.obj
 .comment       0x0000000000000049       0x4a CMakeFiles/NUCLEO-F429ZI.elf.dir/qpc/bsp/bsp.c.obj
 .comment       0x0000000000000049       0x4a CMakeFiles/NUCLEO-F429ZI.elf.dir/qpc/bsp/stm32f4xx_nucleo_144.c.obj
 .comment       0x0000000000000049       0x4a CMakeFiles/NUCLEO-F429ZI.elf.dir/qpc/ports/arm-cm/qk/gnu/qk_port.c.obj
 .comment       0x0000000000000049       0x4a CMakeFiles/NUCLEO-F429ZI.elf.dir/qpc/src/qf/qep_hsm.c.obj
 .comment       0x0000000000000049       0x4a CMakeFiles/NUCLEO-F429ZI.elf.dir/qpc/src/qf/qf_act.c.obj
 .comment       0x0000000000000049       0x4a CMakeFiles/NUCLEO-F429ZI.elf.dir/qpc/src/qf/qf_actq.c.obj
 .comment       0x0000000000000049       0x4a CMakeFiles/NUCLEO-F429ZI.elf.dir/qpc/src/qf/qf_dyn.c.obj
 .comment       0x0000000000000049       0x4a CMakeFiles/NUCLEO-F429ZI.elf.dir/qpc/src/qf/qf_mem.c.obj
 .comment       0x0000000000000049       0x4a CMakeFiles/NUCLEO-F429ZI.elf.dir/qpc/src/qf/qf_ps.c.obj
 .comment       0x0000000000000049       0x4a CMakeFiles/NUCLEO-F429ZI.elf.dir/qpc/src/qf/qf_qact.c.obj
 .comment       0x0000000000000049       0x4a CMakeFiles/NUCLEO-F429ZI.elf.dir/qpc/src/qf/qf_qeq.c.obj
 .comment       0x0000000000000049       0x4a CMakeFiles/NUCLEO-F429ZI.elf.dir/qpc/src/qf/qf_time.c.obj
 .comment       0x0000000000000049       0x4a CMakeFiles/NUCLEO-F429ZI.elf.dir/qpc/src/qk/qk.c.obj

.debug_frame    0x0000000000000000      0xea8
 .debug_frame   0x0000000000000000       0x58 CMakeFiles/NUCLEO-F429ZI.elf.dir/Core/Src/main.c.obj
 .debug_frame   0x0000000000000058       0x70 CMakeFiles/NUCLEO-F429ZI.elf.dir/Core/Src/stm32f4xx_it.c.obj
 .debug_frame   0x00000000000000c8       0x30 CMakeFiles/NUCLEO-F429ZI.elf.dir/Core/Src/system_stm32f4xx.c.obj
 .debug_frame   0x00000000000000f8      0x148 CMakeFiles/NUCLEO-F429ZI.elf.dir/Drivers/STM32F4xx_HAL_Driver/Src/stm32f4xx_hal_cortex.c.obj
 .debug_frame   0x0000000000000240       0xd8 CMakeFiles/NUCLEO-F429ZI.elf.dir/Drivers/STM32F4xx_HAL_Driver/Src/stm32f4xx_hal_gpio.c.obj
 .debug_frame   0x0000000000000318       0x70 CMakeFiles/NUCLEO-F429ZI.elf.dir/qpc/blinky/blinky.c.obj
 .debug_frame   0x0000000000000388      0x114 CMakeFiles/NUCLEO-F429ZI.elf.dir/qpc/bsp/bsp.c.obj
 .debug_frame   0x000000000000049c      0x110 CMakeFiles/NUCLEO-F429ZI.elf.dir/qpc/bsp/stm32f4xx_nucleo_144.c.obj
 .debug_frame   0x00000000000005ac       0x90 CMakeFiles/NUCLEO-F429ZI.elf.dir/qpc/ports/arm-cm/qk/gnu/qk_port.c.obj
 .debug_frame   0x000000000000063c       0xe8 CMakeFiles/NUCLEO-F429ZI.elf.dir/qpc/src/qf/qep_hsm.c.obj
 .debug_frame   0x0000000000000724       0x20 CMakeFiles/NUCLEO-F429ZI.elf.dir/qpc/src/qf/qf_act.c.obj
 .debug_frame   0x0000000000000744       0xe8 CMakeFiles/NUCLEO-F429ZI.elf.dir/qpc/src/qf/qf_actq.c.obj
 .debug_frame   0x000000000000082c       0xd0 CMakeFiles/NUCLEO-F429ZI.elf.dir/qpc/src/qf/qf_dyn.c.obj
 .debug_frame   0x00000000000008fc       0x68 CMakeFiles/NUCLEO-F429ZI.elf.dir/qpc/src/qf/qf_mem.c.obj
 .debug_frame   0x0000000000000964       0xa4 CMakeFiles/NUCLEO-F429ZI.elf.dir/qpc/src/qf/qf_ps.c.obj
 .debug_frame   0x0000000000000a08       0x60 CMakeFiles/NUCLEO-F429ZI.elf.dir/qpc/src/qf/qf_qact.c.obj
 .debug_frame   0x0000000000000a68       0x74 CMakeFiles/NUCLEO-F429ZI.elf.dir/qpc/src/qf/qf_qeq.c.obj
 .debug_frame   0x0000000000000adc       0xf0 CMakeFiles/NUCLEO-F429ZI.elf.dir/qpc/src/qf/qf_time.c.obj
 .debug_frame   0x0000000000000bcc       0xec CMakeFiles/NUCLEO-F429ZI.elf.dir/qpc/src/qk/qk.c.obj
 .debug_frame   0x0000000000000cb8       0x30 /usr/local/Cellar/arm-none-eabi-gcc/10.3-2021.10/gcc/bin/../lib/gcc/arm-none-eabi/10.3.1/thumb/v7e-m/nofp/libgcc.a(_arm_muldf3.o)
 .debug_frame   0x0000000000000ce8       0x2c /usr/local/Cellar/arm-none-eabi-gcc/10.3-2021.10/gcc/bin/../lib/gcc/arm-none-eabi/10.3.1/../../../../arm-none-eabi/lib/thumb/v7e-m/nofp/libg.a(lib_a-init.o)
 .debug_frame   0x0000000000000d14       0x5c /usr/local/Cellar/arm-none-eabi-gcc/10.3-2021.10/gcc/bin/../lib/gcc/arm-none-eabi/10.3.1/../../../../arm-none-eabi/lib/thumb/v7e-m/nofp/libg.a(lib_a-__call_atexit.o)
 .debug_frame   0x0000000000000d70       0x20 /usr/local/Cellar/arm-none-eabi-gcc/10.3-2021.10/gcc/bin/../lib/gcc/arm-none-eabi/10.3.1/../../../../arm-none-eabi/lib/thumb/v7e-m/nofp/libg.a(lib_a-atexit.o)
 .debug_frame   0x0000000000000d90       0x34 /usr/local/Cellar/arm-none-eabi-gcc/10.3-2021.10/gcc/bin/../lib/gcc/arm-none-eabi/10.3.1/../../../../arm-none-eabi/lib/thumb/v7e-m/nofp/libg.a(lib_a-fini.o)
 .debug_frame   0x0000000000000dc4       0xb0 /usr/local/Cellar/arm-none-eabi-gcc/10.3-2021.10/gcc/bin/../lib/gcc/arm-none-eabi/10.3.1/../../../../arm-none-eabi/lib/thumb/v7e-m/nofp/libg.a(lib_a-lock.o)
 .debug_frame   0x0000000000000e74       0x34 /usr/local/Cellar/arm-none-eabi-gcc/10.3-2021.10/gcc/bin/../lib/gcc/arm-none-eabi/10.3.1/../../../../arm-none-eabi/lib/thumb/v7e-m/nofp/libg.a(lib_a-__atexit.o)

.debug_loc      0x0000000000000000     0x3f3b
 .debug_loc     0x0000000000000000      0x158 CMakeFiles/NUCLEO-F429ZI.elf.dir/Core/Src/system_stm32f4xx.c.obj
 .debug_loc     0x0000000000000158      0x744 CMakeFiles/NUCLEO-F429ZI.elf.dir/Drivers/STM32F4xx_HAL_Driver/Src/stm32f4xx_hal_cortex.c.obj
 .debug_loc     0x000000000000089c      0x520 CMakeFiles/NUCLEO-F429ZI.elf.dir/Drivers/STM32F4xx_HAL_Driver/Src/stm32f4xx_hal_gpio.c.obj
 .debug_loc     0x0000000000000dbc      0x1f7 CMakeFiles/NUCLEO-F429ZI.elf.dir/qpc/blinky/blinky.c.obj
 .debug_loc     0x0000000000000fb3      0x1b8 CMakeFiles/NUCLEO-F429ZI.elf.dir/qpc/bsp/bsp.c.obj
 .debug_loc     0x000000000000116b      0x194 CMakeFiles/NUCLEO-F429ZI.elf.dir/qpc/bsp/stm32f4xx_nucleo_144.c.obj
 .debug_loc     0x00000000000012ff       0x23 CMakeFiles/NUCLEO-F429ZI.elf.dir/qpc/ports/arm-cm/qk/gnu/qk_port.c.obj
 .debug_loc     0x0000000000001322      0x99b CMakeFiles/NUCLEO-F429ZI.elf.dir/qpc/src/qf/qep_hsm.c.obj
 .debug_loc     0x0000000000001cbd       0x90 CMakeFiles/NUCLEO-F429ZI.elf.dir/qpc/src/qf/qf_act.c.obj
 .debug_loc     0x0000000000001d4d      0x685 CMakeFiles/NUCLEO-F429ZI.elf.dir/qpc/src/qf/qf_actq.c.obj
 .debug_loc     0x00000000000023d2      0x3c7 CMakeFiles/NUCLEO-F429ZI.elf.dir/qpc/src/qf/qf_dyn.c.obj
 .debug_loc     0x0000000000002799      0x2ab CMakeFiles/NUCLEO-F429ZI.elf.dir/qpc/src/qf/qf_mem.c.obj
 .debug_loc     0x0000000000002a44      0x602 CMakeFiles/NUCLEO-F429ZI.elf.dir/qpc/src/qf/qf_ps.c.obj
 .debug_loc     0x0000000000003046      0x198 CMakeFiles/NUCLEO-F429ZI.elf.dir/qpc/src/qf/qf_qact.c.obj
 .debug_loc     0x00000000000031de      0x31d CMakeFiles/NUCLEO-F429ZI.elf.dir/qpc/src/qf/qf_qeq.c.obj
 .debug_loc     0x00000000000034fb      0x484 CMakeFiles/NUCLEO-F429ZI.elf.dir/qpc/src/qf/qf_time.c.obj
 .debug_loc     0x000000000000397f      0x5bc CMakeFiles/NUCLEO-F429ZI.elf.dir/qpc/src/qk/qk.c.obj
