Archive member included to satisfy reference by file (symbol)

/usr/lib/gcc/arm-none-eabi/10.3.1/thumb/v7e-m+fp/hard/libgcc.a(_aeabi_uldivmod.o)
                              CMakeFiles/NUCLEO-F429ZI.elf.dir/Drivers/STM32F4xx_HAL_Driver/Src/stm32f4xx_hal_rcc.c.obj (__aeabi_uldivmod)
/usr/lib/gcc/arm-none-eabi/10.3.1/thumb/v7e-m+fp/hard/libgcc.a(_udivmoddi4.o)
                              /usr/lib/gcc/arm-none-eabi/10.3.1/thumb/v7e-m+fp/hard/libgcc.a(_aeabi_uldivmod.o) (__udivmoddi4)
/usr/lib/gcc/arm-none-eabi/10.3.1/thumb/v7e-m+fp/hard/libgcc.a(_dvmd_tls.o)
                              /usr/lib/gcc/arm-none-eabi/10.3.1/thumb/v7e-m+fp/hard/libgcc.a(_aeabi_uldivmod.o) (__aeabi_ldiv0)
/usr/lib/gcc/arm-none-eabi/10.3.1/../../../arm-none-eabi/lib/thumb/v7e-m+fp/hard/libg.a(lib_a-atexit.o)
                              /usr/lib/gcc/arm-none-eabi/10.3.1/../../../arm-none-eabi/lib/thumb/v7e-m+fp/hard/crt0.o (atexit)
/usr/lib/gcc/arm-none-eabi/10.3.1/../../../arm-none-eabi/lib/thumb/v7e-m+fp/hard/libg.a(lib_a-errno.o)
                              CMakeFiles/NUCLEO-F429ZI.elf.dir/Core/Src/syscalls.c.obj (__errno)
/usr/lib/gcc/arm-none-eabi/10.3.1/../../../arm-none-eabi/lib/thumb/v7e-m+fp/hard/libg.a(lib_a-exit.o)
                              /usr/lib/gcc/arm-none-eabi/10.3.1/../../../arm-none-eabi/lib/thumb/v7e-m+fp/hard/crt0.o (exit)
/usr/lib/gcc/arm-none-eabi/10.3.1/../../../arm-none-eabi/lib/thumb/v7e-m+fp/hard/libg.a(lib_a-fini.o)
                              /usr/lib/gcc/arm-none-eabi/10.3.1/../../../arm-none-eabi/lib/thumb/v7e-m+fp/hard/crt0.o (__libc_fini_array)
/usr/lib/gcc/arm-none-eabi/10.3.1/../../../arm-none-eabi/lib/thumb/v7e-m+fp/hard/libg.a(lib_a-fprintf.o)
                              CMakeFiles/NUCLEO-F429ZI.elf.dir/blinky/bsp/assert.c.obj (fprintf)
/usr/lib/gcc/arm-none-eabi/10.3.1/../../../arm-none-eabi/lib/thumb/v7e-m+fp/hard/libg.a(lib_a-impure.o)
                              /usr/lib/gcc/arm-none-eabi/10.3.1/../../../arm-none-eabi/lib/thumb/v7e-m+fp/hard/libg.a(lib_a-exit.o) (_global_impure_ptr)
/usr/lib/gcc/arm-none-eabi/10.3.1/../../../arm-none-eabi/lib/thumb/v7e-m+fp/hard/libg.a(lib_a-init.o)
                              /usr/lib/gcc/arm-none-eabi/10.3.1/../../../arm-none-eabi/lib/thumb/v7e-m+fp/hard/crt0.o (__libc_init_array)
/usr/lib/gcc/arm-none-eabi/10.3.1/../../../arm-none-eabi/lib/thumb/v7e-m+fp/hard/libg.a(lib_a-memcpy.o)
                              CMakeFiles/NUCLEO-F429ZI.elf.dir/third-party/rkh/source/trc/src/rkhtrc_stream.c.obj (memcpy)
/usr/lib/gcc/arm-none-eabi/10.3.1/../../../arm-none-eabi/lib/thumb/v7e-m+fp/hard/libg.a(lib_a-memset.o)
                              /usr/lib/gcc/arm-none-eabi/10.3.1/../../../arm-none-eabi/lib/thumb/v7e-m+fp/hard/crt0.o (memset)
/usr/lib/gcc/arm-none-eabi/10.3.1/../../../arm-none-eabi/lib/thumb/v7e-m+fp/hard/libg.a(lib_a-printf.o)
                              CMakeFiles/NUCLEO-F429ZI.elf.dir/blinky/bsp/bsp_blinky.c.obj (printf)
/usr/lib/gcc/arm-none-eabi/10.3.1/../../../arm-none-eabi/lib/thumb/v7e-m+fp/hard/libg.a(lib_a-puts.o)
                              CMakeFiles/NUCLEO-F429ZI.elf.dir/blinky/bsp/bsp_blinky.c.obj (puts)
/usr/lib/gcc/arm-none-eabi/10.3.1/../../../arm-none-eabi/lib/thumb/v7e-m+fp/hard/libg.a(lib_a-strlen.o)
                              /usr/lib/gcc/arm-none-eabi/10.3.1/../../../arm-none-eabi/lib/thumb/v7e-m+fp/hard/libg.a(lib_a-puts.o) (strlen)
/usr/lib/gcc/arm-none-eabi/10.3.1/../../../arm-none-eabi/lib/thumb/v7e-m+fp/hard/libg.a(lib_a-vfprintf.o)
                              /usr/lib/gcc/arm-none-eabi/10.3.1/../../../arm-none-eabi/lib/thumb/v7e-m+fp/hard/libg.a(lib_a-fprintf.o) (_vfprintf_r)
/usr/lib/gcc/arm-none-eabi/10.3.1/../../../arm-none-eabi/lib/thumb/v7e-m+fp/hard/libg.a(lib_a-wsetup.o)
                              /usr/lib/gcc/arm-none-eabi/10.3.1/../../../arm-none-eabi/lib/thumb/v7e-m+fp/hard/libg.a(lib_a-vfprintf.o) (__swsetup_r)
/usr/lib/gcc/arm-none-eabi/10.3.1/../../../arm-none-eabi/lib/thumb/v7e-m+fp/hard/libg.a(lib_a-__atexit.o)
                              /usr/lib/gcc/arm-none-eabi/10.3.1/../../../arm-none-eabi/lib/thumb/v7e-m+fp/hard/libg.a(lib_a-atexit.o) (__register_exitproc)
/usr/lib/gcc/arm-none-eabi/10.3.1/../../../arm-none-eabi/lib/thumb/v7e-m+fp/hard/libg.a(lib_a-__call_atexit.o)
                              /usr/lib/gcc/arm-none-eabi/10.3.1/../../../arm-none-eabi/lib/thumb/v7e-m+fp/hard/libg.a(lib_a-exit.o) (__call_exitprocs)
/usr/lib/gcc/arm-none-eabi/10.3.1/../../../arm-none-eabi/lib/thumb/v7e-m+fp/hard/libg.a(lib_a-dtoa.o)
                              /usr/lib/gcc/arm-none-eabi/10.3.1/../../../arm-none-eabi/lib/thumb/v7e-m+fp/hard/libg.a(lib_a-vfprintf.o) (_dtoa_r)
/usr/lib/gcc/arm-none-eabi/10.3.1/../../../arm-none-eabi/lib/thumb/v7e-m+fp/hard/libg.a(lib_a-fflush.o)
                              /usr/lib/gcc/arm-none-eabi/10.3.1/../../../arm-none-eabi/lib/thumb/v7e-m+fp/hard/libg.a(lib_a-vfprintf.o) (_fflush_r)
[...]
Memory Configuration

Name             Origin             Length             Attributes
CCMRAM           0x0000000010000000 0x0000000000010000 xrw
RAM              0x0000000020000000 0x0000000000030000 xrw
FLASH            0x0000000008000000 0x0000000000200000 xr
*default*        0x0000000000000000 0xffffffffffffffff

Linker script and memory map

LOAD /usr/lib/gcc/arm-none-eabi/10.3.1/thumb/v7e-m+fp/hard/crti.o
LOAD /usr/lib/gcc/arm-none-eabi/10.3.1/thumb/v7e-m+fp/hard/crtbegin.o
LOAD /usr/lib/gcc/arm-none-eabi/10.3.1/../../../arm-none-eabi/lib/thumb/v7e-m+fp/hard/crt0.o
LOAD CMakeFiles/NUCLEO-F429ZI.elf.dir/Core/Src/eth.c.obj
LOAD CMakeFiles/NUCLEO-F429ZI.elf.dir/Core/Src/gpio.c.obj
LOAD CMakeFiles/NUCLEO-F429ZI.elf.dir/Core/Src/main.c.obj
LOAD CMakeFiles/NUCLEO-F429ZI.elf.dir/Core/Src/stm32f4xx_hal_msp.c.obj
LOAD CMakeFiles/NUCLEO-F429ZI.elf.dir/Core/Src/stm32f4xx_it.c.obj
LOAD CMakeFiles/NUCLEO-F429ZI.elf.dir/Core/Src/syscalls.c.obj
LOAD CMakeFiles/NUCLEO-F429ZI.elf.dir/Core/Src/sysmem.c.obj
LOAD CMakeFiles/NUCLEO-F429ZI.elf.dir/Core/Src/system_stm32f4xx.c.obj
LOAD CMakeFiles/NUCLEO-F429ZI.elf.dir/Core/Src/usart.c.obj
LOAD CMakeFiles/NUCLEO-F429ZI.elf.dir/Core/Src/usb_otg.c.obj
LOAD CMakeFiles/NUCLEO-F429ZI.elf.dir/Core/Startup/startup_stm32f429zitx.s.obj
LOAD CMakeFiles/NUCLEO-F429ZI.elf.dir/Drivers/STM32F4xx_HAL_Driver/Src/stm32f4xx_hal.c.obj
LOAD CMakeFiles/NUCLEO-F429ZI.elf.dir/Drivers/STM32F4xx_HAL_Driver/Src/stm32f4xx_hal_cortex.c.obj
LOAD CMakeFiles/NUCLEO-F429ZI.elf.dir/Drivers/STM32F4xx_HAL_Driver/Src/stm32f4xx_hal_dma.c.obj
LOAD CMakeFiles/NUCLEO-F429ZI.elf.dir/Drivers/STM32F4xx_HAL_Driver/Src/stm32f4xx_hal_dma_ex.c.obj
LOAD CMakeFiles/NUCLEO-F429ZI.elf.dir/Drivers/STM32F4xx_HAL_Driver/Src/stm32f4xx_hal_eth.c.obj
LOAD CMakeFiles/NUCLEO-F429ZI.elf.dir/Drivers/STM32F4xx_HAL_Driver/Src/stm32f4xx_hal_exti.c.obj
LOAD CMakeFiles/NUCLEO-F429ZI.elf.dir/Drivers/STM32F4xx_HAL_Driver/Src/stm32f4xx_hal_flash.c.obj
LOAD CMakeFiles/NUCLEO-F429ZI.elf.dir/Drivers/STM32F4xx_HAL_Driver/Src/stm32f4xx_hal_flash_ex.c.obj
LOAD CMakeFiles/NUCLEO-F429ZI.elf.dir/Drivers/STM32F4xx_HAL_Driver/Src/stm32f4xx_hal_flash_ramfunc.c.obj
LOAD CMakeFiles/NUCLEO-F429ZI.elf.dir/Drivers/STM32F4xx_HAL_Driver/Src/stm32f4xx_hal_gpio.c.obj
LOAD CMakeFiles/NUCLEO-F429ZI.elf.dir/Drivers/STM32F4xx_HAL_Driver/Src/stm32f4xx_hal_pcd.c.obj
LOAD CMakeFiles/NUCLEO-F429ZI.elf.dir/Drivers/STM32F4xx_HAL_Driver/Src/stm32f4xx_hal_pcd_ex.c.obj
LOAD CMakeFiles/NUCLEO-F429ZI.elf.dir/Drivers/STM32F4xx_HAL_Driver/Src/stm32f4xx_hal_pwr.c.obj
LOAD CMakeFiles/NUCLEO-F429ZI.elf.dir/Drivers/STM32F4xx_HAL_Driver/Src/stm32f4xx_hal_pwr_ex.c.obj
LOAD CMakeFiles/NUCLEO-F429ZI.elf.dir/Drivers/STM32F4xx_HAL_Driver/Src/stm32f4xx_hal_rcc.c.obj
LOAD CMakeFiles/NUCLEO-F429ZI.elf.dir/Drivers/STM32F4xx_HAL_Driver/Src/stm32f4xx_hal_rcc_ex.c.obj
LOAD CMakeFiles/NUCLEO-F429ZI.elf.dir/Drivers/STM32F4xx_HAL_Driver/Src/stm32f4xx_hal_tim.c.obj
LOAD CMakeFiles/NUCLEO-F429ZI.elf.dir/Drivers/STM32F4xx_HAL_Driver/Src/stm32f4xx_hal_tim_ex.c.obj
LOAD CMakeFiles/NUCLEO-F429ZI.elf.dir/Drivers/STM32F4xx_HAL_Driver/Src/stm32f4xx_hal_uart.c.obj
LOAD CMakeFiles/NUCLEO-F429ZI.elf.dir/Drivers/STM32F4xx_HAL_Driver/Src/stm32f4xx_ll_usb.c.obj
LOAD CMakeFiles/NUCLEO-F429ZI.elf.dir/blinky/blinky.c.obj
LOAD CMakeFiles/NUCLEO-F429ZI.elf.dir/blinky/bsp/assert.c.obj
LOAD CMakeFiles/NUCLEO-F429ZI.elf.dir/blinky/bsp/bsp_blinky.c.obj
LOAD CMakeFiles/NUCLEO-F429ZI.elf.dir/blinky/bsp/hook.c.obj
LOAD CMakeFiles/NUCLEO-F429ZI.elf.dir/blinky/bsp/trace_io.c.obj
LOAD CMakeFiles/NUCLEO-F429ZI.elf.dir/bsp/stm32f4xx_nucleo_144.c.obj
LOAD CMakeFiles/NUCLEO-F429ZI.elf.dir/epoch/src/epoch.c.obj
LOAD CMakeFiles/NUCLEO-F429ZI.elf.dir/mTime/mTime.c.obj
LOAD CMakeFiles/NUCLEO-F429ZI.elf.dir/mTime/mTimeTbl.c.obj
LOAD CMakeFiles/NUCLEO-F429ZI.elf.dir/rtime/rtime.c.obj
LOAD CMakeFiles/NUCLEO-F429ZI.elf.dir/third-party/rkh/source/fwk/src/rkhfwk_bittbl.c.obj
LOAD CMakeFiles/NUCLEO-F429ZI.elf.dir/third-party/rkh/source/fwk/src/rkhfwk_dynevt.c.obj
LOAD CMakeFiles/NUCLEO-F429ZI.elf.dir/third-party/rkh/source/fwk/src/rkhfwk_evtpool.c.obj
LOAD CMakeFiles/NUCLEO-F429ZI.elf.dir/third-party/rkh/source/fwk/src/rkhfwk_pubsub.c.obj
LOAD CMakeFiles/NUCLEO-F429ZI.elf.dir/third-party/rkh/source/fwk/src/rkhfwk_rdygrp.c.obj
LOAD CMakeFiles/NUCLEO-F429ZI.elf.dir/third-party/rkh/source/fwk/src/rkhfwk_sched.c.obj
LOAD CMakeFiles/NUCLEO-F429ZI.elf.dir/third-party/rkh/source/fwk/src/rkhfwk_version.c.obj
LOAD CMakeFiles/NUCLEO-F429ZI.elf.dir/third-party/rkh/source/mempool/src/rkhmempool.c.obj
LOAD CMakeFiles/NUCLEO-F429ZI.elf.dir/third-party/rkh/source/portable/arm-cortex/rkhs/arm_cm4f/stm32/rkhport.c.obj
LOAD CMakeFiles/NUCLEO-F429ZI.elf.dir/third-party/rkh/source/queue/src/rkhqueue.c.obj
LOAD CMakeFiles/NUCLEO-F429ZI.elf.dir/third-party/rkh/source/sm/src/rkhsm.c.obj
LOAD CMakeFiles/NUCLEO-F429ZI.elf.dir/third-party/rkh/source/sma/src/rkhsma.c.obj
LOAD CMakeFiles/NUCLEO-F429ZI.elf.dir/third-party/rkh/source/sma/src/rkhsma_prio.c.obj
LOAD CMakeFiles/NUCLEO-F429ZI.elf.dir/third-party/rkh/source/sma/src/rkhsma_sync.c.obj
LOAD CMakeFiles/NUCLEO-F429ZI.elf.dir/third-party/rkh/source/tmr/src/rkhtmr.c.obj
LOAD CMakeFiles/NUCLEO-F429ZI.elf.dir/third-party/rkh/source/trc/src/rkhtrc_filter.c.obj
LOAD CMakeFiles/NUCLEO-F429ZI.elf.dir/third-party/rkh/source/trc/src/rkhtrc_record.c.obj
LOAD CMakeFiles/NUCLEO-F429ZI.elf.dir/third-party/rkh/source/trc/src/rkhtrc_stream.c.obj
START GROUP
LOAD /usr/lib/gcc/arm-none-eabi/10.3.1/thumb/v7e-m+fp/hard/libgcc.a
LOAD /usr/lib/gcc/arm-none-eabi/10.3.1/../../../arm-none-eabi/lib/thumb/v7e-m+fp/hard/libg.a
LOAD /usr/lib/gcc/arm-none-eabi/10.3.1/../../../arm-none-eabi/lib/thumb/v7e-m+fp/hard/libc.a
END GROUP
LOAD /usr/lib/gcc/arm-none-eabi/10.3.1/thumb/v7e-m+fp/hard/crtend.o
LOAD /usr/lib/gcc/arm-none-eabi/10.3.1/thumb/v7e-m+fp/hard/crtn.o
                0x0000000020030000                _estack = (ORIGIN (RAM) + LENGTH (RAM))
                0x0000000000000200                _Min_Heap_Size = 0x200
                0x0000000000000400                _Min_Stack_Size = 0x400

.isr_vector     0x0000000008000000      0x1ac
                0x0000000008000000                . = ALIGN (0x4)
 *(.isr_vector)
 .isr_vector    0x0000000008000000      0x1ac CMakeFiles/NUCLEO-F429ZI.elf.dir/Core/Startup/startup_stm32f429zitx.s.obj
                0x0000000008000000                g_pfnVectors
                0x00000000080001ac                . = ALIGN (0x4)

.text           0x00000000080001c0     0xa95c
                0x00000000080001c0                . = ALIGN (0x4)
 *(.text)
 .text          0x00000000080001c0       0x88 /usr/lib/gcc/arm-none-eabi/10.3.1/thumb/v7e-m+fp/hard/crtbegin.o
 .text          0x0000000008000248       0x30 /usr/lib/gcc/arm-none-eabi/10.3.1/thumb/v7e-m+fp/hard/libgcc.a(_aeabi_uldivmod.o)
                0x0000000008000248                __aeabi_uldivmod
 .text          0x0000000008000278      0x2d0 /usr/lib/gcc/arm-none-eabi/10.3.1/thumb/v7e-m+fp/hard/libgcc.a(_udivmoddi4.o)
                0x0000000008000278                __udivmoddi4
 .text          0x0000000008000548        0x4 /usr/lib/gcc/arm-none-eabi/10.3.1/thumb/v7e-m+fp/hard/libgcc.a(_dvmd_tls.o)
                0x0000000008000548                __aeabi_ldiv0
                0x0000000008000548                __aeabi_idiv0
 .text          0x000000000800054c        0xc /usr/lib/gcc/arm-none-eabi/10.3.1/../../../arm-none-eabi/lib/thumb/v7e-m+fp/hard/libg.a(lib_a-atexit.o)
                0x000000000800054c                atexit
 .text          0x0000000008000558        0xc /usr/lib/gcc/arm-none-eabi/10.3.1/../../../arm-none-eabi/lib/thumb/v7e-m+fp/hard/libg.a(lib_a-errno.o)
                0x0000000008000558                __errno
 .text          0x0000000008000564       0x2c /usr/lib/gcc/arm-none-eabi/10.3.1/../../../arm-none-eabi/lib/thumb/v7e-m+fp/hard/libg.a(lib_a-fini.o)
                0x0000000008000564                __libc_fini_array
 .text          0x0000000008000590       0x44 /usr/lib/gcc/arm-none-eabi/10.3.1/../../../arm-none-eabi/lib/thumb/v7e-m+fp/hard/libg.a(lib_a-fprintf.o)
                0x0000000008000590                _fprintf_r
                0x00000000080005ac                fprintf
 .text          0x00000000080005d4       0x48 /usr/lib/gcc/arm-none-eabi/10.3.1/../../../arm-none-eabi/lib/thumb/v7e-m+fp/hard/libg.a(lib_a-init.o)
                0x00000000080005d4                __libc_init_array
 .text          0x000000000800061c      0x134 /usr/lib/gcc/arm-none-eabi/10.3.1/../../../arm-none-eabi/lib/thumb/v7e-m+fp/hard/libg.a(lib_a-memcpy.o)
                0x000000000800061c                memcpy
 .text          0x0000000008000750       0xa4 /usr/lib/gcc/arm-none-eabi/10.3.1/../../../arm-none-eabi/lib/thumb/v7e-m+fp/hard/libg.a(lib_a-memset.o)
                0x0000000008000750                memset
 .text          0x00000000080007f4       0x48 /usr/lib/gcc/arm-none-eabi/10.3.1/../../../arm-none-eabi/lib/thumb/v7e-m+fp/hard/libg.a(lib_a-printf.o)
                0x00000000080007f4                _printf_r
                0x0000000008000814                printf
 .text          0x000000000800083c       0x78 /usr/lib/gcc/arm-none-eabi/10.3.1/../../../arm-none-eabi/lib/thumb/v7e-m+fp/hard/libg.a(lib_a-puts.o)
                0x000000000800083c                _puts_r
                0x00000000080008a4                puts
 *fill*         0x00000000080008b4        0xc 
 .text          0x00000000080008c0       0xdc /usr/lib/gcc/arm-none-eabi/10.3.1/../../../arm-none-eabi/lib/thumb/v7e-m+fp/hard/libg.a(lib_a-strlen.o)
                0x00000000080008c0                strlen
 *fill*         0x000000000800099c        0x4 
 .text          0x00000000080009a0     0x159c /usr/lib/gcc/arm-none-eabi/10.3.1/../../../arm-none-eabi/lib/thumb/v7e-m+fp/hard/libg.a(lib_a-vfprintf.o)
                0x00000000080009a0                _vfprintf_r
                0x0000000008001eb4                vfprintf
 .text          0x0000000008001f3c       0xd4 /usr/lib/gcc/arm-none-eabi/10.3.1/../../../arm-none-eabi/lib/thumb/v7e-m+fp/hard/libg.a(lib_a-wsetup.o)
                0x0000000008001f3c                __swsetup_r
 .text          0x0000000008002010       0x68 /usr/lib/gcc/arm-none-eabi/10.3.1/../../../arm-none-eabi/lib/thumb/v7e-m+fp/hard/libg.a(lib_a-__atexit.o)
                0x0000000008002010                __register_exitproc
 .text          0x0000000008002078     0x1064 /usr/lib/gcc/arm-none-eabi/10.3.1/../../../arm-none-eabi/lib/thumb/v7e-m+fp/hard/libg.a(lib_a-dtoa.o)
                0x00000000080021a0                _dtoa_r
 .text          0x00000000080030dc      0x1ac /usr/lib/gcc/arm-none-eabi/10.3.1/../../../arm-none-eabi/lib/thumb/v7e-m+fp/hard/libg.a(lib_a-fflush.o)
                0x00000000080030dc                __sflush_r
                0x000000000800320c                _fflush_r
                0x0000000008003238                fflush
 .text          0x0000000008003288      0x218 /usr/lib/gcc/arm-none-eabi/10.3.1/../../../arm-none-eabi/lib/thumb/v7e-m+fp/hard/libg.a(lib_a-findfp.o)
                0x000000000800328c                _cleanup_r
                0x0000000008003374                __sfmoreglue
                0x00000000080033a4                __sfp
                0x000000000800344c                _cleanup
                0x0000000008003460                __sinit
                0x0000000008003468                __sfp_lock_acquire
                0x000000000800346c                __sfp_lock_release
                0x0000000008003470                __sinit_lock_acquire
                0x0000000008003474                __sinit_lock_release
                0x0000000008003478                __fp_lock_all
                0x000000000800348c                __fp_unlock_all
 .text          0x00000000080034a0      0x2ac /usr/lib/gcc/arm-none-eabi/10.3.1/../../../arm-none-eabi/lib/thumb/v7e-m+fp/hard/libg.a(lib_a-freer.o)
                0x00000000080034a0                _malloc_trim_r
                0x0000000008003540                _free_r
 .text          0x000000000800374c      0x2f0 /usr/lib/gcc/arm-none-eabi/10.3.1/../../../arm-none-eabi/lib/thumb/v7e-m+fp/hard/libg.a(lib_a-fvwrite.o)
                0x000000000800374c                __sfvwrite_r
 .text          0x0000000008003a3c       0x88 /usr/lib/gcc/arm-none-eabi/10.3.1/../../../arm-none-eabi/lib/thumb/v7e-m+fp/hard/libg.a(lib_a-fwalk.o)
                0x0000000008003a3c                _fwalk
                0x0000000008003a7c                _fwalk_reent
 .text          0x0000000008003ac4       0x14 /usr/lib/gcc/arm-none-eabi/10.3.1/../../../arm-none-eabi/lib/thumb/v7e-m+fp/hard/libg.a(lib_a-localeconv.o)
                0x0000000008003ac4                __localeconv_l
                0x0000000008003ac8                _localeconv_r
                0x0000000008003ad0                localeconv
 .text          0x0000000008003ad8      0x140 /usr/lib/gcc/arm-none-eabi/10.3.1/../../../arm-none-eabi/lib/thumb/v7e-m+fp/hard/libg.a(lib_a-makebuf.o)
                0x0000000008003ad8                __smakebuf_r
                0x0000000008003bb8                __swhatbuf_r
 .text          0x0000000008003c18      0x554 /usr/lib/gcc/arm-none-eabi/10.3.1/../../../arm-none-eabi/lib/thumb/v7e-m+fp/hard/libg.a(lib_a-mallocr.o)
                0x0000000008003c18                _malloc_r
 *fill*         0x000000000800416c        0x4 
 .text          0x0000000008004170       0xa0 /usr/lib/gcc/arm-none-eabi/10.3.1/../../../arm-none-eabi/lib/thumb/v7e-m+fp/hard/libg.a(lib_a-memchr.o)
                0x0000000008004170                memchr
 .text          0x0000000008004210       0xf8 /usr/lib/gcc/arm-none-eabi/10.3.1/../../../arm-none-eabi/lib/thumb/v7e-m+fp/hard/libg.a(lib_a-memmove.o)
                0x0000000008004210                memmove
 .text          0x0000000008004308        0x8 /usr/lib/gcc/arm-none-eabi/10.3.1/../../../arm-none-eabi/lib/thumb/v7e-m+fp/hard/libg.a(lib_a-mlock.o)
                0x0000000008004308                __malloc_lock
                0x000000000800430c                __malloc_unlock
 .text          0x0000000008004310      0xaa0 /usr/lib/gcc/arm-none-eabi/10.3.1/../../../arm-none-eabi/lib/thumb/v7e-m+fp/hard/libg.a(lib_a-mprec.o)
                0x0000000008004310                _Balloc
                0x000000000800435c                _Bfree
                0x0000000008004370                __multadd
                0x0000000008004418                __s2b
                0x00000000080044cc                __hi0bits
                0x000000000800450c                __lo0bits
                0x000000000800456c                __i2b
                0x00000000080045c8                __multiply
                0x0000000008004724                __pow5mult
                0x00000000080047e4                __lshift
                0x00000000080048d4                __mcmp
                0x0000000008004918                __mdiff
                0x0000000008004a64                __ulp
                0x0000000008004ac4                __b2d
                0x0000000008004b84                __d2b
                0x0000000008004c54                __ratio
                0x0000000008004cb0                _mprec_log10
                0x0000000008004cf0                __copybits
                0x0000000008004d4c                __any_on
 .text          0x0000000008004db0      0x3d8 /usr/lib/gcc/arm-none-eabi/10.3.1/../../../arm-none-eabi/lib/thumb/v7e-m+fp/hard/libg.a(lib_a-reallocr.o)
                0x0000000008004db0                _realloc_r
 .text          0x0000000008005188       0x24 /usr/lib/gcc/arm-none-eabi/10.3.1/../../../arm-none-eabi/lib/thumb/v7e-m+fp/hard/libg.a(lib_a-sbrkr.o)
                0x0000000008005188                _sbrk_r
 .text          0x00000000080051ac       0x90 /usr/lib/gcc/arm-none-eabi/10.3.1/../../../arm-none-eabi/lib/thumb/v7e-m+fp/hard/libg.a(lib_a-stdio.o)
                0x00000000080051ac                __sread
                0x00000000080051d0                __seofread
                0x00000000080051d4                __swrite
                0x0000000008005214                __sseek
                0x0000000008005234                __sclose
 .text          0x000000000800523c      0xd44 /usr/lib/gcc/arm-none-eabi/10.3.1/../../../arm-none-eabi/lib/thumb/v7e-m+fp/hard/libg.a(lib_a-vfiprintf.o)
                0x00000000080052b4                __sprint_r
                0x00000000080052cc                _vfiprintf_r
                0x0000000008005ef8                vfiprintf
 .text          0x0000000008005f80       0x2c /usr/lib/gcc/arm-none-eabi/10.3.1/../../../arm-none-eabi/lib/thumb/v7e-m+fp/hard/libg.a(lib_a-writer.o)
                0x0000000008005f80                _write_r
 .text          0x0000000008005fac       0x4c /usr/lib/gcc/arm-none-eabi/10.3.1/../../../arm-none-eabi/lib/thumb/v7e-m+fp/hard/libg.a(lib_a-assert.o)
                0x0000000008005fac                __assert_func
                0x0000000008005fec                __assert
 .text          0x0000000008005ff8       0x60 /usr/lib/gcc/arm-none-eabi/10.3.1/../../../arm-none-eabi/lib/thumb/v7e-m+fp/hard/libg.a(lib_a-callocr.o)
                0x0000000008005ff8                _calloc_r
 .text          0x0000000008006058       0x24 /usr/lib/gcc/arm-none-eabi/10.3.1/../../../arm-none-eabi/lib/thumb/v7e-m+fp/hard/libg.a(lib_a-closer.o)
                0x0000000008006058                _close_r
 .text          0x000000000800607c       0xd4 /usr/lib/gcc/arm-none-eabi/10.3.1/../../../arm-none-eabi/lib/thumb/v7e-m+fp/hard/libg.a(lib_a-fclose.o)
                0x00000000080060e0                _fclose_r
                0x0000000008006114                fclose
 .text          0x0000000008006150       0x44 /usr/lib/gcc/arm-none-eabi/10.3.1/../../../arm-none-eabi/lib/thumb/v7e-m+fp/hard/libg.a(lib_a-fiprintf.o)
                0x0000000008006150                _fiprintf_r
                0x000000000800616c                fiprintf
 .text          0x0000000008006194      0x118 /usr/lib/gcc/arm-none-eabi/10.3.1/../../../arm-none-eabi/lib/thumb/v7e-m+fp/hard/libg.a(lib_a-fputwc.o)
                0x0000000008006194                __fputwc
                0x000000000800623c                _fputwc_r
                0x0000000008006264                fputwc
 .text          0x00000000080062ac       0x2c /usr/lib/gcc/arm-none-eabi/10.3.1/../../../arm-none-eabi/lib/thumb/v7e-m+fp/hard/libg.a(lib_a-fstatr.o)
                0x00000000080062ac                _fstat_r
 .text          0x00000000080062d8       0x24 /usr/lib/gcc/arm-none-eabi/10.3.1/../../../arm-none-eabi/lib/thumb/v7e-m+fp/hard/libg.a(lib_a-isattyr.o)
                0x00000000080062d8                _isatty_r
 .text          0x00000000080062fc       0x8c /usr/lib/gcc/arm-none-eabi/10.3.1/../../../arm-none-eabi/lib/thumb/v7e-m+fp/hard/libg.a(lib_a-locale.o)
                0x00000000080062fc                _setlocale_r
                0x000000000800633c                __locale_mb_cur_max
                0x0000000008006348                setlocale
 .text          0x0000000008006388       0x2c /usr/lib/gcc/arm-none-eabi/10.3.1/../../../arm-none-eabi/lib/thumb/v7e-m+fp/hard/libg.a(lib_a-lseekr.o)
                0x0000000008006388                _lseek_r
 .text          0x00000000080063b4       0x40 /usr/lib/gcc/arm-none-eabi/10.3.1/../../../arm-none-eabi/lib/thumb/v7e-m+fp/hard/libg.a(lib_a-mbtowc_r.o)
                0x00000000080063b4                _mbtowc_r
                0x00000000080063c8                __ascii_mbtowc
 .text          0x00000000080063f4       0x2c /usr/lib/gcc/arm-none-eabi/10.3.1/../../../arm-none-eabi/lib/thumb/v7e-m+fp/hard/libg.a(lib_a-readr.o)
                0x00000000080063f4                _read_r
 .text          0x0000000008006420      0x2dc /usr/lib/gcc/arm-none-eabi/10.3.1/../../../arm-none-eabi/lib/thumb/v7e-m+fp/hard/libg.a(lib_a-strcmp.o)
                0x0000000008006428                strcmp
 .text          0x00000000080066fc       0xc8 /usr/lib/gcc/arm-none-eabi/10.3.1/../../../arm-none-eabi/lib/thumb/v7e-m+fp/hard/libg.a(lib_a-wbuf.o)
                0x00000000080066fc                __swbuf_r
                0x00000000080067ac                __swbuf
 .text          0x00000000080067c4       0x88 /usr/lib/gcc/arm-none-eabi/10.3.1/../../../arm-none-eabi/lib/thumb/v7e-m+fp/hard/libg.a(lib_a-wcrtomb.o)
                0x00000000080067c4                _wcrtomb_r
                0x0000000008006800                wcrtomb
 .text          0x000000000800684c       0x30 /usr/lib/gcc/arm-none-eabi/10.3.1/../../../arm-none-eabi/lib/thumb/v7e-m+fp/hard/libg.a(lib_a-wctomb_r.o)
                0x000000000800684c                _wctomb_r
                0x0000000008006860                __ascii_wctomb
 .text          0x000000000800687c       0x10 /usr/lib/gcc/arm-none-eabi/10.3.1/../../../arm-none-eabi/lib/thumb/v7e-m+fp/hard/libg.a(lib_a-abort.o)
                0x000000000800687c                abort
 .text          0x000000000800688c      0x288 /usr/lib/gcc/arm-none-eabi/10.3.1/../../../arm-none-eabi/lib/thumb/v7e-m+fp/hard/libg.a(lib_a-signal.o)
                0x000000000800688c                _init_signal_r
                0x00000000080068bc                _signal_r
                0x0000000008006908                _raise_r
                0x0000000008006960                __sigtramp_r
                0x00000000080069c4                raise
                0x0000000008006a20                signal
                0x0000000008006a74                _init_signal
                0x0000000008006aac                __sigtramp
 .text          0x0000000008006b14       0x30 /usr/lib/gcc/arm-none-eabi/10.3.1/../../../arm-none-eabi/lib/thumb/v7e-m+fp/hard/libg.a(lib_a-signalr.o)
                0x0000000008006b14                _kill_r
                0x0000000008006b40                _getpid_r
 .text          0x0000000008006b44      0x378 /usr/lib/gcc/arm-none-eabi/10.3.1/thumb/v7e-m+fp/hard/libgcc.a(_arm_addsubdf3.o)
                0x0000000008006b44                __aeabi_drsub
                0x0000000008006b4c                __aeabi_dsub
                0x0000000008006b4c                __subdf3
                0x0000000008006b50                __adddf3
                0x0000000008006b50                __aeabi_dadd
                0x0000000008006dc8                __aeabi_ui2d
                0x0000000008006dc8                __floatunsidf
                0x0000000008006de8                __floatsidf
                0x0000000008006de8                __aeabi_i2d
                0x0000000008006e0c                __extendsfdf2
                0x0000000008006e0c                __aeabi_f2d
                0x0000000008006e50                __aeabi_ul2d
                0x0000000008006e50                __floatundidf
                0x0000000008006e60                __floatdidf
                0x0000000008006e60                __aeabi_l2d
 .text          0x0000000008006ebc      0x424 /usr/lib/gcc/arm-none-eabi/10.3.1/thumb/v7e-m+fp/hard/libgcc.a(_arm_muldivdf3.o)
                0x0000000008006ebc                __aeabi_dmul
                0x0000000008006ebc                __muldf3
                0x0000000008007110                __aeabi_ddiv
                0x0000000008007110                __divdf3
 .text          0x00000000080072e0      0x110 /usr/lib/gcc/arm-none-eabi/10.3.1/thumb/v7e-m+fp/hard/libgcc.a(_arm_cmpdf2.o)
                0x00000000080072e0                __gtdf2
                0x00000000080072e0                __gedf2
                0x00000000080072e8                __ltdf2
                0x00000000080072e8                __ledf2
                0x00000000080072f0                __cmpdf2
                0x00000000080072f0                __eqdf2
                0x00000000080072f0                __nedf2
                0x000000000800736c                __aeabi_cdrcmple
                0x000000000800737c                __aeabi_cdcmple
                0x000000000800737c                __aeabi_cdcmpeq
                0x000000000800738c                __aeabi_dcmpeq
                0x00000000080073a0                __aeabi_dcmplt
                0x00000000080073b4                __aeabi_dcmple
                0x00000000080073c8                __aeabi_dcmpge
                0x00000000080073dc                __aeabi_dcmpgt
 .text          0x00000000080073f0       0x2c /usr/lib/gcc/arm-none-eabi/10.3.1/thumb/v7e-m+fp/hard/libgcc.a(_arm_unorddf2.o)
                0x00000000080073f0                __aeabi_dcmpun
                0x00000000080073f0                __unorddf2
 .text          0x000000000800741c       0x50 /usr/lib/gcc/arm-none-eabi/10.3.1/thumb/v7e-m+fp/hard/libgcc.a(_arm_fixdfsi.o)
                0x000000000800741c                __fixdfsi
                0x000000000800741c                __aeabi_d2iz
 *(.text*)
 .text.MX_ETH_Init
                0x000000000800746c       0x70 CMakeFiles/NUCLEO-F429ZI.elf.dir/Core/Src/eth.c.obj
                0x000000000800746c                MX_ETH_Init
 .text.HAL_ETH_MspInit
                0x00000000080074dc      0x11c CMakeFiles/NUCLEO-F429ZI.elf.dir/Core/Src/eth.c.obj
                0x00000000080074dc                HAL_ETH_MspInit
 .text.MX_GPIO_Init
                0x00000000080075f8      0x108 CMakeFiles/NUCLEO-F429ZI.elf.dir/Core/Src/gpio.c.obj
                0x00000000080075f8                MX_GPIO_Init
 .text.__io_putchar
                0x0000000008007700       0x20 CMakeFiles/NUCLEO-F429ZI.elf.dir/Core/Src/main.c.obj
                0x0000000008007700                __io_putchar
 .text.Error_Handler
                0x0000000008007720        0x4 CMakeFiles/NUCLEO-F429ZI.elf.dir/Core/Src/main.c.obj
                0x0000000008007720                Error_Handler
 .text.SystemClock_Config
                0x0000000008007724       0xa8 CMakeFiles/NUCLEO-F429ZI.elf.dir/Core/Src/main.c.obj
                0x0000000008007724                SystemClock_Config
 .text.main     0x00000000080077cc       0x4c CMakeFiles/NUCLEO-F429ZI.elf.dir/Core/Src/main.c.obj
                0x00000000080077cc                main
 .text.HAL_MspInit
                0x0000000008007818       0x38 CMakeFiles/NUCLEO-F429ZI.elf.dir/Core/Src/stm32f4xx_hal_msp.c.obj
                0x0000000008007818                HAL_MspInit
 .text.NMI_Handler
                0x0000000008007850        0x2 CMakeFiles/NUCLEO-F429ZI.elf.dir/Core/Src/stm32f4xx_it.c.obj
                0x0000000008007850                NMI_Handler
 .text.HardFault_Handler
                0x0000000008007852        0x2 CMakeFiles/NUCLEO-F429ZI.elf.dir/Core/Src/stm32f4xx_it.c.obj
                0x0000000008007852                HardFault_Handler
 .text.MemManage_Handler
                0x0000000008007854        0x2 CMakeFiles/NUCLEO-F429ZI.elf.dir/Core/Src/stm32f4xx_it.c.obj
                0x0000000008007854                MemManage_Handler
 .text.BusFault_Handler
                0x0000000008007856        0x2 CMakeFiles/NUCLEO-F429ZI.elf.dir/Core/Src/stm32f4xx_it.c.obj
                0x0000000008007856                BusFault_Handler
 .text.UsageFault_Handler
                0x0000000008007858        0x2 CMakeFiles/NUCLEO-F429ZI.elf.dir/Core/Src/stm32f4xx_it.c.obj
                0x0000000008007858                UsageFault_Handler
 .text.SVC_Handler
                0x000000000800785a        0x2 CMakeFiles/NUCLEO-F429ZI.elf.dir/Core/Src/stm32f4xx_it.c.obj
                0x000000000800785a                SVC_Handler
 .text.DebugMon_Handler
                0x000000000800785c        0x2 CMakeFiles/NUCLEO-F429ZI.elf.dir/Core/Src/stm32f4xx_it.c.obj
                0x000000000800785c                DebugMon_Handler
 .text.PendSV_Handler
                0x000000000800785e        0x2 CMakeFiles/NUCLEO-F429ZI.elf.dir/Core/Src/stm32f4xx_it.c.obj
                0x000000000800785e                PendSV_Handler
 .text.SysTick_Handler
                0x0000000008007860       0x14 CMakeFiles/NUCLEO-F429ZI.elf.dir/Core/Src/stm32f4xx_it.c.obj
                0x0000000008007860                SysTick_Handler
 .text.Systick_setCallback
                0x0000000008007874        0xc CMakeFiles/NUCLEO-F429ZI.elf.dir/Core/Src/stm32f4xx_it.c.obj
                0x0000000008007874                Systick_setCallback
 .text._getpid  0x0000000008007880        0x4 CMakeFiles/NUCLEO-F429ZI.elf.dir/Core/Src/syscalls.c.obj
                0x0000000008007880                _getpid
 .text._kill    0x0000000008007884       0x10 CMakeFiles/NUCLEO-F429ZI.elf.dir/Core/Src/syscalls.c.obj
                0x0000000008007884                _kill
 .text._exit    0x0000000008007894        0xc CMakeFiles/NUCLEO-F429ZI.elf.dir/Core/Src/syscalls.c.obj
                0x0000000008007894                _exit
 .text._read    0x00000000080078a0       0x20 CMakeFiles/NUCLEO-F429ZI.elf.dir/Core/Src/syscalls.c.obj
                0x00000000080078a0                _read
 .text._write   0x00000000080078c0       0x1c CMakeFiles/NUCLEO-F429ZI.elf.dir/Core/Src/syscalls.c.obj
                0x00000000080078c0                _write
 .text._close   0x00000000080078dc        0x6 CMakeFiles/NUCLEO-F429ZI.elf.dir/Core/Src/syscalls.c.obj
                0x00000000080078dc                _close
 .text._fstat   0x00000000080078e2        0xa CMakeFiles/NUCLEO-F429ZI.elf.dir/Core/Src/syscalls.c.obj
                0x00000000080078e2                _fstat
 .text._isatty  0x00000000080078ec        0x4 CMakeFiles/NUCLEO-F429ZI.elf.dir/Core/Src/syscalls.c.obj
                0x00000000080078ec                _isatty
 .text._lseek   0x00000000080078f0        0x4 CMakeFiles/NUCLEO-F429ZI.elf.dir/Core/Src/syscalls.c.obj
                0x00000000080078f0                _lseek
 .text._sbrk    0x00000000080078f4       0x48 CMakeFiles/NUCLEO-F429ZI.elf.dir/Core/Src/sysmem.c.obj
                0x00000000080078f4                _sbrk
 .text.SystemInit
                0x000000000800793c       0x14 CMakeFiles/NUCLEO-F429ZI.elf.dir/Core/Src/system_stm32f4xx.c.obj
                0x000000000800793c                SystemInit
 .text.MX_USART3_UART_Init
                0x0000000008007950       0x34 CMakeFiles/NUCLEO-F429ZI.elf.dir/Core/Src/usart.c.obj
                0x0000000008007950                MX_USART3_UART_Init
 .text.HAL_UART_MspInit
                0x0000000008007984       0x70 CMakeFiles/NUCLEO-F429ZI.elf.dir/Core/Src/usart.c.obj
                0x0000000008007984                HAL_UART_MspInit
 .text.MX_USB_OTG_FS_PCD_Init
                0x00000000080079f4       0x38 CMakeFiles/NUCLEO-F429ZI.elf.dir/Core/Src/usb_otg.c.obj
                0x00000000080079f4                MX_USB_OTG_FS_PCD_Init
 .text.HAL_PCD_MspInit
                0x0000000008007a2c       0x88 CMakeFiles/NUCLEO-F429ZI.elf.dir/Core/Src/usb_otg.c.obj
                0x0000000008007a2c                HAL_PCD_MspInit
 .text.Reset_Handler
                0x0000000008007ab4       0x50 CMakeFiles/NUCLEO-F429ZI.elf.dir/Core/Startup/startup_stm32f429zitx.s.obj
                0x0000000008007ab4                Reset_Handler
 .text.Default_Handler
                0x0000000008007b04        0x2 CMakeFiles/NUCLEO-F429ZI.elf.dir/Core/Startup/startup_stm32f429zitx.s.obj
                0x0000000008007b04                RTC_Alarm_IRQHandler
                0x0000000008007b04                HASH_RNG_IRQHandler
                0x0000000008007b04                EXTI2_IRQHandler
                0x0000000008007b04                TIM8_CC_IRQHandler
                0x0000000008007b04                UART8_IRQHandler
                0x0000000008007b04                SPI4_IRQHandler
                0x0000000008007b04                TIM1_CC_IRQHandler
                0x0000000008007b04                DMA2_Stream5_IRQHandler
                0x0000000008007b04                DMA1_Stream5_IRQHandler
                0x0000000008007b04                PVD_IRQHandler
                0x0000000008007b04                SDIO_IRQHandler
                0x0000000008007b04                TAMP_STAMP_IRQHandler
                0x0000000008007b04                CAN2_RX1_IRQHandler
                0x0000000008007b04                EXTI3_IRQHandler
                0x0000000008007b04                TIM8_TRG_COM_TIM14_IRQHandler
                0x0000000008007b04                TIM1_UP_TIM10_IRQHandler
                0x0000000008007b04                TIM8_UP_TIM13_IRQHandler
                0x0000000008007b04                I2C3_ER_IRQHandler
                0x0000000008007b04                EXTI0_IRQHandler
                0x0000000008007b04                I2C2_EV_IRQHandler
                0x0000000008007b04                DMA1_Stream2_IRQHandler
                0x0000000008007b04                CAN1_RX0_IRQHandler
                0x0000000008007b04                FPU_IRQHandler
                0x0000000008007b04                OTG_HS_WKUP_IRQHandler
                0x0000000008007b04                LTDC_ER_IRQHandler
                0x0000000008007b04                CAN2_SCE_IRQHandler
                0x0000000008007b04                DMA2_Stream2_IRQHandler
                0x0000000008007b04                SPI1_IRQHandler
                0x0000000008007b04                TIM6_DAC_IRQHandler
                0x0000000008007b04                TIM1_BRK_TIM9_IRQHandler
                0x0000000008007b04                DCMI_IRQHandler
                0x0000000008007b04                CAN2_RX0_IRQHandler
                0x0000000008007b04                DMA2_Stream3_IRQHandler
                0x0000000008007b04                USART6_IRQHandler
                0x0000000008007b04                USART3_IRQHandler
                0x0000000008007b04                CAN1_RX1_IRQHandler
                0x0000000008007b04                UART5_IRQHandler
                0x0000000008007b04                DMA2_Stream0_IRQHandler
                0x0000000008007b04                TIM4_IRQHandler
                0x0000000008007b04                I2C1_EV_IRQHandler
                0x0000000008007b04                DMA1_Stream6_IRQHandler
                0x0000000008007b04                DMA1_Stream1_IRQHandler
                0x0000000008007b04                UART4_IRQHandler
                0x0000000008007b04                TIM3_IRQHandler
                0x0000000008007b04                RCC_IRQHandler
                0x0000000008007b04                TIM8_BRK_TIM12_IRQHandler
                0x0000000008007b04                Default_Handler
                0x0000000008007b04                EXTI15_10_IRQHandler
                0x0000000008007b04                ADC_IRQHandler
                0x0000000008007b04                DMA1_Stream7_IRQHandler
                0x0000000008007b04                SPI5_IRQHandler
                0x0000000008007b04                TIM7_IRQHandler
                0x0000000008007b04                CAN2_TX_IRQHandler
                0x0000000008007b04                TIM5_IRQHandler
                0x0000000008007b04                DMA2_Stream7_IRQHandler
                0x0000000008007b04                I2C3_EV_IRQHandler
                0x0000000008007b04                EXTI9_5_IRQHandler
                0x0000000008007b04                RTC_WKUP_IRQHandler
                0x0000000008007b04                LTDC_IRQHandler
                0x0000000008007b04                ETH_WKUP_IRQHandler
                0x0000000008007b04                SPI2_IRQHandler
                0x0000000008007b04                OTG_HS_EP1_IN_IRQHandler
                0x0000000008007b04                DMA1_Stream0_IRQHandler
                0x0000000008007b04                CAN1_TX_IRQHandler
                0x0000000008007b04                EXTI4_IRQHandler
                0x0000000008007b04                ETH_IRQHandler
                0x0000000008007b04                OTG_HS_EP1_OUT_IRQHandler
                0x0000000008007b04                WWDG_IRQHandler
                0x0000000008007b04                SPI6_IRQHandler
                0x0000000008007b04                TIM2_IRQHandler
                0x0000000008007b04                OTG_FS_WKUP_IRQHandler
                0x0000000008007b04                TIM1_TRG_COM_TIM11_IRQHandler
                0x0000000008007b04                OTG_HS_IRQHandler
                0x0000000008007b04                DMA2D_IRQHandler
                0x0000000008007b04                EXTI1_IRQHandler
                0x0000000008007b04                UART7_IRQHandler
                0x0000000008007b04                USART2_IRQHandler
                0x0000000008007b04                I2C2_ER_IRQHandler
                0x0000000008007b04                DMA2_Stream1_IRQHandler
                0x0000000008007b04                CAN1_SCE_IRQHandler
                0x0000000008007b04                FLASH_IRQHandler
                0x0000000008007b04                DMA2_Stream4_IRQHandler
                0x0000000008007b04                USART1_IRQHandler
                0x0000000008007b04                OTG_FS_IRQHandler
                0x0000000008007b04                SPI3_IRQHandler
                0x0000000008007b04                DMA1_Stream4_IRQHandler
                0x0000000008007b04                I2C1_ER_IRQHandler
                0x0000000008007b04                FMC_IRQHandler
                0x0000000008007b04                DMA2_Stream6_IRQHandler
                0x0000000008007b04                SAI1_IRQHandler
                0x0000000008007b04                DMA1_Stream3_IRQHandler
 *fill*         0x0000000008007b06        0x2 
 .text.HAL_InitTick
                0x0000000008007b08       0x4c CMakeFiles/NUCLEO-F429ZI.elf.dir/Drivers/STM32F4xx_HAL_Driver/Src/stm32f4xx_hal.c.obj
                0x0000000008007b08                HAL_InitTick
 .text.HAL_Init
                0x0000000008007b54       0x34 CMakeFiles/NUCLEO-F429ZI.elf.dir/Drivers/STM32F4xx_HAL_Driver/Src/stm32f4xx_hal.c.obj
                0x0000000008007b54                HAL_Init
 .text.HAL_IncTick
                0x0000000008007b88       0x18 CMakeFiles/NUCLEO-F429ZI.elf.dir/Drivers/STM32F4xx_HAL_Driver/Src/stm32f4xx_hal.c.obj
                0x0000000008007b88                HAL_IncTick
 .text.HAL_GetTick
                0x0000000008007ba0        0xc CMakeFiles/NUCLEO-F429ZI.elf.dir/Drivers/STM32F4xx_HAL_Driver/Src/stm32f4xx_hal.c.obj
                0x0000000008007ba0                HAL_GetTick
 .text.HAL_Delay
                0x0000000008007bac       0x28 CMakeFiles/NUCLEO-F429ZI.elf.dir/Drivers/STM32F4xx_HAL_Driver/Src/stm32f4xx_hal.c.obj
                0x0000000008007bac                HAL_Delay
 .text.HAL_NVIC_SetPriorityGrouping
                0x0000000008007bd4       0x24 CMakeFiles/NUCLEO-F429ZI.elf.dir/Drivers/STM32F4xx_HAL_Driver/Src/stm32f4xx_hal_cortex.c.obj
                0x0000000008007bd4                HAL_NVIC_SetPriorityGrouping
 .text.HAL_NVIC_SetPriority
                0x0000000008007bf8       0x70 CMakeFiles/NUCLEO-F429ZI.elf.dir/Drivers/STM32F4xx_HAL_Driver/Src/stm32f4xx_hal_cortex.c.obj
                0x0000000008007bf8                HAL_NVIC_SetPriority
 .text.HAL_SYSTICK_Config
                0x0000000008007c68       0x28 CMakeFiles/NUCLEO-F429ZI.elf.dir/Drivers/STM32F4xx_HAL_Driver/Src/stm32f4xx_hal_cortex.c.obj
                0x0000000008007c68                HAL_SYSTICK_Config
 .text.ETH_MACAddressConfig
                0x0000000008007c90       0x30 CMakeFiles/NUCLEO-F429ZI.elf.dir/Drivers/STM32F4xx_HAL_Driver/Src/stm32f4xx_hal_eth.c.obj
 .text.ETH_DMATxDescListInit
                0x0000000008007cc0       0x6e CMakeFiles/NUCLEO-F429ZI.elf.dir/Drivers/STM32F4xx_HAL_Driver/Src/stm32f4xx_hal_eth.c.obj
 .text.ETH_DMARxDescListInit
                0x0000000008007d2e       0x84 CMakeFiles/NUCLEO-F429ZI.elf.dir/Drivers/STM32F4xx_HAL_Driver/Src/stm32f4xx_hal_eth.c.obj
 *fill*         0x0000000008007db2        0x2 
 .text.ETH_SetMACConfig
                0x0000000008007db4       0xfc CMakeFiles/NUCLEO-F429ZI.elf.dir/Drivers/STM32F4xx_HAL_Driver/Src/stm32f4xx_hal_eth.c.obj
 .text.ETH_SetDMAConfig
                0x0000000008007eb0       0xc0 CMakeFiles/NUCLEO-F429ZI.elf.dir/Drivers/STM32F4xx_HAL_Driver/Src/stm32f4xx_hal_eth.c.obj
 .text.ETH_MACDMAConfig
                0x0000000008007f70       0xa2 CMakeFiles/NUCLEO-F429ZI.elf.dir/Drivers/STM32F4xx_HAL_Driver/Src/stm32f4xx_hal_eth.c.obj
 *fill*         0x0000000008008012        0x2 
 .text.HAL_ETH_Init
                0x0000000008008014       0xc0 CMakeFiles/NUCLEO-F429ZI.elf.dir/Drivers/STM32F4xx_HAL_Driver/Src/stm32f4xx_hal_eth.c.obj
                0x0000000008008014                HAL_ETH_Init
 .text.HAL_GPIO_Init
                0x00000000080080d4      0x1fc CMakeFiles/NUCLEO-F429ZI.elf.dir/Drivers/STM32F4xx_HAL_Driver/Src/stm32f4xx_hal_gpio.c.obj
                0x00000000080080d4                HAL_GPIO_Init
 .text.HAL_GPIO_WritePin
                0x00000000080082d0        0xc CMakeFiles/NUCLEO-F429ZI.elf.dir/Drivers/STM32F4xx_HAL_Driver/Src/stm32f4xx_hal_gpio.c.obj
                0x00000000080082d0                HAL_GPIO_WritePin
 .text.HAL_PCD_Init
                0x00000000080082dc      0x12e CMakeFiles/NUCLEO-F429ZI.elf.dir/Drivers/STM32F4xx_HAL_Driver/Src/stm32f4xx_hal_pcd.c.obj
                0x00000000080082dc                HAL_PCD_Init
 *fill*         0x000000000800840a        0x2 
 .text.HAL_RCC_OscConfig
                0x000000000800840c      0x3f8 CMakeFiles/NUCLEO-F429ZI.elf.dir/Drivers/STM32F4xx_HAL_Driver/Src/stm32f4xx_hal_rcc.c.obj
                0x000000000800840c                HAL_RCC_OscConfig
 .text.HAL_RCC_GetSysClockFreq
                0x0000000008008804       0xd4 CMakeFiles/NUCLEO-F429ZI.elf.dir/Drivers/STM32F4xx_HAL_Driver/Src/stm32f4xx_hal_rcc.c.obj
                0x0000000008008804                HAL_RCC_GetSysClockFreq
 .text.HAL_RCC_ClockConfig
                0x00000000080088d8      0x160 CMakeFiles/NUCLEO-F429ZI.elf.dir/Drivers/STM32F4xx_HAL_Driver/Src/stm32f4xx_hal_rcc.c.obj
                0x00000000080088d8                HAL_RCC_ClockConfig
 .text.HAL_RCC_GetHCLKFreq
                0x0000000008008a38        0xc CMakeFiles/NUCLEO-F429ZI.elf.dir/Drivers/STM32F4xx_HAL_Driver/Src/stm32f4xx_hal_rcc.c.obj
                0x0000000008008a38                HAL_RCC_GetHCLKFreq
 .text.HAL_RCC_GetPCLK1Freq
                0x0000000008008a44       0x20 CMakeFiles/NUCLEO-F429ZI.elf.dir/Drivers/STM32F4xx_HAL_Driver/Src/stm32f4xx_hal_rcc.c.obj
                0x0000000008008a44                HAL_RCC_GetPCLK1Freq
 .text.HAL_RCC_GetPCLK2Freq
                0x0000000008008a64       0x20 CMakeFiles/NUCLEO-F429ZI.elf.dir/Drivers/STM32F4xx_HAL_Driver/Src/stm32f4xx_hal_rcc.c.obj
                0x0000000008008a64                HAL_RCC_GetPCLK2Freq
 .text.UART_SetConfig
                0x0000000008008a84      0x110 CMakeFiles/NUCLEO-F429ZI.elf.dir/Drivers/STM32F4xx_HAL_Driver/Src/stm32f4xx_hal_uart.c.obj
 .text.UART_WaitOnFlagUntilTimeout
                0x0000000008008b94       0x88 CMakeFiles/NUCLEO-F429ZI.elf.dir/Drivers/STM32F4xx_HAL_Driver/Src/stm32f4xx_hal_uart.c.obj
 .text.HAL_UART_Init
                0x0000000008008c1c       0x5e CMakeFiles/NUCLEO-F429ZI.elf.dir/Drivers/STM32F4xx_HAL_Driver/Src/stm32f4xx_hal_uart.c.obj
                0x0000000008008c1c                HAL_UART_Init
 .text.HAL_UART_Transmit
                0x0000000008008c7a       0xd8 CMakeFiles/NUCLEO-F429ZI.elf.dir/Drivers/STM32F4xx_HAL_Driver/Src/stm32f4xx_hal_uart.c.obj
                0x0000000008008c7a                HAL_UART_Transmit
 *fill*         0x0000000008008d52        0x2 
 .text.USB_CoreReset
                0x0000000008008d54       0x50 CMakeFiles/NUCLEO-F429ZI.elf.dir/Drivers/STM32F4xx_HAL_Driver/Src/stm32f4xx_ll_usb.c.obj
 .text.USB_CoreInit
                0x0000000008008da4       0x8a CMakeFiles/NUCLEO-F429ZI.elf.dir/Drivers/STM32F4xx_HAL_Driver/Src/stm32f4xx_ll_usb.c.obj
                0x0000000008008da4                USB_CoreInit
 .text.USB_DisableGlobalInt
                0x0000000008008e2e        0xc CMakeFiles/NUCLEO-F429ZI.elf.dir/Drivers/STM32F4xx_HAL_Driver/Src/stm32f4xx_ll_usb.c.obj
                0x0000000008008e2e                USB_DisableGlobalInt
 *fill*         0x0000000008008e3a        0x2 
 .text.USB_FlushTxFifo
                0x0000000008008e3c       0x50 CMakeFiles/NUCLEO-F429ZI.elf.dir/Drivers/STM32F4xx_HAL_Driver/Src/stm32f4xx_ll_usb.c.obj
                0x0000000008008e3c                USB_FlushTxFifo
 .text.USB_FlushRxFifo
                0x0000000008008e8c       0x4c CMakeFiles/NUCLEO-F429ZI.elf.dir/Drivers/STM32F4xx_HAL_Driver/Src/stm32f4xx_ll_usb.c.obj
                0x0000000008008e8c                USB_FlushRxFifo
 .text.USB_SetDevSpeed
                0x0000000008008ed8        0xe CMakeFiles/NUCLEO-F429ZI.elf.dir/Drivers/STM32F4xx_HAL_Driver/Src/stm32f4xx_ll_usb.c.obj
                0x0000000008008ed8                USB_SetDevSpeed
 *fill*         0x0000000008008ee6        0x2 
 .text.USB_DevInit
                0x0000000008008ee8      0x190 CMakeFiles/NUCLEO-F429ZI.elf.dir/Drivers/STM32F4xx_HAL_Driver/Src/stm32f4xx_ll_usb.c.obj
                0x0000000008008ee8                USB_DevInit
 .text.USB_DevDisconnect
                0x0000000008009078       0x1c CMakeFiles/NUCLEO-F429ZI.elf.dir/Drivers/STM32F4xx_HAL_Driver/Src/stm32f4xx_ll_usb.c.obj
                0x0000000008009078                USB_DevDisconnect
 .text.USB_GetMode
                0x0000000008009094        0x8 CMakeFiles/NUCLEO-F429ZI.elf.dir/Drivers/STM32F4xx_HAL_Driver/Src/stm32f4xx_ll_usb.c.obj
                0x0000000008009094                USB_GetMode
 .text.USB_SetCurrentMode
                0x000000000800909c       0x62 CMakeFiles/NUCLEO-F429ZI.elf.dir/Drivers/STM32F4xx_HAL_Driver/Src/stm32f4xx_ll_usb.c.obj
                0x000000000800909c                USB_SetCurrentMode
 .text.nLedOn   0x00000000080090fe       0x32 CMakeFiles/NUCLEO-F429ZI.elf.dir/blinky/blinky.c.obj
 .text.nLedOff  0x0000000008009130       0x26 CMakeFiles/NUCLEO-F429ZI.elf.dir/blinky/blinky.c.obj
 *fill*         0x0000000008009156        0x2 
 .text.init     0x0000000008009158       0x6c CMakeFiles/NUCLEO-F429ZI.elf.dir/blinky/blinky.c.obj
 .text.rkh_assert
                0x00000000080091c4       0x4c CMakeFiles/NUCLEO-F429ZI.elf.dir/blinky/bsp/assert.c.obj
                0x00000000080091c4                rkh_assert
 .text.printBanner
                0x0000000008009210       0x54 CMakeFiles/NUCLEO-F429ZI.elf.dir/blinky/bsp/bsp_blinky.c.obj
 .text.bsp_init
                0x0000000008009264       0x50 CMakeFiles/NUCLEO-F429ZI.elf.dir/blinky/bsp/bsp_blinky.c.obj
                0x0000000008009264                bsp_init
 .text.bsp_ledOn
                0x00000000080092b4       0x10 CMakeFiles/NUCLEO-F429ZI.elf.dir/blinky/bsp/bsp_blinky.c.obj
                0x00000000080092b4                bsp_ledOn
 .text.bsp_ledOff
                0x00000000080092c4       0x10 CMakeFiles/NUCLEO-F429ZI.elf.dir/blinky/bsp/bsp_blinky.c.obj
                0x00000000080092c4                bsp_ledOff
 .text.SystickHook
                0x00000000080092d4       0x24 CMakeFiles/NUCLEO-F429ZI.elf.dir/blinky/bsp/hook.c.obj
 .text.rkh_hook_start
                0x00000000080092f8       0x18 CMakeFiles/NUCLEO-F429ZI.elf.dir/blinky/bsp/hook.c.obj
                0x00000000080092f8                rkh_hook_start
 .text.rkh_hook_timetick
                0x0000000008009310       0x14 CMakeFiles/NUCLEO-F429ZI.elf.dir/blinky/bsp/hook.c.obj
                0x0000000008009310                rkh_hook_timetick
 .text.rkh_hook_idle
                0x0000000008009324        0xa CMakeFiles/NUCLEO-F429ZI.elf.dir/blinky/bsp/hook.c.obj
                0x0000000008009324                rkh_hook_idle
 *fill*         0x000000000800932e        0x2 
 .text.rkh_trc_flush
                0x0000000008009330       0x74 CMakeFiles/NUCLEO-F429ZI.elf.dir/blinky/bsp/trace_io.c.obj
                0x0000000008009330                rkh_trc_flush
 .text.rkh_trc_open
                0x00000000080093a4       0x80 CMakeFiles/NUCLEO-F429ZI.elf.dir/blinky/bsp/trace_io.c.obj
                0x00000000080093a4                rkh_trc_open
 .text.rkh_trc_close
                0x0000000008009424        0x2 CMakeFiles/NUCLEO-F429ZI.elf.dir/blinky/bsp/trace_io.c.obj
                0x0000000008009424                rkh_trc_close
 *fill*         0x0000000008009426        0x2 
 .text.BSP_LED_On
                0x0000000008009428       0x20 CMakeFiles/NUCLEO-F429ZI.elf.dir/bsp/stm32f4xx_nucleo_144.c.obj
                0x0000000008009428                BSP_LED_On
 .text.BSP_LED_Off
                0x0000000008009448       0x20 CMakeFiles/NUCLEO-F429ZI.elf.dir/bsp/stm32f4xx_nucleo_144.c.obj
                0x0000000008009448                BSP_LED_Off
 .text.verifyTime
                0x0000000008009468       0x5c CMakeFiles/NUCLEO-F429ZI.elf.dir/epoch/src/epoch.c.obj
 .text.updStep_calc1
                0x00000000080094c4       0x60 CMakeFiles/NUCLEO-F429ZI.elf.dir/epoch/src/epoch.c.obj
 .text.updStep_calc2
                0x0000000008009524       0x50 CMakeFiles/NUCLEO-F429ZI.elf.dir/epoch/src/epoch.c.obj
 .text.updStep_calc3
                0x0000000008009574       0x1c CMakeFiles/NUCLEO-F429ZI.elf.dir/epoch/src/epoch.c.obj
 .text.updStep_calc4
                0x0000000008009590       0x1c CMakeFiles/NUCLEO-F429ZI.elf.dir/epoch/src/epoch.c.obj
 .text.updStep_calc5
                0x00000000080095ac       0x24 CMakeFiles/NUCLEO-F429ZI.elf.dir/epoch/src/epoch.c.obj
 .text.updStep_start
                0x00000000080095d0       0x3c CMakeFiles/NUCLEO-F429ZI.elf.dir/epoch/src/epoch.c.obj
 .text.epoch_mktime
                0x000000000800960c       0x88 CMakeFiles/NUCLEO-F429ZI.elf.dir/epoch/src/epoch.c.obj
                0x000000000800960c                epoch_mktime
 .text.epoch_updateNow
                0x0000000008009694       0x28 CMakeFiles/NUCLEO-F429ZI.elf.dir/epoch/src/epoch.c.obj
                0x0000000008009694                epoch_updateNow
 .text.epoch_init
                0x00000000080096bc       0x20 CMakeFiles/NUCLEO-F429ZI.elf.dir/epoch/src/epoch.c.obj
                0x00000000080096bc                epoch_init
 .text.execute_list
                0x00000000080096dc       0x12 CMakeFiles/NUCLEO-F429ZI.elf.dir/mTime/mTime.c.obj
 *fill*         0x00000000080096ee        0x2 
 .text.mTime_init
                0x00000000080096f0       0x18 CMakeFiles/NUCLEO-F429ZI.elf.dir/mTime/mTime.c.obj
                0x00000000080096f0                mTime_init
 .text.mTime_tick
                0x0000000008009708       0x5c CMakeFiles/NUCLEO-F429ZI.elf.dir/mTime/mTime.c.obj
                0x0000000008009708                mTime_tick
 .text.rtime_get
                0x0000000008009764        0x8 CMakeFiles/NUCLEO-F429ZI.elf.dir/rtime/rtime.c.obj
                0x0000000008009764                rtime_get
 .text.rkh_bittbl_getBitMask
                0x000000000800976c       0x14 CMakeFiles/NUCLEO-F429ZI.elf.dir/third-party/rkh/source/fwk/src/rkhfwk_bittbl.c.obj
                0x000000000800976c                rkh_bittbl_getBitMask
 .text.rkh_bittbl_getLeastBitSetPos
                0x0000000008009780        0xc CMakeFiles/NUCLEO-F429ZI.elf.dir/third-party/rkh/source/fwk/src/rkhfwk_bittbl.c.obj
                0x0000000008009780                rkh_bittbl_getLeastBitSetPos
 .text.rkh_rdygrp_isReady
                0x000000000800978c        0xa CMakeFiles/NUCLEO-F429ZI.elf.dir/third-party/rkh/source/fwk/src/rkhfwk_rdygrp.c.obj
                0x000000000800978c                rkh_rdygrp_isReady
 *fill*         0x0000000008009796        0x2 
 .text.rkh_rdygrp_setReady
                0x0000000008009798       0x38 CMakeFiles/NUCLEO-F429ZI.elf.dir/third-party/rkh/source/fwk/src/rkhfwk_rdygrp.c.obj
                0x0000000008009798                rkh_rdygrp_setReady
 .text.rkh_rdygrp_setUnready
                0x00000000080097d0       0x44 CMakeFiles/NUCLEO-F429ZI.elf.dir/third-party/rkh/source/fwk/src/rkhfwk_rdygrp.c.obj
                0x00000000080097d0                rkh_rdygrp_setUnready
 .text.rkh_rdygrp_findHighest
                0x0000000008009814       0x1c CMakeFiles/NUCLEO-F429ZI.elf.dir/third-party/rkh/source/fwk/src/rkhfwk_rdygrp.c.obj
                0x0000000008009814                rkh_rdygrp_findHighest
 .text.rkh_fwk_init
                0x0000000008009830        0x2 CMakeFiles/NUCLEO-F429ZI.elf.dir/third-party/rkh/source/fwk/src/rkhfwk_sched.c.obj
                0x0000000008009830                rkh_fwk_init
 *fill*         0x0000000008009832        0x2 
 .text.rkh_fwk_enter
                0x0000000008009834       0x74 CMakeFiles/NUCLEO-F429ZI.elf.dir/third-party/rkh/source/fwk/src/rkhfwk_sched.c.obj
                0x0000000008009834                rkh_fwk_enter
 .text.rkh_fwk_exit
                0x00000000080098a8       0x48 CMakeFiles/NUCLEO-F429ZI.elf.dir/third-party/rkh/source/fwk/src/rkhfwk_sched.c.obj
                0x00000000080098a8                rkh_fwk_exit
 .text.rkhport_get_version
                0x00000000080098f0        0x8 CMakeFiles/NUCLEO-F429ZI.elf.dir/third-party/rkh/source/portable/arm-cortex/rkhs/arm_cm4f/stm32/rkhport.c.obj
                0x00000000080098f0                rkhport_get_version
 .text.rkhport_get_desc
                0x00000000080098f8        0x8 CMakeFiles/NUCLEO-F429ZI.elf.dir/third-party/rkh/source/portable/arm-cortex/rkhs/arm_cm4f/stm32/rkhport.c.obj
                0x00000000080098f8                rkhport_get_desc
 .text.rkh_queue_init
                0x0000000008009900       0x78 CMakeFiles/NUCLEO-F429ZI.elf.dir/third-party/rkh/source/queue/src/rkhqueue.c.obj
                0x0000000008009900                rkh_queue_init
 .text.rkh_queue_get
                0x0000000008009978       0xd4 CMakeFiles/NUCLEO-F429ZI.elf.dir/third-party/rkh/source/queue/src/rkhqueue.c.obj
                0x0000000008009978                rkh_queue_get
 .text.rkh_queue_put_fifo
                0x0000000008009a4c       0xc4 CMakeFiles/NUCLEO-F429ZI.elf.dir/third-party/rkh/source/queue/src/rkhqueue.c.obj
                0x0000000008009a4c                rkh_queue_put_fifo
 .text.findCompletionTrn
                0x0000000008009b10       0x16 CMakeFiles/NUCLEO-F429ZI.elf.dir/third-party/rkh/source/sm/src/rkhsm.c.obj
 .text.isCompletionTrn
                0x0000000008009b26       0x2c CMakeFiles/NUCLEO-F429ZI.elf.dir/third-party/rkh/source/sm/src/rkhsm.c.obj
 .text.rkh_add_tr_action
                0x0000000008009b52       0x24 CMakeFiles/NUCLEO-F429ZI.elf.dir/third-party/rkh/source/sm/src/rkhsm.c.obj
 .text.addTargetSt
                0x0000000008009b76       0x2e CMakeFiles/NUCLEO-F429ZI.elf.dir/third-party/rkh/source/sm/src/rkhsm.c.obj
 .text.rkh_sm_dispatch
                0x0000000008009ba4      0x504 CMakeFiles/NUCLEO-F429ZI.elf.dir/third-party/rkh/source/sm/src/rkhsm.c.obj
                0x0000000008009ba4                rkh_sm_dispatch
 .text.rkh_sm_init
                0x000000000800a0a8       0x10 CMakeFiles/NUCLEO-F429ZI.elf.dir/third-party/rkh/source/sm/src/rkhsm.c.obj
                0x000000000800a0a8                rkh_sm_init
 .text.rkh_sma_register
                0x000000000800a0b8       0x88 CMakeFiles/NUCLEO-F429ZI.elf.dir/third-party/rkh/source/sma/src/rkhsma.c.obj
                0x000000000800a0b8                rkh_sma_register
 .text.rkh_sma_activate
                0x000000000800a140       0x98 CMakeFiles/NUCLEO-F429ZI.elf.dir/third-party/rkh/source/sma/src/rkhsma.c.obj
                0x000000000800a140                rkh_sma_activate
 .text.rkh_sma_post_fifo
                0x000000000800a1d8       0x8c CMakeFiles/NUCLEO-F429ZI.elf.dir/third-party/rkh/source/sma/src/rkhsma.c.obj
                0x000000000800a1d8                rkh_sma_post_fifo
 .text.rkh_sma_get
                0x000000000800a264       0xa0 CMakeFiles/NUCLEO-F429ZI.elf.dir/third-party/rkh/source/sma/src/rkhsma.c.obj
                0x000000000800a264                rkh_sma_get
 .text.rkh_sma_dispatch
                0x000000000800a304        0x8 CMakeFiles/NUCLEO-F429ZI.elf.dir/third-party/rkh/source/sma/src/rkhsma.c.obj
                0x000000000800a304                rkh_sma_dispatch
 .text.rkh_smaPrio_isReady
                0x000000000800a30c       0x10 CMakeFiles/NUCLEO-F429ZI.elf.dir/third-party/rkh/source/sma/src/rkhsma_prio.c.obj
                0x000000000800a30c                rkh_smaPrio_isReady
 .text.rkh_smaPrio_setReady
                0x000000000800a31c       0x24 CMakeFiles/NUCLEO-F429ZI.elf.dir/third-party/rkh/source/sma/src/rkhsma_prio.c.obj
                0x000000000800a31c                rkh_smaPrio_setReady
 .text.rkh_smaPrio_setUnready
                0x000000000800a340       0x24 CMakeFiles/NUCLEO-F429ZI.elf.dir/third-party/rkh/source/sma/src/rkhsma_prio.c.obj
                0x000000000800a340                rkh_smaPrio_setUnready
 .text.rkh_smaPrio_findHighest
                0x000000000800a364       0x10 CMakeFiles/NUCLEO-F429ZI.elf.dir/third-party/rkh/source/sma/src/rkhsma_prio.c.obj
                0x000000000800a364                rkh_smaPrio_findHighest
 .text.rkh_sma_block
                0x000000000800a374       0x18 CMakeFiles/NUCLEO-F429ZI.elf.dir/third-party/rkh/source/sma/src/rkhsma_sync.c.obj
                0x000000000800a374                rkh_sma_block
 .text.rkh_sma_setReady
                0x000000000800a38c        0xc CMakeFiles/NUCLEO-F429ZI.elf.dir/third-party/rkh/source/sma/src/rkhsma_sync.c.obj
                0x000000000800a38c                rkh_sma_setReady
 .text.rkh_sma_setUnready
                0x000000000800a398        0xc CMakeFiles/NUCLEO-F429ZI.elf.dir/third-party/rkh/source/sma/src/rkhsma_sync.c.obj
                0x000000000800a398                rkh_sma_setUnready
 .text.rem_from_list
                0x000000000800a3a4       0x3c CMakeFiles/NUCLEO-F429ZI.elf.dir/third-party/rkh/source/tmr/src/rkhtmr.c.obj
 .text.searchAndRemove
                0x000000000800a3e0       0x24 CMakeFiles/NUCLEO-F429ZI.elf.dir/third-party/rkh/source/tmr/src/rkhtmr.c.obj
 .text.rkh_tmr_tick
                0x000000000800a404       0xcc CMakeFiles/NUCLEO-F429ZI.elf.dir/third-party/rkh/source/tmr/src/rkhtmr.c.obj
                0x000000000800a404                rkh_tmr_tick
 .text.rkh_tmr_init_
                0x000000000800a4d0       0x80 CMakeFiles/NUCLEO-F429ZI.elf.dir/third-party/rkh/source/tmr/src/rkhtmr.c.obj
                0x000000000800a4d0                rkh_tmr_init_
 .text.rkh_tmr_start
                0x000000000800a550       0x98 CMakeFiles/NUCLEO-F429ZI.elf.dir/third-party/rkh/source/tmr/src/rkhtmr.c.obj
                0x000000000800a550                rkh_tmr_start
 .text.setAllFilters
                0x000000000800a5e8       0x1c CMakeFiles/NUCLEO-F429ZI.elf.dir/third-party/rkh/source/trc/src/rkhtrc_filter.c.obj
 .text.setOneFilter
                0x000000000800a604       0x24 CMakeFiles/NUCLEO-F429ZI.elf.dir/third-party/rkh/source/trc/src/rkhtrc_filter.c.obj
 .text.isOffFilter
                0x000000000800a628       0x18 CMakeFiles/NUCLEO-F429ZI.elf.dir/third-party/rkh/source/trc/src/rkhtrc_filter.c.obj
 .text.getFilterTable
                0x000000000800a640       0x2c CMakeFiles/NUCLEO-F429ZI.elf.dir/third-party/rkh/source/trc/src/rkhtrc_filter.c.obj
 .text.rkh_trc_filter_group_
                0x000000000800a66c       0x50 CMakeFiles/NUCLEO-F429ZI.elf.dir/third-party/rkh/source/trc/src/rkhtrc_filter.c.obj
                0x000000000800a66c                rkh_trc_filter_group_
 .text.rkh_trc_filter_event_
                0x000000000800a6bc       0x78 CMakeFiles/NUCLEO-F429ZI.elf.dir/third-party/rkh/source/trc/src/rkhtrc_filter.c.obj
                0x000000000800a6bc                rkh_trc_filter_event_
 .text.rkh_trc_isoff_
                0x000000000800a734       0x40 CMakeFiles/NUCLEO-F429ZI.elf.dir/third-party/rkh/source/trc/src/rkhtrc_filter.c.obj
                0x000000000800a734                rkh_trc_isoff_
 .text.rkh_trc_symFil
                0x000000000800a774       0x48 CMakeFiles/NUCLEO-F429ZI.elf.dir/third-party/rkh/source/trc/src/rkhtrc_filter.c.obj
                0x000000000800a774                rkh_trc_symFil
 .text.rkh_trc_symFil_isoff
                0x000000000800a7bc       0x2c CMakeFiles/NUCLEO-F429ZI.elf.dir/third-party/rkh/source/trc/src/rkhtrc_filter.c.obj
                0x000000000800a7bc                rkh_trc_symFil_isoff
 .text.rkh_trc_init
                0x000000000800a7e8       0x1c CMakeFiles/NUCLEO-F429ZI.elf.dir/third-party/rkh/source/trc/src/rkhtrc_record.c.obj
                0x000000000800a7e8                rkh_trc_init
 .text.rkh_trc_end
                0x000000000800a804        0xa CMakeFiles/NUCLEO-F429ZI.elf.dir/third-party/rkh/source/trc/src/rkhtrc_record.c.obj
                0x000000000800a804                rkh_trc_end
 *fill*         0x000000000800a80e        0x2 
 .text.rkh_trc_clear_chk
                0x000000000800a810        0xc CMakeFiles/NUCLEO-F429ZI.elf.dir/third-party/rkh/source/trc/src/rkhtrc_record.c.obj
                0x000000000800a810                rkh_trc_clear_chk
 .text.rkh_trc_u8
                0x000000000800a81c       0x30 CMakeFiles/NUCLEO-F429ZI.elf.dir/third-party/rkh/source/trc/src/rkhtrc_record.c.obj
                0x000000000800a81c                rkh_trc_u8
 .text.rkh_trc_begin
                0x000000000800a84c       0x24 CMakeFiles/NUCLEO-F429ZI.elf.dir/third-party/rkh/source/trc/src/rkhtrc_record.c.obj
                0x000000000800a84c                rkh_trc_begin
 .text.rkh_trc_u16
                0x000000000800a870       0x12 CMakeFiles/NUCLEO-F429ZI.elf.dir/third-party/rkh/source/trc/src/rkhtrc_record.c.obj
                0x000000000800a870                rkh_trc_u16
 .text.rkh_trc_u32
                0x000000000800a882       0x22 CMakeFiles/NUCLEO-F429ZI.elf.dir/third-party/rkh/source/trc/src/rkhtrc_record.c.obj
                0x000000000800a882                rkh_trc_u32
 .text.rkh_trc_str
                0x000000000800a8a4       0x18 CMakeFiles/NUCLEO-F429ZI.elf.dir/third-party/rkh/source/trc/src/rkhtrc_record.c.obj
                0x000000000800a8a4                rkh_trc_str
 .text.rkh_trc_obj
                0x000000000800a8bc       0x4c CMakeFiles/NUCLEO-F429ZI.elf.dir/third-party/rkh/source/trc/src/rkhtrc_record.c.obj
                0x000000000800a8bc                rkh_trc_obj
 .text.rkh_trc_sig
                0x000000000800a908       0x50 CMakeFiles/NUCLEO-F429ZI.elf.dir/third-party/rkh/source/trc/src/rkhtrc_record.c.obj
                0x000000000800a908                rkh_trc_sig
 .text.rkh_trc_ao
                0x000000000800a958       0x50 CMakeFiles/NUCLEO-F429ZI.elf.dir/third-party/rkh/source/trc/src/rkhtrc_record.c.obj
                0x000000000800a958                rkh_trc_ao
 .text.rkh_trc_state
                0x000000000800a9a8       0x64 CMakeFiles/NUCLEO-F429ZI.elf.dir/third-party/rkh/source/trc/src/rkhtrc_record.c.obj
                0x000000000800a9a8                rkh_trc_state
 .text.rkh_trc_get_block
                0x000000000800aa0c       0x60 CMakeFiles/NUCLEO-F429ZI.elf.dir/third-party/rkh/source/trc/src/rkhtrc_stream.c.obj
                0x000000000800aa0c                rkh_trc_get_block
 .text.rkh_trc_put
                0x000000000800aa6c       0x50 CMakeFiles/NUCLEO-F429ZI.elf.dir/third-party/rkh/source/trc/src/rkhtrc_stream.c.obj
                0x000000000800aa6c                rkh_trc_put
 .text.rkh_trcStream_init
                0x000000000800aabc       0x34 CMakeFiles/NUCLEO-F429ZI.elf.dir/third-party/rkh/source/trc/src/rkhtrc_stream.c.obj
                0x000000000800aabc                rkh_trcStream_init
 .text.startup  0x000000000800aaf0       0x14 /usr/lib/gcc/arm-none-eabi/10.3.1/../../../arm-none-eabi/lib/thumb/v7e-m+fp/hard/libg.a(lib_a-__call_atexit.o)
 *(.glue_7)
 .glue_7        0x000000000800ab04        0x0 linker stubs
 *(.glue_7t)
 .glue_7t       0x000000000800ab04        0x0 linker stubs
 *(.eh_frame)
 .eh_frame      0x000000000800ab04        0x0 /usr/lib/gcc/arm-none-eabi/10.3.1/thumb/v7e-m+fp/hard/crtbegin.o
 *(.init)
 .init          0x000000000800ab04        0x4 /usr/lib/gcc/arm-none-eabi/10.3.1/thumb/v7e-m+fp/hard/crti.o
                0x000000000800ab04                _init
 .init          0x000000000800ab08        0x8 /usr/lib/gcc/arm-none-eabi/10.3.1/thumb/v7e-m+fp/hard/crtn.o
 *(.fini)
 .fini          0x000000000800ab10        0x4 /usr/lib/gcc/arm-none-eabi/10.3.1/thumb/v7e-m+fp/hard/crti.o
                0x000000000800ab10                _fini
 .fini          0x000000000800ab14        0x8 /usr/lib/gcc/arm-none-eabi/10.3.1/thumb/v7e-m+fp/hard/crtn.o
                0x000000000800ab1c                . = ALIGN (0x4)
                0x000000000800ab1c                _etext = .

.vfp11_veneer   0x000000000800ab1c        0x0
 .vfp11_veneer  0x000000000800ab1c        0x0 linker stubs

.v4_bx          0x000000000800ab1c        0x0
 .v4_bx         0x000000000800ab1c        0x0 linker stubs

.iplt           0x000000000800ab1c        0x0
 .iplt          0x000000000800ab1c        0x0 /usr/lib/gcc/arm-none-eabi/10.3.1/thumb/v7e-m+fp/hard/crtbegin.o

.rodata         0x000000000800ab20      0x8ac
                0x000000000800ab20                . = ALIGN (0x4)
 *(.rodata)
 .rodata        0x000000000800ab20        0x4 /usr/lib/gcc/arm-none-eabi/10.3.1/../../../arm-none-eabi/lib/thumb/v7e-m+fp/hard/libg.a(lib_a-impure.o)
                0x000000000800ab20                _global_impure_ptr
 .rodata        0x000000000800ab24       0x20 /usr/lib/gcc/arm-none-eabi/10.3.1/../../../arm-none-eabi/lib/thumb/v7e-m+fp/hard/libg.a(lib_a-vfprintf.o)
 *fill*         0x000000000800ab44        0x4 
 .rodata        0x000000000800ab48      0x128 /usr/lib/gcc/arm-none-eabi/10.3.1/../../../arm-none-eabi/lib/thumb/v7e-m+fp/hard/libg.a(lib_a-mprec.o)
                0x000000000800ab58                __mprec_tens
                0x000000000800ac20                __mprec_tinytens
                0x000000000800ac48                __mprec_bigtens
 .rodata        0x000000000800ac70       0x20 /usr/lib/gcc/arm-none-eabi/10.3.1/../../../arm-none-eabi/lib/thumb/v7e-m+fp/hard/libg.a(lib_a-vfiprintf.o)
 .rodata        0x000000000800ac90      0x101 /usr/lib/gcc/arm-none-eabi/10.3.1/../../../arm-none-eabi/lib/thumb/v7e-m+fp/hard/libg.a(lib_a-ctype_.o)
                0x000000000800ac90                _ctype_
 *(.rodata*)
 *fill*         0x000000000800ad91        0x3 
 .rodata.AHBPrescTable
                0x000000000800ad94       0x10 CMakeFiles/NUCLEO-F429ZI.elf.dir/Core/Src/system_stm32f4xx.c.obj
                0x000000000800ad94                AHBPrescTable
 .rodata.APBPrescTable
                0x000000000800ada4        0x8 CMakeFiles/NUCLEO-F429ZI.elf.dir/Core/Src/system_stm32f4xx.c.obj
                0x000000000800ada4                APBPrescTable
 .rodata.init.str1.4
                0x000000000800adac        0xe CMakeFiles/NUCLEO-F429ZI.elf.dir/blinky/blinky.c.obj
 *fill*         0x000000000800adba        0x2 
 .rodata.str1.4
                0x000000000800adbc       0x16 CMakeFiles/NUCLEO-F429ZI.elf.dir/blinky/blinky.c.obj
 *fill*         0x000000000800add2        0x2 
 .rodata.__qo_n.1
                0x000000000800add4       0x23 CMakeFiles/NUCLEO-F429ZI.elf.dir/blinky/blinky.c.obj
 *fill*         0x000000000800adf7        0x1 
 .rodata.__s_n.0
                0x000000000800adf8        0x7 CMakeFiles/NUCLEO-F429ZI.elf.dir/blinky/blinky.c.obj
 *fill*         0x000000000800adff        0x1 
 .rodata.blinky
                0x000000000800ae00        0x4 CMakeFiles/NUCLEO-F429ZI.elf.dir/blinky/blinky.c.obj
                0x000000000800ae00                blinky
 .rodata.ledOff
                0x000000000800ae04       0x18 CMakeFiles/NUCLEO-F429ZI.elf.dir/blinky/blinky.c.obj
                0x000000000800ae04                ledOff
 .rodata.ledOff_trtbl
                0x000000000800ae1c       0x20 CMakeFiles/NUCLEO-F429ZI.elf.dir/blinky/blinky.c.obj
                0x000000000800ae1c                ledOff_trtbl
 .rodata.ledOn  0x000000000800ae3c       0x18 CMakeFiles/NUCLEO-F429ZI.elf.dir/blinky/blinky.c.obj
                0x000000000800ae3c                ledOn
 .rodata.ledOn_trtbl
                0x000000000800ae54       0x20 CMakeFiles/NUCLEO-F429ZI.elf.dir/blinky/blinky.c.obj
                0x000000000800ae54                ledOn_trtbl
 .rodata.rs_blinky
                0x000000000800ae74       0x10 CMakeFiles/NUCLEO-F429ZI.elf.dir/blinky/blinky.c.obj
 .rodata.rkh_assert.str1.4
                0x000000000800ae84       0x24 CMakeFiles/NUCLEO-F429ZI.elf.dir/blinky/bsp/assert.c.obj
 .rodata.printBanner.str1.4
                0x000000000800aea8      0x209 CMakeFiles/NUCLEO-F429ZI.elf.dir/blinky/bsp/bsp_blinky.c.obj
 *fill*         0x000000000800b0b1        0x3 
 .rodata.bsp_ledOn.str1.4
                0x000000000800b0b4        0x7 CMakeFiles/NUCLEO-F429ZI.elf.dir/blinky/bsp/bsp_blinky.c.obj
 *fill*         0x000000000800b0bb        0x1 
 .rodata.bsp_ledOff.str1.4
                0x000000000800b0bc        0x8 CMakeFiles/NUCLEO-F429ZI.elf.dir/blinky/bsp/bsp_blinky.c.obj
 .rodata.GPIO_PIN
                0x000000000800b0c4        0x6 CMakeFiles/NUCLEO-F429ZI.elf.dir/bsp/stm32f4xx_nucleo_144.c.obj
                0x000000000800b0c4                GPIO_PIN
 *fill*         0x000000000800b0ca        0x2 
 .rodata.dftTime
                0x000000000800b0cc        0xa CMakeFiles/NUCLEO-F429ZI.elf.dir/epoch/src/epoch.c.obj
 *fill*         0x000000000800b0d6        0x2 
 .rodata.actions_100
                0x000000000800b0d8        0x4 CMakeFiles/NUCLEO-F429ZI.elf.dir/mTime/mTimeTbl.c.obj
 .rodata.actions_1000
                0x000000000800b0dc        0x4 CMakeFiles/NUCLEO-F429ZI.elf.dir/mTime/mTimeTbl.c.obj
 .rodata.actions_10000
                0x000000000800b0e0        0x4 CMakeFiles/NUCLEO-F429ZI.elf.dir/mTime/mTimeTbl.c.obj
 .rodata.timerChain
                0x000000000800b0e4       0x18 CMakeFiles/NUCLEO-F429ZI.elf.dir/mTime/mTimeTbl.c.obj
                0x000000000800b0e4                timerChain
 .rodata.bitMaskTbl
                0x000000000800b0fc        0x8 CMakeFiles/NUCLEO-F429ZI.elf.dir/third-party/rkh/source/fwk/src/rkhfwk_bittbl.c.obj
 .rodata.leastBitSetTbl
                0x000000000800b104      0x100 CMakeFiles/NUCLEO-F429ZI.elf.dir/third-party/rkh/source/fwk/src/rkhfwk_bittbl.c.obj
 .rodata.rkh_rdygrp_setReady.str1.4
                0x000000000800b204        0xe CMakeFiles/NUCLEO-F429ZI.elf.dir/third-party/rkh/source/fwk/src/rkhfwk_rdygrp.c.obj
 *fill*         0x000000000800b212        0x2 
 .rodata.rkh_version
                0x000000000800b214        0x7 CMakeFiles/NUCLEO-F429ZI.elf.dir/third-party/rkh/source/fwk/src/rkhfwk_version.c.obj
                0x000000000800b214                rkh_version
 *fill*         0x000000000800b21b        0x1 
 .rodata.rkhport_get_version.str1.4
                0x000000000800b21c        0x5 CMakeFiles/NUCLEO-F429ZI.elf.dir/third-party/rkh/source/portable/arm-cortex/rkhs/arm_cm4f/stm32/rkhport.c.obj
 *fill*         0x000000000800b221        0x3 
 .rodata.rkhport_get_desc.str1.4
                0x000000000800b224       0x14 CMakeFiles/NUCLEO-F429ZI.elf.dir/third-party/rkh/source/portable/arm-cortex/rkhs/arm_cm4f/stm32/rkhport.c.obj
 .rodata.rkh_queue_get.str1.4
                0x000000000800b238        0x9 CMakeFiles/NUCLEO-F429ZI.elf.dir/third-party/rkh/source/queue/src/rkhqueue.c.obj
 *fill*         0x000000000800b241        0x3 
 .rodata.rkh_sm_dispatch.str1.4
                0x000000000800b244        0x6 CMakeFiles/NUCLEO-F429ZI.elf.dir/third-party/rkh/source/sm/src/rkhsm.c.obj
 *fill*         0x000000000800b24a        0x2 
 .rodata.evCompletion
                0x000000000800b24c        0x3 CMakeFiles/NUCLEO-F429ZI.elf.dir/third-party/rkh/source/sm/src/rkhsm.c.obj
                0x000000000800b24c                evCompletion
 *fill*         0x000000000800b24f        0x1 
 .rodata.evCreation
                0x000000000800b250        0x3 CMakeFiles/NUCLEO-F429ZI.elf.dir/third-party/rkh/source/sm/src/rkhsm.c.obj
                0x000000000800b250                evCreation
 *fill*         0x000000000800b253        0x1 
 .rodata.rkh_sma_register.str1.4
                0x000000000800b254        0x7 CMakeFiles/NUCLEO-F429ZI.elf.dir/third-party/rkh/source/sma/src/rkhsma.c.obj
 *fill*         0x000000000800b25b        0x1 
 .rodata.rkh_smaPrio_setReady.str1.4
                0x000000000800b25c        0xc CMakeFiles/NUCLEO-F429ZI.elf.dir/third-party/rkh/source/sma/src/rkhsma_prio.c.obj
 .rodata.rkh_sma_block.str1.4
                0x000000000800b268        0xc CMakeFiles/NUCLEO-F429ZI.elf.dir/third-party/rkh/source/sma/src/rkhsma_sync.c.obj
 .rodata.rkh_tmr_init_.str1.4
                0x000000000800b274        0x7 CMakeFiles/NUCLEO-F429ZI.elf.dir/third-party/rkh/source/tmr/src/rkhtmr.c.obj
 *fill*         0x000000000800b27b        0x1 
 .rodata.getFilterTable.str1.4
                0x000000000800b27c        0xe CMakeFiles/NUCLEO-F429ZI.elf.dir/third-party/rkh/source/trc/src/rkhtrc_filter.c.obj
 *fill*         0x000000000800b28a        0x2 
 .rodata.fsig   0x000000000800b28c        0x8 CMakeFiles/NUCLEO-F429ZI.elf.dir/third-party/rkh/source/trc/src/rkhtrc_filter.c.obj
 .rodata.fsma   0x000000000800b294        0x8 CMakeFiles/NUCLEO-F429ZI.elf.dir/third-party/rkh/source/trc/src/rkhtrc_filter.c.obj
 .rodata.trcgmtbl
                0x000000000800b29c       0x10 CMakeFiles/NUCLEO-F429ZI.elf.dir/third-party/rkh/source/trc/src/rkhtrc_filter.c.obj
 .rodata.str1.4
                0x000000000800b2ac        0xe /usr/lib/gcc/arm-none-eabi/10.3.1/../../../arm-none-eabi/lib/thumb/v7e-m+fp/hard/libg.a(lib_a-puts.o)
                                          0x2 (size before relaxing)
 .rodata.str1.4
                0x000000000800b2ac       0x42 /usr/lib/gcc/arm-none-eabi/10.3.1/../../../arm-none-eabi/lib/thumb/v7e-m+fp/hard/libg.a(lib_a-vfprintf.o)
 *fill*         0x000000000800b2ee        0x2 
 .rodata.str1.4
                0x000000000800b2f0       0x56 /usr/lib/gcc/arm-none-eabi/10.3.1/../../../arm-none-eabi/lib/thumb/v7e-m+fp/hard/libg.a(lib_a-dtoa.o)
                                         0x5a (size before relaxing)
 *fill*         0x000000000800b346        0x2 
 .rodata.str1.4
                0x000000000800b348       0x33 /usr/lib/gcc/arm-none-eabi/10.3.1/../../../arm-none-eabi/lib/thumb/v7e-m+fp/hard/libg.a(lib_a-mprec.o)
                                         0x47 (size before relaxing)
 .rodata.str1.4
                0x000000000800b37b       0x2f /usr/lib/gcc/arm-none-eabi/10.3.1/../../../arm-none-eabi/lib/thumb/v7e-m+fp/hard/libg.a(lib_a-vfiprintf.o)
 *fill*         0x000000000800b37b        0x1 
 .rodata.str1.4
                0x000000000800b37c       0x3f /usr/lib/gcc/arm-none-eabi/10.3.1/../../../arm-none-eabi/lib/thumb/v7e-m+fp/hard/libg.a(lib_a-assert.o)
                                         0x43 (size before relaxing)
 *fill*         0x000000000800b3bb        0x1 
 .rodata.str1.4
                0x000000000800b3bc        0xe /usr/lib/gcc/arm-none-eabi/10.3.1/../../../arm-none-eabi/lib/thumb/v7e-m+fp/hard/libg.a(lib_a-locale.o)
                                         0x12 (size before relaxing)
                0x000000000800b3cc                . = ALIGN (0x4)
 *fill*         0x000000000800b3ca        0x2 

.ARM.extab      0x000000000800b3cc        0x0
                0x000000000800b3cc                . = ALIGN (0x4)
 *(.ARM.extab* .gnu.linkonce.armextab.*)
                0x000000000800b3cc                . = ALIGN (0x4)

.ARM            0x000000000800b3cc        0x8
                0x000000000800b3cc                . = ALIGN (0x4)
                0x000000000800b3cc                __exidx_start = .
 *(.ARM.exidx*)
 .ARM.exidx     0x000000000800b3cc        0x8 /usr/lib/gcc/arm-none-eabi/10.3.1/thumb/v7e-m+fp/hard/libgcc.a(_udivmoddi4.o)
                0x000000000800b3d4                __exidx_end = .
                0x000000000800b3d4                . = ALIGN (0x4)

.rel.dyn        0x000000000800b3d4        0x0
 .rel.iplt      0x000000000800b3d4        0x0 /usr/lib/gcc/arm-none-eabi/10.3.1/thumb/v7e-m+fp/hard/crtbegin.o

.preinit_array  0x000000000800b3d4        0x0
                0x000000000800b3d4                . = ALIGN (0x4)
                0x000000000800b3d4                PROVIDE (__preinit_array_start = .)
 *(.preinit_array*)
                0x000000000800b3d4                PROVIDE (__preinit_array_end = .)
                0x000000000800b3d4                . = ALIGN (0x4)

.init_array     0x000000000800b3d4        0x8
                0x000000000800b3d4                . = ALIGN (0x4)
                0x000000000800b3d4                PROVIDE (__init_array_start = .)
 *(SORT_BY_NAME(.init_array.*))
 .init_array.00000
                0x000000000800b3d4        0x4 /usr/lib/gcc/arm-none-eabi/10.3.1/../../../arm-none-eabi/lib/thumb/v7e-m+fp/hard/libg.a(lib_a-__call_atexit.o)
 *(.init_array*)
 .init_array    0x000000000800b3d8        0x4 /usr/lib/gcc/arm-none-eabi/10.3.1/thumb/v7e-m+fp/hard/crtbegin.o
                0x000000000800b3dc                PROVIDE (__init_array_end = .)
                0x000000000800b3dc                . = ALIGN (0x4)

.fini_array     0x000000000800b3dc        0x4
                0x000000000800b3dc                . = ALIGN (0x4)
                0x000000000800b3dc                PROVIDE (__fini_array_start = .)
 *(SORT_BY_NAME(.fini_array.*))
 *(.fini_array*)
 .fini_array    0x000000000800b3dc        0x4 /usr/lib/gcc/arm-none-eabi/10.3.1/thumb/v7e-m+fp/hard/crtbegin.o
                0x000000000800b3e0                PROVIDE (__fini_array_end = .)
                0x000000000800b3e0                . = ALIGN (0x4)
                0x000000000800b3e0                _sidata = LOADADDR (.data)

.data           0x0000000020000000      0xa20 load address 0x000000000800b3e0
                0x0000000020000000                . = ALIGN (0x4)
                0x0000000020000000                _sdata = .
 *(.data)
 .data          0x0000000020000000      0x430 /usr/lib/gcc/arm-none-eabi/10.3.1/../../../arm-none-eabi/lib/thumb/v7e-m+fp/hard/libg.a(lib_a-impure.o)
                0x0000000020000000                _impure_ptr
 .data          0x0000000020000430      0x410 /usr/lib/gcc/arm-none-eabi/10.3.1/../../../arm-none-eabi/lib/thumb/v7e-m+fp/hard/libg.a(lib_a-mallocr.o)
                0x0000000020000430                __malloc_av_
                0x0000000020000838                __malloc_sbrk_base
                0x000000002000083c                __malloc_trim_threshold
 .data          0x0000000020000840      0x16c /usr/lib/gcc/arm-none-eabi/10.3.1/../../../arm-none-eabi/lib/thumb/v7e-m+fp/hard/libg.a(lib_a-locale.o)
                0x0000000020000840                __global_locale
 *(.data*)
 .data.SystemCoreClock
                0x00000000200009ac        0x4 CMakeFiles/NUCLEO-F429ZI.elf.dir/Core/Src/system_stm32f4xx.c.obj
                0x00000000200009ac                SystemCoreClock
 .data.uwTickFreq
                0x00000000200009b0        0x1 CMakeFiles/NUCLEO-F429ZI.elf.dir/Drivers/STM32F4xx_HAL_Driver/Src/stm32f4xx_hal.c.obj
                0x00000000200009b0                uwTickFreq
 *fill*         0x00000000200009b1        0x3 
 .data.uwTickPrio
                0x00000000200009b4        0x4 CMakeFiles/NUCLEO-F429ZI.elf.dir/Drivers/STM32F4xx_HAL_Driver/Src/stm32f4xx_hal.c.obj
                0x00000000200009b4                uwTickPrio
 .data.s_blinky
                0x00000000200009b8       0x40 CMakeFiles/NUCLEO-F429ZI.elf.dir/blinky/blinky.c.obj
 .data.GPIO_PORT
                0x00000000200009f8        0xc CMakeFiles/NUCLEO-F429ZI.elf.dir/bsp/stm32f4xx_nucleo_144.c.obj
                0x00000000200009f8                GPIO_PORT
 .data.updSteps
                0x0000000020000a04       0x1c CMakeFiles/NUCLEO-F429ZI.elf.dir/epoch/src/epoch.c.obj
 *(.RamFunc)
 *(.RamFunc*)
                0x0000000020000a20                . = ALIGN (0x4)
                0x0000000020000a20                _edata = .
                0x000000000800be00                _siccmram = LOADADDR (.ccmram)

.tm_clone_table
                0x0000000020000a20        0x0 load address 0x000000000800be00
 .tm_clone_table
                0x0000000020000a20        0x0 /usr/lib/gcc/arm-none-eabi/10.3.1/thumb/v7e-m+fp/hard/crtbegin.o
 .tm_clone_table
                0x0000000020000a20        0x0 /usr/lib/gcc/arm-none-eabi/10.3.1/thumb/v7e-m+fp/hard/crtend.o

.igot.plt       0x0000000020000a20        0x0 load address 0x000000000800be00
 .igot.plt      0x0000000020000a20        0x0 /usr/lib/gcc/arm-none-eabi/10.3.1/thumb/v7e-m+fp/hard/crtbegin.o

.ccmram         0x0000000010000000        0x0 load address 0x000000000800be00
                0x0000000010000000                . = ALIGN (0x4)
                0x0000000010000000                _sccmram = .
 *(.ccmram)
 *(.ccmram*)
                0x0000000010000000                . = ALIGN (0x4)
                0x0000000010000000                _eccmram = .
                0x0000000010000000                . = ALIGN (0x4)

.bss            0x0000000020000a20      0x914
                0x0000000020000a20                _sbss = .
                0x0000000020000a20                __bss_start__ = _sbss
 *(.bss)
 .bss           0x0000000020000a20       0x1c /usr/lib/gcc/arm-none-eabi/10.3.1/thumb/v7e-m+fp/hard/crtbegin.o
 .bss           0x0000000020000a3c       0x34 /usr/lib/gcc/arm-none-eabi/10.3.1/../../../arm-none-eabi/lib/thumb/v7e-m+fp/hard/libg.a(lib_a-mallocr.o)
                0x0000000020000a3c                __malloc_top_pad
                0x0000000020000a40                __malloc_current_mallinfo
                0x0000000020000a68                __malloc_max_sbrked_mem
                0x0000000020000a6c                __malloc_max_total_mem
 .bss           0x0000000020000a70        0x4 /usr/lib/gcc/arm-none-eabi/10.3.1/../../../arm-none-eabi/lib/thumb/v7e-m+fp/hard/libg.a(lib_a-reent.o)
                0x0000000020000a70                errno
 *(.bss*)
 .bss.DMARxDscrTab
                0x0000000020000a74       0xa0 CMakeFiles/NUCLEO-F429ZI.elf.dir/Core/Src/eth.c.obj
                0x0000000020000a74                DMARxDscrTab
 .bss.DMATxDscrTab
                0x0000000020000b14       0xa0 CMakeFiles/NUCLEO-F429ZI.elf.dir/Core/Src/eth.c.obj
                0x0000000020000b14                DMATxDscrTab
 .bss.MACAddr.0
                0x0000000020000bb4        0x6 CMakeFiles/NUCLEO-F429ZI.elf.dir/Core/Src/eth.c.obj
 *fill*         0x0000000020000bba        0x2 
 .bss.TxConfig  0x0000000020000bbc       0x38 CMakeFiles/NUCLEO-F429ZI.elf.dir/Core/Src/eth.c.obj
                0x0000000020000bbc                TxConfig
 .bss.heth      0x0000000020000bf4       0xb0 CMakeFiles/NUCLEO-F429ZI.elf.dir/Core/Src/eth.c.obj
                0x0000000020000bf4                heth
 .bss.qsto      0x0000000020000ca4       0x10 CMakeFiles/NUCLEO-F429ZI.elf.dir/Core/Src/main.c.obj
 .bss.userSysticCb
                0x0000000020000cb4        0x4 CMakeFiles/NUCLEO-F429ZI.elf.dir/Core/Src/stm32f4xx_it.c.obj
 .bss.__sbrk_heap_end
                0x0000000020000cb8        0x4 CMakeFiles/NUCLEO-F429ZI.elf.dir/Core/Src/sysmem.c.obj
 .bss.huart3    0x0000000020000cbc       0x44 CMakeFiles/NUCLEO-F429ZI.elf.dir/Core/Src/usart.c.obj
                0x0000000020000cbc                huart3
 .bss.hpcd_USB_OTG_FS
                0x0000000020000d00      0x50c CMakeFiles/NUCLEO-F429ZI.elf.dir/Core/Src/usb_otg.c.obj
                0x0000000020000d00                hpcd_USB_OTG_FS
 .bss.uwTick    0x000000002000120c        0x4 CMakeFiles/NUCLEO-F429ZI.elf.dir/Drivers/STM32F4xx_HAL_Driver/Src/stm32f4xx_hal.c.obj
                0x000000002000120c                uwTick
 .bss.tickCounter
                0x0000000020001210        0x4 CMakeFiles/NUCLEO-F429ZI.elf.dir/blinky/bsp/hook.c.obj
 .bss.tstamp    0x0000000020001214        0x2 CMakeFiles/NUCLEO-F429ZI.elf.dir/blinky/bsp/hook.c.obj
 *fill*         0x0000000020001216        0x2 
 .bss.currEpoch
                0x0000000020001218        0x4 CMakeFiles/NUCLEO-F429ZI.elf.dir/epoch/src/epoch.c.obj
 .bss.month     0x000000002000121c        0x4 CMakeFiles/NUCLEO-F429ZI.elf.dir/epoch/src/epoch.c.obj
 .bss.nextTime  0x0000000020001220        0xa CMakeFiles/NUCLEO-F429ZI.elf.dir/epoch/src/epoch.c.obj
 *fill*         0x000000002000122a        0x2 
 .bss.pUpd      0x000000002000122c        0x4 CMakeFiles/NUCLEO-F429ZI.elf.dir/epoch/src/epoch.c.obj
 .bss.updatingEpoch
                0x0000000020001230        0x4 CMakeFiles/NUCLEO-F429ZI.elf.dir/epoch/src/epoch.c.obj
 .bss.year      0x0000000020001234        0x2 CMakeFiles/NUCLEO-F429ZI.elf.dir/epoch/src/epoch.c.obj
 .bss.counter   0x0000000020001236        0x2 CMakeFiles/NUCLEO-F429ZI.elf.dir/mTime/mTime.c.obj
 .bss.enabled   0x0000000020001238        0x4 CMakeFiles/NUCLEO-F429ZI.elf.dir/mTime/mTime.c.obj
 .bss.time      0x000000002000123c        0xa CMakeFiles/NUCLEO-F429ZI.elf.dir/rtime/rtime.c.obj
 *fill*         0x0000000020001246        0x2 
 .bss.rkh_critical_nesting
                0x0000000020001248        0x4 CMakeFiles/NUCLEO-F429ZI.elf.dir/third-party/rkh/source/portable/arm-cortex/rkhs/arm_cm4f/stm32/rkhport.c.obj
                0x0000000020001248                rkh_critical_nesting
 .bss.al.5      0x000000002000124c        0x8 CMakeFiles/NUCLEO-F429ZI.elf.dir/third-party/rkh/source/sm/src/rkhsm.c.obj
 .bss.islca.3   0x0000000020001254        0x1 CMakeFiles/NUCLEO-F429ZI.elf.dir/third-party/rkh/source/sm/src/rkhsm.c.obj
 .bss.ix_n.4    0x0000000020001255        0x1 CMakeFiles/NUCLEO-F429ZI.elf.dir/third-party/rkh/source/sm/src/rkhsm.c.obj
 .bss.ix_x.9    0x0000000020001256        0x1 CMakeFiles/NUCLEO-F429ZI.elf.dir/third-party/rkh/source/sm/src/rkhsm.c.obj
 .bss.nEntrySt.8
                0x0000000020001257        0x1 CMakeFiles/NUCLEO-F429ZI.elf.dir/third-party/rkh/source/sm/src/rkhsm.c.obj
 .bss.nal.7     0x0000000020001258        0x1 CMakeFiles/NUCLEO-F429ZI.elf.dir/third-party/rkh/source/sm/src/rkhsm.c.obj
 .bss.nn.10     0x0000000020001259        0x1 CMakeFiles/NUCLEO-F429ZI.elf.dir/third-party/rkh/source/sm/src/rkhsm.c.obj
 *fill*         0x000000002000125a        0x2 
 .bss.pal.6     0x000000002000125c        0x4 CMakeFiles/NUCLEO-F429ZI.elf.dir/third-party/rkh/source/sm/src/rkhsm.c.obj
 .bss.sentry.0  0x0000000020001260        0x8 CMakeFiles/NUCLEO-F429ZI.elf.dir/third-party/rkh/source/sm/src/rkhsm.c.obj
 .bss.snl.1     0x0000000020001268        0x4 CMakeFiles/NUCLEO-F429ZI.elf.dir/third-party/rkh/source/sm/src/rkhsm.c.obj
 .bss.stn.12    0x000000002000126c        0x4 CMakeFiles/NUCLEO-F429ZI.elf.dir/third-party/rkh/source/sm/src/rkhsm.c.obj
 .bss.stx.2     0x0000000020001270        0x4 CMakeFiles/NUCLEO-F429ZI.elf.dir/third-party/rkh/source/sm/src/rkhsm.c.obj
 .bss.trnAct.11
                0x0000000020001274        0x4 CMakeFiles/NUCLEO-F429ZI.elf.dir/third-party/rkh/source/sm/src/rkhsm.c.obj
 .bss.rkh_sptbl
                0x0000000020001278        0x8 CMakeFiles/NUCLEO-F429ZI.elf.dir/third-party/rkh/source/sma/src/rkhsma.c.obj
                0x0000000020001278                rkh_sptbl
 .bss.readyGroup
                0x0000000020001280        0x2 CMakeFiles/NUCLEO-F429ZI.elf.dir/third-party/rkh/source/sma/src/rkhsma_prio.c.obj
 *fill*         0x0000000020001282        0x2 
 .bss.thead     0x0000000020001284        0x4 CMakeFiles/NUCLEO-F429ZI.elf.dir/third-party/rkh/source/tmr/src/rkhtmr.c.obj
 .bss.trceftbl  0x0000000020001288       0x11 CMakeFiles/NUCLEO-F429ZI.elf.dir/third-party/rkh/source/trc/src/rkhtrc_filter.c.obj
 .bss.trcgfilter
                0x0000000020001299        0x1 CMakeFiles/NUCLEO-F429ZI.elf.dir/third-party/rkh/source/trc/src/rkhtrc_filter.c.obj
 *fill*         0x000000002000129a        0x2 
 .bss.trcsigftbl
                0x000000002000129c        0x2 CMakeFiles/NUCLEO-F429ZI.elf.dir/third-party/rkh/source/trc/src/rkhtrc_filter.c.obj
 *fill*         0x000000002000129e        0x2 
 .bss.trcsmaftbl
                0x00000000200012a0        0x1 CMakeFiles/NUCLEO-F429ZI.elf.dir/third-party/rkh/source/trc/src/rkhtrc_filter.c.obj
 .bss.chk       0x00000000200012a1        0x1 CMakeFiles/NUCLEO-F429ZI.elf.dir/third-party/rkh/source/trc/src/rkhtrc_record.c.obj
 .bss.nseq      0x00000000200012a2        0x1 CMakeFiles/NUCLEO-F429ZI.elf.dir/third-party/rkh/source/trc/src/rkhtrc_record.c.obj
 *fill*         0x00000000200012a3        0x1 
 .bss.trcend    0x00000000200012a4        0x4 CMakeFiles/NUCLEO-F429ZI.elf.dir/third-party/rkh/source/trc/src/rkhtrc_stream.c.obj
 .bss.trcin     0x00000000200012a8        0x4 CMakeFiles/NUCLEO-F429ZI.elf.dir/third-party/rkh/source/trc/src/rkhtrc_stream.c.obj
 .bss.trcout    0x00000000200012ac        0x4 CMakeFiles/NUCLEO-F429ZI.elf.dir/third-party/rkh/source/trc/src/rkhtrc_stream.c.obj
 .bss.trcqty    0x00000000200012b0        0x1 CMakeFiles/NUCLEO-F429ZI.elf.dir/third-party/rkh/source/trc/src/rkhtrc_stream.c.obj
 *fill*         0x00000000200012b1        0x3 
 .bss.trcstm    0x00000000200012b4       0x80 CMakeFiles/NUCLEO-F429ZI.elf.dir/third-party/rkh/source/trc/src/rkhtrc_stream.c.obj
 *(COMMON)
                0x0000000020001334                . = ALIGN (0x4)
                0x0000000020001334                _ebss = .
                0x0000000020001334                __bss_end__ = _ebss

._user_heap_stack
                0x0000000020001334      0x604
                0x0000000020001338                . = ALIGN (0x8)
 *fill*         0x0000000020001334        0x4 
                [!provide]                        PROVIDE (end = .)
                0x0000000020001338                PROVIDE (_end = .)
                0x0000000020001538                . = (. + _Min_Heap_Size)
 *fill*         0x0000000020001338      0x200 
                0x0000000020001938                . = (. + _Min_Stack_Size)
 *fill*         0x0000000020001538      0x400 
                0x0000000020001938                . = ALIGN (0x8)

/DISCARD/
 libc.a(*)
 libm.a(*)
 libgcc.a(*)

.ARM.attributes
                0x0000000000000000       0x30
 *(.ARM.attributes)
 .ARM.attributes
                0x0000000000000000       0x1e /usr/lib/gcc/arm-none-eabi/10.3.1/thumb/v7e-m+fp/hard/crti.o
 .ARM.attributes
                0x000000000000001e       0x34 /usr/lib/gcc/arm-none-eabi/10.3.1/thumb/v7e-m+fp/hard/crtbegin.o
 .ARM.attributes
                0x0000000000000052       0x34 CMakeFiles/NUCLEO-F429ZI.elf.dir/Core/Src/eth.c.obj
 .ARM.attributes
                0x0000000000000086       0x34 CMakeFiles/NUCLEO-F429ZI.elf.dir/Core/Src/gpio.c.obj
 .ARM.attributes
                0x00000000000000ba       0x34 CMakeFiles/NUCLEO-F429ZI.elf.dir/Core/Src/main.c.obj
 .ARM.attributes
                0x00000000000000ee       0x34 CMakeFiles/NUCLEO-F429ZI.elf.dir/Core/Src/stm32f4xx_hal_msp.c.obj
 .ARM.attributes
                0x0000000000000122       0x34 CMakeFiles/NUCLEO-F429ZI.elf.dir/Core/Src/stm32f4xx_it.c.obj
 .ARM.attributes
                0x0000000000000156       0x34 CMakeFiles/NUCLEO-F429ZI.elf.dir/Core/Src/syscalls.c.obj
 .ARM.attributes
                0x000000000000018a       0x34 CMakeFiles/NUCLEO-F429ZI.elf.dir/Core/Src/sysmem.c.obj
 .ARM.attributes
                0x00000000000001be       0x34 CMakeFiles/NUCLEO-F429ZI.elf.dir/Core/Src/system_stm32f4xx.c.obj
 .ARM.attributes
                0x00000000000001f2       0x34 CMakeFiles/NUCLEO-F429ZI.elf.dir/Core/Src/usart.c.obj
 .ARM.attributes
                0x0000000000000226       0x34 CMakeFiles/NUCLEO-F429ZI.elf.dir/Core/Src/usb_otg.c.obj
 .ARM.attributes
                0x000000000000025a       0x21 CMakeFiles/NUCLEO-F429ZI.elf.dir/Core/Startup/startup_stm32f429zitx.s.obj
 .ARM.attributes
                0x000000000000027b       0x34 CMakeFiles/NUCLEO-F429ZI.elf.dir/Drivers/STM32F4xx_HAL_Driver/Src/stm32f4xx_hal.c.obj
 .ARM.attributes
                0x00000000000002af       0x34 CMakeFiles/NUCLEO-F429ZI.elf.dir/Drivers/STM32F4xx_HAL_Driver/Src/stm32f4xx_hal_cortex.c.obj
 .ARM.attributes
                0x00000000000002e3       0x34 CMakeFiles/NUCLEO-F429ZI.elf.dir/Drivers/STM32F4xx_HAL_Driver/Src/stm32f4xx_hal_eth.c.obj
 .ARM.attributes
                0x0000000000000317       0x34 CMakeFiles/NUCLEO-F429ZI.elf.dir/Drivers/STM32F4xx_HAL_Driver/Src/stm32f4xx_hal_gpio.c.obj
 .ARM.attributes
                0x000000000000034b       0x34 CMakeFiles/NUCLEO-F429ZI.elf.dir/Drivers/STM32F4xx_HAL_Driver/Src/stm32f4xx_hal_pcd.c.obj
 .ARM.attributes
                0x000000000000037f       0x34 CMakeFiles/NUCLEO-F429ZI.elf.dir/Drivers/STM32F4xx_HAL_Driver/Src/stm32f4xx_hal_rcc.c.obj
 .ARM.attributes
                0x00000000000003b3       0x34 CMakeFiles/NUCLEO-F429ZI.elf.dir/Drivers/STM32F4xx_HAL_Driver/Src/stm32f4xx_hal_uart.c.obj
 .ARM.attributes
                0x00000000000003e7       0x34 CMakeFiles/NUCLEO-F429ZI.elf.dir/Drivers/STM32F4xx_HAL_Driver/Src/stm32f4xx_ll_usb.c.obj
 .ARM.attributes
                0x000000000000041b       0x34 CMakeFiles/NUCLEO-F429ZI.elf.dir/blinky/blinky.c.obj
 .ARM.attributes
                0x000000000000044f       0x34 CMakeFiles/NUCLEO-F429ZI.elf.dir/blinky/bsp/assert.c.obj
 .ARM.attributes
                0x0000000000000483       0x34 CMakeFiles/NUCLEO-F429ZI.elf.dir/blinky/bsp/bsp_blinky.c.obj
 .ARM.attributes
                0x00000000000004b7       0x34 CMakeFiles/NUCLEO-F429ZI.elf.dir/blinky/bsp/hook.c.obj
 .ARM.attributes
                0x00000000000004eb       0x34 CMakeFiles/NUCLEO-F429ZI.elf.dir/blinky/bsp/trace_io.c.obj
 .ARM.attributes
                0x000000000000051f       0x34 CMakeFiles/NUCLEO-F429ZI.elf.dir/bsp/stm32f4xx_nucleo_144.c.obj
 .ARM.attributes
                0x0000000000000553       0x34 CMakeFiles/NUCLEO-F429ZI.elf.dir/epoch/src/epoch.c.obj
 .ARM.attributes
                0x0000000000000587       0x34 CMakeFiles/NUCLEO-F429ZI.elf.dir/mTime/mTime.c.obj
 .ARM.attributes
                0x00000000000005bb       0x39 CMakeFiles/NUCLEO-F429ZI.elf.dir/mTime/mTimeTbl.c.obj
 .ARM.attributes
                0x00000000000005f4       0x34 CMakeFiles/NUCLEO-F429ZI.elf.dir/rtime/rtime.c.obj
 .ARM.attributes
                0x0000000000000628       0x34 CMakeFiles/NUCLEO-F429ZI.elf.dir/third-party/rkh/source/fwk/src/rkhfwk_bittbl.c.obj
 .ARM.attributes
                0x000000000000065c       0x34 CMakeFiles/NUCLEO-F429ZI.elf.dir/third-party/rkh/source/fwk/src/rkhfwk_rdygrp.c.obj
 .ARM.attributes
                0x0000000000000690       0x34 CMakeFiles/NUCLEO-F429ZI.elf.dir/third-party/rkh/source/fwk/src/rkhfwk_sched.c.obj
 .ARM.attributes
                0x00000000000006c4       0x39 CMakeFiles/NUCLEO-F429ZI.elf.dir/third-party/rkh/source/fwk/src/rkhfwk_version.c.obj
 .ARM.attributes
                0x00000000000006fd       0x34 CMakeFiles/NUCLEO-F429ZI.elf.dir/third-party/rkh/source/portable/arm-cortex/rkhs/arm_cm4f/stm32/rkhport.c.obj
 .ARM.attributes