Archive member included to satisfy reference by file (symbol)

/usr/lib/gcc/arm-none-eabi/10.3.1/thumb/v7e-m/nofp/libgcc.a(_arm_muldf3.o)
                              CMakeFiles/NUCLEO-F429ZI.elf.dir/salt/peripherals/analog-inputs/anIn.c.obj (__aeabi_dmul)
/usr/lib/gcc/arm-none-eabi/10.3.1/thumb/v7e-m/nofp/libgcc.a(_arm_mulsf3.o)
                              CMakeFiles/NUCLEO-F429ZI.elf.dir/salt/peripherals/pulse-counter/pulseCounter.c.obj (__aeabi_fmul)
/usr/lib/gcc/arm-none-eabi/10.3.1/thumb/v7e-m/nofp/libgcc.a(_arm_addsubdf3.o)
                              CMakeFiles/NUCLEO-F429ZI.elf.dir/third-party/jWrite/jWrite/jWrite.c.obj (__aeabi_dsub)
/usr/lib/gcc/arm-none-eabi/10.3.1/thumb/v7e-m/nofp/libgcc.a(_arm_muldivdf3.o)
                              CMakeFiles/NUCLEO-F429ZI.elf.dir/salt/state-machines/logic/logic.c.obj (__aeabi_ddiv)
/usr/lib/gcc/arm-none-eabi/10.3.1/thumb/v7e-m/nofp/libgcc.a(_arm_cmpdf2.o)
                              CMakeFiles/NUCLEO-F429ZI.elf.dir/third-party/jWrite/jWrite/jWrite.c.obj (__aeabi_dcmpeq)
/usr/lib/gcc/arm-none-eabi/10.3.1/thumb/v7e-m/nofp/libgcc.a(_arm_fixdfsi.o)
                              CMakeFiles/NUCLEO-F429ZI.elf.dir/third-party/jWrite/jWrite/jWrite.c.obj (__aeabi_d2iz)
/usr/lib/gcc/arm-none-eabi/10.3.1/thumb/v7e-m/nofp/libgcc.a(_arm_fixunsdfsi.o)
                              CMakeFiles/NUCLEO-F429ZI.elf.dir/salt/state-machines/logic/logic.c.obj (__aeabi_d2uiz)
/usr/lib/gcc/arm-none-eabi/10.3.1/thumb/v7e-m/nofp/libgcc.a(_arm_truncdfsf2.o)
                              CMakeFiles/NUCLEO-F429ZI.elf.dir/salt/utilities/parser/sim900/sim900parser.c.obj (__aeabi_d2f)
/usr/lib/gcc/arm-none-eabi/10.3.1/thumb/v7e-m/nofp/libgcc.a(_arm_addsubsf3.o)
                              CMakeFiles/NUCLEO-F429ZI.elf.dir/Core/Src/main.c.obj (__aeabi_fadd)
/usr/lib/gcc/arm-none-eabi/10.3.1/thumb/v7e-m/nofp/libgcc.a(_arm_muldivsf3.o)
                              CMakeFiles/NUCLEO-F429ZI.elf.dir/Core/Src/main.c.obj (__aeabi_fdiv)
/usr/lib/gcc/arm-none-eabi/10.3.1/thumb/v7e-m/nofp/libgcc.a(_arm_cmpsf2.o)
                              CMakeFiles/NUCLEO-F429ZI.elf.dir/salt/state-machines/logic/logic.c.obj (__aeabi_fcmplt)
/usr/lib/gcc/arm-none-eabi/10.3.1/thumb/v7e-m/nofp/libgcc.a(_aeabi_uldivmod.o)
                              CMakeFiles/NUCLEO-F429ZI.elf.dir/Drivers/STM32F4xx_HAL_Driver/Src/stm32f4xx_hal_rcc.c.obj (__aeabi_uldivmod)
/usr/lib/gcc/arm-none-eabi/10.3.1/thumb/v7e-m/nofp/libgcc.a(_udivmoddi4.o)
                              /usr/lib/gcc/arm-none-eabi/10.3.1/thumb/v7e-m/nofp/libgcc.a(_aeabi_uldivmod.o) (__udivmoddi4)
/usr/lib/gcc/arm-none-eabi/10.3.1/thumb/v7e-m/nofp/libgcc.a(_dvmd_tls.o)
                              /usr/lib/gcc/arm-none-eabi/10.3.1/thumb/v7e-m/nofp/libgcc.a(_aeabi_uldivmod.o) (__aeabi_ldiv0)
/usr/lib/gcc/arm-none-eabi/10.3.1/../../../arm-none-eabi/lib/thumb/v7e-m/nofp/libg.a(lib_a-atexit.o)
                              /usr/lib/gcc/arm-none-eabi/10.3.1/../../../arm-none-eabi/lib/thumb/v7e-m/nofp/crt0.o (atexit)
/usr/lib/gcc/arm-none-eabi/10.3.1/../../../arm-none-eabi/lib/thumb/v7e-m/nofp/libg.a(lib_a-atof.o)
                              CMakeFiles/NUCLEO-F429ZI.elf.dir/salt/utilities/parser/sim900/sim900parser.c.obj (atof)
/usr/lib/gcc/arm-none-eabi/10.3.1/../../../arm-none-eabi/lib/thumb/v7e-m/nofp/libg.a(lib_a-atoi.o)
                              CMakeFiles/NUCLEO-F429ZI.elf.dir/Middlewares/Third_Party/LwIP/src/core/netif.c.obj (atoi)
/usr/lib/gcc/arm-none-eabi/10.3.1/../../../arm-none-eabi/lib/thumb/v7e-m/nofp/libg.a(lib_a-ctype_.o)
                              CMakeFiles/NUCLEO-F429ZI.elf.dir/Middlewares/Third_Party/LwIP/src/core/ipv4/ip4_addr.c.obj (_ctype_)
/usr/lib/gcc/arm-none-eabi/10.3.1/../../../arm-none-eabi/lib/thumb/v7e-m/nofp/libg.a(lib_a-exit.o)
                              /usr/lib/gcc/arm-none-eabi/10.3.1/../../../arm-none-eabi/lib/thumb/v7e-m/nofp/crt0.o (exit)
/usr/lib/gcc/arm-none-eabi/10.3.1/../../../arm-none-eabi/lib/thumb/v7e-m/nofp/libg.a(lib_a-fini.o)
                              /usr/lib/gcc/arm-none-eabi/10.3.1/../../../arm-none-eabi/lib/thumb/v7e-m/nofp/crt0.o (__libc_fini_array)
/usr/lib/gcc/arm-none-eabi/10.3.1/../../../arm-none-eabi/lib/thumb/v7e-m/nofp/libg.a(lib_a-impure.o)
                              /usr/lib/gcc/arm-none-eabi/10.3.1/../../../arm-none-eabi/lib/thumb/v7e-m/nofp/libg.a(lib_a-exit.o) (_global_impure_ptr)
/usr/lib/gcc/arm-none-eabi/10.3.1/../../../arm-none-eabi/lib/thumb/v7e-m/nofp/libg.a(lib_a-init.o)
                              /usr/lib/gcc/arm-none-eabi/10.3.1/../../../arm-none-eabi/lib/thumb/v7e-m/nofp/crt0.o (__libc_init_array)
/usr/lib/gcc/arm-none-eabi/10.3.1/../../../arm-none-eabi/lib/thumb/v7e-m/nofp/libg.a(lib_a-memcmp.o)
                              CMakeFiles/NUCLEO-F429ZI.elf.dir/Middlewares/Third_Party/LwIP/src/netif/bridgeif_fdb.c.obj (memcmp)
/usr/lib/gcc/arm-none-eabi/10.3.1/../../../arm-none-eabi/lib/thumb/v7e-m/nofp/libg.a(lib_a-memcpy.o)
[...]
Memory Configuration

Name             Origin             Length             Attributes
CCMRAM           0x0000000010000000 0x0000000000010000 xrw
RAM              0x0000000020000000 0x0000000000030000 xrw
FLASH            0x0000000008000000 0x0000000000200000 xr
*default*        0x0000000000000000 0xffffffffffffffff

Linker script and memory map

LOAD /usr/lib/gcc/arm-none-eabi/10.3.1/thumb/v7e-m/nofp/crti.o
LOAD /usr/lib/gcc/arm-none-eabi/10.3.1/thumb/v7e-m/nofp/crtbegin.o
LOAD /usr/lib/gcc/arm-none-eabi/10.3.1/../../../arm-none-eabi/lib/thumb/v7e-m/nofp/crt0.o
LOAD CMakeFiles/NUCLEO-F429ZI.elf.dir/Core/Src/gpio.c.obj
LOAD CMakeFiles/NUCLEO-F429ZI.elf.dir/Core/Src/lwip-mqtt-library-test.c.obj
LOAD CMakeFiles/NUCLEO-F429ZI.elf.dir/Core/Src/main.c.obj
LOAD CMakeFiles/NUCLEO-F429ZI.elf.dir/Core/Src/spi.c.obj
LOAD CMakeFiles/NUCLEO-F429ZI.elf.dir/Core/Src/stm32f4xx_hal_msp.c.obj
LOAD CMakeFiles/NUCLEO-F429ZI.elf.dir/Core/Src/stm32f4xx_it.c.obj
LOAD CMakeFiles/NUCLEO-F429ZI.elf.dir/Core/Src/syscalls.c.obj
LOAD CMakeFiles/NUCLEO-F429ZI.elf.dir/Core/Src/sysmem.c.obj
LOAD CMakeFiles/NUCLEO-F429ZI.elf.dir/Core/Src/system_stm32f4xx.c.obj
LOAD CMakeFiles/NUCLEO-F429ZI.elf.dir/Core/Src/tcp-echo-server.c.obj
LOAD CMakeFiles/NUCLEO-F429ZI.elf.dir/Core/Src/usart.c.obj
LOAD CMakeFiles/NUCLEO-F429ZI.elf.dir/Core/Src/usb_otg.c.obj
LOAD CMakeFiles/NUCLEO-F429ZI.elf.dir/Core/Startup/startup_stm32f429zitx.s.obj
LOAD CMakeFiles/NUCLEO-F429ZI.elf.dir/Drivers/BSP/Components/lan8742/lan8742.c.obj
LOAD CMakeFiles/NUCLEO-F429ZI.elf.dir/Drivers/STM32F4xx_HAL_Driver/Src/stm32f4xx_hal.c.obj
LOAD CMakeFiles/NUCLEO-F429ZI.elf.dir/Drivers/STM32F4xx_HAL_Driver/Src/stm32f4xx_hal_cortex.c.obj
LOAD CMakeFiles/NUCLEO-F429ZI.elf.dir/Drivers/STM32F4xx_HAL_Driver/Src/stm32f4xx_hal_dma.c.obj
LOAD CMakeFiles/NUCLEO-F429ZI.elf.dir/Drivers/STM32F4xx_HAL_Driver/Src/stm32f4xx_hal_dma_ex.c.obj
LOAD CMakeFiles/NUCLEO-F429ZI.elf.dir/Drivers/STM32F4xx_HAL_Driver/Src/stm32f4xx_hal_eth.c.obj
LOAD CMakeFiles/NUCLEO-F429ZI.elf.dir/Drivers/STM32F4xx_HAL_Driver/Src/stm32f4xx_hal_exti.c.obj
LOAD CMakeFiles/NUCLEO-F429ZI.elf.dir/Drivers/STM32F4xx_HAL_Driver/Src/stm32f4xx_hal_flash.c.obj
LOAD CMakeFiles/NUCLEO-F429ZI.elf.dir/Drivers/STM32F4xx_HAL_Driver/Src/stm32f4xx_hal_flash_ex.c.obj
LOAD CMakeFiles/NUCLEO-F429ZI.elf.dir/Drivers/STM32F4xx_HAL_Driver/Src/stm32f4xx_hal_flash_ramfunc.c.obj
LOAD CMakeFiles/NUCLEO-F429ZI.elf.dir/Drivers/STM32F4xx_HAL_Driver/Src/stm32f4xx_hal_gpio.c.obj
LOAD CMakeFiles/NUCLEO-F429ZI.elf.dir/Drivers/STM32F4xx_HAL_Driver/Src/stm32f4xx_hal_pcd.c.obj
LOAD CMakeFiles/NUCLEO-F429ZI.elf.dir/Drivers/STM32F4xx_HAL_Driver/Src/stm32f4xx_hal_pcd_ex.c.obj
LOAD CMakeFiles/NUCLEO-F429ZI.elf.dir/Drivers/STM32F4xx_HAL_Driver/Src/stm32f4xx_hal_pwr.c.obj
LOAD CMakeFiles/NUCLEO-F429ZI.elf.dir/Drivers/STM32F4xx_HAL_Driver/Src/stm32f4xx_hal_pwr_ex.c.obj
LOAD CMakeFiles/NUCLEO-F429ZI.elf.dir/Drivers/STM32F4xx_HAL_Driver/Src/stm32f4xx_hal_rcc.c.obj
LOAD CMakeFiles/NUCLEO-F429ZI.elf.dir/Drivers/STM32F4xx_HAL_Driver/Src/stm32f4xx_hal_rcc_ex.c.obj
LOAD CMakeFiles/NUCLEO-F429ZI.elf.dir/Drivers/STM32F4xx_HAL_Driver/Src/stm32f4xx_hal_spi.c.obj
LOAD CMakeFiles/NUCLEO-F429ZI.elf.dir/Drivers/STM32F4xx_HAL_Driver/Src/stm32f4xx_hal_tim.c.obj
LOAD CMakeFiles/NUCLEO-F429ZI.elf.dir/Drivers/STM32F4xx_HAL_Driver/Src/stm32f4xx_hal_tim_ex.c.obj
LOAD CMakeFiles/NUCLEO-F429ZI.elf.dir/Drivers/STM32F4xx_HAL_Driver/Src/stm32f4xx_hal_uart.c.obj
LOAD CMakeFiles/NUCLEO-F429ZI.elf.dir/Drivers/STM32F4xx_HAL_Driver/Src/stm32f4xx_ll_usb.c.obj
LOAD CMakeFiles/NUCLEO-F429ZI.elf.dir/LWIP/App/lwip.c.obj
LOAD CMakeFiles/NUCLEO-F429ZI.elf.dir/LWIP/Target/ethernetif.c.obj
LOAD CMakeFiles/NUCLEO-F429ZI.elf.dir/Middlewares/Third_Party/LwIP/src/api/api_lib.c.obj
LOAD CMakeFiles/NUCLEO-F429ZI.elf.dir/Middlewares/Third_Party/LwIP/src/api/api_msg.c.obj
LOAD CMakeFiles/NUCLEO-F429ZI.elf.dir/Middlewares/Third_Party/LwIP/src/api/err.c.obj
LOAD CMakeFiles/NUCLEO-F429ZI.elf.dir/Middlewares/Third_Party/LwIP/src/api/if_api.c.obj
LOAD CMakeFiles/NUCLEO-F429ZI.elf.dir/Middlewares/Third_Party/LwIP/src/api/netbuf.c.obj
LOAD CMakeFiles/NUCLEO-F429ZI.elf.dir/Middlewares/Third_Party/LwIP/src/api/netdb.c.obj
LOAD CMakeFiles/NUCLEO-F429ZI.elf.dir/Middlewares/Third_Party/LwIP/src/api/netifapi.c.obj
LOAD CMakeFiles/NUCLEO-F429ZI.elf.dir/Middlewares/Third_Party/LwIP/src/api/sockets.c.obj
LOAD CMakeFiles/NUCLEO-F429ZI.elf.dir/Middlewares/Third_Party/LwIP/src/api/tcpip.c.obj
LOAD CMakeFiles/NUCLEO-F429ZI.elf.dir/Middlewares/Third_Party/LwIP/src/apps/mqtt/mqtt.c.obj
LOAD CMakeFiles/NUCLEO-F429ZI.elf.dir/Middlewares/Third_Party/LwIP/src/core/altcp.c.obj
LOAD CMakeFiles/NUCLEO-F429ZI.elf.dir/Middlewares/Third_Party/LwIP/src/core/altcp_alloc.c.obj
LOAD CMakeFiles/NUCLEO-F429ZI.elf.dir/Middlewares/Third_Party/LwIP/src/core/altcp_tcp.c.obj
LOAD CMakeFiles/NUCLEO-F429ZI.elf.dir/Middlewares/Third_Party/LwIP/src/core/def.c.obj
LOAD CMakeFiles/NUCLEO-F429ZI.elf.dir/Middlewares/Third_Party/LwIP/src/core/dns.c.obj
LOAD CMakeFiles/NUCLEO-F429ZI.elf.dir/Middlewares/Third_Party/LwIP/src/core/inet_chksum.c.obj
LOAD CMakeFiles/NUCLEO-F429ZI.elf.dir/Middlewares/Third_Party/LwIP/src/core/init.c.obj
LOAD CMakeFiles/NUCLEO-F429ZI.elf.dir/Middlewares/Third_Party/LwIP/src/core/ip.c.obj
LOAD CMakeFiles/NUCLEO-F429ZI.elf.dir/Middlewares/Third_Party/LwIP/src/core/ipv4/autoip.c.obj
LOAD CMakeFiles/NUCLEO-F429ZI.elf.dir/Middlewares/Third_Party/LwIP/src/core/ipv4/dhcp.c.obj
LOAD CMakeFiles/NUCLEO-F429ZI.elf.dir/Middlewares/Third_Party/LwIP/src/core/ipv4/etharp.c.obj
LOAD CMakeFiles/NUCLEO-F429ZI.elf.dir/Middlewares/Third_Party/LwIP/src/core/ipv4/icmp.c.obj
LOAD CMakeFiles/NUCLEO-F429ZI.elf.dir/Middlewares/Third_Party/LwIP/src/core/ipv4/igmp.c.obj
LOAD CMakeFiles/NUCLEO-F429ZI.elf.dir/Middlewares/Third_Party/LwIP/src/core/ipv4/ip4.c.obj
LOAD CMakeFiles/NUCLEO-F429ZI.elf.dir/Middlewares/Third_Party/LwIP/src/core/ipv4/ip4_addr.c.obj
LOAD CMakeFiles/NUCLEO-F429ZI.elf.dir/Middlewares/Third_Party/LwIP/src/core/ipv4/ip4_frag.c.obj
LOAD CMakeFiles/NUCLEO-F429ZI.elf.dir/Middlewares/Third_Party/LwIP/src/core/ipv6/dhcp6.c.obj
LOAD CMakeFiles/NUCLEO-F429ZI.elf.dir/Middlewares/Third_Party/LwIP/src/core/ipv6/ethip6.c.obj
LOAD CMakeFiles/NUCLEO-F429ZI.elf.dir/Middlewares/Third_Party/LwIP/src/core/ipv6/icmp6.c.obj
LOAD CMakeFiles/NUCLEO-F429ZI.elf.dir/Middlewares/Third_Party/LwIP/src/core/ipv6/inet6.c.obj
LOAD CMakeFiles/NUCLEO-F429ZI.elf.dir/Middlewares/Third_Party/LwIP/src/core/ipv6/ip6.c.obj
LOAD CMakeFiles/NUCLEO-F429ZI.elf.dir/Middlewares/Third_Party/LwIP/src/core/ipv6/ip6_addr.c.obj
LOAD CMakeFiles/NUCLEO-F429ZI.elf.dir/Middlewares/Third_Party/LwIP/src/core/ipv6/ip6_frag.c.obj
LOAD CMakeFiles/NUCLEO-F429ZI.elf.dir/Middlewares/Third_Party/LwIP/src/core/ipv6/mld6.c.obj
LOAD CMakeFiles/NUCLEO-F429ZI.elf.dir/Middlewares/Third_Party/LwIP/src/core/ipv6/nd6.c.obj
LOAD CMakeFiles/NUCLEO-F429ZI.elf.dir/Middlewares/Third_Party/LwIP/src/core/mem.c.obj
LOAD CMakeFiles/NUCLEO-F429ZI.elf.dir/Middlewares/Third_Party/LwIP/src/core/memp.c.obj
LOAD CMakeFiles/NUCLEO-F429ZI.elf.dir/Middlewares/Third_Party/LwIP/src/core/netif.c.obj
LOAD CMakeFiles/NUCLEO-F429ZI.elf.dir/Middlewares/Third_Party/LwIP/src/core/pbuf.c.obj
LOAD CMakeFiles/NUCLEO-F429ZI.elf.dir/Middlewares/Third_Party/LwIP/src/core/raw.c.obj
LOAD CMakeFiles/NUCLEO-F429ZI.elf.dir/Middlewares/Third_Party/LwIP/src/core/stats.c.obj
LOAD CMakeFiles/NUCLEO-F429ZI.elf.dir/Middlewares/Third_Party/LwIP/src/core/sys.c.obj
LOAD CMakeFiles/NUCLEO-F429ZI.elf.dir/Middlewares/Third_Party/LwIP/src/core/tcp.c.obj
LOAD CMakeFiles/NUCLEO-F429ZI.elf.dir/Middlewares/Third_Party/LwIP/src/core/tcp_in.c.obj
LOAD CMakeFiles/NUCLEO-F429ZI.elf.dir/Middlewares/Third_Party/LwIP/src/core/tcp_out.c.obj
LOAD CMakeFiles/NUCLEO-F429ZI.elf.dir/Middlewares/Third_Party/LwIP/src/core/timeouts.c.obj
LOAD CMakeFiles/NUCLEO-F429ZI.elf.dir/Middlewares/Third_Party/LwIP/src/core/udp.c.obj
LOAD CMakeFiles/NUCLEO-F429ZI.elf.dir/Middlewares/Third_Party/LwIP/src/netif/bridgeif.c.obj
LOAD CMakeFiles/NUCLEO-F429ZI.elf.dir/Middlewares/Third_Party/LwIP/src/netif/bridgeif_fdb.c.obj
LOAD CMakeFiles/NUCLEO-F429ZI.elf.dir/Middlewares/Third_Party/LwIP/src/netif/ethernet.c.obj
LOAD CMakeFiles/NUCLEO-F429ZI.elf.dir/Middlewares/Third_Party/LwIP/src/netif/lowpan6.c.obj
LOAD CMakeFiles/NUCLEO-F429ZI.elf.dir/Middlewares/Third_Party/LwIP/src/netif/lowpan6_ble.c.obj
LOAD CMakeFiles/NUCLEO-F429ZI.elf.dir/Middlewares/Third_Party/LwIP/src/netif/lowpan6_common.c.obj
LOAD CMakeFiles/NUCLEO-F429ZI.elf.dir/Middlewares/Third_Party/LwIP/src/netif/ppp/auth.c.obj
LOAD CMakeFiles/NUCLEO-F429ZI.elf.dir/Middlewares/Third_Party/LwIP/src/netif/ppp/ccp.c.obj
LOAD CMakeFiles/NUCLEO-F429ZI.elf.dir/Middlewares/Third_Party/LwIP/src/netif/ppp/chap-md5.c.obj
LOAD CMakeFiles/NUCLEO-F429ZI.elf.dir/Middlewares/Third_Party/LwIP/src/netif/ppp/chap-new.c.obj
LOAD CMakeFiles/NUCLEO-F429ZI.elf.dir/Middlewares/Third_Party/LwIP/src/netif/ppp/chap_ms.c.obj
LOAD CMakeFiles/NUCLEO-F429ZI.elf.dir/Middlewares/Third_Party/LwIP/src/netif/ppp/demand.c.obj
LOAD CMakeFiles/NUCLEO-F429ZI.elf.dir/Middlewares/Third_Party/LwIP/src/netif/ppp/eap.c.obj
LOAD CMakeFiles/NUCLEO-F429ZI.elf.dir/Middlewares/Third_Party/LwIP/src/netif/ppp/ecp.c.obj
LOAD CMakeFiles/NUCLEO-F429ZI.elf.dir/Middlewares/Third_Party/LwIP/src/netif/ppp/eui64.c.obj
LOAD CMakeFiles/NUCLEO-F429ZI.elf.dir/Middlewares/Third_Party/LwIP/src/netif/ppp/fsm.c.obj
LOAD CMakeFiles/NUCLEO-F429ZI.elf.dir/Middlewares/Third_Party/LwIP/src/netif/ppp/ipcp.c.obj
LOAD CMakeFiles/NUCLEO-F429ZI.elf.dir/Middlewares/Third_Party/LwIP/src/netif/ppp/ipv6cp.c.obj
LOAD CMakeFiles/NUCLEO-F429ZI.elf.dir/Middlewares/Third_Party/LwIP/src/netif/ppp/lcp.c.obj
LOAD CMakeFiles/NUCLEO-F429ZI.elf.dir/Middlewares/Third_Party/LwIP/src/netif/ppp/magic.c.obj
LOAD CMakeFiles/NUCLEO-F429ZI.elf.dir/Middlewares/Third_Party/LwIP/src/netif/ppp/mppe.c.obj
LOAD CMakeFiles/NUCLEO-F429ZI.elf.dir/Middlewares/Third_Party/LwIP/src/netif/ppp/multilink.c.obj
LOAD CMakeFiles/NUCLEO-F429ZI.elf.dir/Middlewares/Third_Party/LwIP/src/netif/ppp/ppp.c.obj
LOAD CMakeFiles/NUCLEO-F429ZI.elf.dir/Middlewares/Third_Party/LwIP/src/netif/ppp/pppapi.c.obj
LOAD CMakeFiles/NUCLEO-F429ZI.elf.dir/Middlewares/Third_Party/LwIP/src/netif/ppp/pppcrypt.c.obj
LOAD CMakeFiles/NUCLEO-F429ZI.elf.dir/Middlewares/Third_Party/LwIP/src/netif/ppp/pppoe.c.obj
LOAD CMakeFiles/NUCLEO-F429ZI.elf.dir/Middlewares/Third_Party/LwIP/src/netif/ppp/pppol2tp.c.obj
LOAD CMakeFiles/NUCLEO-F429ZI.elf.dir/Middlewares/Third_Party/LwIP/src/netif/ppp/pppos.c.obj
LOAD CMakeFiles/NUCLEO-F429ZI.elf.dir/Middlewares/Third_Party/LwIP/src/netif/ppp/upap.c.obj
LOAD CMakeFiles/NUCLEO-F429ZI.elf.dir/Middlewares/Third_Party/LwIP/src/netif/ppp/utils.c.obj
LOAD CMakeFiles/NUCLEO-F429ZI.elf.dir/Middlewares/Third_Party/LwIP/src/netif/ppp/vj.c.obj
LOAD CMakeFiles/NUCLEO-F429ZI.elf.dir/Middlewares/Third_Party/LwIP/src/netif/slipif.c.obj
LOAD CMakeFiles/NUCLEO-F429ZI.elf.dir/Middlewares/Third_Party/LwIP/src/netif/zepif.c.obj
LOAD CMakeFiles/NUCLEO-F429ZI.elf.dir/blinkySysTick/blinkySysTick.c.obj
LOAD CMakeFiles/NUCLEO-F429ZI.elf.dir/blinkySysTick/hook.c.obj
LOAD CMakeFiles/NUCLEO-F429ZI.elf.dir/bsp/stm32f4xx_nucleo_144.c.obj
LOAD CMakeFiles/NUCLEO-F429ZI.elf.dir/mTime/mTime.c.obj
LOAD CMakeFiles/NUCLEO-F429ZI.elf.dir/mTime/mTimeTbl.c.obj
LOAD CMakeFiles/NUCLEO-F429ZI.elf.dir/salt/bsp/assert.c.obj
LOAD CMakeFiles/NUCLEO-F429ZI.elf.dir/salt/bsp/bsp-salt.c.obj
LOAD CMakeFiles/NUCLEO-F429ZI.elf.dir/salt/configuration/saltCfg.c.obj
LOAD CMakeFiles/NUCLEO-F429ZI.elf.dir/salt/files-to-review/main-salt-firmware-nxp.c.obj
LOAD CMakeFiles/NUCLEO-F429ZI.elf.dir/salt/files-to-review/trace_io.c.obj
LOAD CMakeFiles/NUCLEO-F429ZI.elf.dir/salt/peripherals/analog-inputs/anIn.c.obj
LOAD CMakeFiles/NUCLEO-F429ZI.elf.dir/salt/peripherals/ihm/buzzer.c.obj
LOAD CMakeFiles/NUCLEO-F429ZI.elf.dir/salt/peripherals/ihm/onSwitch.c.obj
LOAD CMakeFiles/NUCLEO-F429ZI.elf.dir/salt/peripherals/ledPanel/as1116.c.obj
LOAD CMakeFiles/NUCLEO-F429ZI.elf.dir/salt/peripherals/ledPanel/ledPanel.c.obj
LOAD CMakeFiles/NUCLEO-F429ZI.elf.dir/salt/peripherals/module-command/modcmdSim900.c.obj
LOAD CMakeFiles/NUCLEO-F429ZI.elf.dir/salt/peripherals/module-power/modpwr.c.obj
LOAD CMakeFiles/NUCLEO-F429ZI.elf.dir/salt/peripherals/pulse-counter/pulseCounter.c.obj
LOAD CMakeFiles/NUCLEO-F429ZI.elf.dir/salt/peripherals/pulse-counter/pulseCounterFromEduCiaaBsp.c.obj
LOAD CMakeFiles/NUCLEO-F429ZI.elf.dir/salt/peripherals/relay-control/relay.c.obj
LOAD CMakeFiles/NUCLEO-F429ZI.elf.dir/salt/peripherals/relay-control/relayFromEduCiaaBsp.c.obj
LOAD CMakeFiles/NUCLEO-F429ZI.elf.dir/salt/peripherals/serial/serial.c.obj
LOAD CMakeFiles/NUCLEO-F429ZI.elf.dir/salt/peripherals/sim808/sim808.c.obj
LOAD CMakeFiles/NUCLEO-F429ZI.elf.dir/salt/peripherals/teloc/teloc.c.obj
LOAD CMakeFiles/NUCLEO-F429ZI.elf.dir/salt/state-machines/connector-manager/conmgr.c.obj
LOAD CMakeFiles/NUCLEO-F429ZI.elf.dir/salt/state-machines/logic/logic.c.obj
LOAD CMakeFiles/NUCLEO-F429ZI.elf.dir/salt/state-machines/module-manager/modmgr.c.obj
LOAD CMakeFiles/NUCLEO-F429ZI.elf.dir/salt/state-machines/mqtt-protocol/mqttProt.c.obj
LOAD CMakeFiles/NUCLEO-F429ZI.elf.dir/salt/utilities/aes/aes.c.obj
LOAD CMakeFiles/NUCLEO-F429ZI.elf.dir/salt/utilities/date/date.c.obj
LOAD CMakeFiles/NUCLEO-F429ZI.elf.dir/salt/utilities/emaFilter/emaFilter.c.obj
LOAD CMakeFiles/NUCLEO-F429ZI.elf.dir/salt/utilities/epoch/epoch.c.obj
LOAD CMakeFiles/NUCLEO-F429ZI.elf.dir/salt/utilities/parser/salt-command/saltCmd.c.obj
LOAD CMakeFiles/NUCLEO-F429ZI.elf.dir/salt/utilities/parser/sim900/sim900parser.c.obj
LOAD CMakeFiles/NUCLEO-F429ZI.elf.dir/salt/utilities/publisher/publisher.c.obj
LOAD CMakeFiles/NUCLEO-F429ZI.elf.dir/salt/utilities/rtime/rtime.c.obj
LOAD CMakeFiles/NUCLEO-F429ZI.elf.dir/salt/utilities/ssp/ssp.c.obj
LOAD CMakeFiles/NUCLEO-F429ZI.elf.dir/third-party/MQTT-C/source/mqttc.c.obj
LOAD CMakeFiles/NUCLEO-F429ZI.elf.dir/third-party/MQTT-C/source/mqttc_pal.c.obj
LOAD CMakeFiles/NUCLEO-F429ZI.elf.dir/third-party/jWrite/jWrite/jWrite.c.obj
LOAD CMakeFiles/NUCLEO-F429ZI.elf.dir/third-party/jWrite/jWrite/main.c.obj
LOAD CMakeFiles/NUCLEO-F429ZI.elf.dir/third-party/rkh/source/fwk/src/rkhfwk_bittbl.c.obj
LOAD CMakeFiles/NUCLEO-F429ZI.elf.dir/third-party/rkh/source/fwk/src/rkhfwk_dynevt.c.obj
LOAD CMakeFiles/NUCLEO-F429ZI.elf.dir/third-party/rkh/source/fwk/src/rkhfwk_evtpool.c.obj
LOAD CMakeFiles/NUCLEO-F429ZI.elf.dir/third-party/rkh/source/fwk/src/rkhfwk_pubsub.c.obj
LOAD CMakeFiles/NUCLEO-F429ZI.elf.dir/third-party/rkh/source/fwk/src/rkhfwk_rdygrp.c.obj
LOAD CMakeFiles/NUCLEO-F429ZI.elf.dir/third-party/rkh/source/fwk/src/rkhfwk_sched.c.obj
LOAD CMakeFiles/NUCLEO-F429ZI.elf.dir/third-party/rkh/source/fwk/src/rkhfwk_version.c.obj
LOAD CMakeFiles/NUCLEO-F429ZI.elf.dir/third-party/rkh/source/mempool/src/rkhmempool.c.obj
LOAD CMakeFiles/NUCLEO-F429ZI.elf.dir/third-party/rkh/source/portable/arm-cortex/rkhs/arm_cm4f/stm32/rkhport.c.obj
LOAD CMakeFiles/NUCLEO-F429ZI.elf.dir/third-party/rkh/source/queue/src/rkhqueue.c.obj
LOAD CMakeFiles/NUCLEO-F429ZI.elf.dir/third-party/rkh/source/sm/src/rkhsm.c.obj
LOAD CMakeFiles/NUCLEO-F429ZI.elf.dir/third-party/rkh/source/sma/src/rkhsma.c.obj
LOAD CMakeFiles/NUCLEO-F429ZI.elf.dir/third-party/rkh/source/sma/src/rkhsma_prio.c.obj
LOAD CMakeFiles/NUCLEO-F429ZI.elf.dir/third-party/rkh/source/sma/src/rkhsma_sync.c.obj
LOAD CMakeFiles/NUCLEO-F429ZI.elf.dir/third-party/rkh/source/tmr/src/rkhtmr.c.obj
LOAD CMakeFiles/NUCLEO-F429ZI.elf.dir/third-party/rkh/source/trc/src/rkhtrc_filter.c.obj
LOAD CMakeFiles/NUCLEO-F429ZI.elf.dir/third-party/rkh/source/trc/src/rkhtrc_record.c.obj
LOAD CMakeFiles/NUCLEO-F429ZI.elf.dir/third-party/rkh/source/trc/src/rkhtrc_stream.c.obj
LOAD CMakeFiles/NUCLEO-F429ZI.elf.dir/third-party/stm32-sapi/src/sapi_datatypes.c.obj
LOAD CMakeFiles/NUCLEO-F429ZI.elf.dir/third-party/stm32-sapi/src/sapi_gpio.c.obj
LOAD CMakeFiles/NUCLEO-F429ZI.elf.dir/third-party/stm32-sapi/src/sapi_tick.c.obj
LOAD CMakeFiles/NUCLEO-F429ZI.elf.dir/utilities/htons.c.obj
START GROUP
LOAD /usr/lib/gcc/arm-none-eabi/10.3.1/thumb/v7e-m/nofp/libgcc.a
LOAD /usr/lib/gcc/arm-none-eabi/10.3.1/../../../arm-none-eabi/lib/thumb/v7e-m/nofp/libg.a
LOAD /usr/lib/gcc/arm-none-eabi/10.3.1/../../../arm-none-eabi/lib/thumb/v7e-m/nofp/libc.a
END GROUP
LOAD /usr/lib/gcc/arm-none-eabi/10.3.1/thumb/v7e-m/nofp/crtend.o
LOAD /usr/lib/gcc/arm-none-eabi/10.3.1/thumb/v7e-m/nofp/crtn.o
                0x0000000020030000                _estack = (ORIGIN (RAM) + LENGTH (RAM))
                0x0000000000000200                _Min_Heap_Size = 0x200
                0x0000000000000400                _Min_Stack_Size = 0x400

.isr_vector     0x0000000008000000      0x1ac
                0x0000000008000000                . = ALIGN (0x4)
 *(.isr_vector)
 .isr_vector    0x0000000008000000      0x1ac CMakeFiles/NUCLEO-F429ZI.elf.dir/Core/Startup/startup_stm32f429zitx.s.obj
                0x0000000008000000                g_pfnVectors
                0x00000000080001ac                . = ALIGN (0x4)

.text           0x00000000080001c0    0x15098
                0x00000000080001c0                . = ALIGN (0x4)
 *(.text)
 .text          0x00000000080001c0       0x88 /usr/lib/gcc/arm-none-eabi/10.3.1/thumb/v7e-m/nofp/crtbegin.o
 .text          0x0000000008000248      0x378 /usr/lib/gcc/arm-none-eabi/10.3.1/thumb/v7e-m/nofp/libgcc.a(_arm_addsubdf3.o)
                0x0000000008000248                __aeabi_drsub
                0x0000000008000250                __aeabi_dsub
                0x0000000008000250                __subdf3
                0x0000000008000254                __adddf3
                0x0000000008000254                __aeabi_dadd
                0x00000000080004cc                __aeabi_ui2d
                0x00000000080004cc                __floatunsidf
                0x00000000080004ec                __floatsidf
                0x00000000080004ec                __aeabi_i2d
                0x0000000008000510                __extendsfdf2
                0x0000000008000510                __aeabi_f2d
                0x0000000008000554                __aeabi_ul2d
                0x0000000008000554                __floatundidf
                0x0000000008000564                __floatdidf
                0x0000000008000564                __aeabi_l2d
 .text          0x00000000080005c0      0x424 /usr/lib/gcc/arm-none-eabi/10.3.1/thumb/v7e-m/nofp/libgcc.a(_arm_muldivdf3.o)
                0x00000000080005c0                __aeabi_dmul
                0x00000000080005c0                __muldf3
                0x0000000008000814                __aeabi_ddiv
                0x0000000008000814                __divdf3
 .text          0x00000000080009e4      0x110 /usr/lib/gcc/arm-none-eabi/10.3.1/thumb/v7e-m/nofp/libgcc.a(_arm_cmpdf2.o)
                0x00000000080009e4                __gtdf2
                0x00000000080009e4                __gedf2
                0x00000000080009ec                __ltdf2
                0x00000000080009ec                __ledf2
                0x00000000080009f4                __cmpdf2
                0x00000000080009f4                __eqdf2
                0x00000000080009f4                __nedf2
                0x0000000008000a70                __aeabi_cdrcmple
                0x0000000008000a80                __aeabi_cdcmple
                0x0000000008000a80                __aeabi_cdcmpeq
                0x0000000008000a90                __aeabi_dcmpeq
                0x0000000008000aa4                __aeabi_dcmplt
                0x0000000008000ab8                __aeabi_dcmple
                0x0000000008000acc                __aeabi_dcmpge
                0x0000000008000ae0                __aeabi_dcmpgt
 .text          0x0000000008000af4       0x50 /usr/lib/gcc/arm-none-eabi/10.3.1/thumb/v7e-m/nofp/libgcc.a(_arm_fixdfsi.o)
                0x0000000008000af4                __fixdfsi
                0x0000000008000af4                __aeabi_d2iz
 .text          0x0000000008000b44       0x40 /usr/lib/gcc/arm-none-eabi/10.3.1/thumb/v7e-m/nofp/libgcc.a(_arm_fixunsdfsi.o)
                0x0000000008000b44                __fixunsdfsi
                0x0000000008000b44                __aeabi_d2uiz
 .text          0x0000000008000b84      0x21c /usr/lib/gcc/arm-none-eabi/10.3.1/thumb/v7e-m/nofp/libgcc.a(_arm_addsubsf3.o)
                0x0000000008000b84                __aeabi_frsub
                0x0000000008000b8c                __subsf3
                0x0000000008000b8c                __aeabi_fsub
                0x0000000008000b90                __aeabi_fadd
                0x0000000008000b90                __addsf3
                0x0000000008000cf0                __aeabi_ui2f
                0x0000000008000cf0                __floatunsisf
                0x0000000008000cf8                __aeabi_i2f
                0x0000000008000cf8                __floatsisf
                0x0000000008000d14                __floatundisf
                0x0000000008000d14                __aeabi_ul2f
                0x0000000008000d24                __floatdisf
                0x0000000008000d24                __aeabi_l2f
 .text          0x0000000008000da0      0x2a0 /usr/lib/gcc/arm-none-eabi/10.3.1/thumb/v7e-m/nofp/libgcc.a(_arm_muldivsf3.o)
                0x0000000008000da0                __mulsf3
                0x0000000008000da0                __aeabi_fmul
                0x0000000008000f08                __divsf3
                0x0000000008000f08                __aeabi_fdiv
 .text          0x0000000008001040       0x30 /usr/lib/gcc/arm-none-eabi/10.3.1/thumb/v7e-m/nofp/libgcc.a(_aeabi_uldivmod.o)
                0x0000000008001040                __aeabi_uldivmod
 .text          0x0000000008001070      0x2d0 /usr/lib/gcc/arm-none-eabi/10.3.1/thumb/v7e-m/nofp/libgcc.a(_udivmoddi4.o)
                0x0000000008001070                __udivmoddi4
 .text          0x0000000008001340        0x4 /usr/lib/gcc/arm-none-eabi/10.3.1/thumb/v7e-m/nofp/libgcc.a(_dvmd_tls.o)
                0x0000000008001340                __aeabi_ldiv0
                0x0000000008001340                __aeabi_idiv0
 .text          0x0000000008001344        0xc /usr/lib/gcc/arm-none-eabi/10.3.1/../../../arm-none-eabi/lib/thumb/v7e-m/nofp/libg.a(lib_a-atexit.o)
                0x0000000008001344                atexit
 .text          0x0000000008001350       0x10 /usr/lib/gcc/arm-none-eabi/10.3.1/../../../arm-none-eabi/lib/thumb/v7e-m/nofp/libg.a(lib_a-atoi.o)
                0x0000000008001350                atoi
                0x0000000008001358                _atoi_r
 .text          0x0000000008001360       0x2c /usr/lib/gcc/arm-none-eabi/10.3.1/../../../arm-none-eabi/lib/thumb/v7e-m/nofp/libg.a(lib_a-fini.o)
                0x0000000008001360                __libc_fini_array
 .text          0x000000000800138c       0x48 /usr/lib/gcc/arm-none-eabi/10.3.1/../../../arm-none-eabi/lib/thumb/v7e-m/nofp/libg.a(lib_a-init.o)
                0x000000000800138c                __libc_init_array
 .text          0x00000000080013d4       0x68 /usr/lib/gcc/arm-none-eabi/10.3.1/../../../arm-none-eabi/lib/thumb/v7e-m/nofp/libg.a(lib_a-memcmp.o)
                0x00000000080013d4                memcmp
 .text          0x000000000800143c      0x134 /usr/lib/gcc/arm-none-eabi/10.3.1/../../../arm-none-eabi/lib/thumb/v7e-m/nofp/libg.a(lib_a-memcpy.o)
                0x000000000800143c                memcpy
 .text          0x0000000008001570       0xf8 /usr/lib/gcc/arm-none-eabi/10.3.1/../../../arm-none-eabi/lib/thumb/v7e-m/nofp/libg.a(lib_a-memmove.o)
                0x0000000008001570                memmove
 .text          0x0000000008001668       0xa4 /usr/lib/gcc/arm-none-eabi/10.3.1/../../../arm-none-eabi/lib/thumb/v7e-m/nofp/libg.a(lib_a-memset.o)
                0x0000000008001668                memset
 .text          0x000000000800170c       0x48 /usr/lib/gcc/arm-none-eabi/10.3.1/../../../arm-none-eabi/lib/thumb/v7e-m/nofp/libg.a(lib_a-printf.o)
                0x000000000800170c                _printf_r
                0x000000000800172c                printf
 .text          0x0000000008001754       0x18 /usr/lib/gcc/arm-none-eabi/10.3.1/../../../arm-none-eabi/lib/thumb/v7e-m/nofp/libg.a(lib_a-putchar.o)
                0x0000000008001754                _putchar_r
                0x000000000800175c                putchar
 .text          0x000000000800176c       0x78 /usr/lib/gcc/arm-none-eabi/10.3.1/../../../arm-none-eabi/lib/thumb/v7e-m/nofp/libg.a(lib_a-puts.o)
                0x000000000800176c                _puts_r
                0x00000000080017d4                puts
 .text          0x00000000080017e4       0x48 /usr/lib/gcc/arm-none-eabi/10.3.1/../../../arm-none-eabi/lib/thumb/v7e-m/nofp/libg.a(lib_a-rand.o)
                0x00000000080017e4                srand
                0x00000000080017f4                rand
 .text          0x000000000800182c      0x108 /usr/lib/gcc/arm-none-eabi/10.3.1/../../../arm-none-eabi/lib/thumb/v7e-m/nofp/libg.a(lib_a-snprintf.o)
                0x000000000800182c                _snprintf_r
                0x00000000080018ac                snprintf
 *fill*         0x0000000008001934        0xc 
 .text          0x0000000008001940       0xdc /usr/lib/gcc/arm-none-eabi/10.3.1/../../../arm-none-eabi/lib/thumb/v7e-m/nofp/libg.a(lib_a-strlen.o)
                0x0000000008001940                strlen
 .text          0x0000000008001a1c      0x188 /usr/lib/gcc/arm-none-eabi/10.3.1/../../../arm-none-eabi/lib/thumb/v7e-m/nofp/libg.a(lib_a-strtol.o)
                0x0000000008001b3c                _strtol_r
                0x0000000008001b54                strtol_l
                0x0000000008001b7c                strtol
 .text          0x0000000008001ba4     0x1458 /usr/lib/gcc/arm-none-eabi/10.3.1/../../../arm-none-eabi/lib/thumb/v7e-m/nofp/libg.a(lib_a-svfprintf.o)
                0x0000000008001ba4                _svfprintf_r
 .text          0x0000000008002ffc     0x1524 /usr/lib/gcc/arm-none-eabi/10.3.1/../../../arm-none-eabi/lib/thumb/v7e-m/nofp/libg.a(lib_a-vfprintf.o)
                0x0000000008002ffc                _vfprintf_r
                0x000000000800449c                vfprintf
 .text          0x0000000008004520       0xd4 /usr/lib/gcc/arm-none-eabi/10.3.1/../../../arm-none-eabi/lib/thumb/v7e-m/nofp/libg.a(lib_a-wsetup.o)
                0x0000000008004520                __swsetup_r
 .text          0x00000000080045f4       0x68 /usr/lib/gcc/arm-none-eabi/10.3.1/../../../arm-none-eabi/lib/thumb/v7e-m/nofp/libg.a(lib_a-__atexit.o)
                0x00000000080045f4                __register_exitproc
 *fill*         0x000000000800465c        0x4 
 .text          0x0000000008004660      0xfe4 /usr/lib/gcc/arm-none-eabi/10.3.1/../../../arm-none-eabi/lib/thumb/v7e-m/nofp/libg.a(lib_a-dtoa.o)
                0x0000000008004784                _dtoa_r
 .text          0x0000000008005644        0xc /usr/lib/gcc/arm-none-eabi/10.3.1/../../../arm-none-eabi/lib/thumb/v7e-m/nofp/libg.a(lib_a-errno.o)
                0x0000000008005644                __errno
 .text          0x0000000008005650      0x19c /usr/lib/gcc/arm-none-eabi/10.3.1/../../../arm-none-eabi/lib/thumb/v7e-m/nofp/libg.a(lib_a-fflush.o)
                0x0000000008005650                __sflush_r
                0x0000000008005770                _fflush_r
                0x000000000800579c                fflush
 .text          0x00000000080057ec      0x218 /usr/lib/gcc/arm-none-eabi/10.3.1/../../../arm-none-eabi/lib/thumb/v7e-m/nofp/libg.a(lib_a-findfp.o)
                0x00000000080057f0                _cleanup_r
                0x00000000080058d8                __sfmoreglue
                0x0000000008005908                __sfp
                0x00000000080059b0                _cleanup
                0x00000000080059c4                __sinit
                0x00000000080059cc                __sfp_lock_acquire
                0x00000000080059d0                __sfp_lock_release
                0x00000000080059d4                __sinit_lock_acquire
                0x00000000080059d8                __sinit_lock_release
                0x00000000080059dc                __fp_lock_all
                0x00000000080059f0                __fp_unlock_all
 .text          0x0000000008005a04      0x2ac /usr/lib/gcc/arm-none-eabi/10.3.1/../../../arm-none-eabi/lib/thumb/v7e-m/nofp/libg.a(lib_a-freer.o)
                0x0000000008005a04                _malloc_trim_r
                0x0000000008005aa4                _free_r
 .text          0x0000000008005cb0      0x2e8 /usr/lib/gcc/arm-none-eabi/10.3.1/../../../arm-none-eabi/lib/thumb/v7e-m/nofp/libg.a(lib_a-fvwrite.o)
                0x0000000008005cb0                __sfvwrite_r
 .text          0x0000000008005f98       0x88 /usr/lib/gcc/arm-none-eabi/10.3.1/../../../arm-none-eabi/lib/thumb/v7e-m/nofp/libg.a(lib_a-fwalk.o)
                0x0000000008005f98                _fwalk
                0x0000000008005fd8                _fwalk_reent
 .text          0x0000000008006020       0x8c /usr/lib/gcc/arm-none-eabi/10.3.1/../../../arm-none-eabi/lib/thumb/v7e-m/nofp/libg.a(lib_a-locale.o)
                0x0000000008006020                _setlocale_r
                0x0000000008006060                __locale_mb_cur_max
                0x000000000800606c                setlocale
 .text          0x00000000080060ac       0x14 /usr/lib/gcc/arm-none-eabi/10.3.1/../../../arm-none-eabi/lib/thumb/v7e-m/nofp/libg.a(lib_a-localeconv.o)
                0x00000000080060ac                __localeconv_l
                0x00000000080060b0                _localeconv_r
                0x00000000080060b8                localeconv
 .text          0x00000000080060c0      0x140 /usr/lib/gcc/arm-none-eabi/10.3.1/../../../arm-none-eabi/lib/thumb/v7e-m/nofp/libg.a(lib_a-makebuf.o)
                0x00000000080060c0                __smakebuf_r
                0x00000000080061a0                __swhatbuf_r
 .text          0x0000000008006200      0x554 /usr/lib/gcc/arm-none-eabi/10.3.1/../../../arm-none-eabi/lib/thumb/v7e-m/nofp/libg.a(lib_a-mallocr.o)
                0x0000000008006200                _malloc_r
 .text          0x0000000008006754       0x40 /usr/lib/gcc/arm-none-eabi/10.3.1/../../../arm-none-eabi/lib/thumb/v7e-m/nofp/libg.a(lib_a-mbtowc_r.o)
                0x0000000008006754                _mbtowc_r
                0x0000000008006768                __ascii_mbtowc
 *fill*         0x0000000008006794        0xc 
 .text          0x00000000080067a0       0xa0 /usr/lib/gcc/arm-none-eabi/10.3.1/../../../arm-none-eabi/lib/thumb/v7e-m/nofp/libg.a(lib_a-memchr.o)
                0x00000000080067a0                memchr
 .text          0x0000000008006840        0x8 /usr/lib/gcc/arm-none-eabi/10.3.1/../../../arm-none-eabi/lib/thumb/v7e-m/nofp/libg.a(lib_a-mlock.o)
                0x0000000008006840                __malloc_lock
                0x0000000008006844                __malloc_unlock
 .text          0x0000000008006848      0xa6c /usr/lib/gcc/arm-none-eabi/10.3.1/../../../arm-none-eabi/lib/thumb/v7e-m/nofp/libg.a(lib_a-mprec.o)
                0x0000000008006848                _Balloc
                0x0000000008006894                _Bfree
                0x00000000080068a8                __multadd
                0x0000000008006948                __s2b
                0x00000000080069fc                __hi0bits
                0x0000000008006a3c                __lo0bits
                0x0000000008006a98                __i2b
                0x0000000008006af4                __multiply
                0x0000000008006c50                __pow5mult
                0x0000000008006d10                __lshift
                0x0000000008006e00                __mcmp
                0x0000000008006e40                __mdiff
                0x0000000008006f8c                __ulp
                0x0000000008006fd0                __b2d
                0x00000000080070a0                __d2b
                0x0000000008007164                __ratio
                0x00000000080071c0                _mprec_log10
                0x00000000080071f8                __copybits
                0x0000000008007254                __any_on
 .text          0x00000000080072b4       0xb8 /usr/lib/gcc/arm-none-eabi/10.3.1/../../../arm-none-eabi/lib/thumb/v7e-m/nofp/libg.a(lib_a-putc.o)
                0x00000000080072b4                _putc_r
                0x000000000800730c                putc
 .text          0x000000000800736c      0x3d8 /usr/lib/gcc/arm-none-eabi/10.3.1/../../../arm-none-eabi/lib/thumb/v7e-m/nofp/libg.a(lib_a-reallocr.o)
                0x000000000800736c                _realloc_r
 .text          0x0000000008007744       0x24 /usr/lib/gcc/arm-none-eabi/10.3.1/../../../arm-none-eabi/lib/thumb/v7e-m/nofp/libg.a(lib_a-sbrkr.o)
                0x0000000008007744                _sbrk_r
 .text          0x0000000008007768       0x90 /usr/lib/gcc/arm-none-eabi/10.3.1/../../../arm-none-eabi/lib/thumb/v7e-m/nofp/libg.a(lib_a-stdio.o)
                0x0000000008007768                __sread
                0x000000000800778c                __seofread
                0x0000000008007790                __swrite
                0x00000000080077d0                __sseek
                0x00000000080077f0                __sclose
 *fill*         0x00000000080077f8        0x8 
 .text          0x0000000008007800      0x2dc /usr/lib/gcc/arm-none-eabi/10.3.1/../../../arm-none-eabi/lib/thumb/v7e-m/nofp/libg.a(lib_a-strcmp.o)
                0x0000000008007808                strcmp
 .text          0x0000000008007adc      0xb54 /usr/lib/gcc/arm-none-eabi/10.3.1/../../../arm-none-eabi/lib/thumb/v7e-m/nofp/libg.a(lib_a-svfiprintf.o)
                0x0000000008007adc                __ssprint_r
                0x0000000008007bd4                _svfiprintf_r
 .text          0x0000000008008630      0xd40 /usr/lib/gcc/arm-none-eabi/10.3.1/../../../arm-none-eabi/lib/thumb/v7e-m/nofp/libg.a(lib_a-vfiprintf.o)
                0x00000000080086a8                __sprint_r
                0x00000000080086bc                _vfiprintf_r
                0x00000000080092ec                vfiprintf
 .text          0x0000000008009370       0xc8 /usr/lib/gcc/arm-none-eabi/10.3.1/../../../arm-none-eabi/lib/thumb/v7e-m/nofp/libg.a(lib_a-wbuf.o)
                0x0000000008009370                __swbuf_r
                0x0000000008009420                __swbuf
 .text          0x0000000008009438       0x30 /usr/lib/gcc/arm-none-eabi/10.3.1/../../../arm-none-eabi/lib/thumb/v7e-m/nofp/libg.a(lib_a-wctomb_r.o)
                0x0000000008009438                _wctomb_r
                0x000000000800944c                __ascii_wctomb
 .text          0x0000000008009468       0x2c /usr/lib/gcc/arm-none-eabi/10.3.1/../../../arm-none-eabi/lib/thumb/v7e-m/nofp/libg.a(lib_a-writer.o)
                0x0000000008009468                _write_r
 .text          0x0000000008009494       0x4c /usr/lib/gcc/arm-none-eabi/10.3.1/../../../arm-none-eabi/lib/thumb/v7e-m/nofp/libg.a(lib_a-assert.o)
                0x0000000008009494                __assert_func
                0x00000000080094d4                __assert
 .text          0x00000000080094e0       0x60 /usr/lib/gcc/arm-none-eabi/10.3.1/../../../arm-none-eabi/lib/thumb/v7e-m/nofp/libg.a(lib_a-callocr.o)
                0x00000000080094e0                _calloc_r
 .text          0x0000000008009540       0x24 /usr/lib/gcc/arm-none-eabi/10.3.1/../../../arm-none-eabi/lib/thumb/v7e-m/nofp/libg.a(lib_a-closer.o)
                0x0000000008009540                _close_r
 .text          0x0000000008009564       0xd4 /usr/lib/gcc/arm-none-eabi/10.3.1/../../../arm-none-eabi/lib/thumb/v7e-m/nofp/libg.a(lib_a-fclose.o)
                0x00000000080095c8                _fclose_r
                0x00000000080095fc                fclose
 .text          0x0000000008009638       0x44 /usr/lib/gcc/arm-none-eabi/10.3.1/../../../arm-none-eabi/lib/thumb/v7e-m/nofp/libg.a(lib_a-fiprintf.o)
                0x0000000008009638                _fiprintf_r
                0x0000000008009654                fiprintf
 .text          0x000000000800967c      0x10c /usr/lib/gcc/arm-none-eabi/10.3.1/../../../arm-none-eabi/lib/thumb/v7e-m/nofp/libg.a(lib_a-fputwc.o)
                0x000000000800967c                __fputwc
                0x0000000008009724                _fputwc_r
                0x0000000008009748                fputwc
 .text          0x0000000008009788       0x2c /usr/lib/gcc/arm-none-eabi/10.3.1/../../../arm-none-eabi/lib/thumb/v7e-m/nofp/libg.a(lib_a-fstatr.o)
                0x0000000008009788                _fstat_r
 .text          0x00000000080097b4       0x24 /usr/lib/gcc/arm-none-eabi/10.3.1/../../../arm-none-eabi/lib/thumb/v7e-m/nofp/libg.a(lib_a-isattyr.o)
                0x00000000080097b4                _isatty_r
 .text          0x00000000080097d8       0x2c /usr/lib/gcc/arm-none-eabi/10.3.1/../../../arm-none-eabi/lib/thumb/v7e-m/nofp/libg.a(lib_a-lseekr.o)
                0x00000000080097d8                _lseek_r
 .text          0x0000000008009804       0x2c /usr/lib/gcc/arm-none-eabi/10.3.1/../../../arm-none-eabi/lib/thumb/v7e-m/nofp/libg.a(lib_a-readr.o)
                0x0000000008009804                _read_r
 .text          0x0000000008009830       0x8c /usr/lib/gcc/arm-none-eabi/10.3.1/../../../arm-none-eabi/lib/thumb/v7e-m/nofp/libg.a(lib_a-wcrtomb.o)
                0x0000000008009830                _wcrtomb_r
                0x000000000800986c                wcrtomb
 .text          0x00000000080098bc       0x10 /usr/lib/gcc/arm-none-eabi/10.3.1/../../../arm-none-eabi/lib/thumb/v7e-m/nofp/libg.a(lib_a-abort.o)
                0x00000000080098bc                abort
 .text          0x00000000080098cc      0x288 /usr/lib/gcc/arm-none-eabi/10.3.1/../../../arm-none-eabi/lib/thumb/v7e-m/nofp/libg.a(lib_a-signal.o)
                0x00000000080098cc                _init_signal_r
                0x00000000080098fc                _signal_r
                0x0000000008009948                _raise_r
                0x00000000080099a0                __sigtramp_r
                0x0000000008009a04                raise
                0x0000000008009a60                signal
                0x0000000008009ab4                _init_signal
                0x0000000008009aec                __sigtramp
 .text          0x0000000008009b54       0x30 /usr/lib/gcc/arm-none-eabi/10.3.1/../../../arm-none-eabi/lib/thumb/v7e-m/nofp/libg.a(lib_a-signalr.o)
                0x0000000008009b54                _kill_r
                0x0000000008009b80                _getpid_r
 .text          0x0000000008009b84       0x2c /usr/lib/gcc/arm-none-eabi/10.3.1/thumb/v7e-m/nofp/libgcc.a(_arm_unorddf2.o)
                0x0000000008009b84                __aeabi_dcmpun
                0x0000000008009b84                __unorddf2
 *(.text*)
 .text.MX_GPIO_Init
                0x0000000008009bb0      0x108 CMakeFiles/NUCLEO-F429ZI.elf.dir/Core/Src/gpio.c.obj
                0x0000000008009bb0                MX_GPIO_Init
 .text.mqttc_callback
                0x0000000008009cb8       0x32 CMakeFiles/NUCLEO-F429ZI.elf.dir/Core/Src/main.c.obj
                0x0000000008009cb8                mqttc_callback
 *fill*         0x0000000008009cea        0x2 
 .text.mqttc_client_init
                0x0000000008009cec      0x14c CMakeFiles/NUCLEO-F429ZI.elf.dir/Core/Src/main.c.obj
 .text.__io_putchar
                0x0000000008009e38       0x20 CMakeFiles/NUCLEO-F429ZI.elf.dir/Core/Src/main.c.obj
                0x0000000008009e38                __io_putchar
 .text.get_temperature
                0x0000000008009e58       0x40 CMakeFiles/NUCLEO-F429ZI.elf.dir/Core/Src/main.c.obj
                0x0000000008009e58                get_temperature
 .text.print_network_status
                0x0000000008009e98      0x174 CMakeFiles/NUCLEO-F429ZI.elf.dir/Core/Src/main.c.obj
                0x0000000008009e98                print_network_status
 .text.test_tcp_connection
                0x000000000800a00c       0x4c CMakeFiles/NUCLEO-F429ZI.elf.dir/Core/Src/main.c.obj
                0x000000000800a00c                test_tcp_connection
 .text.Error_Handler
                0x000000000800a058        0x4 CMakeFiles/NUCLEO-F429ZI.elf.dir/Core/Src/main.c.obj
                0x000000000800a058                Error_Handler
 .text.SystemClock_Config
                0x000000000800a05c       0xa8 CMakeFiles/NUCLEO-F429ZI.elf.dir/Core/Src/main.c.obj
                0x000000000800a05c                SystemClock_Config
 .text.main     0x000000000800a104      0x1b0 CMakeFiles/NUCLEO-F429ZI.elf.dir/Core/Src/main.c.obj
                0x000000000800a104                main
 .text.MX_SPI1_Init
                0x000000000800a2b4       0x40 CMakeFiles/NUCLEO-F429ZI.elf.dir/Core/Src/spi.c.obj
                0x000000000800a2b4                MX_SPI1_Init
 .text.HAL_SPI_MspInit
                0x000000000800a2f4       0x98 CMakeFiles/NUCLEO-F429ZI.elf.dir/Core/Src/spi.c.obj
                0x000000000800a2f4                HAL_SPI_MspInit
 .text.HAL_MspInit
                0x000000000800a38c       0x38 CMakeFiles/NUCLEO-F429ZI.elf.dir/Core/Src/stm32f4xx_hal_msp.c.obj
                0x000000000800a38c                HAL_MspInit
 .text.NMI_Handler
                0x000000000800a3c4        0x2 CMakeFiles/NUCLEO-F429ZI.elf.dir/Core/Src/stm32f4xx_it.c.obj
                0x000000000800a3c4                NMI_Handler
 .text.HardFault_Handler
                0x000000000800a3c6        0x2 CMakeFiles/NUCLEO-F429ZI.elf.dir/Core/Src/stm32f4xx_it.c.obj
                0x000000000800a3c6                HardFault_Handler
 .text.MemManage_Handler
                0x000000000800a3c8        0x2 CMakeFiles/NUCLEO-F429ZI.elf.dir/Core/Src/stm32f4xx_it.c.obj
                0x000000000800a3c8                MemManage_Handler
 .text.BusFault_Handler
                0x000000000800a3ca        0x2 CMakeFiles/NUCLEO-F429ZI.elf.dir/Core/Src/stm32f4xx_it.c.obj
                0x000000000800a3ca                BusFault_Handler
 .text.UsageFault_Handler
                0x000000000800a3cc        0x2 CMakeFiles/NUCLEO-F429ZI.elf.dir/Core/Src/stm32f4xx_it.c.obj
                0x000000000800a3cc                UsageFault_Handler
 .text.SVC_Handler
                0x000000000800a3ce        0x2 CMakeFiles/NUCLEO-F429ZI.elf.dir/Core/Src/stm32f4xx_it.c.obj
                0x000000000800a3ce                SVC_Handler
 .text.DebugMon_Handler
                0x000000000800a3d0        0x2 CMakeFiles/NUCLEO-F429ZI.elf.dir/Core/Src/stm32f4xx_it.c.obj
                0x000000000800a3d0                DebugMon_Handler
 .text.PendSV_Handler
                0x000000000800a3d2        0x2 CMakeFiles/NUCLEO-F429ZI.elf.dir/Core/Src/stm32f4xx_it.c.obj
                0x000000000800a3d2                PendSV_Handler
 .text.SysTick_Handler
                0x000000000800a3d4        0x8 CMakeFiles/NUCLEO-F429ZI.elf.dir/Core/Src/stm32f4xx_it.c.obj
                0x000000000800a3d4                SysTick_Handler
 .text._getpid  0x000000000800a3dc        0x4 CMakeFiles/NUCLEO-F429ZI.elf.dir/Core/Src/syscalls.c.obj
                0x000000000800a3dc                _getpid
 .text._kill    0x000000000800a3e0       0x10 CMakeFiles/NUCLEO-F429ZI.elf.dir/Core/Src/syscalls.c.obj
                0x000000000800a3e0                _kill
 .text._exit    0x000000000800a3f0        0xc CMakeFiles/NUCLEO-F429ZI.elf.dir/Core/Src/syscalls.c.obj
                0x000000000800a3f0                _exit
 .text._read    0x000000000800a3fc       0x20 CMakeFiles/NUCLEO-F429ZI.elf.dir/Core/Src/syscalls.c.obj
                0x000000000800a3fc                _read
 .text._write   0x000000000800a41c       0x1c CMakeFiles/NUCLEO-F429ZI.elf.dir/Core/Src/syscalls.c.obj
                0x000000000800a41c                _write
 .text._close   0x000000000800a438        0x6 CMakeFiles/NUCLEO-F429ZI.elf.dir/Core/Src/syscalls.c.obj
                0x000000000800a438                _close
 .text._fstat   0x000000000800a43e        0xa CMakeFiles/NUCLEO-F429ZI.elf.dir/Core/Src/syscalls.c.obj
                0x000000000800a43e                _fstat
 .text._isatty  0x000000000800a448        0x4 CMakeFiles/NUCLEO-F429ZI.elf.dir/Core/Src/syscalls.c.obj
                0x000000000800a448                _isatty
 .text._lseek   0x000000000800a44c        0x4 CMakeFiles/NUCLEO-F429ZI.elf.dir/Core/Src/syscalls.c.obj
                0x000000000800a44c                _lseek
 .text._sbrk    0x000000000800a450       0x4c CMakeFiles/NUCLEO-F429ZI.elf.dir/Core/Src/sysmem.c.obj
                0x000000000800a450                _sbrk
 .text.SystemInit
                0x000000000800a49c        0x2 CMakeFiles/NUCLEO-F429ZI.elf.dir/Core/Src/system_stm32f4xx.c.obj
                0x000000000800a49c                SystemInit
 *fill*         0x000000000800a49e        0x2 
 .text.MX_USART3_UART_Init
                0x000000000800a4a0       0x34 CMakeFiles/NUCLEO-F429ZI.elf.dir/Core/Src/usart.c.obj
                0x000000000800a4a0                MX_USART3_UART_Init
 .text.HAL_UART_MspInit
                0x000000000800a4d4       0x70 CMakeFiles/NUCLEO-F429ZI.elf.dir/Core/Src/usart.c.obj
                0x000000000800a4d4                HAL_UART_MspInit
 .text.MX_USB_OTG_FS_PCD_Init
                0x000000000800a544       0x38 CMakeFiles/NUCLEO-F429ZI.elf.dir/Core/Src/usb_otg.c.obj
                0x000000000800a544                MX_USB_OTG_FS_PCD_Init
 .text.HAL_PCD_MspInit
                0x000000000800a57c       0x88 CMakeFiles/NUCLEO-F429ZI.elf.dir/Core/Src/usb_otg.c.obj
                0x000000000800a57c                HAL_PCD_MspInit
 .text.Reset_Handler
                0x000000000800a604       0x50 CMakeFiles/NUCLEO-F429ZI.elf.dir/Core/Startup/startup_stm32f429zitx.s.obj
                0x000000000800a604                Reset_Handler
 .text.Default_Handler
                0x000000000800a654        0x2 CMakeFiles/NUCLEO-F429ZI.elf.dir/Core/Startup/startup_stm32f429zitx.s.obj
                0x000000000800a654                RTC_Alarm_IRQHandler
                0x000000000800a654                HASH_RNG_IRQHandler
                0x000000000800a654                EXTI2_IRQHandler
                0x000000000800a654                TIM8_CC_IRQHandler
                0x000000000800a654                UART8_IRQHandler
                0x000000000800a654                SPI4_IRQHandler
                0x000000000800a654                TIM1_CC_IRQHandler
                0x000000000800a654                DMA2_Stream5_IRQHandler
                0x000000000800a654                DMA1_Stream5_IRQHandler
                0x000000000800a654                PVD_IRQHandler
                0x000000000800a654                SDIO_IRQHandler
                0x000000000800a654                TAMP_STAMP_IRQHandler
                0x000000000800a654                CAN2_RX1_IRQHandler
                0x000000000800a654                EXTI3_IRQHandler
                0x000000000800a654                TIM8_TRG_COM_TIM14_IRQHandler
                0x000000000800a654                TIM1_UP_TIM10_IRQHandler
                0x000000000800a654                TIM8_UP_TIM13_IRQHandler
                0x000000000800a654                I2C3_ER_IRQHandler
                0x000000000800a654                I2C2_EV_IRQHandler
                0x000000000800a654                DMA1_Stream2_IRQHandler
                0x000000000800a654                CAN1_RX0_IRQHandler
                0x000000000800a654                FPU_IRQHandler
                0x000000000800a654                OTG_HS_WKUP_IRQHandler
                0x000000000800a654                LTDC_ER_IRQHandler
                0x000000000800a654                CAN2_SCE_IRQHandler
                0x000000000800a654                DMA2_Stream2_IRQHandler
                0x000000000800a654                SPI1_IRQHandler
                0x000000000800a654                TIM6_DAC_IRQHandler
                0x000000000800a654                TIM1_BRK_TIM9_IRQHandler
                0x000000000800a654                DCMI_IRQHandler
                0x000000000800a654                CAN2_RX0_IRQHandler
                0x000000000800a654                DMA2_Stream3_IRQHandler
                0x000000000800a654                USART6_IRQHandler
                0x000000000800a654                CAN1_RX1_IRQHandler
                0x000000000800a654                UART5_IRQHandler
                0x000000000800a654                DMA2_Stream0_IRQHandler
                0x000000000800a654                TIM4_IRQHandler
                0x000000000800a654                I2C1_EV_IRQHandler
                0x000000000800a654                DMA1_Stream6_IRQHandler
                0x000000000800a654                DMA1_Stream1_IRQHandler
                0x000000000800a654                TIM3_IRQHandler
                0x000000000800a654                RCC_IRQHandler
                0x000000000800a654                TIM8_BRK_TIM12_IRQHandler
                0x000000000800a654                Default_Handler
                0x000000000800a654                ADC_IRQHandler
                0x000000000800a654                DMA1_Stream7_IRQHandler
                0x000000000800a654                SPI5_IRQHandler
                0x000000000800a654                TIM7_IRQHandler
                0x000000000800a654                CAN2_TX_IRQHandler
                0x000000000800a654                TIM5_IRQHandler
                0x000000000800a654                DMA2_Stream7_IRQHandler
                0x000000000800a654                I2C3_EV_IRQHandler
                0x000000000800a654                EXTI9_5_IRQHandler
                0x000000000800a654                RTC_WKUP_IRQHandler
                0x000000000800a654                LTDC_IRQHandler
                0x000000000800a654                ETH_WKUP_IRQHandler
                0x000000000800a654                SPI2_IRQHandler
                0x000000000800a654                OTG_HS_EP1_IN_IRQHandler
                0x000000000800a654                DMA1_Stream0_IRQHandler
                0x000000000800a654                CAN1_TX_IRQHandler
                0x000000000800a654                EXTI4_IRQHandler
                0x000000000800a654                ETH_IRQHandler
                0x000000000800a654                OTG_HS_EP1_OUT_IRQHandler
                0x000000000800a654                WWDG_IRQHandler
                0x000000000800a654                SPI6_IRQHandler
                0x000000000800a654                TIM2_IRQHandler
                0x000000000800a654                OTG_FS_WKUP_IRQHandler
                0x000000000800a654                TIM1_TRG_COM_TIM11_IRQHandler
                0x000000000800a654                OTG_HS_IRQHandler
                0x000000000800a654                DMA2D_IRQHandler
                0x000000000800a654                UART7_IRQHandler
                0x000000000800a654                I2C2_ER_IRQHandler
                0x000000000800a654                DMA2_Stream1_IRQHandler
                0x000000000800a654                CAN1_SCE_IRQHandler
                0x000000000800a654                FLASH_IRQHandler
                0x000000000800a654                DMA2_Stream4_IRQHandler
                0x000000000800a654                OTG_FS_IRQHandler
                0x000000000800a654                SPI3_IRQHandler
                0x000000000800a654                DMA1_Stream4_IRQHandler
                0x000000000800a654                I2C1_ER_IRQHandler
                0x000000000800a654                FMC_IRQHandler
                0x000000000800a654                DMA2_Stream6_IRQHandler
                0x000000000800a654                SAI1_IRQHandler
                0x000000000800a654                DMA1_Stream3_IRQHandler
 .text.LAN8742_RegisterBusIO
                0x000000000800a656       0x3e CMakeFiles/NUCLEO-F429ZI.elf.dir/Drivers/BSP/Components/lan8742/lan8742.c.obj
                0x000000000800a656                LAN8742_RegisterBusIO
 .text.LAN8742_Init
                0x000000000800a694       0x5e CMakeFiles/NUCLEO-F429ZI.elf.dir/Drivers/BSP/Components/lan8742/lan8742.c.obj
                0x000000000800a694                LAN8742_Init
 .text.LAN8742_GetLinkState
                0x000000000800a6f2       0xc2 CMakeFiles/NUCLEO-F429ZI.elf.dir/Drivers/BSP/Components/lan8742/lan8742.c.obj
                0x000000000800a6f2                LAN8742_GetLinkState
 .text.HAL_InitTick
                0x000000000800a7b4       0x4c CMakeFiles/NUCLEO-F429ZI.elf.dir/Drivers/STM32F4xx_HAL_Driver/Src/stm32f4xx_hal.c.obj
                0x000000000800a7b4                HAL_InitTick
 .text.HAL_Init
                0x000000000800a800       0x34 CMakeFiles/NUCLEO-F429ZI.elf.dir/Drivers/STM32F4xx_HAL_Driver/Src/stm32f4xx_hal.c.obj
                0x000000000800a800                HAL_Init
 .text.HAL_IncTick
                0x000000000800a834       0x18 CMakeFiles/NUCLEO-F429ZI.elf.dir/Drivers/STM32F4xx_HAL_Driver/Src/stm32f4xx_hal.c.obj
                0x000000000800a834                HAL_IncTick
 .text.HAL_GetTick
                0x000000000800a84c        0xc CMakeFiles/NUCLEO-F429ZI.elf.dir/Drivers/STM32F4xx_HAL_Driver/Src/stm32f4xx_hal.c.obj
                0x000000000800a84c                HAL_GetTick
 .text.HAL_Delay
                0x000000000800a858       0x28 CMakeFiles/NUCLEO-F429ZI.elf.dir/Drivers/STM32F4xx_HAL_Driver/Src/stm32f4xx_hal.c.obj
                0x000000000800a858                HAL_Delay
 .text.HAL_NVIC_SetPriorityGrouping
                0x000000000800a880       0x24 CMakeFiles/NUCLEO-F429ZI.elf.dir/Drivers/STM32F4xx_HAL_Driver/Src/stm32f4xx_hal_cortex.c.obj
                0x000000000800a880                HAL_NVIC_SetPriorityGrouping
 .text.HAL_NVIC_SetPriority
                0x000000000800a8a4       0x70 CMakeFiles/NUCLEO-F429ZI.elf.dir/Drivers/STM32F4xx_HAL_Driver/Src/stm32f4xx_hal_cortex.c.obj
                0x000000000800a8a4                HAL_NVIC_SetPriority
 .text.HAL_SYSTICK_Config
                0x000000000800a914       0x28 CMakeFiles/NUCLEO-F429ZI.elf.dir/Drivers/STM32F4xx_HAL_Driver/Src/stm32f4xx_hal_cortex.c.obj
                0x000000000800a914                HAL_SYSTICK_Config
 .text.HAL_DMA_Abort
                0x000000000800a93c       0x94 CMakeFiles/NUCLEO-F429ZI.elf.dir/Drivers/STM32F4xx_HAL_Driver/Src/stm32f4xx_hal_dma.c.obj
                0x000000000800a93c                HAL_DMA_Abort
 .text.HAL_DMA_Abort_IT
                0x000000000800a9d0       0x26 CMakeFiles/NUCLEO-F429ZI.elf.dir/Drivers/STM32F4xx_HAL_Driver/Src/stm32f4xx_hal_dma.c.obj
                0x000000000800a9d0                HAL_DMA_Abort_IT
 .text.ETH_UpdateDescriptor
                0x000000000800a9f6       0xae CMakeFiles/NUCLEO-F429ZI.elf.dir/Drivers/STM32F4xx_HAL_Driver/Src/stm32f4xx_hal_eth.c.obj
 .text.ETH_MACAddressConfig
                0x000000000800aaa4       0x30 CMakeFiles/NUCLEO-F429ZI.elf.dir/Drivers/STM32F4xx_HAL_Driver/Src/stm32f4xx_hal_eth.c.obj
 .text.ETH_DMATxDescListInit
                0x000000000800aad4       0x6e CMakeFiles/NUCLEO-F429ZI.elf.dir/Drivers/STM32F4xx_HAL_Driver/Src/stm32f4xx_hal_eth.c.obj
 .text.ETH_DMARxDescListInit
                0x000000000800ab42       0x7c CMakeFiles/NUCLEO-F429ZI.elf.dir/Drivers/STM32F4xx_HAL_Driver/Src/stm32f4xx_hal_eth.c.obj
 .text.ETH_Prepare_Tx_Descriptors
                0x000000000800abbe      0x18a CMakeFiles/NUCLEO-F429ZI.elf.dir/Drivers/STM32F4xx_HAL_Driver/Src/stm32f4xx_hal_eth.c.obj
 .text.ETH_SetMACConfig
                0x000000000800ad48      0x100 CMakeFiles/NUCLEO-F429ZI.elf.dir/Drivers/STM32F4xx_HAL_Driver/Src/stm32f4xx_hal_eth.c.obj
 .text.ETH_SetDMAConfig
                0x000000000800ae48       0xc0 CMakeFiles/NUCLEO-F429ZI.elf.dir/Drivers/STM32F4xx_HAL_Driver/Src/stm32f4xx_hal_eth.c.obj
 .text.ETH_MACDMAConfig
                0x000000000800af08       0xa6 CMakeFiles/NUCLEO-F429ZI.elf.dir/Drivers/STM32F4xx_HAL_Driver/Src/stm32f4xx_hal_eth.c.obj
 .text.ETH_FlushTransmitFIFO
                0x000000000800afae       0x36 CMakeFiles/NUCLEO-F429ZI.elf.dir/Drivers/STM32F4xx_HAL_Driver/Src/stm32f4xx_hal_eth.c.obj
 .text.HAL_ETH_Init
                0x000000000800afe4       0xec CMakeFiles/NUCLEO-F429ZI.elf.dir/Drivers/STM32F4xx_HAL_Driver/Src/stm32f4xx_hal_eth.c.obj
                0x000000000800afe4                HAL_ETH_Init
 .text.HAL_ETH_Start
                0x000000000800b0d0       0x78 CMakeFiles/NUCLEO-F429ZI.elf.dir/Drivers/STM32F4xx_HAL_Driver/Src/stm32f4xx_hal_eth.c.obj
                0x000000000800b0d0                HAL_ETH_Start
 .text.HAL_ETH_Stop
                0x000000000800b148       0x70 CMakeFiles/NUCLEO-F429ZI.elf.dir/Drivers/STM32F4xx_HAL_Driver/Src/stm32f4xx_hal_eth.c.obj
                0x000000000800b148                HAL_ETH_Stop
 .text.HAL_ETH_Transmit
                0x000000000800b1b8       0xca CMakeFiles/NUCLEO-F429ZI.elf.dir/Drivers/STM32F4xx_HAL_Driver/Src/stm32f4xx_hal_eth.c.obj
                0x000000000800b1b8                HAL_ETH_Transmit
 .text.HAL_ETH_ReadData
                0x000000000800b282       0xf2 CMakeFiles/NUCLEO-F429ZI.elf.dir/Drivers/STM32F4xx_HAL_Driver/Src/stm32f4xx_hal_eth.c.obj
                0x000000000800b282                HAL_ETH_ReadData
 .text.HAL_ETH_ReadPHYRegister
                0x000000000800b374       0x52 CMakeFiles/NUCLEO-F429ZI.elf.dir/Drivers/STM32F4xx_HAL_Driver/Src/stm32f4xx_hal_eth.c.obj
                0x000000000800b374                HAL_ETH_ReadPHYRegister
 .text.HAL_ETH_WritePHYRegister
                0x000000000800b3c6       0x4e CMakeFiles/NUCLEO-F429ZI.elf.dir/Drivers/STM32F4xx_HAL_Driver/Src/stm32f4xx_hal_eth.c.obj
                0x000000000800b3c6                HAL_ETH_WritePHYRegister
 .text.HAL_ETH_GetMACConfig
                0x000000000800b414       0xfc CMakeFiles/NUCLEO-F429ZI.elf.dir/Drivers/STM32F4xx_HAL_Driver/Src/stm32f4xx_hal_eth.c.obj
                0x000000000800b414                HAL_ETH_GetMACConfig
 .text.HAL_ETH_SetMACConfig
                0x000000000800b510       0x1c CMakeFiles/NUCLEO-F429ZI.elf.dir/Drivers/STM32F4xx_HAL_Driver/Src/stm32f4xx_hal_eth.c.obj
                0x000000000800b510                HAL_ETH_SetMACConfig
 .text.HAL_ETH_SetMDIOClockRange
                0x000000000800b52c       0x54 CMakeFiles/NUCLEO-F429ZI.elf.dir/Drivers/STM32F4xx_HAL_Driver/Src/stm32f4xx_hal_eth.c.obj
                0x000000000800b52c                HAL_ETH_SetMDIOClockRange
 .text.HAL_GPIO_Init
                0x000000000800b580      0x1fc CMakeFiles/NUCLEO-F429ZI.elf.dir/Drivers/STM32F4xx_HAL_Driver/Src/stm32f4xx_hal_gpio.c.obj
                0x000000000800b580                HAL_GPIO_Init
 .text.HAL_GPIO_ReadPin
                0x000000000800b77c        0xe CMakeFiles/NUCLEO-F429ZI.elf.dir/Drivers/STM32F4xx_HAL_Driver/Src/stm32f4xx_hal_gpio.c.obj
                0x000000000800b77c                HAL_GPIO_ReadPin
 .text.HAL_GPIO_WritePin
                0x000000000800b78a        0xc CMakeFiles/NUCLEO-F429ZI.elf.dir/Drivers/STM32F4xx_HAL_Driver/Src/stm32f4xx_hal_gpio.c.obj
                0x000000000800b78a                HAL_GPIO_WritePin
 .text.HAL_GPIO_TogglePin
                0x000000000800b796       0x12 CMakeFiles/NUCLEO-F429ZI.elf.dir/Drivers/STM32F4xx_HAL_Driver/Src/stm32f4xx_hal_gpio.c.obj
                0x000000000800b796                HAL_GPIO_TogglePin
 .text.HAL_GPIO_EXTI_IRQHandler
                0x000000000800b7a8       0x1c CMakeFiles/NUCLEO-F429ZI.elf.dir/Drivers/STM32F4xx_HAL_Driver/Src/stm32f4xx_hal_gpio.c.obj
                0x000000000800b7a8                HAL_GPIO_EXTI_IRQHandler
 .text.HAL_PCD_Init
                0x000000000800b7c4      0x102 CMakeFiles/NUCLEO-F429ZI.elf.dir/Drivers/STM32F4xx_HAL_Driver/Src/stm32f4xx_hal_pcd.c.obj
                0x000000000800b7c4                HAL_PCD_Init
 *fill*         0x000000000800b8c6        0x2 
 .text.HAL_RCC_OscConfig
                0x000000000800b8c8      0x3f8 CMakeFiles/NUCLEO-F429ZI.elf.dir/Drivers/STM32F4xx_HAL_Driver/Src/stm32f4xx_hal_rcc.c.obj
                0x000000000800b8c8                HAL_RCC_OscConfig
 .text.HAL_RCC_GetSysClockFreq
                0x000000000800bcc0       0xd4 CMakeFiles/NUCLEO-F429ZI.elf.dir/Drivers/STM32F4xx_HAL_Driver/Src/stm32f4xx_hal_rcc.c.obj
                0x000000000800bcc0                HAL_RCC_GetSysClockFreq
 .text.HAL_RCC_ClockConfig
                0x000000000800bd94      0x160 CMakeFiles/NUCLEO-F429ZI.elf.dir/Drivers/STM32F4xx_HAL_Driver/Src/stm32f4xx_hal_rcc.c.obj
                0x000000000800bd94                HAL_RCC_ClockConfig
 .text.HAL_RCC_GetHCLKFreq
                0x000000000800bef4        0xc CMakeFiles/NUCLEO-F429ZI.elf.dir/Drivers/STM32F4xx_HAL_Driver/Src/stm32f4xx_hal_rcc.c.obj
                0x000000000800bef4                HAL_RCC_GetHCLKFreq
 .text.HAL_RCC_GetPCLK1Freq
                0x000000000800bf00       0x20 CMakeFiles/NUCLEO-F429ZI.elf.dir/Drivers/STM32F4xx_HAL_Driver/Src/stm32f4xx_hal_rcc.c.obj
                0x000000000800bf00                HAL_RCC_GetPCLK1Freq
 .text.HAL_RCC_GetPCLK2Freq
                0x000000000800bf20       0x20 CMakeFiles/NUCLEO-F429ZI.elf.dir/Drivers/STM32F4xx_HAL_Driver/Src/stm32f4xx_hal_rcc.c.obj
                0x000000000800bf20                HAL_RCC_GetPCLK2Freq
 .text.HAL_SPI_Init
                0x000000000800bf40       0xbe CMakeFiles/NUCLEO-F429ZI.elf.dir/Drivers/STM32F4xx_HAL_Driver/Src/stm32f4xx_hal_spi.c.obj
                0x000000000800bf40                HAL_SPI_Init
 .text.UART_EndRxTransfer
                0x000000000800bffe       0x5c CMakeFiles/NUCLEO-F429ZI.elf.dir/Drivers/STM32F4xx_HAL_Driver/Src/stm32f4xx_hal_uart.c.obj
 .text.UART_Transmit_IT
                0x000000000800c05a       0x60 CMakeFiles/NUCLEO-F429ZI.elf.dir/Drivers/STM32F4xx_HAL_Driver/Src/stm32f4xx_hal_uart.c.obj
 *fill*         0x000000000800c0ba        0x2 
 .text.UART_SetConfig
                0x000000000800c0bc      0x110 CMakeFiles/NUCLEO-F429ZI.elf.dir/Drivers/STM32F4xx_HAL_Driver/Src/stm32f4xx_hal_uart.c.obj
 .text.UART_WaitOnFlagUntilTimeout
                0x000000000800c1cc       0x8a CMakeFiles/NUCLEO-F429ZI.elf.dir/Drivers/STM32F4xx_HAL_Driver/Src/stm32f4xx_hal_uart.c.obj
 .text.HAL_UART_Init
                0x000000000800c256       0x60 CMakeFiles/NUCLEO-F429ZI.elf.dir/Drivers/STM32F4xx_HAL_Driver/Src/stm32f4xx_hal_uart.c.obj
                0x000000000800c256                HAL_UART_Init
 .text.HAL_UART_Transmit
                0x000000000800c2b6       0xcc CMakeFiles/NUCLEO-F429ZI.elf.dir/Drivers/STM32F4xx_HAL_Driver/Src/stm32f4xx_hal_uart.c.obj
                0x000000000800c2b6                HAL_UART_Transmit
 .text.HAL_UART_TxCpltCallback
                0x000000000800c382        0x2 CMakeFiles/NUCLEO-F429ZI.elf.dir/Drivers/STM32F4xx_HAL_Driver/Src/stm32f4xx_hal_uart.c.obj
                0x000000000800c382                HAL_UART_TxCpltCallback
 .text.UART_EndTransmit_IT
                0x000000000800c384       0x1a CMakeFiles/NUCLEO-F429ZI.elf.dir/Drivers/STM32F4xx_HAL_Driver/Src/stm32f4xx_hal_uart.c.obj
 .text.HAL_UART_RxCpltCallback
                0x000000000800c39e        0x2 CMakeFiles/NUCLEO-F429ZI.elf.dir/Drivers/STM32F4xx_HAL_Driver/Src/stm32f4xx_hal_uart.c.obj
                0x000000000800c39e                HAL_UART_RxCpltCallback
 .text.HAL_UART_ErrorCallback
                0x000000000800c3a0        0x2 CMakeFiles/NUCLEO-F429ZI.elf.dir/Drivers/STM32F4xx_HAL_Driver/Src/stm32f4xx_hal_uart.c.obj
                0x000000000800c3a0                HAL_UART_ErrorCallback
 .text.UART_DMAAbortOnError
                0x000000000800c3a2       0x10 CMakeFiles/NUCLEO-F429ZI.elf.dir/Drivers/STM32F4xx_HAL_Driver/Src/stm32f4xx_hal_uart.c.obj
 .text.HAL_UARTEx_RxEventCallback
                0x000000000800c3b2        0x2 CMakeFiles/NUCLEO-F429ZI.elf.dir/Drivers/STM32F4xx_HAL_Driver/Src/stm32f4xx_hal_uart.c.obj
                0x000000000800c3b2                HAL_UARTEx_RxEventCallback
 .text.UART_Receive_IT
                0x000000000800c3b4       0xe6 CMakeFiles/NUCLEO-F429ZI.elf.dir/Drivers/STM32F4xx_HAL_Driver/Src/stm32f4xx_hal_uart.c.obj
 *fill*         0x000000000800c49a        0x2 
 .text.HAL_UART_IRQHandler
                0x000000000800c49c      0x288 CMakeFiles/NUCLEO-F429ZI.elf.dir/Drivers/STM32F4xx_HAL_Driver/Src/stm32f4xx_hal_uart.c.obj
                0x000000000800c49c                HAL_UART_IRQHandler
 .text.USB_CoreReset
                0x000000000800c724       0x4a CMakeFiles/NUCLEO-F429ZI.elf.dir/Drivers/STM32F4xx_HAL_Driver/Src/stm32f4xx_ll_usb.c.obj
 .text.USB_CoreInit
                0x000000000800c76e       0x92 CMakeFiles/NUCLEO-F429ZI.elf.dir/Drivers/STM32F4xx_HAL_Driver/Src/stm32f4xx_ll_usb.c.obj
                0x000000000800c76e                USB_CoreInit
 .text.USB_DisableGlobalInt
                0x000000000800c800        0xc CMakeFiles/NUCLEO-F429ZI.elf.dir/Drivers/STM32F4xx_HAL_Driver/Src/stm32f4xx_ll_usb.c.obj
                0x000000000800c800                USB_DisableGlobalInt
 .text.USB_FlushTxFifo
                0x000000000800c80c       0x4a CMakeFiles/NUCLEO-F429ZI.elf.dir/Drivers/STM32F4xx_HAL_Driver/Src/stm32f4xx_ll_usb.c.obj
                0x000000000800c80c                USB_FlushTxFifo
 .text.USB_FlushRxFifo
                0x000000000800c856       0x46 CMakeFiles/NUCLEO-F429ZI.elf.dir/Drivers/STM32F4xx_HAL_Driver/Src/stm32f4xx_ll_usb.c.obj
                0x000000000800c856                USB_FlushRxFifo
 .text.USB_SetDevSpeed
                0x000000000800c89c        0xe CMakeFiles/NUCLEO-F429ZI.elf.dir/Drivers/STM32F4xx_HAL_Driver/Src/stm32f4xx_ll_usb.c.obj
                0x000000000800c89c                USB_SetDevSpeed
 *fill*         0x000000000800c8aa        0x2 
 .text.USB_DevInit
                0x000000000800c8ac      0x194 CMakeFiles/NUCLEO-F429ZI.elf.dir/Drivers/STM32F4xx_HAL_Driver/Src/stm32f4xx_ll_usb.c.obj
                0x000000000800c8ac                USB_DevInit
 .text.USB_DevDisconnect
                0x000000000800ca40       0x1c CMakeFiles/NUCLEO-F429ZI.elf.dir/Drivers/STM32F4xx_HAL_Driver/Src/stm32f4xx_ll_usb.c.obj
                0x000000000800ca40                USB_DevDisconnect
 .text.USB_GetMode
                0x000000000800ca5c        0x8 CMakeFiles/NUCLEO-F429ZI.elf.dir/Drivers/STM32F4xx_HAL_Driver/Src/stm32f4xx_ll_usb.c.obj
                0x000000000800ca5c                USB_GetMode
 .text.USB_SetCurrentMode
                0x000000000800ca64       0x62 CMakeFiles/NUCLEO-F429ZI.elf.dir/Drivers/STM32F4xx_HAL_Driver/Src/stm32f4xx_ll_usb.c.obj
                0x000000000800ca64                USB_SetCurrentMode
 .text.ethernet_link_status_updated
                0x000000000800cac6        0x2 CMakeFiles/NUCLEO-F429ZI.elf.dir/LWIP/App/lwip.c.obj
 .text.Ethernet_Link_Periodic_Handle
                0x000000000800cac8       0x28 CMakeFiles/NUCLEO-F429ZI.elf.dir/LWIP/App/lwip.c.obj
 .text.MX_LWIP_Init
                0x000000000800caf0      0x110 CMakeFiles/NUCLEO-F429ZI.elf.dir/LWIP/App/lwip.c.obj
                0x000000000800caf0                MX_LWIP_Init
 .text.MX_LWIP_Process
                0x000000000800cc00       0x1c CMakeFiles/NUCLEO-F429ZI.elf.dir/LWIP/App/lwip.c.obj
                0x000000000800cc00                MX_LWIP_Process
 .text.ETH_PHY_IO_DeInit
                0x000000000800cc1c        0x4 CMakeFiles/NUCLEO-F429ZI.elf.dir/LWIP/Target/ethernetif.c.obj
                0x000000000800cc1c                ETH_PHY_IO_DeInit
 .text.low_level_input
                0x000000000800cc20       0x28 CMakeFiles/NUCLEO-F429ZI.elf.dir/LWIP/Target/ethernetif.c.obj
 .text.low_level_output
                0x000000000800cc48       0x9c CMakeFiles/NUCLEO-F429ZI.elf.dir/LWIP/Target/ethernetif.c.obj
 .text.pbuf_free_custom
                0x000000000800cce4       0x24 CMakeFiles/NUCLEO-F429ZI.elf.dir/LWIP/Target/ethernetif.c.obj
                0x000000000800cce4                pbuf_free_custom
 .text.ETH_PHY_IO_GetTick
                0x000000000800cd08        0x8 CMakeFiles/NUCLEO-F429ZI.elf.dir/LWIP/Target/ethernetif.c.obj
                0x000000000800cd08                ETH_PHY_IO_GetTick
 .text.ETH_PHY_IO_Init
                0x000000000800cd10       0x10 CMakeFiles/NUCLEO-F429ZI.elf.dir/LWIP/Target/ethernetif.c.obj
                0x000000000800cd10                ETH_PHY_IO_Init
 .text.ETH_PHY_IO_ReadReg
                0x000000000800cd20       0x1c CMakeFiles/NUCLEO-F429ZI.elf.dir/LWIP/Target/ethernetif.c.obj
                0x000000000800cd20                ETH_PHY_IO_ReadReg
 .text.ETH_PHY_IO_WriteReg
                0x000000000800cd3c       0x1c CMakeFiles/NUCLEO-F429ZI.elf.dir/LWIP/Target/ethernetif.c.obj
                0x000000000800cd3c                ETH_PHY_IO_WriteReg
 .text.ethernetif_input
                0x000000000800cd58       0x28 CMakeFiles/NUCLEO-F429ZI.elf.dir/LWIP/Target/ethernetif.c.obj
                0x000000000800cd58                ethernetif_input
 .text.sys_now  0x000000000800cd80        0x8 CMakeFiles/NUCLEO-F429ZI.elf.dir/LWIP/Target/ethernetif.c.obj
                0x000000000800cd80                sys_now
 .text.HAL_ETH_MspInit
                0x000000000800cd88      0x11c CMakeFiles/NUCLEO-F429ZI.elf.dir/LWIP/Target/ethernetif.c.obj
                0x000000000800cd88                HAL_ETH_MspInit
 .text.ethernet_link_check_state
                0x000000000800cea4       0xb8 CMakeFiles/NUCLEO-F429ZI.elf.dir/LWIP/Target/ethernetif.c.obj
                0x000000000800cea4                ethernet_link_check_state
 .text.low_level_init
                0x000000000800cf5c       0xf0 CMakeFiles/NUCLEO-F429ZI.elf.dir/LWIP/Target/ethernetif.c.obj
 .text.ethernetif_init
                0x000000000800d04c       0x48 CMakeFiles/NUCLEO-F429ZI.elf.dir/LWIP/Target/ethernetif.c.obj
                0x000000000800d04c                ethernetif_init
 .text.HAL_ETH_RxAllocateCallback
                0x000000000800d094       0x4c CMakeFiles/NUCLEO-F429ZI.elf.dir/LWIP/Target/ethernetif.c.obj
                0x000000000800d094                HAL_ETH_RxAllocateCallback
 .text.HAL_ETH_RxLinkCallback
                0x000000000800d0e0       0x36 CMakeFiles/NUCLEO-F429ZI.elf.dir/LWIP/Target/ethernetif.c.obj
                0x000000000800d0e0                HAL_ETH_RxLinkCallback
 .text.lwip_htons
                0x000000000800d116        0xa CMakeFiles/NUCLEO-F429ZI.elf.dir/Middlewares/Third_Party/LwIP/src/core/def.c.obj
                0x000000000800d116                lwip_htons
 .text.lwip_htonl
                0x000000000800d120       0x18 CMakeFiles/NUCLEO-F429ZI.elf.dir/Middlewares/Third_Party/LwIP/src/core/def.c.obj
                0x000000000800d120                lwip_htonl
 .text.lwip_init
                0x000000000800d138       0x1c CMakeFiles/NUCLEO-F429ZI.elf.dir/Middlewares/Third_Party/LwIP/src/core/init.c.obj
                0x000000000800d138                lwip_init
 .text.etharp_free_entry
                0x000000000800d154       0x34 CMakeFiles/NUCLEO-F429ZI.elf.dir/Middlewares/Third_Party/LwIP/src/core/ipv4/etharp.c.obj
 .text.etharp_find_entry
                0x000000000800d188      0x1c0 CMakeFiles/NUCLEO-F429ZI.elf.dir/Middlewares/Third_Party/LwIP/src/core/ipv4/etharp.c.obj
 .text.etharp_update_arp_entry
                0x000000000800d348       0xc4 CMakeFiles/NUCLEO-F429ZI.elf.dir/Middlewares/Third_Party/LwIP/src/core/ipv4/etharp.c.obj
 .text.etharp_raw
                0x000000000800d40c       0xe8 CMakeFiles/NUCLEO-F429ZI.elf.dir/Middlewares/Third_Party/LwIP/src/core/ipv4/etharp.c.obj
 .text.etharp_request_dst
                0x000000000800d4f4       0x24 CMakeFiles/NUCLEO-F429ZI.elf.dir/Middlewares/Third_Party/LwIP/src/core/ipv4/etharp.c.obj
 .text.etharp_cleanup_netif
                0x000000000800d518       0x3c CMakeFiles/NUCLEO-F429ZI.elf.dir/Middlewares/Third_Party/LwIP/src/core/ipv4/etharp.c.obj
                0x000000000800d518                etharp_cleanup_netif
 .text.etharp_input
                0x000000000800d554       0xb8 CMakeFiles/NUCLEO-F429ZI.elf.dir/Middlewares/Third_Party/LwIP/src/core/ipv4/etharp.c.obj
                0x000000000800d554                etharp_input
 .text.etharp_request
                0x000000000800d60c       0x10 CMakeFiles/NUCLEO-F429ZI.elf.dir/Middlewares/Third_Party/LwIP/src/core/ipv4/etharp.c.obj
                0x000000000800d60c                etharp_request
 .text.etharp_tmr
                0x000000000800d61c       0x88 CMakeFiles/NUCLEO-F429ZI.elf.dir/Middlewares/Third_Party/LwIP/src/core/ipv4/etharp.c.obj
                0x000000000800d61c                etharp_tmr
 .text.etharp_output_to_arp_index
                0x000000000800d6a4       0xdc CMakeFiles/NUCLEO-F429ZI.elf.dir/Middlewares/Third_Party/LwIP/src/core/ipv4/etharp.c.obj
 .text.etharp_query
                0x000000000800d780      0x1b4 CMakeFiles/NUCLEO-F429ZI.elf.dir/Middlewares/Third_Party/LwIP/src/core/ipv4/etharp.c.obj
                0x000000000800d780                etharp_query
 .text.etharp_output
                0x000000000800d934      0x168 CMakeFiles/NUCLEO-F429ZI.elf.dir/Middlewares/Third_Party/LwIP/src/core/ipv4/etharp.c.obj
                0x000000000800d934                etharp_output
 .text.icmp_send_response
                0x000000000800da9c       0xa8 CMakeFiles/NUCLEO-F429ZI.elf.dir/Middlewares/Third_Party/LwIP/src/core/ipv4/icmp.c.obj
 .text.icmp_input
                0x000000000800db44      0x148 CMakeFiles/NUCLEO-F429ZI.elf.dir/Middlewares/Third_Party/LwIP/src/core/ipv4/icmp.c.obj
                0x000000000800db44                icmp_input
 .text.icmp_dest_unreach
                0x000000000800dc8c        0xc CMakeFiles/NUCLEO-F429ZI.elf.dir/Middlewares/Third_Party/LwIP/src/core/ipv4/icmp.c.obj
                0x000000000800dc8c                icmp_dest_unreach
 .text.icmp_time_exceeded
                0x000000000800dc98        0xc CMakeFiles/NUCLEO-F429ZI.elf.dir/Middlewares/Third_Party/LwIP/src/core/ipv4/icmp.c.obj
                0x000000000800dc98                icmp_time_exceeded
 .text.ip4_input_accept
                0x000000000800dca4       0x34 CMakeFiles/NUCLEO-F429ZI.elf.dir/Middlewares/Third_Party/LwIP/src/core/ipv4/ip4.c.obj
 .text.ip4_route
                0x000000000800dcd8       0xb0 CMakeFiles/NUCLEO-F429ZI.elf.dir/Middlewares/Third_Party/LwIP/src/core/ipv4/ip4.c.obj
                0x000000000800dcd8                ip4_route
 .text.ip4_input
                0x000000000800dd88      0x1a0 CMakeFiles/NUCLEO-F429ZI.elf.dir/Middlewares/Third_Party/LwIP/src/core/ipv4/ip4.c.obj
                0x000000000800dd88                ip4_input
 .text.ip4_output_if_src
                0x000000000800df28      0x100 CMakeFiles/NUCLEO-F429ZI.elf.dir/Middlewares/Third_Party/LwIP/src/core/ipv4/ip4.c.obj
                0x000000000800df28                ip4_output_if_src
 .text.ip4_output_if
                0x000000000800e028       0x2a CMakeFiles/NUCLEO-F429ZI.elf.dir/Middlewares/Third_Party/LwIP/src/core/ipv4/ip4.c.obj
                0x000000000800e028                ip4_output_if
 .text.ip4_addr_isbroadcast_u32
                0x000000000800e052       0x40 CMakeFiles/NUCLEO-F429ZI.elf.dir/Middlewares/Third_Party/LwIP/src/core/ipv4/ip4_addr.c.obj
                0x000000000800e052                ip4_addr_isbroadcast_u32
 *fill*         0x000000000800e092        0x2 
 .text.ip4addr_aton
                0x000000000800e094      0x168 CMakeFiles/NUCLEO-F429ZI.elf.dir/Middlewares/Third_Party/LwIP/src/core/ipv4/ip4_addr.c.obj
                0x000000000800e094                ip4addr_aton
 .text.ip_reass_dequeue_datagram
                0x000000000800e1fc       0x48 CMakeFiles/NUCLEO-F429ZI.elf.dir/Middlewares/Third_Party/LwIP/src/core/ipv4/ip4_frag.c.obj
 .text.ip_reass_free_complete_datagram
                0x000000000800e244       0xfc CMakeFiles/NUCLEO-F429ZI.elf.dir/Middlewares/Third_Party/LwIP/src/core/ipv4/ip4_frag.c.obj
 .text.ip_reass_remove_oldest_datagram
                0x000000000800e340       0x78 CMakeFiles/NUCLEO-F429ZI.elf.dir/Middlewares/Third_Party/LwIP/src/core/ipv4/ip4_frag.c.obj
 .text.ip_frag_free_pbuf_custom_ref
                0x000000000800e3b8       0x2c CMakeFiles/NUCLEO-F429ZI.elf.dir/Middlewares/Third_Party/LwIP/src/core/ipv4/ip4_frag.c.obj
 .text.ipfrag_free_pbuf_custom
                0x000000000800e3e4       0x34 CMakeFiles/NUCLEO-F429ZI.elf.dir/Middlewares/Third_Party/LwIP/src/core/ipv4/ip4_frag.c.obj
 .text.ip_reass_chain_frag_into_datagram_and_validate
                0x000000000800e418      0x1a0 CMakeFiles/NUCLEO-F429ZI.elf.dir/Middlewares/Third_Party/LwIP/src/core/ipv4/ip4_frag.c.obj
 .text.ip_frag_alloc_pbuf_custom_ref
                0x000000000800e5b8        0xa CMakeFiles/NUCLEO-F429ZI.elf.dir/Middlewares/Third_Party/LwIP/src/core/ipv4/ip4_frag.c.obj
 *fill*         0x000000000800e5c2        0x2 
 .text.ip_reass_enqueue_new_datagram
                0x000000000800e5c4       0x60 CMakeFiles/NUCLEO-F429ZI.elf.dir/Middlewares/Third_Party/LwIP/src/core/ipv4/ip4_frag.c.obj
 .text.ip_reass_tmr
                0x000000000800e624       0x2c CMakeFiles/NUCLEO-F429ZI.elf.dir/Middlewares/Third_Party/LwIP/src/core/ipv4/ip4_frag.c.obj
                0x000000000800e624                ip_reass_tmr
 .text.ip4_reass
                0x000000000800e650      0x210 CMakeFiles/NUCLEO-F429ZI.elf.dir/Middlewares/Third_Party/LwIP/src/core/ipv4/ip4_frag.c.obj
                0x000000000800e650                ip4_reass
 .text.ip4_frag
                0x000000000800e860      0x1f0 CMakeFiles/NUCLEO-F429ZI.elf.dir/Middlewares/Third_Party/LwIP/src/core/ipv4/ip4_frag.c.obj
                0x000000000800e860                ip4_frag
 .text.ptr_to_mem
                0x000000000800ea50        0xc CMakeFiles/NUCLEO-F429ZI.elf.dir/Middlewares/Third_Party/LwIP/src/core/mem.c.obj
 .text.mem_to_ptr
                0x000000000800ea5c       0x10 CMakeFiles/NUCLEO-F429ZI.elf.dir/Middlewares/Third_Party/LwIP/src/core/mem.c.obj
 .text.mem_link_valid
                0x000000000800ea6c       0x5c CMakeFiles/NUCLEO-F429ZI.elf.dir/Middlewares/Third_Party/LwIP/src/core/mem.c.obj
 .text.plug_holes
                0x000000000800eac8      0x100 CMakeFiles/NUCLEO-F429ZI.elf.dir/Middlewares/Third_Party/LwIP/src/core/mem.c.obj
 .text.mem_init
                0x000000000800ebc8       0x40 CMakeFiles/NUCLEO-F429ZI.elf.dir/Middlewares/Third_Party/LwIP/src/core/mem.c.obj
                0x000000000800ebc8                mem_init
 .text.mem_free
                0x000000000800ec08       0xb4 CMakeFiles/NUCLEO-F429ZI.elf.dir/Middlewares/Third_Party/LwIP/src/core/mem.c.obj
                0x000000000800ec08                mem_free
 .text.mem_trim
                0x000000000800ecbc      0x17c CMakeFiles/NUCLEO-F429ZI.elf.dir/Middlewares/Third_Party/LwIP/src/core/mem.c.obj
                0x000000000800ecbc                mem_trim
 .text.mem_malloc
                0x000000000800ee38      0x168 CMakeFiles/NUCLEO-F429ZI.elf.dir/Middlewares/Third_Party/LwIP/src/core/mem.c.obj
                0x000000000800ee38                mem_malloc
 .text.do_memp_malloc_pool
                0x000000000800efa0       0x34 CMakeFiles/NUCLEO-F429ZI.elf.dir/Middlewares/Third_Party/LwIP/src/core/memp.c.obj
 .text.do_memp_free_pool
                0x000000000800efd4       0x34 CMakeFiles/NUCLEO-F429ZI.elf.dir/Middlewares/Third_Party/LwIP/src/core/memp.c.obj
 .text.memp_init_pool
                0x000000000800f008       0x28 CMakeFiles/NUCLEO-F429ZI.elf.dir/Middlewares/Third_Party/LwIP/src/core/memp.c.obj
                0x000000000800f008                memp_init_pool
 .text.memp_init
                0x000000000800f030       0x20 CMakeFiles/NUCLEO-F429ZI.elf.dir/Middlewares/Third_Party/LwIP/src/core/memp.c.obj
                0x000000000800f030                memp_init
 .text.memp_malloc_pool
                0x000000000800f050       0x30 CMakeFiles/NUCLEO-F429ZI.elf.dir/Middlewares/Third_Party/LwIP/src/core/memp.c.obj
                0x000000000800f050                memp_malloc_pool
 .text.memp_malloc
                0x000000000800f080       0x34 CMakeFiles/NUCLEO-F429ZI.elf.dir/Middlewares/Third_Party/LwIP/src/core/memp.c.obj
                0x000000000800f080                memp_malloc
 .text.memp_free_pool
                0x000000000800f0b4       0x34 CMakeFiles/NUCLEO-F429ZI.elf.dir/Middlewares/Third_Party/LwIP/src/core/memp.c.obj
                0x000000000800f0b4                memp_free_pool
 .text.memp_free
                0x000000000800f0e8       0x34 CMakeFiles/NUCLEO-F429ZI.elf.dir/Middlewares/Third_Party/LwIP/src/core/memp.c.obj
                0x000000000800f0e8                memp_free
 .text.netif_do_set_netmask
                0x000000000800f11c       0x18 CMakeFiles/NUCLEO-F429ZI.elf.dir/Middlewares/Third_Party/LwIP/src/core/netif.c.obj
 .text.netif_do_set_gw
                0x000000000800f134       0x18 CMakeFiles/NUCLEO-F429ZI.elf.dir/Middlewares/Third_Party/LwIP/src/core/netif.c.obj
 .text.netif_null_output_ip4
                0x000000000800f14c        0x6 CMakeFiles/NUCLEO-F429ZI.elf.dir/Middlewares/Third_Party/LwIP/src/core/netif.c.obj
 .text.netif_do_ip_addr_changed
                0x000000000800f152       0x14 CMakeFiles/NUCLEO-F429ZI.elf.dir/Middlewares/Third_Party/LwIP/src/core/netif.c.obj
 *fill*         0x000000000800f166        0x2 
 .text.netif_issue_reports
                0x000000000800f168       0x4c CMakeFiles/NUCLEO-F429ZI.elf.dir/Middlewares/Third_Party/LwIP/src/core/netif.c.obj
 .text.netif_do_set_ipaddr
                0x000000000800f1b4       0x6c CMakeFiles/NUCLEO-F429ZI.elf.dir/Middlewares/Third_Party/LwIP/src/core/netif.c.obj
 .text.netif_init
                0x000000000800f220        0x2 CMakeFiles/NUCLEO-F429ZI.elf.dir/Middlewares/Third_Party/LwIP/src/core/netif.c.obj
                0x000000000800f220                netif_init
 *fill*         0x000000000800f222        0x2 
 .text.netif_set_addr
                0x000000000800f224       0x6c CMakeFiles/NUCLEO-F429ZI.elf.dir/Middlewares/Third_Party/LwIP/src/core/netif.c.obj
                0x000000000800f224                netif_set_addr
 .text.netif_add
                0x000000000800f290      0x124 CMakeFiles/NUCLEO-F429ZI.elf.dir/Middlewares/Third_Party/LwIP/src/core/netif.c.obj
                0x000000000800f290                netif_add
 .text.netif_set_default
                0x000000000800f3b4        0xc CMakeFiles/NUCLEO-F429ZI.elf.dir/Middlewares/Third_Party/LwIP/src/core/netif.c.obj
                0x000000000800f3b4                netif_set_default
 .text.netif_set_up
                0x000000000800f3c0       0x3c CMakeFiles/NUCLEO-F429ZI.elf.dir/Middlewares/Third_Party/LwIP/src/core/netif.c.obj
                0x000000000800f3c0                netif_set_up
 .text.netif_set_down
                0x000000000800f3fc       0x40 CMakeFiles/NUCLEO-F429ZI.elf.dir/Middlewares/Third_Party/LwIP/src/core/netif.c.obj
                0x000000000800f3fc                netif_set_down
 .text.netif_set_link_up
                0x000000000800f43c       0x48 CMakeFiles/NUCLEO-F429ZI.elf.dir/Middlewares/Third_Party/LwIP/src/core/netif.c.obj
                0x000000000800f43c                netif_set_link_up
 .text.netif_set_link_down
                0x000000000800f484       0x3c CMakeFiles/NUCLEO-F429ZI.elf.dir/Middlewares/Third_Party/LwIP/src/core/netif.c.obj
                0x000000000800f484                netif_set_link_down
 .text.netif_set_link_callback
                0x000000000800f4c0        0x6 CMakeFiles/NUCLEO-F429ZI.elf.dir/Middlewares/Third_Party/LwIP/src/core/netif.c.obj
                0x000000000800f4c0                netif_set_link_callback
 *fill*         0x000000000800f4c6        0x2 
 .text.netif_get_by_index
                0x000000000800f4c8       0x24 CMakeFiles/NUCLEO-F429ZI.elf.dir/Middlewares/Third_Party/LwIP/src/core/netif.c.obj
                0x000000000800f4c8                netif_get_by_index
 .text.pbuf_pool_is_empty
                0x000000000800f4ec        0xc CMakeFiles/NUCLEO-F429ZI.elf.dir/Middlewares/Third_Party/LwIP/src/core/pbuf.c.obj
 .text.pbuf_init_alloced_pbuf
                0x000000000800f4f8       0x22 CMakeFiles/NUCLEO-F429ZI.elf.dir/Middlewares/Third_Party/LwIP/src/core/pbuf.c.obj
 *fill*         0x000000000800f51a        0x2 
 .text.pbuf_add_header_impl
                0x000000000800f51c       0x7c CMakeFiles/NUCLEO-F429ZI.elf.dir/Middlewares/Third_Party/LwIP/src/core/pbuf.c.obj
 .text.pbuf_free_ooseq
                0x000000000800f598       0x28 CMakeFiles/NUCLEO-F429ZI.elf.dir/Middlewares/Third_Party/LwIP/src/core/pbuf.c.obj
                0x000000000800f598                pbuf_free_ooseq
 .text.pbuf_alloc_reference
                0x000000000800f5c0       0x50 CMakeFiles/NUCLEO-F429ZI.elf.dir/Middlewares/Third_Party/LwIP/src/core/pbuf.c.obj
                0x000000000800f5c0                pbuf_alloc_reference
 .text.pbuf_alloced_custom
                0x000000000800f610       0x3e CMakeFiles/NUCLEO-F429ZI.elf.dir/Middlewares/Third_Party/LwIP/src/core/pbuf.c.obj
                0x000000000800f610                pbuf_alloced_custom
 .text.pbuf_add_header
                0x000000000800f64e        0xa CMakeFiles/NUCLEO-F429ZI.elf.dir/Middlewares/Third_Party/LwIP/src/core/pbuf.c.obj
                0x000000000800f64e                pbuf_add_header
 .text.pbuf_remove_header
                0x000000000800f658       0x6c CMakeFiles/NUCLEO-F429ZI.elf.dir/Middlewares/Third_Party/LwIP/src/core/pbuf.c.obj
                0x000000000800f658                pbuf_remove_header
 .text.pbuf_header_impl
                0x000000000800f6c4       0x14 CMakeFiles/NUCLEO-F429ZI.elf.dir/Middlewares/Third_Party/LwIP/src/core/pbuf.c.obj
 .text.pbuf_header_force
                0x000000000800f6d8        0xa CMakeFiles/NUCLEO-F429ZI.elf.dir/Middlewares/Third_Party/LwIP/src/core/pbuf.c.obj
                0x000000000800f6d8                pbuf_header_force
 *fill*         0x000000000800f6e2        0x2 
 .text.pbuf_free
                0x000000000800f6e4       0xc4 CMakeFiles/NUCLEO-F429ZI.elf.dir/Middlewares/Third_Party/LwIP/src/core/pbuf.c.obj
                0x000000000800f6e4                pbuf_free
 .text.pbuf_alloc
                0x000000000800f7a8      0x188 CMakeFiles/NUCLEO-F429ZI.elf.dir/Middlewares/Third_Party/LwIP/src/core/pbuf.c.obj
                0x000000000800f7a8                pbuf_alloc
 .text.pbuf_realloc
                0x000000000800f930       0xa8 CMakeFiles/NUCLEO-F429ZI.elf.dir/Middlewares/Third_Party/LwIP/src/core/pbuf.c.obj
                0x000000000800f930                pbuf_realloc
 .text.pbuf_clen
                0x000000000800f9d8       0x12 CMakeFiles/NUCLEO-F429ZI.elf.dir/Middlewares/Third_Party/LwIP/src/core/pbuf.c.obj
                0x000000000800f9d8                pbuf_clen
 *fill*         0x000000000800f9ea        0x2 
 .text.pbuf_ref
                0x000000000800f9ec       0x30 CMakeFiles/NUCLEO-F429ZI.elf.dir/Middlewares/Third_Party/LwIP/src/core/pbuf.c.obj
                0x000000000800f9ec                pbuf_ref
 .text.pbuf_cat
                0x000000000800fa1c       0x74 CMakeFiles/NUCLEO-F429ZI.elf.dir/Middlewares/Third_Party/LwIP/src/core/pbuf.c.obj
                0x000000000800fa1c                pbuf_cat
 .text.pbuf_copy
                0x000000000800fa90      0x120 CMakeFiles/NUCLEO-F429ZI.elf.dir/Middlewares/Third_Party/LwIP/src/core/pbuf.c.obj
                0x000000000800fa90                pbuf_copy
 .text.pbuf_copy_partial
                0x000000000800fbb0       0x94 CMakeFiles/NUCLEO-F429ZI.elf.dir/Middlewares/Third_Party/LwIP/src/core/pbuf.c.obj
                0x000000000800fbb0                pbuf_copy_partial
 .text.pbuf_clone
                0x000000000800fc44       0x38 CMakeFiles/NUCLEO-F429ZI.elf.dir/Middlewares/Third_Party/LwIP/src/core/pbuf.c.obj
                0x000000000800fc44                pbuf_clone
 .text.tcp_new_port
                0x000000000800fc7c       0x68 CMakeFiles/NUCLEO-F429ZI.elf.dir/Middlewares/Third_Party/LwIP/src/core/tcp.c.obj
 .text.tcp_remove_listener
                0x000000000800fce4       0x34 CMakeFiles/NUCLEO-F429ZI.elf.dir/Middlewares/Third_Party/LwIP/src/core/tcp.c.obj
 .text.tcp_listen_closed
                0x000000000800fd18       0x5c CMakeFiles/NUCLEO-F429ZI.elf.dir/Middlewares/Third_Party/LwIP/src/core/tcp.c.obj
 .text.tcp_free_listen
                0x000000000800fd74       0x30 CMakeFiles/NUCLEO-F429ZI.elf.dir/Middlewares/Third_Party/LwIP/src/core/tcp.c.obj
 .text.tcp_close_shutdown_fin
                0x000000000800fda4       0x84 CMakeFiles/NUCLEO-F429ZI.elf.dir/Middlewares/Third_Party/LwIP/src/core/tcp.c.obj
 .text.tcp_handle_closepend
                0x000000000800fe28       0x2c CMakeFiles/NUCLEO-F429ZI.elf.dir/Middlewares/Third_Party/LwIP/src/core/tcp.c.obj
 .text.tcp_init
                0x000000000800fe54       0x18 CMakeFiles/NUCLEO-F429ZI.elf.dir/Middlewares/Third_Party/LwIP/src/core/tcp.c.obj
                0x000000000800fe54                tcp_init
 .text.tcp_free
                0x000000000800fe6c       0x30 CMakeFiles/NUCLEO-F429ZI.elf.dir/Middlewares/Third_Party/LwIP/src/core/tcp.c.obj
                0x000000000800fe6c                tcp_free
 .text.tcp_update_rcv_ann_wnd
                0x000000000800fe9c       0x78 CMakeFiles/NUCLEO-F429ZI.elf.dir/Middlewares/Third_Party/LwIP/src/core/tcp.c.obj
                0x000000000800fe9c                tcp_update_rcv_ann_wnd
 .text.tcp_recved
                0x000000000800ff14       0x78 CMakeFiles/NUCLEO-F429ZI.elf.dir/Middlewares/Third_Party/LwIP/src/core/tcp.c.obj
                0x000000000800ff14                tcp_recved
 .text.tcp_seg_free
                0x000000000800ff8c       0x1a CMakeFiles/NUCLEO-F429ZI.elf.dir/Middlewares/Third_Party/LwIP/src/core/tcp.c.obj
                0x000000000800ff8c                tcp_seg_free
 .text.tcp_segs_free
                0x000000000800ffa6       0x14 CMakeFiles/NUCLEO-F429ZI.elf.dir/Middlewares/Third_Party/LwIP/src/core/tcp.c.obj
                0x000000000800ffa6                tcp_segs_free
 *fill*         0x000000000800ffba        0x2 
 .text.tcp_seg_copy
                0x000000000800ffbc       0x48 CMakeFiles/NUCLEO-F429ZI.elf.dir/Middlewares/Third_Party/LwIP/src/core/tcp.c.obj
                0x000000000800ffbc                tcp_seg_copy
 .text.tcp_arg  0x0000000008010004        0x6 CMakeFiles/NUCLEO-F429ZI.elf.dir/Middlewares/Third_Party/LwIP/src/core/tcp.c.obj
                0x0000000008010004                tcp_arg
 *fill*         0x000000000801000a        0x2 
 .text.tcp_recv
                0x000000000801000c       0x34 CMakeFiles/NUCLEO-F429ZI.elf.dir/Middlewares/Third_Party/LwIP/src/core/tcp.c.obj
                0x000000000801000c                tcp_recv
 .text.tcp_sent
                0x0000000008010040       0x34 CMakeFiles/NUCLEO-F429ZI.elf.dir/Middlewares/Third_Party/LwIP/src/core/tcp.c.obj
                0x0000000008010040                tcp_sent
 .text.tcp_err  0x0000000008010074       0x34 CMakeFiles/NUCLEO-F429ZI.elf.dir/Middlewares/Third_Party/LwIP/src/core/tcp.c.obj
                0x0000000008010074                tcp_err
 .text.tcp_next_iss
                0x00000000080100a8       0x38 CMakeFiles/NUCLEO-F429ZI.elf.dir/Middlewares/Third_Party/LwIP/src/core/tcp.c.obj
                0x00000000080100a8                tcp_next_iss
 .text.tcp_eff_send_mss_netif
                0x00000000080100e0       0x40 CMakeFiles/NUCLEO-F429ZI.elf.dir/Middlewares/Third_Party/LwIP/src/core/tcp.c.obj
                0x00000000080100e0                tcp_eff_send_mss_netif
 .text.tcp_connect
                0x0000000008010120      0x154 CMakeFiles/NUCLEO-F429ZI.elf.dir/Middlewares/Third_Party/LwIP/src/core/tcp.c.obj
                0x0000000008010120                tcp_connect
 .text.tcp_free_ooseq
                0x0000000008010274       0x12 CMakeFiles/NUCLEO-F429ZI.elf.dir/Middlewares/Third_Party/LwIP/src/core/tcp.c.obj
                0x0000000008010274                tcp_free_ooseq
 *fill*         0x0000000008010286        0x2 
 .text.tcp_pcb_purge
                0x0000000008010288       0x64 CMakeFiles/NUCLEO-F429ZI.elf.dir/Middlewares/Third_Party/LwIP/src/core/tcp.c.obj
                0x0000000008010288                tcp_pcb_purge
 .text.tcp_pcb_remove
                0x00000000080102ec       0xd0 CMakeFiles/NUCLEO-F429ZI.elf.dir/Middlewares/Third_Party/LwIP/src/core/tcp.c.obj
                0x00000000080102ec                tcp_pcb_remove
 .text.tcp_abandon
                0x00000000080103bc      0x10c CMakeFiles/NUCLEO-F429ZI.elf.dir/Middlewares/Third_Party/LwIP/src/core/tcp.c.obj
                0x00000000080103bc                tcp_abandon
 .text.tcp_abort
                0x00000000080104c8        0xa CMakeFiles/NUCLEO-F429ZI.elf.dir/Middlewares/Third_Party/LwIP/src/core/tcp.c.obj
                0x00000000080104c8                tcp_abort
 *fill*         0x00000000080104d2        0x2 
 .text.tcp_kill_timewait
                0x00000000080104d4       0x34 CMakeFiles/NUCLEO-F429ZI.elf.dir/Middlewares/Third_Party/LwIP/src/core/tcp.c.obj
 .text.tcp_kill_prio
                0x0000000008010508       0x5c CMakeFiles/NUCLEO-F429ZI.elf.dir/Middlewares/Third_Party/LwIP/src/core/tcp.c.obj
 .text.tcp_netif_ip_addr_changed_pcblist
                0x0000000008010564       0x40 CMakeFiles/NUCLEO-F429ZI.elf.dir/Middlewares/Third_Party/LwIP/src/core/tcp.c.obj
 .text.tcp_netif_ip_addr_changed
                0x00000000080105a4       0x54 CMakeFiles/NUCLEO-F429ZI.elf.dir/Middlewares/Third_Party/LwIP/src/core/tcp.c.obj
                0x00000000080105a4                tcp_netif_ip_addr_changed
 .text.tcp_kill_state
                0x00000000080105f8       0x64 CMakeFiles/NUCLEO-F429ZI.elf.dir/Middlewares/Third_Party/LwIP/src/core/tcp.c.obj
 .text.tcp_alloc
                0x000000000801065c       0xc4 CMakeFiles/NUCLEO-F429ZI.elf.dir/Middlewares/Third_Party/LwIP/src/core/tcp.c.obj
                0x000000000801065c                tcp_alloc
 .text.tcp_new  0x0000000008010720        0xa CMakeFiles/NUCLEO-F429ZI.elf.dir/Middlewares/Third_Party/LwIP/src/core/tcp.c.obj
                0x0000000008010720                tcp_new
 *fill*         0x000000000801072a        0x2 
 .text.tcp_close_shutdown
                0x000000000801072c      0x14c CMakeFiles/NUCLEO-F429ZI.elf.dir/Middlewares/Third_Party/LwIP/src/core/tcp.c.obj
 .text.tcp_close
                0x0000000008010878       0x40 CMakeFiles/NUCLEO-F429ZI.elf.dir/Middlewares/Third_Party/LwIP/src/core/tcp.c.obj
                0x0000000008010878                tcp_close
 .text.tcp_recv_null
                0x00000000080108b8       0x48 CMakeFiles/NUCLEO-F429ZI.elf.dir/Middlewares/Third_Party/LwIP/src/core/tcp.c.obj
                0x00000000080108b8                tcp_recv_null
 .text.tcp_process_refused_data